Compute diagnostic diff	UNKNOWN STEP	2026-09-02T17:31:47.5072242Z   cache-workspace-crates: false
Compute diagnostic diff	UNKNOWN STEP	2026-09-02T17:31:47.5072549Z   save-if: true
Compute diagnostic diff	UNKNOWN STEP	2026-09-02T17:31:47.5073105Z   cache-provider: github
Compute diagnostic diff	UNKNOWN STEP	2026-09-02T17:31:47.5073437Z   cache-bin: true
Compute diagnostic diff	UNKNOWN STEP	2026-09-02T17:31:47.5073732Z   lookup-only: false
Compute diagnostic diff	UNKNOWN STEP	2026-09-02T17:31:47.5074026Z   cmd-format: {0}
Compute diagnostic diff	UNKNOWN STEP	2026-09-02T17:31:47.5074337Z env:
Compute diagnostic diff	UNKNOWN STEP	2026-09-02T17:31:47.5074622Z   CARGO_INCREMENTAL: 0
Compute diagnostic diff	UNKNOWN STEP	2026-09-02T17:31:47.5074942Z   CARGO_NET_RETRY: 10
Compute diagnostic diff	UNKNOWN STEP	2026-09-02T17:31:47.5075251Z   CARGO_TERM_COLOR: always
Compute diagnostic diff	UNKNOWN STEP	2026-09-02T17:31:47.5075542Z   RUSTUP_MAX_RETRIES: 10
Compute diagnostic diff	UNKNOWN STEP	2026-09-02T17:31:47.5075934Z   RUST_BACKTRACE: 1
Compute diagnostic diff	UNKNOWN STEP	2026-09-02T17:31:47.5076268Z   CARGO_PROFILE_DEV_DEBUG: line-tables-only
Compute diagnostic diff	UNKNOWN STEP	2026-09-02T17:31:47.5076613Z   CARGO_PROFILE_DEV_LTO: false
Compute diagnostic diff	UNKNOWN STEP	2026-09-02T17:31:47.5076958Z   CARGO_PROFILE_DEV_OPT_LEVEL: 0
Compute diagnostic diff	UNKNOWN STEP	2026-09-02T17:31:47.5077336Z   CONFORMANCE_SUITE_COMMIT: cf943ccbea5596ef969eec6e2260097ff697b7ba
Compute diagnostic diff	UNKNOWN STEP	2026-09-02T17:31:47.5077741Z   PYTHON_VERSION: 3.12
Compute diagnostic diff	UNKNOWN STEP	2026-09-02T17:31:47.5078076Z ##[endgroup]
Compute diagnostic diff	UNKNOWN STEP	2026-09-02T17:32:01.5013530Z ##[group]Cache Configuration
Compute diagnostic diff	UNKNOWN STEP	2026-09-02T17:32:01.5015155Z Cache Provider:
Compute diagnostic diff	UNKNOWN STEP	2026-09-02T17:32:01.5015539Z     github
Compute diagnostic diff	UNKNOWN STEP	2026-09-02T17:32:01.5015847Z Workspaces:
Compute diagnostic diff	UNKNOWN STEP	2026-09-02T17:32:01.5016166Z     /home/runner/work/ruff/ruff/ruff
Compute diagnostic diff	UNKNOWN STEP	2026-09-02T17:32:01.5016504Z Cache Paths:
Compute diagnostic diff	UNKNOWN STEP	2026-09-02T17:32:01.5016829Z     /home/runner/.cargo/bin
Compute diagnostic diff	UNKNOWN STEP	2026-09-02T17:32:01.5017150Z     /home/runner/.cargo/.crates.toml
Compute diagnostic diff	UNKNOWN STEP	2026-09-02T17:32:01.5017509Z     /home/runner/.cargo/.crates2.json
Compute diagnostic diff	UNKNOWN STEP	2026-09-02T17:32:01.5017822Z     /home/runner/.cargo/registry
Compute diagnostic diff	UNKNOWN STEP	2026-09-02T17:32:01.5018174Z     /home/runner/.cargo/git
Compute diagnostic diff	UNKNOWN STEP	2026-09-02T17:32:01.5018505Z     /home/runner/work/ruff/ruff/ruff/target
Compute diagnostic diff	UNKNOWN STEP	2026-09-02T17:32:01.5018857Z Restore Key:
Compute diagnostic diff	UNKNOWN STEP	2026-09-02T17:32:01.5019179Z     v0-rust-typing_conformance-Linux-x64-55fbb196
Compute diagnostic diff	UNKNOWN STEP	2026-09-02T17:32:01.5019562Z Cache Key:
Compute diagnostic diff	UNKNOWN STEP	2026-09-02T17:32:01.5019883Z     v0-rust-typing_conformance-Linux-x64-55fbb196-97ecb3ea
Compute diagnostic diff	UNKNOWN STEP	2026-09-02T17:32:01.5020288Z .. Prefix:
Compute diagnostic diff	UNKNOWN STEP	2026-09-02T17:32:01.5020703Z   - v0-rust-typing_conformance-Linux-x64
Compute diagnostic diff	UNKNOWN STEP	2026-09-02T17:32:01.5021161Z .. Environment considered:
Compute diagnostic diff	UNKNOWN STEP	2026-09-02T17:32:01.5021489Z   - Rust Versions:
Compute diagnostic diff	UNKNOWN STEP	2026-09-02T17:32:01.5021898Z     - 1.97.1 x86_64-unknown-linux-gnu 8bab26f4f68e0e26f0bb7960be334d5b520ea452
Compute diagnostic diff	UNKNOWN STEP	2026-09-02T17:32:01.5022309Z   - CARGO_INCREMENTAL
Compute diagnostic diff	UNKNOWN STEP	2026-09-02T17:32:01.5022593Z   - CARGO_NET_RETRY
Compute diagnostic diff	UNKNOWN STEP	2026-09-02T17:32:01.5023133Z   - CARGO_PROFILE_DEV_DEBUG
Compute diagnostic diff	UNKNOWN STEP	2026-09-02T17:32:01.5023476Z   - CARGO_PROFILE_DEV_LTO
Compute diagnostic diff	UNKNOWN STEP	2026-09-02T17:32:01.5023808Z   - CARGO_PROFILE_DEV_OPT_LEVEL
Compute diagnostic diff	UNKNOWN STEP	2026-09-02T17:32:01.5024157Z   - CARGO_TERM_COLOR
Compute diagnostic diff	UNKNOWN STEP	2026-09-02T17:32:01.5024466Z   - RUST_BACKTRACE
Compute diagnostic diff	UNKNOWN STEP	2026-09-02T17:32:01.5024741Z   - RUSTUP_MAX_RETRIES
Compute diagnostic diff	UNKNOWN STEP	2026-09-02T17:32:01.5025071Z .. Lockfiles considered:
Compute diagnostic diff	UNKNOWN STEP	2026-09-02T17:32:01.5025414Z   - /home/runner/work/ruff/ruff/ruff/.cargo/config.toml
Compute diagnostic diff	UNKNOWN STEP	2026-09-02T17:32:01.5025838Z   - /home/runner/work/ruff/ruff/ruff/Cargo.lock
Compute diagnostic diff	UNKNOWN STEP	2026-09-02T17:32:01.5026288Z   - /home/runner/work/ruff/ruff/ruff/crates/mdtest/Cargo.toml
Compute diagnostic diff	UNKNOWN STEP	2026-09-02T17:32:01.5026777Z   - /home/runner/work/ruff/ruff/ruff/crates/ruff_annotate_snippets/Cargo.toml
Compute diagnostic diff	UNKNOWN STEP	2026-09-02T17:32:01.5027347Z   - /home/runner/work/ruff/ruff/ruff/crates/ruff_benchmark/Cargo.toml
Compute diagnostic diff	UNKNOWN STEP	2026-09-02T17:32:01.5027798Z   - /home/runner/work/ruff/ruff/ruff/crates/ruff_cache/Cargo.toml
Compute diagnostic diff	UNKNOWN STEP	2026-09-02T17:32:01.5028228Z   - /home/runner/work/ruff/ruff/ruff/crates/ruff_db/Cargo.toml
Compute diagnostic diff	UNKNOWN STEP	2026-09-02T17:32:01.5028670Z   - /home/runner/work/ruff/ruff/ruff/crates/ruff_dev/Cargo.toml
Compute diagnostic diff	UNKNOWN STEP	2026-09-02T17:32:01.5029114Z   - /home/runner/work/ruff/ruff/ruff/crates/ruff_diagnostics/Cargo.toml
Compute diagnostic diff	UNKNOWN STEP	2026-09-02T17:32:01.5029693Z   - /home/runner/work/ruff/ruff/ruff/crates/ruff_formatter/Cargo.toml
Compute diagnostic diff	UNKNOWN STEP	2026-09-02T17:32:01.5030139Z   - /home/runner/work/ruff/ruff/ruff/crates/ruff_graph/Cargo.toml
Compute diagnostic diff	UNKNOWN STEP	2026-09-02T17:32:01.5030588Z   - /home/runner/work/ruff/ruff/ruff/crates/ruff_index/Cargo.toml
Compute diagnostic diff	UNKNOWN STEP	2026-09-02T17:32:01.5031032Z   - /home/runner/work/ruff/ruff/ruff/crates/ruff_linter/Cargo.toml
Compute diagnostic diff	UNKNOWN STEP	2026-09-02T17:32:01.5031453Z   - /home/runner/work/ruff/ruff/ruff/crates/ruff_macros/Cargo.toml
Compute diagnostic diff	UNKNOWN STEP	2026-09-02T17:32:01.5031903Z   - /home/runner/work/ruff/ruff/ruff/crates/ruff_markdown/Cargo.toml
Compute diagnostic diff	UNKNOWN STEP	2026-09-02T17:32:01.5032348Z   - /home/runner/work/ruff/ruff/ruff/crates/ruff_mdtest/Cargo.toml
Compute diagnostic diff	UNKNOWN STEP	2026-09-02T17:32:01.5032917Z   - /home/runner/work/ruff/ruff/ruff/crates/ruff_memory_usage/Cargo.toml
Compute diagnostic diff	UNKNOWN STEP	2026-09-02T17:32:01.5033414Z   - /home/runner/work/ruff/ruff/ruff/crates/ruff_notebook/Cargo.toml
Compute diagnostic diff	UNKNOWN STEP	2026-09-02T17:32:01.5033869Z   - /home/runner/work/ruff/ruff/ruff/crates/ruff_options_metadata/Cargo.toml
Compute diagnostic diff	UNKNOWN STEP	2026-09-02T17:32:01.5034390Z   - /home/runner/work/ruff/ruff/ruff/crates/ruff_python_ast_integration_tests/Cargo.toml
Compute diagnostic diff	UNKNOWN STEP	2026-09-02T17:32:01.5034899Z   - /home/runner/work/ruff/ruff/ruff/crates/ruff_python_ast/Cargo.toml
Compute diagnostic diff	UNKNOWN STEP	2026-09-02T17:32:01.5035331Z   - /home/runner/work/ruff/ruff/ruff/crates/ruff_python_codegen/Cargo.toml
Compute diagnostic diff	UNKNOWN STEP	2026-09-02T17:32:01.5035830Z   - /home/runner/work/ruff/ruff/ruff/crates/ruff_python_edits/Cargo.toml
Compute diagnostic diff	UNKNOWN STEP	2026-09-02T17:32:01.5036299Z   - /home/runner/work/ruff/ruff/ruff/crates/ruff_python_formatter/Cargo.toml
Compute diagnostic diff	UNKNOWN STEP	2026-09-02T17:32:01.5036797Z   - /home/runner/work/ruff/ruff/ruff/crates/ruff_python_importer/Cargo.toml
Compute diagnostic diff	UNKNOWN STEP	2026-09-02T17:32:01.5037278Z   - /home/runner/work/ruff/ruff/ruff/crates/ruff_python_index/Cargo.toml
Compute diagnostic diff	UNKNOWN STEP	2026-09-02T17:32:01.5037744Z   - /home/runner/work/ruff/ruff/ruff/crates/ruff_python_literal/Cargo.toml
Compute diagnostic diff	UNKNOWN STEP	2026-09-02T17:32:01.5038228Z   - /home/runner/work/ruff/ruff/ruff/crates/ruff_python_parser/Cargo.toml
Compute diagnostic diff	UNKNOWN STEP	2026-09-02T17:32:01.5038696Z   - /home/runner/work/ruff/ruff/ruff/crates/ruff_python_semantic/Cargo.toml
Compute diagnostic diff	UNKNOWN STEP	2026-09-02T17:32:01.5039162Z   - /home/runner/work/ruff/ruff/ruff/crates/ruff_python_stdlib/Cargo.toml
Compute diagnostic diff	UNKNOWN STEP	2026-09-02T17:32:01.5039636Z   - /home/runner/work/ruff/ruff/ruff/crates/ruff_python_trivia_integration_tests/Cargo.toml
Compute diagnostic diff	UNKNOWN STEP	2026-09-02T17:32:01.5040123Z   - /home/runner/work/ruff/ruff/ruff/crates/ruff_python_trivia/Cargo.toml
Compute diagnostic diff	UNKNOWN STEP	2026-09-02T17:32:01.5040598Z   - /home/runner/work/ruff/ruff/ruff/crates/ruff_ranged_value/Cargo.toml
Compute diagnostic diff	UNKNOWN STEP	2026-09-02T17:32:01.5041027Z   - /home/runner/work/ruff/ruff/ruff/crates/ruff_server/Cargo.toml
Compute diagnostic diff	UNKNOWN STEP	2026-09-02T17:32:01.5041487Z   - /home/runner/work/ruff/ruff/ruff/crates/ruff_source_file/Cargo.toml
Compute diagnostic diff	UNKNOWN STEP	2026-09-02T17:32:01.5041928Z   - /home/runner/work/ruff/ruff/ruff/crates/ruff_text_size/Cargo.toml
Compute diagnostic diff	UNKNOWN STEP	2026-09-02T17:32:01.5042385Z   - /home/runner/work/ruff/ruff/ruff/crates/ruff_wasm/Cargo.toml
Compute diagnostic diff	UNKNOWN STEP	2026-09-02T17:32:01.5042978Z   - /home/runner/work/ruff/ruff/ruff/crates/ruff_workspace/Cargo.toml
Compute diagnostic diff	UNKNOWN STEP	2026-09-02T17:32:01.5043436Z   - /home/runner/work/ruff/ruff/ruff/crates/ruff/Cargo.toml
Compute diagnostic diff	UNKNOWN STEP	2026-09-02T17:32:01.5043856Z   - /home/runner/work/ruff/ruff/ruff/crates/ty_combine/Cargo.toml
Compute diagnostic diff	UNKNOWN STEP	2026-09-02T17:32:01.5044324Z   - /home/runner/work/ruff/ruff/ruff/crates/ty_completion_bench/Cargo.toml
Compute diagnostic diff	UNKNOWN STEP	2026-09-02T17:32:01.5044778Z   - /home/runner/work/ruff/ruff/ruff/crates/ty_completion_eval/Cargo.toml
Compute diagnostic diff	UNKNOWN STEP	2026-09-02T17:32:01.5045233Z   - /home/runner/work/ruff/ruff/ruff/crates/ty_ide/Cargo.toml
Compute diagnostic diff	UNKNOWN STEP	2026-09-02T17:32:01.5045660Z   - /home/runner/work/ruff/ruff/ruff/crates/ty_module_resolver/Cargo.toml
Compute diagnostic diff	UNKNOWN STEP	2026-09-02T17:32:01.5046130Z   - /home/runner/work/ruff/ruff/ruff/crates/ty_project/Cargo.toml
Compute diagnostic diff	UNKNOWN STEP	2026-09-02T17:32:01.5046612Z   - /home/runner/work/ruff/ruff/ruff/crates/ty_python_core/Cargo.toml
Compute diagnostic diff	UNKNOWN STEP	2026-09-02T17:32:01.5047048Z   - /home/runner/work/ruff/ruff/ruff/crates/ty_python_semantic/Cargo.toml
Compute diagnostic diff	UNKNOWN STEP	2026-09-02T17:32:01.5047479Z   - /home/runner/work/ruff/ruff/ruff/crates/ty_server/Cargo.toml
Compute diagnostic diff	UNKNOWN STEP	2026-09-02T17:32:01.5047949Z   - /home/runner/work/ruff/ruff/ruff/crates/ty_site_packages/Cargo.toml
Compute diagnostic diff	UNKNOWN STEP	2026-09-02T17:32:01.5048383Z   - /home/runner/work/ruff/ruff/ruff/crates/ty_static/Cargo.toml
Compute diagnostic diff	UNKNOWN STEP	2026-09-02T17:32:01.5048870Z   - /home/runner/work/ruff/ruff/ruff/crates/ty_test/Cargo.toml
Compute diagnostic diff	UNKNOWN STEP	2026-09-02T17:32:01.5049293Z   - /home/runner/work/ruff/ruff/ruff/crates/ty_vendored/Cargo.toml
Compute diagnostic diff	UNKNOWN STEP	2026-09-02T17:32:01.5049709Z   - /home/runner/work/ruff/ruff/ruff/crates/ty_wasm/Cargo.toml
Compute diagnostic diff	UNKNOWN STEP	2026-09-02T17:32:01.5050125Z   - /home/runner/work/ruff/ruff/ruff/crates/ty/Cargo.toml
Compute diagnostic diff	UNKNOWN STEP	2026-09-02T17:32:01.5050492Z   - /home/runner/work/ruff/ruff/ruff/rust-toolchain.toml
Compute diagnostic diff	UNKNOWN STEP	2026-09-02T17:32:01.5051052Z ##[endgroup]
Compute diagnostic diff	UNKNOWN STEP	2026-09-02T17:32:01.5051230Z 
Compute diagnostic diff	UNKNOWN STEP	2026-09-02T17:32:01.5051426Z ... Restoring cache ...
Compute diagnostic diff	UNKNOWN STEP	2026-09-02T17:32:01.6291393Z Cache hit for restore-key: v0-rust-typing_conformance-Linux-x64-55fbb196-e1c7434e
Compute diagnostic diff	UNKNOWN STEP	2026-09-02T17:32:03.3181327Z Cache Size: ~696 MB (730265693 B)
Compute diagnostic diff	UNKNOWN STEP	2026-09-02T17:32:03.3229291Z [command]/usr/bin/tar -xf /home/runner/work/_temp/6c758e81-db3e-4fca-aaf4-904393f333a0/cache.tzst -P -C /home/runner/work/ruff/ruff --use-compress-program unzstd
Compute diagnostic diff	UNKNOWN STEP	2026-09-02T17:32:06.0286618Z Cache restored successfully
Compute diagnostic diff	UNKNOWN STEP	2026-09-02T17:32:06.0940840Z Restored from cache key "v0-rust-typing_conformance-Linux-x64-55fbb196-e1c7434e" full match: false.
Compute diagnostic diff	UNKNOWN STEP	2026-09-02T17:32:06.1092984Z ##[group]Run actions/setup-python@5fda3b95a4ea91299a34e894583c3862153e4b97
Compute diagnostic diff	UNKNOWN STEP	2026-09-02T17:32:06.1093709Z with:
Compute diagnostic diff	UNKNOWN STEP	2026-09-02T17:32:06.1094038Z   python-version: 3.12
Compute diagnostic diff	UNKNOWN STEP	2026-09-02T17:32:06.1094385Z   check-latest: false
Compute diagnostic diff	UNKNOWN STEP	2026-09-02T17:32:06.1096344Z   token: ***
Compute diagnostic diff	UNKNOWN STEP	2026-09-02T17:32:06.1096650Z   update-environment: true
Compute diagnostic diff	UNKNOWN STEP	2026-09-02T17:32:06.1096976Z   allow-prereleases: false
Compute diagnostic diff	UNKNOWN STEP	2026-09-02T17:32:06.1097450Z   freethreaded: false
Compute diagnostic diff	UNKNOWN STEP	2026-09-02T17:32:06.1097747Z env:
Compute diagnostic diff	UNKNOWN STEP	2026-09-02T17:32:06.1097994Z   CARGO_INCREMENTAL: 0
Compute diagnostic diff	UNKNOWN STEP	2026-09-02T17:32:06.1098312Z   CARGO_NET_RETRY: 10
Compute diagnostic diff	UNKNOWN STEP	2026-09-02T17:32:06.1098631Z   CARGO_TERM_COLOR: always
Compute diagnostic diff	UNKNOWN STEP	2026-09-02T17:32:06.1099031Z   RUSTUP_MAX_RETRIES: 10
Compute diagnostic diff	UNKNOWN STEP	2026-09-02T17:32:06.1099332Z   RUST_BACKTRACE: 1
Compute diagnostic diff	UNKNOWN STEP	2026-09-02T17:32:06.1099669Z   CARGO_PROFILE_DEV_DEBUG: line-tables-only
Compute diagnostic diff	UNKNOWN STEP	2026-09-02T17:32:06.1099994Z   CARGO_PROFILE_DEV_LTO: false
Compute diagnostic diff	UNKNOWN STEP	2026-09-02T17:32:06.1100442Z   CARGO_PROFILE_DEV_OPT_LEVEL: 0
Compute diagnostic diff	UNKNOWN STEP	2026-09-02T17:32:06.1100994Z   CONFORMANCE_SUITE_COMMIT: cf943ccbea5596ef969eec6e2260097ff697b7ba
Compute diagnostic diff	UNKNOWN STEP	2026-09-02T17:32:06.1101409Z   PYTHON_VERSION: 3.12
Compute diagnostic diff	UNKNOWN STEP	2026-09-02T17:32:06.1101721Z   CACHE_ON_FAILURE: false
Compute diagnostic diff	UNKNOWN STEP	2026-09-02T17:32:06.1102073Z ##[endgroup]
Compute diagnostic diff	UNKNOWN STEP	2026-09-02T17:32:06.2025768Z ##[group]Installed versions
Compute diagnostic diff	UNKNOWN STEP	2026-09-02T17:32:06.3827742Z Successfully set up CPython (3.12.14)
Compute diagnostic diff	UNKNOWN STEP	2026-09-02T17:32:06.3829980Z ##[endgroup]
Compute diagnostic diff	UNKNOWN STEP	2026-09-02T17:32:06.3901717Z ##[group]Run rustup show
Compute diagnostic diff	UNKNOWN STEP	2026-09-02T17:32:06.3902402Z ^[[36;1mrustup show^[[0m
Compute diagnostic diff	UNKNOWN STEP	2026-09-02T17:32:06.3936317Z shell: /usr/bin/bash -e {0}
Compute diagnostic diff	UNKNOWN STEP	2026-09-02T17:32:06.3936984Z env:
Compute diagnostic diff	UNKNOWN STEP	2026-09-02T17:32:06.3937318Z   CARGO_INCREMENTAL: 0
Compute diagnostic diff	UNKNOWN STEP	2026-09-02T17:32:06.3937766Z   CARGO_NET_RETRY: 10
Compute diagnostic diff	UNKNOWN STEP	2026-09-02T17:32:06.3938114Z   CARGO_TERM_COLOR: always
Compute diagnostic diff	UNKNOWN STEP	2026-09-02T17:32:06.3938435Z   RUSTUP_MAX_RETRIES: 10
Compute diagnostic diff	UNKNOWN STEP	2026-09-02T17:32:06.3938737Z   RUST_BACKTRACE: 1
Compute diagnostic diff	UNKNOWN STEP	2026-09-02T17:32:06.3939046Z   CARGO_PROFILE_DEV_DEBUG: line-tables-only
Compute diagnostic diff	UNKNOWN STEP	2026-09-02T17:32:06.3939406Z   CARGO_PROFILE_DEV_LTO: false
Compute diagnostic diff	UNKNOWN STEP	2026-09-02T17:32:06.3939747Z   CARGO_PROFILE_DEV_OPT_LEVEL: 0
Compute diagnostic diff	UNKNOWN STEP	2026-09-02T17:32:06.3940154Z   CONFORMANCE_SUITE_COMMIT: cf943ccbea5596ef969eec6e2260097ff697b7ba
Compute diagnostic diff	UNKNOWN STEP	2026-09-02T17:32:06.3940639Z   PYTHON_VERSION: 3.12
Compute diagnostic diff	UNKNOWN STEP	2026-09-02T17:32:06.3940949Z   CACHE_ON_FAILURE: false
Compute diagnostic diff	UNKNOWN STEP	2026-09-02T17:32:06.3941314Z   pythonLocation: /opt/hostedtoolcache/Python/3.12.14/x64
Compute diagnostic diff	UNKNOWN STEP	2026-09-02T17:32:06.3941910Z   PKG_CONFIG_PATH: /opt/hostedtoolcache/Python/3.12.14/x64/lib/pkgconfig
Compute diagnostic diff	UNKNOWN STEP	2026-09-02T17:32:06.3942471Z   Python_ROOT_DIR: /opt/hostedtoolcache/Python/3.12.14/x64
Compute diagnostic diff	UNKNOWN STEP	2026-09-02T17:32:06.3943009Z   Python2_ROOT_DIR: /opt/hostedtoolcache/Python/3.12.14/x64
Compute diagnostic diff	UNKNOWN STEP	2026-09-02T17:32:06.3943450Z   Python3_ROOT_DIR: /opt/hostedtoolcache/Python/3.12.14/x64
Compute diagnostic diff	UNKNOWN STEP	2026-09-02T17:32:06.3944145Z   LD_LIBRARY_PATH: /opt/hostedtoolcache/Python/3.12.14/x64/lib
Compute diagnostic diff	UNKNOWN STEP	2026-09-02T17:32:06.3944523Z ##[endgroup]
Compute diagnostic diff	UNKNOWN STEP	2026-09-02T17:32:06.5034301Z Default host: x86_64-unknown-linux-gnu
Compute diagnostic diff	UNKNOWN STEP	2026-09-02T17:32:06.5035541Z rustup home:  /home/runner/.rustup
Compute diagnostic diff	UNKNOWN STEP	2026-09-02T17:32:06.5035840Z 
Compute diagnostic diff	UNKNOWN STEP	2026-09-02T17:32:06.6214950Z installed toolchains
Compute diagnostic diff	UNKNOWN STEP	2026-09-02T17:32:06.6216406Z --------------------
Compute diagnostic diff	UNKNOWN STEP	2026-09-02T17:32:06.6217095Z stable-x86_64-unknown-linux-gnu (active, default)
Compute diagnostic diff	UNKNOWN STEP	2026-09-02T17:32:06.6217528Z 1.98.0-x86_64-unknown-linux-gnu
Compute diagnostic diff	UNKNOWN STEP	2026-09-02T17:32:06.6217791Z 
Compute diagnostic diff	UNKNOWN STEP	2026-09-02T17:32:06.6218053Z active toolchain
Compute diagnostic diff	UNKNOWN STEP	2026-09-02T17:32:06.6218367Z ----------------
Compute diagnostic diff	UNKNOWN STEP	2026-09-02T17:32:06.6218705Z name: stable-x86_64-unknown-linux-gnu
Compute diagnostic diff	UNKNOWN STEP	2026-09-02T17:32:06.6219053Z active because: it's the default toolchain
Compute diagnostic diff	UNKNOWN STEP	2026-09-02T17:32:06.6219421Z installed targets:
Compute diagnostic diff	UNKNOWN STEP	2026-09-02T17:32:06.6219778Z   x86_64-unknown-linux-gnu
Compute diagnostic diff	UNKNOWN STEP	2026-09-02T17:32:06.6272158Z ##[group]Run rui314/setup-mold@9c9c13bf4c3f1adef0cc596abc155580bcb04444
Compute diagnostic diff	UNKNOWN STEP	2026-09-02T17:32:06.6273270Z with:
Compute diagnostic diff	UNKNOWN STEP	2026-09-02T17:32:06.6273732Z   mold-version: 2.41.0
Compute diagnostic diff	UNKNOWN STEP	2026-09-02T17:32:06.6274057Z   make-default: true
Compute diagnostic diff	UNKNOWN STEP	2026-09-02T17:32:06.6274483Z env:
Compute diagnostic diff	UNKNOWN STEP	2026-09-02T17:32:06.6274775Z   CARGO_INCREMENTAL: 0
Compute diagnostic diff	UNKNOWN STEP	2026-09-02T17:32:06.6275100Z   CARGO_NET_RETRY: 10
Compute diagnostic diff	UNKNOWN STEP	2026-09-02T17:32:06.6275511Z   CARGO_TERM_COLOR: always
Compute diagnostic diff	UNKNOWN STEP	2026-09-02T17:32:06.6275850Z   RUSTUP_MAX_RETRIES: 10
Compute diagnostic diff	UNKNOWN STEP	2026-09-02T17:32:06.6276169Z   RUST_BACKTRACE: 1
Compute diagnostic diff	UNKNOWN STEP	2026-09-02T17:32:06.6276508Z   CARGO_PROFILE_DEV_DEBUG: line-tables-only
Compute diagnostic diff	UNKNOWN STEP	2026-09-02T17:32:06.6276861Z   CARGO_PROFILE_DEV_LTO: false
Compute diagnostic diff	UNKNOWN STEP	2026-09-02T17:32:06.6277208Z   CARGO_PROFILE_DEV_OPT_LEVEL: 0
Compute diagnostic diff	UNKNOWN STEP	2026-09-02T17:32:06.6277572Z   CONFORMANCE_SUITE_COMMIT: cf943ccbea5596ef969eec6e2260097ff697b7ba
Compute diagnostic diff	UNKNOWN STEP	2026-09-02T17:32:06.6278005Z   PYTHON_VERSION: 3.12
Compute diagnostic diff	UNKNOWN STEP	2026-09-02T17:32:06.6278339Z   CACHE_ON_FAILURE: false
Compute diagnostic diff	UNKNOWN STEP	2026-09-02T17:32:06.6278698Z   pythonLocation: /opt/hostedtoolcache/Python/3.12.14/x64
Compute diagnostic diff	UNKNOWN STEP	2026-09-02T17:32:06.6279225Z   PKG_CONFIG_PATH: /opt/hostedtoolcache/Python/3.12.14/x64/lib/pkgconfig
Compute diagnostic diff	UNKNOWN STEP	2026-09-02T17:32:06.6279685Z   Python_ROOT_DIR: /opt/hostedtoolcache/Python/3.12.14/x64
Compute diagnostic diff	UNKNOWN STEP	2026-09-02T17:32:06.6280102Z   Python2_ROOT_DIR: /opt/hostedtoolcache/Python/3.12.14/x64
Compute diagnostic diff	UNKNOWN STEP	2026-09-02T17:32:06.6280523Z   Python3_ROOT_DIR: /opt/hostedtoolcache/Python/3.12.14/x64
Compute diagnostic diff	UNKNOWN STEP	2026-09-02T17:32:06.6280948Z   LD_LIBRARY_PATH: /opt/hostedtoolcache/Python/3.12.14/x64/lib
Compute diagnostic diff	UNKNOWN STEP	2026-09-02T17:32:06.6281498Z ##[endgroup]
Compute diagnostic diff	UNKNOWN STEP	2026-09-02T17:32:06.6347228Z ##[start-action display=Run set -x;id=__rui314_setup-mold.__run]
Compute diagnostic diff	UNKNOWN STEP	2026-09-02T17:32:06.6370368Z ##[group]Run set -x
Compute diagnostic diff	UNKNOWN STEP	2026-09-02T17:32:06.6370941Z ^[[36;1mset -x^[[0m
Compute diagnostic diff	UNKNOWN STEP	2026-09-02T17:32:06.6371293Z ^[[36;1mecho "mold 2.41.0"^[[0m
Compute diagnostic diff	UNKNOWN STEP	2026-09-02T17:32:06.6371663Z ^[[36;1mif [ "$(whoami)" = root ]; then SUDO=; else SUDO=sudo; fi^[[0m
Compute diagnostic diff	UNKNOWN STEP	2026-09-02T17:32:06.6372632Z ^[[36;1mwget -O- --timeout=10 --waitretry=3 --retry-connrefused --progress=dot:mega https://github.com/rui314/mold/releases/download/v2.41.0/mold-2.41.0-$(uname -m)-linux.tar.gz | $SUDO tar -C /usr/local --strip-components=1 --no-overwrite-dir -xzf -^[[0m
Compute diagnostic diff	UNKNOWN STEP	2026-09-02T17:32:06.6374027Z ^[[36;1mtest true = true -a "$(realpath /usr/bin/ld)" != /usr/local/bin/mold && $SUDO ln -sf /usr/local/bin/mold "$(realpath /usr/bin/ld)"; true^[[0m
Compute diagnostic diff	UNKNOWN STEP	2026-09-02T17:32:06.6392200Z shell: /usr/bin/bash --noprofile --norc -e -o pipefail {0}
Compute diagnostic diff	UNKNOWN STEP	2026-09-02T17:32:06.6393016Z env:
Compute diagnostic diff	UNKNOWN STEP	2026-09-02T17:32:06.6393405Z   CARGO_INCREMENTAL: 0
Compute diagnostic diff	UNKNOWN STEP	2026-09-02T17:32:06.6393746Z   CARGO_NET_RETRY: 10
Compute diagnostic diff	UNKNOWN STEP	2026-09-02T17:32:06.6394045Z   CARGO_TERM_COLOR: always
Compute diagnostic diff	UNKNOWN STEP	2026-09-02T17:32:06.6394352Z   RUSTUP_MAX_RETRIES: 10
Compute diagnostic diff	UNKNOWN STEP	2026-09-02T17:32:06.6394654Z   RUST_BACKTRACE: 1
Compute diagnostic diff	UNKNOWN STEP	2026-09-02T17:32:06.6395002Z   CARGO_PROFILE_DEV_DEBUG: line-tables-only
Compute diagnostic diff	UNKNOWN STEP	2026-09-02T17:32:06.6395359Z   CARGO_PROFILE_DEV_LTO: false
Compute diagnostic diff	UNKNOWN STEP	2026-09-02T17:32:06.6395690Z   CARGO_PROFILE_DEV_OPT_LEVEL: 0
Compute diagnostic diff	UNKNOWN STEP	2026-09-02T17:32:06.6396058Z   CONFORMANCE_SUITE_COMMIT: cf943ccbea5596ef969eec6e2260097ff697b7ba
Compute diagnostic diff	UNKNOWN STEP	2026-09-02T17:32:06.6396561Z   PYTHON_VERSION: 3.12
Compute diagnostic diff	UNKNOWN STEP	2026-09-02T17:32:06.6396890Z   CACHE_ON_FAILURE: false
Compute diagnostic diff	UNKNOWN STEP	2026-09-02T17:32:06.6397261Z   pythonLocation: /opt/hostedtoolcache/Python/3.12.14/x64
Compute diagnostic diff	UNKNOWN STEP	2026-09-02T17:32:06.6397695Z   PKG_CONFIG_PATH: /opt/hostedtoolcache/Python/3.12.14/x64/lib/pkgconfig
Compute diagnostic diff	UNKNOWN STEP	2026-09-02T17:32:06.6398098Z   Python_ROOT_DIR: /opt/hostedtoolcache/Python/3.12.14/x64
Compute diagnostic diff	UNKNOWN STEP	2026-09-02T17:32:06.6398516Z   Python2_ROOT_DIR: /opt/hostedtoolcache/Python/3.12.14/x64
Compute diagnostic diff	UNKNOWN STEP	2026-09-02T17:32:06.6398940Z   Python3_ROOT_DIR: /opt/hostedtoolcache/Python/3.12.14/x64
Compute diagnostic diff	UNKNOWN STEP	2026-09-02T17:32:06.6399348Z   LD_LIBRARY_PATH: /opt/hostedtoolcache/Python/3.12.14/x64/lib
Compute diagnostic diff	UNKNOWN STEP	2026-09-02T17:32:06.6399718Z ##[endgroup]
Compute diagnostic diff	UNKNOWN STEP	2026-09-02T17:32:06.6458298Z + echo 'mold 2.41.0'
Compute diagnostic diff	UNKNOWN STEP	2026-09-02T17:32:06.6459041Z mold 2.41.0
Compute diagnostic diff	UNKNOWN STEP	2026-09-02T17:32:06.6464191Z ++ whoami
Compute diagnostic diff	UNKNOWN STEP	2026-09-02T17:32:06.6495477Z + '[' runner = root ']'
Compute diagnostic diff	UNKNOWN STEP	2026-09-02T17:32:06.6495827Z + SUDO=sudo
Compute diagnostic diff	UNKNOWN STEP	2026-09-02T17:32:06.6500061Z + sudo tar -C /usr/local --strip-components=1 --no-overwrite-dir -xzf -
Compute diagnostic diff	UNKNOWN STEP	2026-09-02T17:32:06.6501198Z ++ uname -m
Compute diagnostic diff	UNKNOWN STEP	2026-09-02T17:32:06.6510108Z + wget -O- --timeout=10 --waitretry=3 --retry-connrefused --progress=dot:mega https://github.com/rui314/mold/releases/download/v2.41.0/mold-2.41.0-x86_64-linux.tar.gz
Compute diagnostic diff	UNKNOWN STEP	2026-09-02T17:32:06.7193230Z --2026-09-02 17:32:06--  https://github.com/rui314/mold/releases/download/v2.41.0/mold-2.41.0-x86_64-linux.tar.gz
Compute diagnostic diff	UNKNOWN STEP	2026-09-02T17:32:06.7217748Z Resolving github.com (github.com)... 140.82.114.3
Compute diagnostic diff	UNKNOWN STEP	2026-09-02T17:32:06.7240397Z Connecting to github.com (github.com)|140.82.114.3|:443... connected.
Compute diagnostic diff	UNKNOWN STEP	2026-09-02T17:32:06.7375178Z HTTP request sent, awaiting response... 302 Found
Compute diagnostic diff	UNKNOWN STEP	2026-09-02T17:32:06.7379418Z Location: https://release-assets.githubusercontent.com/github-production-release-asset/299510783/f4863e5d-1747-433e-8c26-b5a1c1950d2d?sp=r&sv=2018-11-09&sr=b&spr=https&se=2026-09-02T18%3A20%3A23Z&rscd=attachment%3B+filename%3Dmold-2.41.0-x86_64-linux.tar.gz&rsct=application%2Foctet-stream&skoid=96c2d410-5711-43a1-aedd-ab1947aa7ab0&sktid=398a6654-997b-47e9-b12b-9515b896b4de&skt=2026-09-02T17%3A19%3A31Z&ske=2026-09-02T18%3A20%3A23Z&sks=b&skv=2018-11-09&sig=jkxECcpuybrQjiH1idSbsq4tDW%2B83azLxtNa4OHlkS0%3D&jwt=*** [following]
Compute diagnostic diff	UNKNOWN STEP	2026-09-02T17:32:06.7384006Z --2026-09-02 17:32:06--  https://release-assets.githubusercontent.com/github-production-release-asset/299510783/f4863e5d-1747-433e-8c26-b5a1c1950d2d?sp=r&sv=2018-11-09&sr=b&spr=https&se=2026-09-02T18%3A20%3A23Z&rscd=attachment%3B+filename%3Dmold-2.41.0-x86_64-linux.tar.gz&rsct=application%2Foctet-stream&skoid=96c2d410-5711-43a1-aedd-ab1947aa7ab0&sktid=398a6654-997b-47e9-b12b-9515b896b4de&skt=2026-09-02T17%3A19%3A31Z&ske=2026-09-02T18%3A20%3A23Z&sks=b&skv=2018-11-09&sig=jkxECcpuybrQjiH1idSbsq4tDW%2B83azLxtNa4OHlkS0%3D&jwt=***
Compute diagnostic diff	UNKNOWN STEP	2026-09-02T17:32:06.7387623Z Resolving release-assets.githubusercontent.com (release-assets.githubusercontent.com)... 185.199.110.133, 185.199.111.133, 185.199.108.133, ...
Compute diagnostic diff	UNKNOWN STEP	2026-09-02T17:32:06.7405945Z Connecting to release-assets.githubusercontent.com (release-assets.githubusercontent.com)|185.199.110.133|:443... connected.
Compute diagnostic diff	UNKNOWN STEP	2026-09-02T17:32:06.7600070Z HTTP request sent, awaiting response... 200 OK
Compute diagnostic diff	UNKNOWN STEP	2026-09-02T17:32:06.7602313Z Length: 5119986 (4.9M) [application/octet-stream]
Compute diagnostic diff	UNKNOWN STEP	2026-09-02T17:32:06.7603518Z Saving to: ‘STDOUT’
Compute diagnostic diff	UNKNOWN STEP	2026-09-02T17:32:06.7612362Z 
Compute diagnostic diff	UNKNOWN STEP	2026-09-02T17:32:06.8249395Z      0K ........ ........ ........ ........ ........ ........ 61% 46.4M 0s
Compute diagnostic diff	UNKNOWN STEP	2026-09-02T17:32:06.8646731Z   3072K ........ ........ ........ ......                    100% 52.5M=0.1s
Compute diagnostic diff	UNKNOWN STEP	2026-09-02T17:32:06.8647828Z 
Compute diagnostic diff	UNKNOWN STEP	2026-09-02T17:32:06.8648702Z 2026-09-02 17:32:06 (48.5 MB/s) - written to stdout [5119986/5119986]
Compute diagnostic diff	UNKNOWN STEP	2026-09-02T17:32:06.8649436Z 
Compute diagnostic diff	UNKNOWN STEP	2026-09-02T17:32:06.8777978Z ++ realpath /usr/bin/ld
Compute diagnostic diff	UNKNOWN STEP	2026-09-02T17:32:06.8806621Z + test true = true -a /usr/bin/x86_64-linux-gnu-ld.bfd '!=' /usr/local/bin/mold
Compute diagnostic diff	UNKNOWN STEP	2026-09-02T17:32:06.8807495Z ++ realpath /usr/bin/ld
Compute diagnostic diff	UNKNOWN STEP	2026-09-02T17:32:06.8811690Z + sudo ln -sf /usr/local/bin/mold /usr/bin/x86_64-linux-gnu-ld.bfd
Compute diagnostic diff	UNKNOWN STEP	2026-09-02T17:32:06.8957534Z + true
Compute diagnostic diff	UNKNOWN STEP	2026-09-02T17:32:06.8972123Z ##[end-action id=__rui314_setup-mold.__run;outcome=success;conclusion=success;duration_ms=262]
Compute diagnostic diff	UNKNOWN STEP	2026-09-02T17:32:06.9000167Z ##[group]Run # Build the executable for the old and new commit
Compute diagnostic diff	UNKNOWN STEP	2026-09-02T17:32:06.9000861Z ^[[36;1m# Build the executable for the old and new commit^[[0m
Compute diagnostic diff	UNKNOWN STEP	2026-09-02T17:32:06.9001283Z ^[[36;1m(^[[0m
Compute diagnostic diff	UNKNOWN STEP	2026-09-02T17:32:06.9001586Z ^[[36;1m  cd ruff^[[0m
Compute diagnostic diff	UNKNOWN STEP	2026-09-02T17:32:06.9001905Z ^[[36;1m^[[0m
Compute diagnostic diff	UNKNOWN STEP	2026-09-02T17:32:06.9002213Z ^[[36;1m  echo "new commit"^[[0m
Compute diagnostic diff	UNKNOWN STEP	2026-09-02T17:32:06.9002598Z ^[[36;1m  git rev-list --format=%s --max-count=1 "$GITHUB_SHA"^[[0m
Compute diagnostic diff	UNKNOWN STEP	2026-09-02T17:32:06.9003222Z ^[[36;1m  cargo build --bin ty^[[0m
Compute diagnostic diff	UNKNOWN STEP	2026-09-02T17:32:06.9003573Z ^[[36;1m  mv target/debug/ty ty-new^[[0m
Compute diagnostic diff	UNKNOWN STEP	2026-09-02T17:32:06.9003915Z ^[[36;1m^[[0m
Compute diagnostic diff	UNKNOWN STEP	2026-09-02T17:32:06.9004309Z ^[[36;1m  # The first parent contains any preceding layers in a stacked pull request.^[[0m
Compute diagnostic diff	UNKNOWN STEP	2026-09-02T17:32:06.9004750Z ^[[36;1m  MERGE_BASE="$(git rev-parse "${GITHUB_SHA}^1")"^[[0m
Compute diagnostic diff	UNKNOWN STEP	2026-09-02T17:32:06.9005132Z ^[[36;1m  git checkout -b old_commit "$MERGE_BASE"^[[0m
Compute diagnostic diff	UNKNOWN STEP	2026-09-02T17:32:06.9005518Z ^[[36;1m  echo "old commit (merge base)"^[[0m
Compute diagnostic diff	UNKNOWN STEP	2026-09-02T17:32:06.9006021Z ^[[36;1m  git rev-list --format=%s --max-count=1 old_commit^[[0m
Compute diagnostic diff	UNKNOWN STEP	2026-09-02T17:32:06.9006373Z ^[[36;1m  cargo build --bin ty^[[0m
Compute diagnostic diff	UNKNOWN STEP	2026-09-02T17:32:06.9006691Z ^[[36;1m  mv target/debug/ty ty-old^[[0m
Compute diagnostic diff	UNKNOWN STEP	2026-09-02T17:32:06.9007020Z ^[[36;1m)^[[0m
Compute diagnostic diff	UNKNOWN STEP	2026-09-02T17:32:06.9007296Z ^[[36;1m^[[0m
Compute diagnostic diff	UNKNOWN STEP	2026-09-02T17:32:06.9007585Z ^[[36;1m(^[[0m
Compute diagnostic diff	UNKNOWN STEP	2026-09-02T17:32:06.9007910Z ^[[36;1m  echo "Creating comment with conformance comparison"^[[0m
Compute diagnostic diff	UNKNOWN STEP	2026-09-02T17:32:06.9008316Z ^[[36;1m  cd ruff^[[0m
Compute diagnostic diff	UNKNOWN STEP	2026-09-02T17:32:06.9008606Z ^[[36;1m  git switch - --detach^[[0m
Compute diagnostic diff	UNKNOWN STEP	2026-09-02T17:32:06.9008939Z ^[[36;1m^[[0m
Compute diagnostic diff	UNKNOWN STEP	2026-09-02T17:32:06.9009238Z ^[[36;1m  python "./scripts/conformance.py" \^[[0m
Compute diagnostic diff	UNKNOWN STEP	2026-09-02T17:32:06.9009621Z ^[[36;1m   --old-ty "./ty-old" \^[[0m
Compute diagnostic diff	UNKNOWN STEP	2026-09-02T17:32:06.9009916Z ^[[36;1m   --new-ty "./ty-new" \^[[0m
Compute diagnostic diff	UNKNOWN STEP	2026-09-02T17:32:06.9010310Z ^[[36;1m   --tests-path "${GITHUB_WORKSPACE}/typing/conformance/" \^[[0m
Compute diagnostic diff	UNKNOWN STEP	2026-09-02T17:32:06.9010721Z ^[[36;1m   --python-version "$PYTHON_VERSION" \^[[0m
Compute diagnostic diff	UNKNOWN STEP	2026-09-02T17:32:06.9011146Z ^[[36;1m   --output ../typing_conformance_diagnostics.diff^[[0m
Compute diagnostic diff	UNKNOWN STEP	2026-09-02T17:32:06.9011519Z ^[[36;1m)^[[0m
Compute diagnostic diff	UNKNOWN STEP	2026-09-02T17:32:06.9028106Z shell: /usr/bin/bash --noprofile --norc -e -o pipefail {0}
Compute diagnostic diff	UNKNOWN STEP	2026-09-02T17:32:06.9028667Z env:
Compute diagnostic diff	UNKNOWN STEP	2026-09-02T17:32:06.9028984Z   CARGO_INCREMENTAL: 0
Compute diagnostic diff	UNKNOWN STEP	2026-09-02T17:32:06.9029339Z   CARGO_NET_RETRY: 10
Compute diagnostic diff	UNKNOWN STEP	2026-09-02T17:32:06.9029660Z   CARGO_TERM_COLOR: always
Compute diagnostic diff	UNKNOWN STEP	2026-09-02T17:32:06.9029992Z   RUSTUP_MAX_RETRIES: 10
Compute diagnostic diff	UNKNOWN STEP	2026-09-02T17:32:06.9030278Z   RUST_BACKTRACE: 1
Compute diagnostic diff	UNKNOWN STEP	2026-09-02T17:32:06.9030608Z   CARGO_PROFILE_DEV_DEBUG: line-tables-only
Compute diagnostic diff	UNKNOWN STEP	2026-09-02T17:32:06.9030999Z   CARGO_PROFILE_DEV_LTO: false
Compute diagnostic diff	UNKNOWN STEP	2026-09-02T17:32:06.9031335Z   CARGO_PROFILE_DEV_OPT_LEVEL: 0
Compute diagnostic diff	UNKNOWN STEP	2026-09-02T17:32:06.9031740Z   CONFORMANCE_SUITE_COMMIT: cf943ccbea5596ef969eec6e2260097ff697b7ba
Compute diagnostic diff	UNKNOWN STEP	2026-09-02T17:32:06.9032098Z   PYTHON_VERSION: 3.12
Compute diagnostic diff	UNKNOWN STEP	2026-09-02T17:32:06.9032437Z   CACHE_ON_FAILURE: false
Compute diagnostic diff	UNKNOWN STEP	2026-09-02T17:32:06.9032992Z   pythonLocation: /opt/hostedtoolcache/Python/3.12.14/x64
Compute diagnostic diff	UNKNOWN STEP	2026-09-02T17:32:06.9033566Z   PKG_CONFIG_PATH: /opt/hostedtoolcache/Python/3.12.14/x64/lib/pkgconfig
Compute diagnostic diff	UNKNOWN STEP	2026-09-02T17:32:06.9034004Z   Python_ROOT_DIR: /opt/hostedtoolcache/Python/3.12.14/x64
Compute diagnostic diff	UNKNOWN STEP	2026-09-02T17:32:06.9034449Z   Python2_ROOT_DIR: /opt/hostedtoolcache/Python/3.12.14/x64
Compute diagnostic diff	UNKNOWN STEP	2026-09-02T17:32:06.9034827Z   Python3_ROOT_DIR: /opt/hostedtoolcache/Python/3.12.14/x64
Compute diagnostic diff	UNKNOWN STEP	2026-09-02T17:32:06.9035264Z   LD_LIBRARY_PATH: /opt/hostedtoolcache/Python/3.12.14/x64/lib
Compute diagnostic diff	UNKNOWN STEP	2026-09-02T17:32:06.9035647Z ##[endgroup]
Compute diagnostic diff	UNKNOWN STEP	2026-09-02T17:32:06.9091874Z new commit
Compute diagnostic diff	UNKNOWN STEP	2026-09-02T17:32:06.9104871Z commit f7f704e0e8ed7c02af7f9a2887073e9c8a17e17e
Compute diagnostic diff	UNKNOWN STEP	2026-09-02T17:32:06.9105506Z Merge 163d8457771ebc43b159b1518fa8a278b6cc67da into 321e8e4ef5e0a7460c587998d436b1230afc9a75
Compute diagnostic diff	UNKNOWN STEP	2026-09-02T17:32:06.9601903Z ^[[1m^[[92m    Updating^[[0m crates.io index
Compute diagnostic diff	UNKNOWN STEP	2026-09-02T17:32:07.2161607Z ^[[1m^[[92m Downloading^[[0m crates ...
Compute diagnostic diff	UNKNOWN STEP	2026-09-02T17:32:07.6006554Z ^[[1m^[[92m  Downloaded^[[0m getopts v0.2.24
Compute diagnostic diff	UNKNOWN STEP	2026-09-02T17:32:07.6011619Z ^[[1m^[[92m  Downloaded^[[0m get-size-derive2 v0.11.0
Compute diagnostic diff	UNKNOWN STEP	2026-09-02T17:32:07.6017977Z ^[[1m^[[92m  Downloaded^[[0m get-size2 v0.11.0
Compute diagnostic diff	UNKNOWN STEP	2026-09-02T17:32:07.6031541Z ^[[1m^[[92m  Downloaded^[[0m unicode_names2 v1.3.0
Compute diagnostic diff	UNKNOWN STEP	2026-09-02T17:32:07.6069894Z ^[[1m^[[92m  Downloaded^[[0m unicode_names2_generator v1.3.0
Compute diagnostic diff	UNKNOWN STEP	2026-09-02T17:32:07.7165718Z ^[[1m^[[92m   Compiling^[[0m ruff_text_size v0.0.11 (/home/runner/work/ruff/ruff/ruff/crates/ruff_text_size)
Compute diagnostic diff	UNKNOWN STEP	2026-09-02T17:32:07.7167972Z ^[[1m^[[92m   Compiling^[[0m get-size2 v0.10.3
Compute diagnostic diff	UNKNOWN STEP	2026-09-02T17:32:07.7197302Z ^[[1m^[[92m   Compiling^[[0m getopts v0.2.24
Compute diagnostic diff	UNKNOWN STEP	2026-09-02T17:32:07.7239560Z ^[[1m^[[92m   Compiling^[[0m ruff_annotate_snippets v0.0.11 (/home/runner/work/ruff/ruff/ruff/crates/ruff_annotate_snippets)
Compute diagnostic diff	UNKNOWN STEP	2026-09-02T17:32:07.7268352Z ^[[1m^[[92m   Compiling^[[0m ruff_python_stdlib v0.0.11 (/home/runner/work/ruff/ruff/ruff/crates/ruff_python_stdlib)
Compute diagnostic diff	UNKNOWN STEP	2026-09-02T17:32:07.7281709Z ^[[1m^[[92m   Compiling^[[0m get-size-derive2 v0.11.0
Compute diagnostic diff	UNKNOWN STEP	2026-09-02T17:32:07.7300034Z ^[[1m^[[92m   Compiling^[[0m ruff_options_metadata v0.0.11 (/home/runner/work/ruff/ruff/ruff/crates/ruff_options_metadata)
Compute diagnostic diff	UNKNOWN STEP	2026-09-02T17:32:07.7321161Z ^[[1m^[[92m   Compiling^[[0m ty v0.0.0 (/home/runner/work/ruff/ruff/ruff/crates/ty)
Compute diagnostic diff	UNKNOWN STEP	2026-09-02T17:32:07.7335412Z ^[[1m^[[92m   Compiling^[[0m ty_vendored v0.0.11 (/home/runner/work/ruff/ruff/ruff/crates/ty_vendored)
Compute diagnostic diff	UNKNOWN STEP	2026-09-02T17:32:07.7644974Z ^[[1m^[[92m   Compiling^[[0m ruff_source_file v0.0.11 (/home/runner/work/ruff/ruff/ruff/crates/ruff_source_file)
Compute diagnostic diff	UNKNOWN STEP	2026-09-02T17:32:07.7930974Z ^[[1m^[[92m   Compiling^[[0m char_str v0.0.2
Compute diagnostic diff	UNKNOWN STEP	2026-09-02T17:32:07.8161512Z ^[[1m^[[92m   Compiling^[[0m unicode_names2_generator v1.3.0
Compute diagnostic diff	UNKNOWN STEP	2026-09-02T17:32:07.8504140Z ^[[1m^[[92m   Compiling^[[0m ruff_python_trivia v0.0.11 (/home/runner/work/ruff/ruff/ruff/crates/ruff_python_trivia)
Compute diagnostic diff	UNKNOWN STEP	2026-09-02T17:32:07.9762290Z ^[[1m^[[92m   Compiling^[[0m ruff_cache v0.0.11 (/home/runner/work/ruff/ruff/ruff/crates/ruff_cache)
Compute diagnostic diff	UNKNOWN STEP	2026-09-02T17:32:08.0001265Z ^[[1m^[[92m   Compiling^[[0m ruff_macros v0.0.11 (/home/runner/work/ruff/ruff/ruff/crates/ruff_macros)
Compute diagnostic diff	UNKNOWN STEP	2026-09-02T17:32:08.0019470Z ^[[1m^[[92m   Compiling^[[0m unicode_names2 v1.3.0
Compute diagnostic diff	UNKNOWN STEP	2026-09-02T17:32:08.2610657Z ^[[1m^[[92m   Compiling^[[0m get-size2 v0.11.0
Compute diagnostic diff	UNKNOWN STEP	2026-09-02T17:32:08.3525958Z ^[[1m^[[92m   Compiling^[[0m ruff_memory_usage v0.0.11 (/home/runner/work/ruff/ruff/ruff/crates/ruff_memory_usage)
Compute diagnostic diff	UNKNOWN STEP	2026-09-02T17:32:08.4132267Z ^[[1m^[[92m   Compiling^[[0m ruff_diagnostics v0.0.11 (/home/runner/work/ruff/ruff/ruff/crates/ruff_diagnostics)
Compute diagnostic diff	UNKNOWN STEP	2026-09-02T17:32:08.5321316Z ^[[1m^[[92m   Compiling^[[0m ty_static v0.0.11 (/home/runner/work/ruff/ruff/ruff/crates/ty_static)
Compute diagnostic diff	UNKNOWN STEP	2026-09-02T17:32:08.5322530Z ^[[1m^[[92m   Compiling^[[0m ruff_index v0.0.11 (/home/runner/work/ruff/ruff/ruff/crates/ruff_index)
Compute diagnostic diff	UNKNOWN STEP	2026-09-02T17:32:08.5323422Z ^[[1m^[[92m   Compiling^[[0m ruff_formatter v0.0.11 (/home/runner/work/ruff/ruff/ruff/crates/ruff_formatter)
Compute diagnostic diff	UNKNOWN STEP	2026-09-02T17:32:08.5665611Z ^[[1m^[[92m   Compiling^[[0m ruff_notebook v0.0.11 (/home/runner/work/ruff/ruff/ruff/crates/ruff_notebook)
Compute diagnostic diff	UNKNOWN STEP	2026-09-02T17:32:08.6730522Z ^[[1m^[[92m   Compiling^[[0m ruff_python_ast v0.0.11 (/home/runner/work/ruff/ruff/ruff/crates/ruff_python_ast)
Compute diagnostic diff	UNKNOWN STEP	2026-09-02T17:32:09.4589233Z ^[[1m^[[91merror[E0277]^[[0m^[[1m: the trait bound `CharStr: GetSize` is not satisfied^[[0m
Compute diagnostic diff	UNKNOWN STEP	2026-09-02T17:32:09.4590897Z   ^[[1m^[[94m--> ^[[0mcrates/ruff_python_ast/src/name.rs:40:41
Compute diagnostic diff	UNKNOWN STEP	2026-09-02T17:32:09.4591323Z    ^[[1m^[[94m|^[[0m
Compute diagnostic diff	UNKNOWN STEP	2026-09-02T17:32:09.4592399Z ^[[1m^[[94m40^[[0m ^[[1m^[[94m|^[[0m #[cfg_attr(feature = "get-size", derive(get_size2::GetSize))]
Compute diagnostic diff	UNKNOWN STEP	2026-09-02T17:32:09.4593367Z    ^[[1m^[[94m|^[[0m                                         ^[[1m^[[91m^^^^^^^^^^^^^^^^^^^[[0m ^[[1m^[[91mthe trait `GetSize` is not implemented for `CharStr`^[[0m
Compute diagnostic diff	UNKNOWN STEP	2026-09-02T17:32:09.4593944Z    ^[[1m^[[94m|^[[0m
Compute diagnostic diff	UNKNOWN STEP	2026-09-02T17:32:09.4594446Z ^[[1m^[[92mnote^[[0m: there are multiple different versions of crate `get_size2` in the dependency graph
Compute diagnostic diff	UNKNOWN STEP	2026-09-02T17:32:09.4595184Z   ^[[1m^[[94m--> ^[[0m/home/runner/.cargo/registry/src/index.crates.io-1949cf8c6b5b557f/get-size2-0.11.0/src/lib.rs:65:1
Compute diagnostic diff	UNKNOWN STEP	2026-09-02T17:32:09.4595669Z    ^[[1m^[[94m|^[[0m
Compute diagnostic diff	UNKNOWN STEP	2026-09-02T17:32:09.4596024Z ^[[1m^[[94m65^[[0m ^[[1m^[[94m|^[[0m pub trait GetSize: Sized {
Compute diagnostic diff	UNKNOWN STEP	2026-09-02T17:32:09.4596742Z    ^[[1m^[[94m|^[[0m ^[[1m^[[92m^^^^^^^^^^^^^^^^^^^^^^^^^[[0m ^[[1m^[[92mthis is the expected trait^[[0m
Compute diagnostic diff	UNKNOWN STEP	2026-09-02T17:32:09.4597173Z    ^[[1m^[[94m|^[[0m
Compute diagnostic diff	UNKNOWN STEP	2026-09-02T17:32:09.4597709Z   ^[[1m^[[94m::: ^[[0m/home/runner/.cargo/registry/src/index.crates.io-1949cf8c6b5b557f/get-size2-0.10.3/src/lib.rs:20:1
Compute diagnostic diff	UNKNOWN STEP	2026-09-02T17:32:09.4598224Z    ^[[1m^[[94m|^[[0m
Compute diagnostic diff	UNKNOWN STEP	2026-09-02T17:32:09.4598597Z ^[[1m^[[94m20^[[0m ^[[1m^[[94m|^[[0m pub trait GetSize: Sized {
Compute diagnostic diff	UNKNOWN STEP	2026-09-02T17:32:09.4599115Z    ^[[1m^[[94m|^[[0m ^[[1m^[[94m------------------------^[[0m ^[[1m^[[94mthis is the found trait^[[0m
Compute diagnostic diff	UNKNOWN STEP	2026-09-02T17:32:09.4599613Z    ^[[1m^[[94m= ^[[0m^[[1mhelp^[[0m: you can use `cargo tree` to explore your dependency tree
Compute diagnostic diff	UNKNOWN STEP	2026-09-02T17:32:09.4600160Z    ^[[1m^[[94m= ^[[0m^[[1mhelp^[[0m: the following other types implement trait `GetSize`:
Compute diagnostic diff	UNKNOWN STEP	2026-09-02T17:32:09.4600567Z              &T
Compute diagnostic diff	UNKNOWN STEP	2026-09-02T17:32:09.4600864Z              &mut T
Compute diagnostic diff	UNKNOWN STEP	2026-09-02T17:32:09.4601167Z              ()
Compute diagnostic diff	UNKNOWN STEP	2026-09-02T17:32:09.4601417Z              (V1, V2)
Compute diagnostic diff	UNKNOWN STEP	2026-09-02T17:32:09.4601734Z              (V1, V2, V3)
Compute diagnostic diff	UNKNOWN STEP	2026-09-02T17:32:09.4602035Z              (V1, V2, V3, V4)
Compute diagnostic diff	UNKNOWN STEP	2026-09-02T17:32:09.4602362Z              (V1, V2, V3, V4, V5)
Compute diagnostic diff	UNKNOWN STEP	2026-09-02T17:32:09.4602839Z              (V1, V2, V3, V4, V5, V6)
Compute diagnostic diff	UNKNOWN STEP	2026-09-02T17:32:09.4603200Z            and 265 others
Compute diagnostic diff	UNKNOWN STEP	2026-09-02T17:32:09.4603844Z    ^[[1m^[[94m= ^[[0m^[[1mnote^[[0m: this error originates in the derive macro `get_size2::GetSize` (in Nightly builds, run with -Z macro-backtrace for more info)
Compute diagnostic diff	UNKNOWN STEP	2026-09-02T17:32:09.4604355Z 
Compute diagnostic diff	UNKNOWN STEP	2026-09-02T17:32:10.2120867Z ^[[1mFor more information about this error, try `rustc --explain E0277`.^[[0m
Compute diagnostic diff	UNKNOWN STEP	2026-09-02T17:32:10.2171299Z ^[[1m^[[91merror^[[0m: could not compile `ruff_python_ast` (lib) due to 1 previous error
Compute diagnostic diff	UNKNOWN STEP	2026-09-02T17:32:10.2479126Z ##[error]Process completed with exit code 101.
Compute diagnostic diff	UNKNOWN STEP	2026-09-02T17:32:10.2808342Z Post job cleanup.
Compute diagnostic diff	UNKNOWN STEP	2026-09-02T17:32:10.3453787Z [command]/usr/bin/git version
Compute diagnostic diff	UNKNOWN STEP	2026-09-02T17:32:10.3488332Z git version 2.55.0
Compute diagnostic diff	UNKNOWN STEP	2026-09-02T17:32:10.3510014Z Temporarily overriding HOME='/home/runner/work/_temp/367123bb-ca6f-48b6-ac1a-ab18c53ac3a6' before making global git config changes
Compute diagnostic diff	UNKNOWN STEP	2026-09-02T17:32:10.3510951Z Adding repository directory to the temporary git global config as a safe directory
Compute diagnostic diff	UNKNOWN STEP	2026-09-02T17:32:10.3515183Z [command]/usr/bin/git config --global --add safe.directory /home/runner/work/ruff/ruff/typing
Compute diagnostic diff	UNKNOWN STEP	2026-09-02T17:32:10.3540423Z Removing SSH command configuration
Compute diagnostic diff	UNKNOWN STEP	2026-09-02T17:32:10.3548019Z [command]/usr/bin/git config --local --name-only --get-regexp core\.sshCommand
Compute diagnostic diff	UNKNOWN STEP	2026-09-02T17:32:10.3573340Z [command]/usr/bin/git submodule foreach --recursive sh -c "git config --local --name-only --get-regexp 'core\.sshCommand' && git config --local --unset-all 'core.sshCommand' || :"
Compute diagnostic diff	UNKNOWN STEP	2026-09-02T17:32:10.3741822Z Removing HTTP extra header
Compute diagnostic diff	UNKNOWN STEP	2026-09-02T17:32:10.3746383Z [command]/usr/bin/git config --local --name-only --get-regexp http\.https\:\/\/github\.com\/\.extraheader
Compute diagnostic diff	UNKNOWN STEP	2026-09-02T17:32:10.3767973Z [command]/usr/bin/git submodule foreach --recursive sh -c "git config --local --name-only --get-regexp 'http\.https\:\/\/github\.com\/\.extraheader' && git config --local --unset-all 'http.https://github.com/.extraheader' || :"
Compute diagnostic diff	UNKNOWN STEP	2026-09-02T17:32:10.3930351Z Removing includeIf entries pointing to credentials config files
Compute diagnostic diff	UNKNOWN STEP	2026-09-02T17:32:10.3935229Z [command]/usr/bin/git config --local --name-only --get-regexp ^includeIf\.gitdir:
Compute diagnostic diff	UNKNOWN STEP	2026-09-02T17:32:10.3958763Z [command]/usr/bin/git submodule foreach --recursive git config --local --show-origin --name-only --get-regexp remote.origin.url
Compute diagnostic diff	UNKNOWN STEP	2026-09-02T17:32:10.4225704Z Post job cleanup.
Compute diagnostic diff	UNKNOWN STEP	2026-09-02T17:32:10.4856811Z [command]/usr/bin/git version
Compute diagnostic diff	UNKNOWN STEP	2026-09-02T17:32:10.4893202Z git version 2.55.0
Compute diagnostic diff	UNKNOWN STEP	2026-09-02T17:32:10.4917540Z Temporarily overriding HOME='/home/runner/work/_temp/bec8c9df-4386-4aa0-8baa-ab0480209946' before making global git config changes
Compute diagnostic diff	UNKNOWN STEP	2026-09-02T17:32:10.4918459Z Adding repository directory to the temporary git global config as a safe directory
Compute diagnostic diff	UNKNOWN STEP	2026-09-02T17:32:10.4920774Z [command]/usr/bin/git config --global --add safe.directory /home/runner/work/ruff/ruff/ruff
Compute diagnostic diff	UNKNOWN STEP	2026-09-02T17:32:10.4944499Z Removing SSH command configuration
Compute diagnostic diff	UNKNOWN STEP	2026-09-02T17:32:10.4948911Z [command]/usr/bin/git config --local --name-only --get-regexp core\.sshCommand
Compute diagnostic diff	UNKNOWN STEP	2026-09-02T17:32:10.4975203Z [command]/usr/bin/git submodule foreach --recursive sh -c "git config --local --name-only --get-regexp 'core\.sshCommand' && git config --local --unset-all 'core.sshCommand' || :"
Compute diagnostic diff	UNKNOWN STEP	2026-09-02T17:32:10.5158827Z Removing HTTP extra header
Compute diagnostic diff	UNKNOWN STEP	2026-09-02T17:32:10.5163669Z [command]/usr/bin/git config --local --name-only --get-regexp http\.https\:\/\/github\.com\/\.extraheader
Compute diagnostic diff	UNKNOWN STEP	2026-09-02T17:32:10.5189756Z [command]/usr/bin/git submodule foreach --recursive sh -c "git config --local --name-only --get-regexp 'http\.https\:\/\/github\.com\/\.extraheader' && git config --local --unset-all 'http.https://github.com/.extraheader' || :"
Compute diagnostic diff	UNKNOWN STEP	2026-09-02T17:32:10.5363981Z Removing includeIf entries pointing to credentials config files
Compute diagnostic diff	UNKNOWN STEP	2026-09-02T17:32:10.5369004Z [command]/usr/bin/git config --local --name-only --get-regexp ^includeIf\.gitdir:
Compute diagnostic diff	UNKNOWN STEP	2026-09-02T17:32:10.5393693Z [command]/usr/bin/git submodule foreach --recursive git config --local --show-origin --name-only --get-regexp remote.origin.url
Compute diagnostic diff	UNKNOWN STEP	2026-09-02T17:32:10.5667782Z Cleaning up orphan processes
