test-redistribute	UNKNOWN STEP	2026-09-21T07:04:50.7431771Z ERROR tests/test_tutorial/test_extra_models/test_tutorial005.py - DeprecationWarning: The anyio.abc.BlockingPortal alias is deprecated, use anyio.from_thread.BlockingPortal instead.
test-redistribute	UNKNOWN STEP	2026-09-21T07:04:50.7432308Z ERROR tests/test_tutorial/test_extra_models/test_tutorial005.py - DeprecationWarning: The anyio.abc.BlockingPortal alias is deprecated, use anyio.from_thread.BlockingPortal instead.
test-redistribute	UNKNOWN STEP	2026-09-21T07:04:50.7432932Z ERROR tests/test_tutorial/test_first_steps/test_tutorial001_tutorial002_tutorial003.py - DeprecationWarning: The anyio.abc.BlockingPortal alias is deprecated, use anyio.from_thread.BlockingPortal instead.
test-redistribute	UNKNOWN STEP	2026-09-21T07:04:50.7433542Z ERROR tests/test_tutorial/test_first_steps/test_tutorial001_tutorial002_tutorial003.py - DeprecationWarning: The anyio.abc.BlockingPortal alias is deprecated, use anyio.from_thread.BlockingPortal instead.
test-redistribute	UNKNOWN STEP	2026-09-21T07:04:50.7434096Z ERROR tests/test_tutorial/test_generate_clients/test_tutorial001.py - DeprecationWarning: The anyio.abc.BlockingPortal alias is deprecated, use anyio.from_thread.BlockingPortal instead.
test-redistribute	UNKNOWN STEP	2026-09-21T07:04:50.7434643Z ERROR tests/test_tutorial/test_generate_clients/test_tutorial001.py - DeprecationWarning: The anyio.abc.BlockingPortal alias is deprecated, use anyio.from_thread.BlockingPortal instead.
test-redistribute	UNKNOWN STEP	2026-09-21T07:04:50.7435190Z ERROR tests/test_tutorial/test_generate_clients/test_tutorial002.py - DeprecationWarning: The anyio.abc.BlockingPortal alias is deprecated, use anyio.from_thread.BlockingPortal instead.
test-redistribute	UNKNOWN STEP	2026-09-21T07:04:50.7435841Z ERROR tests/test_tutorial/test_generate_clients/test_tutorial002.py - DeprecationWarning: The anyio.abc.BlockingPortal alias is deprecated, use anyio.from_thread.BlockingPortal instead.
test-redistribute	UNKNOWN STEP	2026-09-21T07:04:50.7436410Z ERROR tests/test_tutorial/test_generate_clients/test_tutorial003.py - DeprecationWarning: The anyio.abc.BlockingPortal alias is deprecated, use anyio.from_thread.BlockingPortal instead.
test-redistribute	UNKNOWN STEP	2026-09-21T07:04:50.7436975Z ERROR tests/test_tutorial/test_generate_clients/test_tutorial003.py - DeprecationWarning: The anyio.abc.BlockingPortal alias is deprecated, use anyio.from_thread.BlockingPortal instead.
test-redistribute	UNKNOWN STEP	2026-09-21T07:04:50.7437634Z ERROR tests/test_tutorial/test_graphql/test_tutorial001.py - DeprecationWarning: The anyio.abc.BlockingPortal alias is deprecated, use anyio.from_thread.BlockingPortal instead.
test-redistribute	UNKNOWN STEP	2026-09-21T07:04:50.7438162Z ERROR tests/test_tutorial/test_graphql/test_tutorial001.py - DeprecationWarning: The anyio.abc.BlockingPortal alias is deprecated, use anyio.from_thread.BlockingPortal instead.
test-redistribute	UNKNOWN STEP	2026-09-21T07:04:50.7438705Z ERROR tests/test_tutorial/test_handling_errors/test_tutorial001.py - DeprecationWarning: The anyio.abc.BlockingPortal alias is deprecated, use anyio.from_thread.BlockingPortal instead.
test-redistribute	UNKNOWN STEP	2026-09-21T07:04:50.7439245Z ERROR tests/test_tutorial/test_handling_errors/test_tutorial001.py - DeprecationWarning: The anyio.abc.BlockingPortal alias is deprecated, use anyio.from_thread.BlockingPortal instead.
test-redistribute	UNKNOWN STEP	2026-09-21T07:04:50.7439794Z ERROR tests/test_tutorial/test_handling_errors/test_tutorial002.py - DeprecationWarning: The anyio.abc.BlockingPortal alias is deprecated, use anyio.from_thread.BlockingPortal instead.
test-redistribute	UNKNOWN STEP	2026-09-21T07:04:50.7440343Z ERROR tests/test_tutorial/test_handling_errors/test_tutorial002.py - DeprecationWarning: The anyio.abc.BlockingPortal alias is deprecated, use anyio.from_thread.BlockingPortal instead.
test-redistribute	UNKNOWN STEP	2026-09-21T07:04:50.7440884Z ERROR tests/test_tutorial/test_handling_errors/test_tutorial003.py - DeprecationWarning: The anyio.abc.BlockingPortal alias is deprecated, use anyio.from_thread.BlockingPortal instead.
test-redistribute	UNKNOWN STEP	2026-09-21T07:04:50.7441424Z ERROR tests/test_tutorial/test_handling_errors/test_tutorial003.py - DeprecationWarning: The anyio.abc.BlockingPortal alias is deprecated, use anyio.from_thread.BlockingPortal instead.
test-redistribute	UNKNOWN STEP	2026-09-21T07:04:50.7441957Z ERROR tests/test_tutorial/test_handling_errors/test_tutorial004.py - DeprecationWarning: The anyio.abc.BlockingPortal alias is deprecated, use anyio.from_thread.BlockingPortal instead.
test-redistribute	UNKNOWN STEP	2026-09-21T07:04:50.7442654Z ERROR tests/test_tutorial/test_handling_errors/test_tutorial004.py - DeprecationWarning: The anyio.abc.BlockingPortal alias is deprecated, use anyio.from_thread.BlockingPortal instead.
test-redistribute	UNKNOWN STEP	2026-09-21T07:04:50.7443206Z ERROR tests/test_tutorial/test_handling_errors/test_tutorial005.py - DeprecationWarning: The anyio.abc.BlockingPortal alias is deprecated, use anyio.from_thread.BlockingPortal instead.
test-redistribute	UNKNOWN STEP	2026-09-21T07:04:50.7443744Z ERROR tests/test_tutorial/test_handling_errors/test_tutorial005.py - DeprecationWarning: The anyio.abc.BlockingPortal alias is deprecated, use anyio.from_thread.BlockingPortal instead.
test-redistribute	UNKNOWN STEP	2026-09-21T07:04:50.7444281Z ERROR tests/test_tutorial/test_handling_errors/test_tutorial006.py - DeprecationWarning: The anyio.abc.BlockingPortal alias is deprecated, use anyio.from_thread.BlockingPortal instead.
test-redistribute	UNKNOWN STEP	2026-09-21T07:04:50.7444822Z ERROR tests/test_tutorial/test_handling_errors/test_tutorial006.py - DeprecationWarning: The anyio.abc.BlockingPortal alias is deprecated, use anyio.from_thread.BlockingPortal instead.
test-redistribute	UNKNOWN STEP	2026-09-21T07:04:50.7445392Z ERROR tests/test_tutorial/test_header_param_models/test_tutorial001.py - DeprecationWarning: The anyio.abc.BlockingPortal alias is deprecated, use anyio.from_thread.BlockingPortal instead.
test-redistribute	UNKNOWN STEP	2026-09-21T07:04:50.7446075Z ERROR tests/test_tutorial/test_header_param_models/test_tutorial001.py - DeprecationWarning: The anyio.abc.BlockingPortal alias is deprecated, use anyio.from_thread.BlockingPortal instead.
test-redistribute	UNKNOWN STEP	2026-09-21T07:04:50.7446632Z ERROR tests/test_tutorial/test_header_param_models/test_tutorial002.py - DeprecationWarning: The anyio.abc.BlockingPortal alias is deprecated, use anyio.from_thread.BlockingPortal instead.
test-redistribute	UNKNOWN STEP	2026-09-21T07:04:50.7447186Z ERROR tests/test_tutorial/test_header_param_models/test_tutorial002.py - DeprecationWarning: The anyio.abc.BlockingPortal alias is deprecated, use anyio.from_thread.BlockingPortal instead.
test-redistribute	UNKNOWN STEP	2026-09-21T07:04:50.7447741Z ERROR tests/test_tutorial/test_header_param_models/test_tutorial003.py - DeprecationWarning: The anyio.abc.BlockingPortal alias is deprecated, use anyio.from_thread.BlockingPortal instead.
test-redistribute	UNKNOWN STEP	2026-09-21T07:04:50.7448426Z ERROR tests/test_tutorial/test_header_param_models/test_tutorial003.py - DeprecationWarning: The anyio.abc.BlockingPortal alias is deprecated, use anyio.from_thread.BlockingPortal instead.
test-redistribute	UNKNOWN STEP	2026-09-21T07:04:50.7448967Z ERROR tests/test_tutorial/test_header_params/test_tutorial001.py - DeprecationWarning: The anyio.abc.BlockingPortal alias is deprecated, use anyio.from_thread.BlockingPortal instead.
test-redistribute	UNKNOWN STEP	2026-09-21T07:04:50.7449506Z ERROR tests/test_tutorial/test_header_params/test_tutorial001.py - DeprecationWarning: The anyio.abc.BlockingPortal alias is deprecated, use anyio.from_thread.BlockingPortal instead.
test-redistribute	UNKNOWN STEP	2026-09-21T07:04:50.7450034Z ERROR tests/test_tutorial/test_header_params/test_tutorial002.py - DeprecationWarning: The anyio.abc.BlockingPortal alias is deprecated, use anyio.from_thread.BlockingPortal instead.
test-redistribute	UNKNOWN STEP	2026-09-21T07:04:50.7450579Z ERROR tests/test_tutorial/test_header_params/test_tutorial002.py - DeprecationWarning: The anyio.abc.BlockingPortal alias is deprecated, use anyio.from_thread.BlockingPortal instead.
test-redistribute	UNKNOWN STEP	2026-09-21T07:04:50.7451119Z ERROR tests/test_tutorial/test_header_params/test_tutorial003.py - DeprecationWarning: The anyio.abc.BlockingPortal alias is deprecated, use anyio.from_thread.BlockingPortal instead.
test-redistribute	UNKNOWN STEP	2026-09-21T07:04:50.7451647Z ERROR tests/test_tutorial/test_header_params/test_tutorial003.py - DeprecationWarning: The anyio.abc.BlockingPortal alias is deprecated, use anyio.from_thread.BlockingPortal instead.
test-redistribute	UNKNOWN STEP	2026-09-21T07:04:50.7452195Z ERROR tests/test_tutorial/test_json_base64_bytes/test_tutorial001.py - DeprecationWarning: The anyio.abc.BlockingPortal alias is deprecated, use anyio.from_thread.BlockingPortal instead.
test-redistribute	UNKNOWN STEP	2026-09-21T07:04:50.7452735Z ERROR tests/test_tutorial/test_json_base64_bytes/test_tutorial001.py - DeprecationWarning: The anyio.abc.BlockingPortal alias is deprecated, use anyio.from_thread.BlockingPortal instead.
test-redistribute	UNKNOWN STEP	2026-09-21T07:04:50.7453376Z ERROR tests/test_tutorial/test_metadata/test_tutorial001.py - DeprecationWarning: The anyio.abc.BlockingPortal alias is deprecated, use anyio.from_thread.BlockingPortal instead.
test-redistribute	UNKNOWN STEP	2026-09-21T07:04:50.7453918Z ERROR tests/test_tutorial/test_metadata/test_tutorial001.py - DeprecationWarning: The anyio.abc.BlockingPortal alias is deprecated, use anyio.from_thread.BlockingPortal instead.
test-redistribute	UNKNOWN STEP	2026-09-21T07:04:50.7454452Z ERROR tests/test_tutorial/test_metadata/test_tutorial001_1.py - DeprecationWarning: The anyio.abc.BlockingPortal alias is deprecated, use anyio.from_thread.BlockingPortal instead.
test-redistribute	UNKNOWN STEP	2026-09-21T07:04:50.7455067Z ERROR tests/test_tutorial/test_metadata/test_tutorial001_1.py - DeprecationWarning: The anyio.abc.BlockingPortal alias is deprecated, use anyio.from_thread.BlockingPortal instead.
test-redistribute	UNKNOWN STEP	2026-09-21T07:04:50.7455953Z ERROR tests/test_tutorial/test_metadata/test_tutorial002.py - DeprecationWarning: The anyio.abc.BlockingPortal alias is deprecated, use anyio.from_thread.BlockingPortal instead.
test-redistribute	UNKNOWN STEP	2026-09-21T07:04:50.7456480Z ERROR tests/test_tutorial/test_metadata/test_tutorial002.py - DeprecationWarning: The anyio.abc.BlockingPortal alias is deprecated, use anyio.from_thread.BlockingPortal instead.
test-redistribute	UNKNOWN STEP	2026-09-21T07:04:50.7457034Z ERROR tests/test_tutorial/test_metadata/test_tutorial003.py - DeprecationWarning: The anyio.abc.BlockingPortal alias is deprecated, use anyio.from_thread.BlockingPortal instead.
test-redistribute	UNKNOWN STEP	2026-09-21T07:04:50.7457566Z ERROR tests/test_tutorial/test_metadata/test_tutorial003.py - DeprecationWarning: The anyio.abc.BlockingPortal alias is deprecated, use anyio.from_thread.BlockingPortal instead.
test-redistribute	UNKNOWN STEP	2026-09-21T07:04:50.7458083Z ERROR tests/test_tutorial/test_metadata/test_tutorial004.py - DeprecationWarning: The anyio.abc.BlockingPortal alias is deprecated, use anyio.from_thread.BlockingPortal instead.
test-redistribute	UNKNOWN STEP	2026-09-21T07:04:50.7458603Z ERROR tests/test_tutorial/test_metadata/test_tutorial004.py - DeprecationWarning: The anyio.abc.BlockingPortal alias is deprecated, use anyio.from_thread.BlockingPortal instead.
test-redistribute	UNKNOWN STEP	2026-09-21T07:04:50.7459283Z ERROR tests/test_tutorial/test_middleware/test_tutorial001.py - DeprecationWarning: The anyio.abc.BlockingPortal alias is deprecated, use anyio.from_thread.BlockingPortal instead.
test-redistribute	UNKNOWN STEP	2026-09-21T07:04:50.7459815Z ERROR tests/test_tutorial/test_middleware/test_tutorial001.py - DeprecationWarning: The anyio.abc.BlockingPortal alias is deprecated, use anyio.from_thread.BlockingPortal instead.
test-redistribute	UNKNOWN STEP	2026-09-21T07:04:50.7460383Z ERROR tests/test_tutorial/test_openapi_callbacks/test_tutorial001.py - DeprecationWarning: The anyio.abc.BlockingPortal alias is deprecated, use anyio.from_thread.BlockingPortal instead.
test-redistribute	UNKNOWN STEP	2026-09-21T07:04:50.7460931Z ERROR tests/test_tutorial/test_openapi_callbacks/test_tutorial001.py - DeprecationWarning: The anyio.abc.BlockingPortal alias is deprecated, use anyio.from_thread.BlockingPortal instead.
test-redistribute	UNKNOWN STEP	2026-09-21T07:04:50.7461489Z ERROR tests/test_tutorial/test_openapi_webhooks/test_tutorial001.py - DeprecationWarning: The anyio.abc.BlockingPortal alias is deprecated, use anyio.from_thread.BlockingPortal instead.
test-redistribute	UNKNOWN STEP	2026-09-21T07:04:50.7462042Z ERROR tests/test_tutorial/test_openapi_webhooks/test_tutorial001.py - DeprecationWarning: The anyio.abc.BlockingPortal alias is deprecated, use anyio.from_thread.BlockingPortal instead.
test-redistribute	UNKNOWN STEP	2026-09-21T07:04:50.7462680Z ERROR tests/test_tutorial/test_path_operation_advanced_configurations/test_tutorial001.py - DeprecationWarning: The anyio.abc.BlockingPortal alias is deprecated, use anyio.from_thread.BlockingPortal instead.
test-redistribute	UNKNOWN STEP	2026-09-21T07:04:50.7463306Z ERROR tests/test_tutorial/test_path_operation_advanced_configurations/test_tutorial001.py - DeprecationWarning: The anyio.abc.BlockingPortal alias is deprecated, use anyio.from_thread.BlockingPortal instead.
test-redistribute	UNKNOWN STEP	2026-09-21T07:04:50.7463929Z ERROR tests/test_tutorial/test_path_operation_advanced_configurations/test_tutorial002.py - DeprecationWarning: The anyio.abc.BlockingPortal alias is deprecated, use anyio.from_thread.BlockingPortal instead.
test-redistribute	UNKNOWN STEP	2026-09-21T07:04:50.7464663Z ERROR tests/test_tutorial/test_path_operation_advanced_configurations/test_tutorial002.py - DeprecationWarning: The anyio.abc.BlockingPortal alias is deprecated, use anyio.from_thread.BlockingPortal instead.
test-redistribute	UNKNOWN STEP	2026-09-21T07:04:50.7465296Z ERROR tests/test_tutorial/test_path_operation_advanced_configurations/test_tutorial003.py - DeprecationWarning: The anyio.abc.BlockingPortal alias is deprecated, use anyio.from_thread.BlockingPortal instead.
test-redistribute	UNKNOWN STEP	2026-09-21T07:04:50.7466046Z ERROR tests/test_tutorial/test_path_operation_advanced_configurations/test_tutorial003.py - DeprecationWarning: The anyio.abc.BlockingPortal alias is deprecated, use anyio.from_thread.BlockingPortal instead.
test-redistribute	UNKNOWN STEP	2026-09-21T07:04:50.7466748Z ERROR tests/test_tutorial/test_path_operation_advanced_configurations/test_tutorial004.py - DeprecationWarning: The anyio.abc.BlockingPortal alias is deprecated, use anyio.from_thread.BlockingPortal instead.
test-redistribute	UNKNOWN STEP	2026-09-21T07:04:50.7467380Z ERROR tests/test_tutorial/test_path_operation_advanced_configurations/test_tutorial004.py - DeprecationWarning: The anyio.abc.BlockingPortal alias is deprecated, use anyio.from_thread.BlockingPortal instead.
test-redistribute	UNKNOWN STEP	2026-09-21T07:04:50.7468026Z ERROR tests/test_tutorial/test_path_operation_advanced_configurations/test_tutorial005.py - DeprecationWarning: The anyio.abc.BlockingPortal alias is deprecated, use anyio.from_thread.BlockingPortal instead.
test-redistribute	UNKNOWN STEP	2026-09-21T07:04:50.7468639Z ERROR tests/test_tutorial/test_path_operation_advanced_configurations/test_tutorial005.py - DeprecationWarning: The anyio.abc.BlockingPortal alias is deprecated, use anyio.from_thread.BlockingPortal instead.
test-redistribute	UNKNOWN STEP	2026-09-21T07:04:50.7469257Z ERROR tests/test_tutorial/test_path_operation_advanced_configurations/test_tutorial006.py - DeprecationWarning: The anyio.abc.BlockingPortal alias is deprecated, use anyio.from_thread.BlockingPortal instead.
test-redistribute	UNKNOWN STEP	2026-09-21T07:04:50.7469874Z ERROR tests/test_tutorial/test_path_operation_advanced_configurations/test_tutorial006.py - DeprecationWarning: The anyio.abc.BlockingPortal alias is deprecated, use anyio.from_thread.BlockingPortal instead.
test-redistribute	UNKNOWN STEP	2026-09-21T07:04:50.7470619Z ERROR tests/test_tutorial/test_path_operation_advanced_configurations/test_tutorial007.py - DeprecationWarning: The anyio.abc.BlockingPortal alias is deprecated, use anyio.from_thread.BlockingPortal instead.
test-redistribute	UNKNOWN STEP	2026-09-21T07:04:50.7471235Z ERROR tests/test_tutorial/test_path_operation_advanced_configurations/test_tutorial007.py - DeprecationWarning: The anyio.abc.BlockingPortal alias is deprecated, use anyio.from_thread.BlockingPortal instead.
test-redistribute	UNKNOWN STEP	2026-09-21T07:04:50.7471836Z ERROR tests/test_tutorial/test_path_operation_configurations/test_tutorial001.py - DeprecationWarning: The anyio.abc.BlockingPortal alias is deprecated, use anyio.from_thread.BlockingPortal instead.
test-redistribute	UNKNOWN STEP	2026-09-21T07:04:50.7472435Z ERROR tests/test_tutorial/test_path_operation_configurations/test_tutorial001.py - DeprecationWarning: The anyio.abc.BlockingPortal alias is deprecated, use anyio.from_thread.BlockingPortal instead.
test-redistribute	UNKNOWN STEP	2026-09-21T07:04:50.7473028Z ERROR tests/test_tutorial/test_path_operation_configurations/test_tutorial002.py - DeprecationWarning: The anyio.abc.BlockingPortal alias is deprecated, use anyio.from_thread.BlockingPortal instead.
test-redistribute	UNKNOWN STEP	2026-09-21T07:04:50.7473614Z ERROR tests/test_tutorial/test_path_operation_configurations/test_tutorial002.py - DeprecationWarning: The anyio.abc.BlockingPortal alias is deprecated, use anyio.from_thread.BlockingPortal instead.
test-redistribute	UNKNOWN STEP	2026-09-21T07:04:50.7474218Z ERROR tests/test_tutorial/test_path_operation_configurations/test_tutorial002b.py - DeprecationWarning: The anyio.abc.BlockingPortal alias is deprecated, use anyio.from_thread.BlockingPortal instead.
test-redistribute	UNKNOWN STEP	2026-09-21T07:04:50.7474817Z ERROR tests/test_tutorial/test_path_operation_configurations/test_tutorial002b.py - DeprecationWarning: The anyio.abc.BlockingPortal alias is deprecated, use anyio.from_thread.BlockingPortal instead.
test-redistribute	UNKNOWN STEP	2026-09-21T07:04:50.7475673Z ERROR tests/test_tutorial/test_path_operation_configurations/test_tutorial003_tutorial004.py - DeprecationWarning: The anyio.abc.BlockingPortal alias is deprecated, use anyio.from_thread.BlockingPortal instead.
test-redistribute	UNKNOWN STEP	2026-09-21T07:04:50.7476357Z ERROR tests/test_tutorial/test_path_operation_configurations/test_tutorial003_tutorial004.py - DeprecationWarning: The anyio.abc.BlockingPortal alias is deprecated, use anyio.from_thread.BlockingPortal instead.
test-redistribute	UNKNOWN STEP	2026-09-21T07:04:50.7476981Z ERROR tests/test_tutorial/test_path_operation_configurations/test_tutorial005.py - DeprecationWarning: The anyio.abc.BlockingPortal alias is deprecated, use anyio.from_thread.BlockingPortal instead.
test-redistribute	UNKNOWN STEP	2026-09-21T07:04:50.7477576Z ERROR tests/test_tutorial/test_path_operation_configurations/test_tutorial005.py - DeprecationWarning: The anyio.abc.BlockingPortal alias is deprecated, use anyio.from_thread.BlockingPortal instead.
test-redistribute	UNKNOWN STEP	2026-09-21T07:04:50.7478168Z ERROR tests/test_tutorial/test_path_operation_configurations/test_tutorial006.py - DeprecationWarning: The anyio.abc.BlockingPortal alias is deprecated, use anyio.from_thread.BlockingPortal instead.
test-redistribute	UNKNOWN STEP	2026-09-21T07:04:50.7478764Z ERROR tests/test_tutorial/test_path_operation_configurations/test_tutorial006.py - DeprecationWarning: The anyio.abc.BlockingPortal alias is deprecated, use anyio.from_thread.BlockingPortal instead.
test-redistribute	UNKNOWN STEP	2026-09-21T07:04:50.7479304Z ERROR tests/test_tutorial/test_path_params/test_tutorial001.py - DeprecationWarning: The anyio.abc.BlockingPortal alias is deprecated, use anyio.from_thread.BlockingPortal instead.
test-redistribute	UNKNOWN STEP	2026-09-21T07:04:50.7479836Z ERROR tests/test_tutorial/test_path_params/test_tutorial001.py - DeprecationWarning: The anyio.abc.BlockingPortal alias is deprecated, use anyio.from_thread.BlockingPortal instead.
test-redistribute	UNKNOWN STEP	2026-09-21T07:04:50.7480360Z ERROR tests/test_tutorial/test_path_params/test_tutorial002.py - DeprecationWarning: The anyio.abc.BlockingPortal alias is deprecated, use anyio.from_thread.BlockingPortal instead.
test-redistribute	UNKNOWN STEP	2026-09-21T07:04:50.7480889Z ERROR tests/test_tutorial/test_path_params/test_tutorial002.py - DeprecationWarning: The anyio.abc.BlockingPortal alias is deprecated, use anyio.from_thread.BlockingPortal instead.
test-redistribute	UNKNOWN STEP	2026-09-21T07:04:50.7481578Z ERROR tests/test_tutorial/test_path_params/test_tutorial003.py - DeprecationWarning: The anyio.abc.BlockingPortal alias is deprecated, use anyio.from_thread.BlockingPortal instead.
test-redistribute	UNKNOWN STEP	2026-09-21T07:04:50.7482105Z ERROR tests/test_tutorial/test_path_params/test_tutorial003.py - DeprecationWarning: The anyio.abc.BlockingPortal alias is deprecated, use anyio.from_thread.BlockingPortal instead.
test-redistribute	UNKNOWN STEP	2026-09-21T07:04:50.7482671Z ERROR tests/test_tutorial/test_path_params/test_tutorial003b.py - DeprecationWarning: The anyio.abc.BlockingPortal alias is deprecated, use anyio.from_thread.BlockingPortal instead.
test-redistribute	UNKNOWN STEP	2026-09-21T07:04:50.7483205Z ERROR tests/test_tutorial/test_path_params/test_tutorial003b.py - DeprecationWarning: The anyio.abc.BlockingPortal alias is deprecated, use anyio.from_thread.BlockingPortal instead.
test-redistribute	UNKNOWN STEP	2026-09-21T07:04:50.7483733Z ERROR tests/test_tutorial/test_path_params/test_tutorial004.py - DeprecationWarning: The anyio.abc.BlockingPortal alias is deprecated, use anyio.from_thread.BlockingPortal instead.
test-redistribute	UNKNOWN STEP	2026-09-21T07:04:50.7484262Z ERROR tests/test_tutorial/test_path_params/test_tutorial004.py - DeprecationWarning: The anyio.abc.BlockingPortal alias is deprecated, use anyio.from_thread.BlockingPortal instead.
test-redistribute	UNKNOWN STEP	2026-09-21T07:04:50.7484787Z ERROR tests/test_tutorial/test_path_params/test_tutorial005.py - DeprecationWarning: The anyio.abc.BlockingPortal alias is deprecated, use anyio.from_thread.BlockingPortal instead.
test-redistribute	UNKNOWN STEP	2026-09-21T07:04:50.7485305Z ERROR tests/test_tutorial/test_path_params/test_tutorial005.py - DeprecationWarning: The anyio.abc.BlockingPortal alias is deprecated, use anyio.from_thread.BlockingPortal instead.
test-redistribute	UNKNOWN STEP	2026-09-21T07:04:50.7486014Z ERROR tests/test_tutorial/test_path_params_numeric_validations/test_tutorial001.py - DeprecationWarning: The anyio.abc.BlockingPortal alias is deprecated, use anyio.from_thread.BlockingPortal instead.
test-redistribute	UNKNOWN STEP	2026-09-21T07:04:50.7486730Z ERROR tests/test_tutorial/test_path_params_numeric_validations/test_tutorial001.py - DeprecationWarning: The anyio.abc.BlockingPortal alias is deprecated, use anyio.from_thread.BlockingPortal instead.
test-redistribute	UNKNOWN STEP	2026-09-21T07:04:50.7487387Z ERROR tests/test_tutorial/test_path_params_numeric_validations/test_tutorial002_tutorial003.py - DeprecationWarning: The anyio.abc.BlockingPortal alias is deprecated, use anyio.from_thread.BlockingPortal instead.
test-redistribute	UNKNOWN STEP	2026-09-21T07:04:50.7488030Z ERROR tests/test_tutorial/test_path_params_numeric_validations/test_tutorial002_tutorial003.py - DeprecationWarning: The anyio.abc.BlockingPortal alias is deprecated, use anyio.from_thread.BlockingPortal instead.
test-redistribute	UNKNOWN STEP	2026-09-21T07:04:50.7488624Z ERROR tests/test_tutorial/test_path_params_numeric_validations/test_tutorial004.py - DeprecationWarning: The anyio.abc.BlockingPortal alias is deprecated, use anyio.from_thread.BlockingPortal instead.
test-redistribute	UNKNOWN STEP	2026-09-21T07:04:50.7489217Z ERROR tests/test_tutorial/test_path_params_numeric_validations/test_tutorial004.py - DeprecationWarning: The anyio.abc.BlockingPortal alias is deprecated, use anyio.from_thread.BlockingPortal instead.
test-redistribute	UNKNOWN STEP	2026-09-21T07:04:50.7489816Z ERROR tests/test_tutorial/test_path_params_numeric_validations/test_tutorial005.py - DeprecationWarning: The anyio.abc.BlockingPortal alias is deprecated, use anyio.from_thread.BlockingPortal instead.
test-redistribute	UNKNOWN STEP	2026-09-21T07:04:50.7490407Z ERROR tests/test_tutorial/test_path_params_numeric_validations/test_tutorial005.py - DeprecationWarning: The anyio.abc.BlockingPortal alias is deprecated, use anyio.from_thread.BlockingPortal instead.
test-redistribute	UNKNOWN STEP	2026-09-21T07:04:50.7490997Z ERROR tests/test_tutorial/test_path_params_numeric_validations/test_tutorial006.py - DeprecationWarning: The anyio.abc.BlockingPortal alias is deprecated, use anyio.from_thread.BlockingPortal instead.
test-redistribute	UNKNOWN STEP	2026-09-21T07:04:50.7491590Z ERROR tests/test_tutorial/test_path_params_numeric_validations/test_tutorial006.py - DeprecationWarning: The anyio.abc.BlockingPortal alias is deprecated, use anyio.from_thread.BlockingPortal instead.
test-redistribute	UNKNOWN STEP	2026-09-21T07:04:50.7492193Z ERROR tests/test_tutorial/test_query_param_models/test_tutorial001.py - DeprecationWarning: The anyio.abc.BlockingPortal alias is deprecated, use anyio.from_thread.BlockingPortal instead.
test-redistribute	UNKNOWN STEP	2026-09-21T07:04:50.7492886Z ERROR tests/test_tutorial/test_query_param_models/test_tutorial001.py - DeprecationWarning: The anyio.abc.BlockingPortal alias is deprecated, use anyio.from_thread.BlockingPortal instead.
test-redistribute	UNKNOWN STEP	2026-09-21T07:04:50.7493441Z ERROR tests/test_tutorial/test_query_param_models/test_tutorial002.py - DeprecationWarning: The anyio.abc.BlockingPortal alias is deprecated, use anyio.from_thread.BlockingPortal instead.
test-redistribute	UNKNOWN STEP	2026-09-21T07:04:50.7493984Z ERROR tests/test_tutorial/test_query_param_models/test_tutorial002.py - DeprecationWarning: The anyio.abc.BlockingPortal alias is deprecated, use anyio.from_thread.BlockingPortal instead.
test-redistribute	UNKNOWN STEP	2026-09-21T07:04:50.7494518Z ERROR tests/test_tutorial/test_query_params/test_tutorial001.py - DeprecationWarning: The anyio.abc.BlockingPortal alias is deprecated, use anyio.from_thread.BlockingPortal instead.
test-redistribute	UNKNOWN STEP	2026-09-21T07:04:50.7495049Z ERROR tests/test_tutorial/test_query_params/test_tutorial001.py - DeprecationWarning: The anyio.abc.BlockingPortal alias is deprecated, use anyio.from_thread.BlockingPortal instead.
test-redistribute	UNKNOWN STEP	2026-09-21T07:04:50.7495678Z ERROR tests/test_tutorial/test_query_params/test_tutorial002.py - DeprecationWarning: The anyio.abc.BlockingPortal alias is deprecated, use anyio.from_thread.BlockingPortal instead.
test-redistribute	UNKNOWN STEP	2026-09-21T07:04:50.7496206Z ERROR tests/test_tutorial/test_query_params/test_tutorial002.py - DeprecationWarning: The anyio.abc.BlockingPortal alias is deprecated, use anyio.from_thread.BlockingPortal instead.
test-redistribute	UNKNOWN STEP	2026-09-21T07:04:50.7496730Z ERROR tests/test_tutorial/test_query_params/test_tutorial003.py - DeprecationWarning: The anyio.abc.BlockingPortal alias is deprecated, use anyio.from_thread.BlockingPortal instead.
test-redistribute	UNKNOWN STEP	2026-09-21T07:04:50.7497259Z ERROR tests/test_tutorial/test_query_params/test_tutorial003.py - DeprecationWarning: The anyio.abc.BlockingPortal alias is deprecated, use anyio.from_thread.BlockingPortal instead.
test-redistribute	UNKNOWN STEP	2026-09-21T07:04:50.7497917Z ERROR tests/test_tutorial/test_query_params/test_tutorial004.py - DeprecationWarning: The anyio.abc.BlockingPortal alias is deprecated, use anyio.from_thread.BlockingPortal instead.
test-redistribute	UNKNOWN STEP	2026-09-21T07:04:50.7498462Z ERROR tests/test_tutorial/test_query_params/test_tutorial004.py - DeprecationWarning: The anyio.abc.BlockingPortal alias is deprecated, use anyio.from_thread.BlockingPortal instead.
test-redistribute	UNKNOWN STEP	2026-09-21T07:04:50.7498995Z ERROR tests/test_tutorial/test_query_params/test_tutorial005.py - DeprecationWarning: The anyio.abc.BlockingPortal alias is deprecated, use anyio.from_thread.BlockingPortal instead.
test-redistribute	UNKNOWN STEP	2026-09-21T07:04:50.7499523Z ERROR tests/test_tutorial/test_query_params/test_tutorial005.py - DeprecationWarning: The anyio.abc.BlockingPortal alias is deprecated, use anyio.from_thread.BlockingPortal instead.
test-redistribute	UNKNOWN STEP	2026-09-21T07:04:50.7500089Z ERROR tests/test_tutorial/test_query_params/test_tutorial006.py - DeprecationWarning: The anyio.abc.BlockingPortal alias is deprecated, use anyio.from_thread.BlockingPortal instead.
test-redistribute	UNKNOWN STEP	2026-09-21T07:04:50.7500623Z ERROR tests/test_tutorial/test_query_params/test_tutorial006.py - DeprecationWarning: The anyio.abc.BlockingPortal alias is deprecated, use anyio.from_thread.BlockingPortal instead.
test-redistribute	UNKNOWN STEP	2026-09-21T07:04:50.7501214Z ERROR tests/test_tutorial/test_query_params_str_validations/test_tutorial001.py - DeprecationWarning: The anyio.abc.BlockingPortal alias is deprecated, use anyio.from_thread.BlockingPortal instead.
test-redistribute	UNKNOWN STEP	2026-09-21T07:04:50.7501805Z ERROR tests/test_tutorial/test_query_params_str_validations/test_tutorial001.py - DeprecationWarning: The anyio.abc.BlockingPortal alias is deprecated, use anyio.from_thread.BlockingPortal instead.
test-redistribute	UNKNOWN STEP	2026-09-21T07:04:50.7502394Z ERROR tests/test_tutorial/test_query_params_str_validations/test_tutorial002.py - DeprecationWarning: The anyio.abc.BlockingPortal alias is deprecated, use anyio.from_thread.BlockingPortal instead.
test-redistribute	UNKNOWN STEP	2026-09-21T07:04:50.7502974Z ERROR tests/test_tutorial/test_query_params_str_validations/test_tutorial002.py - DeprecationWarning: The anyio.abc.BlockingPortal alias is deprecated, use anyio.from_thread.BlockingPortal instead.
test-redistribute	UNKNOWN STEP	2026-09-21T07:04:50.7503684Z ERROR tests/test_tutorial/test_query_params_str_validations/test_tutorial003.py - DeprecationWarning: The anyio.abc.BlockingPortal alias is deprecated, use anyio.from_thread.BlockingPortal instead.
test-redistribute	UNKNOWN STEP	2026-09-21T07:04:50.7504265Z ERROR tests/test_tutorial/test_query_params_str_validations/test_tutorial003.py - DeprecationWarning: The anyio.abc.BlockingPortal alias is deprecated, use anyio.from_thread.BlockingPortal instead.
test-redistribute	UNKNOWN STEP	2026-09-21T07:04:50.7504841Z ERROR tests/test_tutorial/test_query_params_str_validations/test_tutorial004.py - DeprecationWarning: The anyio.abc.BlockingPortal alias is deprecated, use anyio.from_thread.BlockingPortal instead.
test-redistribute	UNKNOWN STEP	2026-09-21T07:04:50.7505422Z ERROR tests/test_tutorial/test_query_params_str_validations/test_tutorial004.py - DeprecationWarning: The anyio.abc.BlockingPortal alias is deprecated, use anyio.from_thread.BlockingPortal instead.
test-redistribute	UNKNOWN STEP	2026-09-21T07:04:50.7506120Z ERROR tests/test_tutorial/test_query_params_str_validations/test_tutorial005.py - DeprecationWarning: The anyio.abc.BlockingPortal alias is deprecated, use anyio.from_thread.BlockingPortal instead.
test-redistribute	UNKNOWN STEP	2026-09-21T07:04:50.7506703Z ERROR tests/test_tutorial/test_query_params_str_validations/test_tutorial005.py - DeprecationWarning: The anyio.abc.BlockingPortal alias is deprecated, use anyio.from_thread.BlockingPortal instead.
test-redistribute	UNKNOWN STEP	2026-09-21T07:04:50.7507280Z ERROR tests/test_tutorial/test_query_params_str_validations/test_tutorial006.py - DeprecationWarning: The anyio.abc.BlockingPortal alias is deprecated, use anyio.from_thread.BlockingPortal instead.
test-redistribute	UNKNOWN STEP	2026-09-21T07:04:50.7507860Z ERROR tests/test_tutorial/test_query_params_str_validations/test_tutorial006.py - DeprecationWarning: The anyio.abc.BlockingPortal alias is deprecated, use anyio.from_thread.BlockingPortal instead.
test-redistribute	UNKNOWN STEP	2026-09-21T07:04:50.7508560Z ERROR tests/test_tutorial/test_query_params_str_validations/test_tutorial006c.py - DeprecationWarning: The anyio.abc.BlockingPortal alias is deprecated, use anyio.from_thread.BlockingPortal instead.
test-redistribute	UNKNOWN STEP	2026-09-21T07:04:50.7509159Z ERROR tests/test_tutorial/test_query_params_str_validations/test_tutorial006c.py - DeprecationWarning: The anyio.abc.BlockingPortal alias is deprecated, use anyio.from_thread.BlockingPortal instead.
test-redistribute	UNKNOWN STEP	2026-09-21T07:04:50.7509744Z ERROR tests/test_tutorial/test_query_params_str_validations/test_tutorial007.py - DeprecationWarning: The anyio.abc.BlockingPortal alias is deprecated, use anyio.from_thread.BlockingPortal instead.
test-redistribute	UNKNOWN STEP	2026-09-21T07:04:50.7510322Z ERROR tests/test_tutorial/test_query_params_str_validations/test_tutorial007.py - DeprecationWarning: The anyio.abc.BlockingPortal alias is deprecated, use anyio.from_thread.BlockingPortal instead.
test-redistribute	UNKNOWN STEP	2026-09-21T07:04:50.7510902Z ERROR tests/test_tutorial/test_query_params_str_validations/test_tutorial008.py - DeprecationWarning: The anyio.abc.BlockingPortal alias is deprecated, use anyio.from_thread.BlockingPortal instead.
test-redistribute	UNKNOWN STEP	2026-09-21T07:04:50.7511485Z ERROR tests/test_tutorial/test_query_params_str_validations/test_tutorial008.py - DeprecationWarning: The anyio.abc.BlockingPortal alias is deprecated, use anyio.from_thread.BlockingPortal instead.
test-redistribute	UNKNOWN STEP	2026-09-21T07:04:50.7512086Z ERROR tests/test_tutorial/test_query_params_str_validations/test_tutorial009.py - DeprecationWarning: The anyio.abc.BlockingPortal alias is deprecated, use anyio.from_thread.BlockingPortal instead.
test-redistribute	UNKNOWN STEP	2026-09-21T07:04:50.7512669Z ERROR tests/test_tutorial/test_query_params_str_validations/test_tutorial009.py - DeprecationWarning: The anyio.abc.BlockingPortal alias is deprecated, use anyio.from_thread.BlockingPortal instead.
test-redistribute	UNKNOWN STEP	2026-09-21T07:04:50.7513244Z ERROR tests/test_tutorial/test_query_params_str_validations/test_tutorial010.py - DeprecationWarning: The anyio.abc.BlockingPortal alias is deprecated, use anyio.from_thread.BlockingPortal instead.
test-redistribute	UNKNOWN STEP	2026-09-21T07:04:50.7513826Z ERROR tests/test_tutorial/test_query_params_str_validations/test_tutorial010.py - DeprecationWarning: The anyio.abc.BlockingPortal alias is deprecated, use anyio.from_thread.BlockingPortal instead.
test-redistribute	UNKNOWN STEP	2026-09-21T07:04:50.7514526Z ERROR tests/test_tutorial/test_query_params_str_validations/test_tutorial011.py - DeprecationWarning: The anyio.abc.BlockingPortal alias is deprecated, use anyio.from_thread.BlockingPortal instead.
test-redistribute	UNKNOWN STEP	2026-09-21T07:04:50.7515102Z ERROR tests/test_tutorial/test_query_params_str_validations/test_tutorial011.py - DeprecationWarning: The anyio.abc.BlockingPortal alias is deprecated, use anyio.from_thread.BlockingPortal instead.
test-redistribute	UNKNOWN STEP	2026-09-21T07:04:50.7515780Z ERROR tests/test_tutorial/test_query_params_str_validations/test_tutorial012.py - DeprecationWarning: The anyio.abc.BlockingPortal alias is deprecated, use anyio.from_thread.BlockingPortal instead.
test-redistribute	UNKNOWN STEP	2026-09-21T07:04:50.7516371Z ERROR tests/test_tutorial/test_query_params_str_validations/test_tutorial012.py - DeprecationWarning: The anyio.abc.BlockingPortal alias is deprecated, use anyio.from_thread.BlockingPortal instead.
test-redistribute	UNKNOWN STEP	2026-09-21T07:04:50.7516993Z ERROR tests/test_tutorial/test_query_params_str_validations/test_tutorial013.py - DeprecationWarning: The anyio.abc.BlockingPortal alias is deprecated, use anyio.from_thread.BlockingPortal instead.
test-redistribute	UNKNOWN STEP	2026-09-21T07:04:50.7517576Z ERROR tests/test_tutorial/test_query_params_str_validations/test_tutorial013.py - DeprecationWarning: The anyio.abc.BlockingPortal alias is deprecated, use anyio.from_thread.BlockingPortal instead.
test-redistribute	UNKNOWN STEP	2026-09-21T07:04:50.7518157Z ERROR tests/test_tutorial/test_query_params_str_validations/test_tutorial014.py - DeprecationWarning: The anyio.abc.BlockingPortal alias is deprecated, use anyio.from_thread.BlockingPortal instead.
test-redistribute	UNKNOWN STEP	2026-09-21T07:04:50.7518734Z ERROR tests/test_tutorial/test_query_params_str_validations/test_tutorial014.py - DeprecationWarning: The anyio.abc.BlockingPortal alias is deprecated, use anyio.from_thread.BlockingPortal instead.
test-redistribute	UNKNOWN STEP	2026-09-21T07:04:50.7519433Z ERROR tests/test_tutorial/test_query_params_str_validations/test_tutorial015.py - DeprecationWarning: The anyio.abc.BlockingPortal alias is deprecated, use anyio.from_thread.BlockingPortal instead.
test-redistribute	UNKNOWN STEP	2026-09-21T07:04:50.7520026Z ERROR tests/test_tutorial/test_query_params_str_validations/test_tutorial015.py - DeprecationWarning: The anyio.abc.BlockingPortal alias is deprecated, use anyio.from_thread.BlockingPortal instead.
test-redistribute	UNKNOWN STEP	2026-09-21T07:04:50.7520570Z ERROR tests/test_tutorial/test_request_files/test_tutorial001.py - DeprecationWarning: The anyio.abc.BlockingPortal alias is deprecated, use anyio.from_thread.BlockingPortal instead.
test-redistribute	UNKNOWN STEP	2026-09-21T07:04:50.7521105Z ERROR tests/test_tutorial/test_request_files/test_tutorial001.py - DeprecationWarning: The anyio.abc.BlockingPortal alias is deprecated, use anyio.from_thread.BlockingPortal instead.
test-redistribute	UNKNOWN STEP	2026-09-21T07:04:50.7521652Z ERROR tests/test_tutorial/test_request_files/test_tutorial001_02.py - DeprecationWarning: The anyio.abc.BlockingPortal alias is deprecated, use anyio.from_thread.BlockingPortal instead.
test-redistribute	UNKNOWN STEP	2026-09-21T07:04:50.7522192Z ERROR tests/test_tutorial/test_request_files/test_tutorial001_02.py - DeprecationWarning: The anyio.abc.BlockingPortal alias is deprecated, use anyio.from_thread.BlockingPortal instead.
test-redistribute	UNKNOWN STEP	2026-09-21T07:04:50.7522767Z ERROR tests/test_tutorial/test_request_files/test_tutorial001_03.py - DeprecationWarning: The anyio.abc.BlockingPortal alias is deprecated, use anyio.from_thread.BlockingPortal instead.
test-redistribute	UNKNOWN STEP	2026-09-21T07:04:50.7523308Z ERROR tests/test_tutorial/test_request_files/test_tutorial001_03.py - DeprecationWarning: The anyio.abc.BlockingPortal alias is deprecated, use anyio.from_thread.BlockingPortal instead.
test-redistribute	UNKNOWN STEP	2026-09-21T07:04:50.7523844Z ERROR tests/test_tutorial/test_request_files/test_tutorial002.py - DeprecationWarning: The anyio.abc.BlockingPortal alias is deprecated, use anyio.from_thread.BlockingPortal instead.
test-redistribute	UNKNOWN STEP	2026-09-21T07:04:50.7524378Z ERROR tests/test_tutorial/test_request_files/test_tutorial002.py - DeprecationWarning: The anyio.abc.BlockingPortal alias is deprecated, use anyio.from_thread.BlockingPortal instead.
test-redistribute	UNKNOWN STEP	2026-09-21T07:04:50.7525069Z ERROR tests/test_tutorial/test_request_files/test_tutorial003.py - DeprecationWarning: The anyio.abc.BlockingPortal alias is deprecated, use anyio.from_thread.BlockingPortal instead.
test-redistribute	UNKNOWN STEP	2026-09-21T07:04:50.7525706Z ERROR tests/test_tutorial/test_request_files/test_tutorial003.py - DeprecationWarning: The anyio.abc.BlockingPortal alias is deprecated, use anyio.from_thread.BlockingPortal instead.
test-redistribute	UNKNOWN STEP	2026-09-21T07:04:50.7526287Z ERROR tests/test_tutorial/test_request_form_models/test_tutorial001.py - DeprecationWarning: The anyio.abc.BlockingPortal alias is deprecated, use anyio.from_thread.BlockingPortal instead.
test-redistribute	UNKNOWN STEP	2026-09-21T07:04:50.7526843Z ERROR tests/test_tutorial/test_request_form_models/test_tutorial001.py - DeprecationWarning: The anyio.abc.BlockingPortal alias is deprecated, use anyio.from_thread.BlockingPortal instead.
test-redistribute	UNKNOWN STEP	2026-09-21T07:04:50.7527401Z ERROR tests/test_tutorial/test_request_form_models/test_tutorial002.py - DeprecationWarning: The anyio.abc.BlockingPortal alias is deprecated, use anyio.from_thread.BlockingPortal instead.
test-redistribute	UNKNOWN STEP	2026-09-21T07:04:50.7527952Z ERROR tests/test_tutorial/test_request_form_models/test_tutorial002.py - DeprecationWarning: The anyio.abc.BlockingPortal alias is deprecated, use anyio.from_thread.BlockingPortal instead.
test-redistribute	UNKNOWN STEP	2026-09-21T07:04:50.7528492Z ERROR tests/test_tutorial/test_request_forms/test_tutorial001.py - DeprecationWarning: The anyio.abc.BlockingPortal alias is deprecated, use anyio.from_thread.BlockingPortal instead.
test-redistribute	UNKNOWN STEP	2026-09-21T07:04:50.7529027Z ERROR tests/test_tutorial/test_request_forms/test_tutorial001.py - DeprecationWarning: The anyio.abc.BlockingPortal alias is deprecated, use anyio.from_thread.BlockingPortal instead.
test-redistribute	UNKNOWN STEP	2026-09-21T07:04:50.7529600Z ERROR tests/test_tutorial/test_request_forms_and_files/test_tutorial001.py - DeprecationWarning: The anyio.abc.BlockingPortal alias is deprecated, use anyio.from_thread.BlockingPortal instead.
test-redistribute	UNKNOWN STEP	2026-09-21T07:04:50.7530293Z ERROR tests/test_tutorial/test_request_forms_and_files/test_tutorial001.py - DeprecationWarning: The anyio.abc.BlockingPortal alias is deprecated, use anyio.from_thread.BlockingPortal instead.
test-redistribute	UNKNOWN STEP	2026-09-21T07:04:50.7530898Z ERROR tests/test_tutorial/test_response_change_status_code/test_tutorial001.py - DeprecationWarning: The anyio.abc.BlockingPortal alias is deprecated, use anyio.from_thread.BlockingPortal instead.
test-redistribute	UNKNOWN STEP	2026-09-21T07:04:50.7531477Z ERROR tests/test_tutorial/test_response_change_status_code/test_tutorial001.py - DeprecationWarning: The anyio.abc.BlockingPortal alias is deprecated, use anyio.from_thread.BlockingPortal instead.
test-redistribute	UNKNOWN STEP	2026-09-21T07:04:50.7532032Z ERROR tests/test_tutorial/test_response_cookies/test_tutorial001.py - DeprecationWarning: The anyio.abc.BlockingPortal alias is deprecated, use anyio.from_thread.BlockingPortal instead.
test-redistribute	UNKNOWN STEP	2026-09-21T07:04:50.7532579Z ERROR tests/test_tutorial/test_response_cookies/test_tutorial001.py - DeprecationWarning: The anyio.abc.BlockingPortal alias is deprecated, use anyio.from_thread.BlockingPortal instead.
test-redistribute	UNKNOWN STEP	2026-09-21T07:04:50.7533125Z ERROR tests/test_tutorial/test_response_cookies/test_tutorial002.py - DeprecationWarning: The anyio.abc.BlockingPortal alias is deprecated, use anyio.from_thread.BlockingPortal instead.
test-redistribute	UNKNOWN STEP	2026-09-21T07:04:50.7533673Z ERROR tests/test_tutorial/test_response_cookies/test_tutorial002.py - DeprecationWarning: The anyio.abc.BlockingPortal alias is deprecated, use anyio.from_thread.BlockingPortal instead.
test-redistribute	UNKNOWN STEP	2026-09-21T07:04:50.7534228Z ERROR tests/test_tutorial/test_response_directly/test_tutorial001.py - DeprecationWarning: The anyio.abc.BlockingPortal alias is deprecated, use anyio.from_thread.BlockingPortal instead.
test-redistribute	UNKNOWN STEP	2026-09-21T07:04:50.7534775Z ERROR tests/test_tutorial/test_response_directly/test_tutorial001.py - DeprecationWarning: The anyio.abc.BlockingPortal alias is deprecated, use anyio.from_thread.BlockingPortal instead.
test-redistribute	UNKNOWN STEP	2026-09-21T07:04:50.7535328Z ERROR tests/test_tutorial/test_response_directly/test_tutorial002.py - DeprecationWarning: The anyio.abc.BlockingPortal alias is deprecated, use anyio.from_thread.BlockingPortal instead.
test-redistribute	UNKNOWN STEP	2026-09-21T07:04:50.7536088Z ERROR tests/test_tutorial/test_response_directly/test_tutorial002.py - DeprecationWarning: The anyio.abc.BlockingPortal alias is deprecated, use anyio.from_thread.BlockingPortal instead.
test-redistribute	UNKNOWN STEP	2026-09-21T07:04:50.7536638Z ERROR tests/test_tutorial/test_response_headers/test_tutorial001.py - DeprecationWarning: The anyio.abc.BlockingPortal alias is deprecated, use anyio.from_thread.BlockingPortal instead.
test-redistribute	UNKNOWN STEP	2026-09-21T07:04:50.7537185Z ERROR tests/test_tutorial/test_response_headers/test_tutorial001.py - DeprecationWarning: The anyio.abc.BlockingPortal alias is deprecated, use anyio.from_thread.BlockingPortal instead.
test-redistribute	UNKNOWN STEP	2026-09-21T07:04:50.7537727Z ERROR tests/test_tutorial/test_response_headers/test_tutorial002.py - DeprecationWarning: The anyio.abc.BlockingPortal alias is deprecated, use anyio.from_thread.BlockingPortal instead.
test-redistribute	UNKNOWN STEP	2026-09-21T07:04:50.7538281Z ERROR tests/test_tutorial/test_response_headers/test_tutorial002.py - DeprecationWarning: The anyio.abc.BlockingPortal alias is deprecated, use anyio.from_thread.BlockingPortal instead.
test-redistribute	UNKNOWN STEP	2026-09-21T07:04:50.7538878Z ERROR tests/test_tutorial/test_response_model/test_tutorial001_tutorial001_01.py - DeprecationWarning: The anyio.abc.BlockingPortal alias is deprecated, use anyio.from_thread.BlockingPortal instead.
test-redistribute	UNKNOWN STEP	2026-09-21T07:04:50.7539460Z ERROR tests/test_tutorial/test_response_model/test_tutorial001_tutorial001_01.py - DeprecationWarning: The anyio.abc.BlockingPortal alias is deprecated, use anyio.from_thread.BlockingPortal instead.
test-redistribute	UNKNOWN STEP	2026-09-21T07:04:50.7540005Z ERROR tests/test_tutorial/test_response_model/test_tutorial002.py - DeprecationWarning: The anyio.abc.BlockingPortal alias is deprecated, use anyio.from_thread.BlockingPortal instead.
test-redistribute	UNKNOWN STEP	2026-09-21T07:04:50.7540547Z ERROR tests/test_tutorial/test_response_model/test_tutorial002.py - DeprecationWarning: The anyio.abc.BlockingPortal alias is deprecated, use anyio.from_thread.BlockingPortal instead.
test-redistribute	UNKNOWN STEP	2026-09-21T07:04:50.7541233Z ERROR tests/test_tutorial/test_response_model/test_tutorial003.py - DeprecationWarning: The anyio.abc.BlockingPortal alias is deprecated, use anyio.from_thread.BlockingPortal instead.
test-redistribute	UNKNOWN STEP	2026-09-21T07:04:50.7541781Z ERROR tests/test_tutorial/test_response_model/test_tutorial003.py - DeprecationWarning: The anyio.abc.BlockingPortal alias is deprecated, use anyio.from_thread.BlockingPortal instead.
test-redistribute	UNKNOWN STEP	2026-09-21T07:04:50.7542323Z ERROR tests/test_tutorial/test_response_model/test_tutorial003_01.py - DeprecationWarning: The anyio.abc.BlockingPortal alias is deprecated, use anyio.from_thread.BlockingPortal instead.
test-redistribute	UNKNOWN STEP	2026-09-21T07:04:50.7542873Z ERROR tests/test_tutorial/test_response_model/test_tutorial003_01.py - DeprecationWarning: The anyio.abc.BlockingPortal alias is deprecated, use anyio.from_thread.BlockingPortal instead.
test-redistribute	UNKNOWN STEP	2026-09-21T07:04:50.7543415Z ERROR tests/test_tutorial/test_response_model/test_tutorial003_02.py - DeprecationWarning: The anyio.abc.BlockingPortal alias is deprecated, use anyio.from_thread.BlockingPortal instead.
test-redistribute	UNKNOWN STEP	2026-09-21T07:04:50.7543957Z ERROR tests/test_tutorial/test_response_model/test_tutorial003_02.py - DeprecationWarning: The anyio.abc.BlockingPortal alias is deprecated, use anyio.from_thread.BlockingPortal instead.
test-redistribute	UNKNOWN STEP	2026-09-21T07:04:50.7544500Z ERROR tests/test_tutorial/test_response_model/test_tutorial003_03.py - DeprecationWarning: The anyio.abc.BlockingPortal alias is deprecated, use anyio.from_thread.BlockingPortal instead.
test-redistribute	UNKNOWN STEP	2026-09-21T07:04:50.7545042Z ERROR tests/test_tutorial/test_response_model/test_tutorial003_03.py - DeprecationWarning: The anyio.abc.BlockingPortal alias is deprecated, use anyio.from_thread.BlockingPortal instead.
test-redistribute	UNKNOWN STEP	2026-09-21T07:04:50.7545680Z ERROR tests/test_tutorial/test_response_model/test_tutorial003_05.py - DeprecationWarning: The anyio.abc.BlockingPortal alias is deprecated, use anyio.from_thread.BlockingPortal instead.
test-redistribute	UNKNOWN STEP	2026-09-21T07:04:50.7546236Z ERROR tests/test_tutorial/test_response_model/test_tutorial003_05.py - DeprecationWarning: The anyio.abc.BlockingPortal alias is deprecated, use anyio.from_thread.BlockingPortal instead.
test-redistribute	UNKNOWN STEP	2026-09-21T07:04:50.7546906Z ERROR tests/test_tutorial/test_response_model/test_tutorial004.py - DeprecationWarning: The anyio.abc.BlockingPortal alias is deprecated, use anyio.from_thread.BlockingPortal instead.
test-redistribute	UNKNOWN STEP	2026-09-21T07:04:50.7547445Z ERROR tests/test_tutorial/test_response_model/test_tutorial004.py - DeprecationWarning: The anyio.abc.BlockingPortal alias is deprecated, use anyio.from_thread.BlockingPortal instead.
test-redistribute	UNKNOWN STEP	2026-09-21T07:04:50.7547984Z ERROR tests/test_tutorial/test_response_model/test_tutorial005.py - DeprecationWarning: The anyio.abc.BlockingPortal alias is deprecated, use anyio.from_thread.BlockingPortal instead.
test-redistribute	UNKNOWN STEP	2026-09-21T07:04:50.7548520Z ERROR tests/test_tutorial/test_response_model/test_tutorial005.py - DeprecationWarning: The anyio.abc.BlockingPortal alias is deprecated, use anyio.from_thread.BlockingPortal instead.
test-redistribute	UNKNOWN STEP	2026-09-21T07:04:50.7549056Z ERROR tests/test_tutorial/test_response_model/test_tutorial006.py - DeprecationWarning: The anyio.abc.BlockingPortal alias is deprecated, use anyio.from_thread.BlockingPortal instead.
test-redistribute	UNKNOWN STEP	2026-09-21T07:04:50.7549601Z ERROR tests/test_tutorial/test_response_model/test_tutorial006.py - DeprecationWarning: The anyio.abc.BlockingPortal alias is deprecated, use anyio.from_thread.BlockingPortal instead.
test-redistribute	UNKNOWN STEP	2026-09-21T07:04:50.7550207Z ERROR tests/test_tutorial/test_response_status_code/test_tutorial001_tutorial002.py - DeprecationWarning: The anyio.abc.BlockingPortal alias is deprecated, use anyio.from_thread.BlockingPortal instead.
test-redistribute	UNKNOWN STEP	2026-09-21T07:04:50.7550805Z ERROR tests/test_tutorial/test_response_status_code/test_tutorial001_tutorial002.py - DeprecationWarning: The anyio.abc.BlockingPortal alias is deprecated, use anyio.from_thread.BlockingPortal instead.
test-redistribute	UNKNOWN STEP	2026-09-21T07:04:50.7551370Z ERROR tests/test_tutorial/test_schema_extra_example/test_tutorial001.py - DeprecationWarning: The anyio.abc.BlockingPortal alias is deprecated, use anyio.from_thread.BlockingPortal instead.
test-redistribute	UNKNOWN STEP	2026-09-21T07:04:50.7552051Z ERROR tests/test_tutorial/test_schema_extra_example/test_tutorial001.py - DeprecationWarning: The anyio.abc.BlockingPortal alias is deprecated, use anyio.from_thread.BlockingPortal instead.
test-redistribute	UNKNOWN STEP	2026-09-21T07:04:50.7552652Z ERROR tests/test_tutorial/test_schema_extra_example/test_tutorial002.py - DeprecationWarning: The anyio.abc.BlockingPortal alias is deprecated, use anyio.from_thread.BlockingPortal instead.
test-redistribute	UNKNOWN STEP	2026-09-21T07:04:50.7553220Z ERROR tests/test_tutorial/test_schema_extra_example/test_tutorial002.py - DeprecationWarning: The anyio.abc.BlockingPortal alias is deprecated, use anyio.from_thread.BlockingPortal instead.
test-redistribute	UNKNOWN STEP	2026-09-21T07:04:50.7553774Z ERROR tests/test_tutorial/test_schema_extra_example/test_tutorial003.py - DeprecationWarning: The anyio.abc.BlockingPortal alias is deprecated, use anyio.from_thread.BlockingPortal instead.
test-redistribute	UNKNOWN STEP	2026-09-21T07:04:50.7554337Z ERROR tests/test_tutorial/test_schema_extra_example/test_tutorial003.py - DeprecationWarning: The anyio.abc.BlockingPortal alias is deprecated, use anyio.from_thread.BlockingPortal instead.
test-redistribute	UNKNOWN STEP	2026-09-21T07:04:50.7554899Z ERROR tests/test_tutorial/test_schema_extra_example/test_tutorial004.py - DeprecationWarning: The anyio.abc.BlockingPortal alias is deprecated, use anyio.from_thread.BlockingPortal instead.
test-redistribute	UNKNOWN STEP	2026-09-21T07:04:50.7555450Z ERROR tests/test_tutorial/test_schema_extra_example/test_tutorial004.py - DeprecationWarning: The anyio.abc.BlockingPortal alias is deprecated, use anyio.from_thread.BlockingPortal instead.
test-redistribute	UNKNOWN STEP	2026-09-21T07:04:50.7556117Z ERROR tests/test_tutorial/test_schema_extra_example/test_tutorial005.py - DeprecationWarning: The anyio.abc.BlockingPortal alias is deprecated, use anyio.from_thread.BlockingPortal instead.
test-redistribute	UNKNOWN STEP	2026-09-21T07:04:50.7556684Z ERROR tests/test_tutorial/test_schema_extra_example/test_tutorial005.py - DeprecationWarning: The anyio.abc.BlockingPortal alias is deprecated, use anyio.from_thread.BlockingPortal instead.
test-redistribute	UNKNOWN STEP	2026-09-21T07:04:50.7557217Z ERROR tests/test_tutorial/test_security/test_tutorial001.py - DeprecationWarning: The anyio.abc.BlockingPortal alias is deprecated, use anyio.from_thread.BlockingPortal instead.
test-redistribute	UNKNOWN STEP	2026-09-21T07:04:50.7557878Z ERROR tests/test_tutorial/test_security/test_tutorial001.py - DeprecationWarning: The anyio.abc.BlockingPortal alias is deprecated, use anyio.from_thread.BlockingPortal instead.
test-redistribute	UNKNOWN STEP	2026-09-21T07:04:50.7558399Z ERROR tests/test_tutorial/test_security/test_tutorial002.py - DeprecationWarning: The anyio.abc.BlockingPortal alias is deprecated, use anyio.from_thread.BlockingPortal instead.
test-redistribute	UNKNOWN STEP	2026-09-21T07:04:50.7558920Z ERROR tests/test_tutorial/test_security/test_tutorial002.py - DeprecationWarning: The anyio.abc.BlockingPortal alias is deprecated, use anyio.from_thread.BlockingPortal instead.
test-redistribute	UNKNOWN STEP	2026-09-21T07:04:50.7559442Z ERROR tests/test_tutorial/test_security/test_tutorial003.py - DeprecationWarning: The anyio.abc.BlockingPortal alias is deprecated, use anyio.from_thread.BlockingPortal instead.
test-redistribute	UNKNOWN STEP	2026-09-21T07:04:50.7559970Z ERROR tests/test_tutorial/test_security/test_tutorial003.py - DeprecationWarning: The anyio.abc.BlockingPortal alias is deprecated, use anyio.from_thread.BlockingPortal instead.
test-redistribute	UNKNOWN STEP	2026-09-21T07:04:50.7560494Z ERROR tests/test_tutorial/test_security/test_tutorial004.py - DeprecationWarning: The anyio.abc.BlockingPortal alias is deprecated, use anyio.from_thread.BlockingPortal instead.
test-redistribute	UNKNOWN STEP	2026-09-21T07:04:50.7561016Z ERROR tests/test_tutorial/test_security/test_tutorial004.py - DeprecationWarning: The anyio.abc.BlockingPortal alias is deprecated, use anyio.from_thread.BlockingPortal instead.
test-redistribute	UNKNOWN STEP	2026-09-21T07:04:50.7561530Z ERROR tests/test_tutorial/test_security/test_tutorial005.py - DeprecationWarning: The anyio.abc.BlockingPortal alias is deprecated, use anyio.from_thread.BlockingPortal instead.
test-redistribute	UNKNOWN STEP	2026-09-21T07:04:50.7562055Z ERROR tests/test_tutorial/test_security/test_tutorial005.py - DeprecationWarning: The anyio.abc.BlockingPortal alias is deprecated, use anyio.from_thread.BlockingPortal instead.
test-redistribute	UNKNOWN STEP	2026-09-21T07:04:50.7562689Z ERROR tests/test_tutorial/test_security/test_tutorial006.py - DeprecationWarning: The anyio.abc.BlockingPortal alias is deprecated, use anyio.from_thread.BlockingPortal instead.
test-redistribute	UNKNOWN STEP	2026-09-21T07:04:50.7563213Z ERROR tests/test_tutorial/test_security/test_tutorial006.py - DeprecationWarning: The anyio.abc.BlockingPortal alias is deprecated, use anyio.from_thread.BlockingPortal instead.
test-redistribute	UNKNOWN STEP	2026-09-21T07:04:50.7563735Z ERROR tests/test_tutorial/test_security/test_tutorial007.py - DeprecationWarning: The anyio.abc.BlockingPortal alias is deprecated, use anyio.from_thread.BlockingPortal instead.
test-redistribute	UNKNOWN STEP	2026-09-21T07:04:50.7564253Z ERROR tests/test_tutorial/test_security/test_tutorial007.py - DeprecationWarning: The anyio.abc.BlockingPortal alias is deprecated, use anyio.from_thread.BlockingPortal instead.
test-redistribute	UNKNOWN STEP	2026-09-21T07:04:50.7564850Z ERROR tests/test_tutorial/test_separate_openapi_schemas/test_tutorial001.py - DeprecationWarning: The anyio.abc.BlockingPortal alias is deprecated, use anyio.from_thread.BlockingPortal instead.
test-redistribute	UNKNOWN STEP	2026-09-21T07:04:50.7565431Z ERROR tests/test_tutorial/test_separate_openapi_schemas/test_tutorial001.py - DeprecationWarning: The anyio.abc.BlockingPortal alias is deprecated, use anyio.from_thread.BlockingPortal instead.
test-redistribute	UNKNOWN STEP	2026-09-21T07:04:50.7566116Z ERROR tests/test_tutorial/test_separate_openapi_schemas/test_tutorial002.py - DeprecationWarning: The anyio.abc.BlockingPortal alias is deprecated, use anyio.from_thread.BlockingPortal instead.
test-redistribute	UNKNOWN STEP	2026-09-21T07:04:50.7566699Z ERROR tests/test_tutorial/test_separate_openapi_schemas/test_tutorial002.py - DeprecationWarning: The anyio.abc.BlockingPortal alias is deprecated, use anyio.from_thread.BlockingPortal instead.
test-redistribute	UNKNOWN STEP	2026-09-21T07:04:50.7567264Z ERROR tests/test_tutorial/test_server_sent_events/test_tutorial001.py - DeprecationWarning: The anyio.abc.BlockingPortal alias is deprecated, use anyio.from_thread.BlockingPortal instead.
test-redistribute	UNKNOWN STEP	2026-09-21T07:04:50.7567811Z ERROR tests/test_tutorial/test_server_sent_events/test_tutorial001.py - DeprecationWarning: The anyio.abc.BlockingPortal alias is deprecated, use anyio.from_thread.BlockingPortal instead.
test-redistribute	UNKNOWN STEP	2026-09-21T07:04:50.7568502Z ERROR tests/test_tutorial/test_server_sent_events/test_tutorial002.py - DeprecationWarning: The anyio.abc.BlockingPortal alias is deprecated, use anyio.from_thread.BlockingPortal instead.
test-redistribute	UNKNOWN STEP	2026-09-21T07:04:50.7569049Z ERROR tests/test_tutorial/test_server_sent_events/test_tutorial002.py - DeprecationWarning: The anyio.abc.BlockingPortal alias is deprecated, use anyio.from_thread.BlockingPortal instead.
test-redistribute	UNKNOWN STEP	2026-09-21T07:04:50.7569596Z ERROR tests/test_tutorial/test_server_sent_events/test_tutorial003.py - DeprecationWarning: The anyio.abc.BlockingPortal alias is deprecated, use anyio.from_thread.BlockingPortal instead.
test-redistribute	UNKNOWN STEP	2026-09-21T07:04:50.7570150Z ERROR tests/test_tutorial/test_server_sent_events/test_tutorial003.py - DeprecationWarning: The anyio.abc.BlockingPortal alias is deprecated, use anyio.from_thread.BlockingPortal instead.
test-redistribute	UNKNOWN STEP	2026-09-21T07:04:50.7570695Z ERROR tests/test_tutorial/test_server_sent_events/test_tutorial004.py - DeprecationWarning: The anyio.abc.BlockingPortal alias is deprecated, use anyio.from_thread.BlockingPortal instead.
test-redistribute	UNKNOWN STEP	2026-09-21T07:04:50.7571246Z ERROR tests/test_tutorial/test_server_sent_events/test_tutorial004.py - DeprecationWarning: The anyio.abc.BlockingPortal alias is deprecated, use anyio.from_thread.BlockingPortal instead.
test-redistribute	UNKNOWN STEP	2026-09-21T07:04:50.7571793Z ERROR tests/test_tutorial/test_server_sent_events/test_tutorial005.py - DeprecationWarning: The anyio.abc.BlockingPortal alias is deprecated, use anyio.from_thread.BlockingPortal instead.
test-redistribute	UNKNOWN STEP	2026-09-21T07:04:50.7572335Z ERROR tests/test_tutorial/test_server_sent_events/test_tutorial005.py - DeprecationWarning: The anyio.abc.BlockingPortal alias is deprecated, use anyio.from_thread.BlockingPortal instead.
test-redistribute	UNKNOWN STEP	2026-09-21T07:04:50.7572848Z ERROR tests/test_tutorial/test_settings/test_app01.py - DeprecationWarning: The anyio.abc.BlockingPortal alias is deprecated, use anyio.from_thread.BlockingPortal instead.
test-redistribute	UNKNOWN STEP	2026-09-21T07:04:50.7573459Z ERROR tests/test_tutorial/test_settings/test_app01.py - DeprecationWarning: The anyio.abc.BlockingPortal alias is deprecated, use anyio.from_thread.BlockingPortal instead.
test-redistribute	UNKNOWN STEP	2026-09-21T07:04:50.7573962Z ERROR tests/test_tutorial/test_settings/test_app03.py - DeprecationWarning: The anyio.abc.BlockingPortal alias is deprecated, use anyio.from_thread.BlockingPortal instead.
test-redistribute	UNKNOWN STEP	2026-09-21T07:04:50.7574462Z ERROR tests/test_tutorial/test_settings/test_app03.py - DeprecationWarning: The anyio.abc.BlockingPortal alias is deprecated, use anyio.from_thread.BlockingPortal instead.
test-redistribute	UNKNOWN STEP	2026-09-21T07:04:50.7574990Z ERROR tests/test_tutorial/test_settings/test_tutorial001.py - DeprecationWarning: The anyio.abc.BlockingPortal alias is deprecated, use anyio.from_thread.BlockingPortal instead.
test-redistribute	UNKNOWN STEP	2026-09-21T07:04:50.7575605Z ERROR tests/test_tutorial/test_settings/test_tutorial001.py - DeprecationWarning: The anyio.abc.BlockingPortal alias is deprecated, use anyio.from_thread.BlockingPortal instead.
test-redistribute	UNKNOWN STEP	2026-09-21T07:04:50.7576164Z ERROR tests/test_tutorial/test_sql_databases/test_tutorial001.py - DeprecationWarning: The anyio.abc.BlockingPortal alias is deprecated, use anyio.from_thread.BlockingPortal instead.
test-redistribute	UNKNOWN STEP	2026-09-21T07:04:50.7576700Z ERROR tests/test_tutorial/test_sql_databases/test_tutorial001.py - DeprecationWarning: The anyio.abc.BlockingPortal alias is deprecated, use anyio.from_thread.BlockingPortal instead.
test-redistribute	UNKNOWN STEP	2026-09-21T07:04:50.7577231Z ERROR tests/test_tutorial/test_sql_databases/test_tutorial002.py - DeprecationWarning: The anyio.abc.BlockingPortal alias is deprecated, use anyio.from_thread.BlockingPortal instead.
test-redistribute	UNKNOWN STEP	2026-09-21T07:04:50.7577761Z ERROR tests/test_tutorial/test_sql_databases/test_tutorial002.py - DeprecationWarning: The anyio.abc.BlockingPortal alias is deprecated, use anyio.from_thread.BlockingPortal instead.
test-redistribute	UNKNOWN STEP	2026-09-21T07:04:50.7578289Z ERROR tests/test_tutorial/test_static_files/test_tutorial001.py - DeprecationWarning: The anyio.abc.BlockingPortal alias is deprecated, use anyio.from_thread.BlockingPortal instead.
test-redistribute	UNKNOWN STEP	2026-09-21T07:04:50.7578821Z ERROR tests/test_tutorial/test_static_files/test_tutorial001.py - DeprecationWarning: The anyio.abc.BlockingPortal alias is deprecated, use anyio.from_thread.BlockingPortal instead.
test-redistribute	UNKNOWN STEP	2026-09-21T07:04:50.7579474Z ERROR tests/test_tutorial/test_stream_data/test_tutorial001.py - DeprecationWarning: The anyio.abc.BlockingPortal alias is deprecated, use anyio.from_thread.BlockingPortal instead.
test-redistribute	UNKNOWN STEP	2026-09-21T07:04:50.7579993Z ERROR tests/test_tutorial/test_stream_data/test_tutorial001.py - DeprecationWarning: The anyio.abc.BlockingPortal alias is deprecated, use anyio.from_thread.BlockingPortal instead.
test-redistribute	UNKNOWN STEP	2026-09-21T07:04:50.7580518Z ERROR tests/test_tutorial/test_stream_data/test_tutorial002.py - DeprecationWarning: The anyio.abc.BlockingPortal alias is deprecated, use anyio.from_thread.BlockingPortal instead.
test-redistribute	UNKNOWN STEP	2026-09-21T07:04:50.7581039Z ERROR tests/test_tutorial/test_stream_data/test_tutorial002.py - DeprecationWarning: The anyio.abc.BlockingPortal alias is deprecated, use anyio.from_thread.BlockingPortal instead.
test-redistribute	UNKNOWN STEP	2026-09-21T07:04:50.7581598Z ERROR tests/test_tutorial/test_stream_json_lines/test_tutorial001.py - DeprecationWarning: The anyio.abc.BlockingPortal alias is deprecated, use anyio.from_thread.BlockingPortal instead.
test-redistribute	UNKNOWN STEP	2026-09-21T07:04:50.7582148Z ERROR tests/test_tutorial/test_stream_json_lines/test_tutorial001.py - DeprecationWarning: The anyio.abc.BlockingPortal alias is deprecated, use anyio.from_thread.BlockingPortal instead.
test-redistribute	UNKNOWN STEP	2026-09-21T07:04:50.7582707Z ERROR tests/test_tutorial/test_strict_content_type/test_tutorial001.py - DeprecationWarning: The anyio.abc.BlockingPortal alias is deprecated, use anyio.from_thread.BlockingPortal instead.
test-redistribute	UNKNOWN STEP	2026-09-21T07:04:50.7583263Z ERROR tests/test_tutorial/test_strict_content_type/test_tutorial001.py - DeprecationWarning: The anyio.abc.BlockingPortal alias is deprecated, use anyio.from_thread.BlockingPortal instead.
test-redistribute	UNKNOWN STEP	2026-09-21T07:04:50.7583817Z ERROR tests/test_tutorial/test_sub_applications/test_tutorial001.py - DeprecationWarning: The anyio.abc.BlockingPortal alias is deprecated, use anyio.from_thread.BlockingPortal instead.
test-redistribute	UNKNOWN STEP	2026-09-21T07:04:50.7584494Z ERROR tests/test_tutorial/test_sub_applications/test_tutorial001.py - DeprecationWarning: The anyio.abc.BlockingPortal alias is deprecated, use anyio.from_thread.BlockingPortal instead.
test-redistribute	UNKNOWN STEP	2026-09-21T07:04:50.7585031Z ERROR tests/test_tutorial/test_templates/test_tutorial001.py - DeprecationWarning: The anyio.abc.BlockingPortal alias is deprecated, use anyio.from_thread.BlockingPortal instead.
test-redistribute	UNKNOWN STEP	2026-09-21T07:04:50.7585656Z ERROR tests/test_tutorial/test_templates/test_tutorial001.py - DeprecationWarning: The anyio.abc.BlockingPortal alias is deprecated, use anyio.from_thread.BlockingPortal instead.
test-redistribute	UNKNOWN STEP	2026-09-21T07:04:50.7586165Z ERROR tests/test_tutorial/test_testing/test_main_a.py - DeprecationWarning: The anyio.abc.BlockingPortal alias is deprecated, use anyio.from_thread.BlockingPortal instead.
test-redistribute	UNKNOWN STEP	2026-09-21T07:04:50.7586670Z ERROR tests/test_tutorial/test_testing/test_main_a.py - DeprecationWarning: The anyio.abc.BlockingPortal alias is deprecated, use anyio.from_thread.BlockingPortal instead.
test-redistribute	UNKNOWN STEP	2026-09-21T07:04:50.7587206Z ERROR tests/test_tutorial/test_testing/test_tutorial001.py - DeprecationWarning: The anyio.abc.BlockingPortal alias is deprecated, use anyio.from_thread.BlockingPortal instead.
test-redistribute	UNKNOWN STEP	2026-09-21T07:04:50.7587722Z ERROR tests/test_tutorial/test_testing/test_tutorial001.py - DeprecationWarning: The anyio.abc.BlockingPortal alias is deprecated, use anyio.from_thread.BlockingPortal instead.
test-redistribute	UNKNOWN STEP	2026-09-21T07:04:50.7588235Z ERROR tests/test_tutorial/test_testing/test_tutorial002.py - DeprecationWarning: The anyio.abc.BlockingPortal alias is deprecated, use anyio.from_thread.BlockingPortal instead.
test-redistribute	UNKNOWN STEP	2026-09-21T07:04:50.7588749Z ERROR tests/test_tutorial/test_testing/test_tutorial002.py - DeprecationWarning: The anyio.abc.BlockingPortal alias is deprecated, use anyio.from_thread.BlockingPortal instead.
test-redistribute	UNKNOWN STEP	2026-09-21T07:04:50.7589265Z ERROR tests/test_tutorial/test_testing/test_tutorial004.py - DeprecationWarning: The anyio.abc.BlockingPortal alias is deprecated, use anyio.from_thread.BlockingPortal instead.
test-redistribute	UNKNOWN STEP	2026-09-21T07:04:50.7589898Z ERROR tests/test_tutorial/test_testing/test_tutorial004.py - DeprecationWarning: The anyio.abc.BlockingPortal alias is deprecated, use anyio.from_thread.BlockingPortal instead.
test-redistribute	UNKNOWN STEP	2026-09-21T07:04:50.7590506Z ERROR tests/test_tutorial/test_using_request_directly/test_tutorial001.py - DeprecationWarning: The anyio.abc.BlockingPortal alias is deprecated, use anyio.from_thread.BlockingPortal instead.
test-redistribute	UNKNOWN STEP	2026-09-21T07:04:50.7591077Z ERROR tests/test_tutorial/test_using_request_directly/test_tutorial001.py - DeprecationWarning: The anyio.abc.BlockingPortal alias is deprecated, use anyio.from_thread.BlockingPortal instead.
test-redistribute	UNKNOWN STEP	2026-09-21T07:04:50.7591618Z ERROR tests/test_tutorial/test_websockets/test_tutorial001.py - DeprecationWarning: The anyio.abc.BlockingPortal alias is deprecated, use anyio.from_thread.BlockingPortal instead.
test-redistribute	UNKNOWN STEP	2026-09-21T07:04:50.7592150Z ERROR tests/test_tutorial/test_websockets/test_tutorial001.py - DeprecationWarning: The anyio.abc.BlockingPortal alias is deprecated, use anyio.from_thread.BlockingPortal instead.
test-redistribute	UNKNOWN STEP	2026-09-21T07:04:50.7592685Z ERROR tests/test_tutorial/test_websockets/test_tutorial002.py - DeprecationWarning: The anyio.abc.BlockingPortal alias is deprecated, use anyio.from_thread.BlockingPortal instead.
test-redistribute	UNKNOWN STEP	2026-09-21T07:04:50.7593214Z ERROR tests/test_tutorial/test_websockets/test_tutorial002.py - DeprecationWarning: The anyio.abc.BlockingPortal alias is deprecated, use anyio.from_thread.BlockingPortal instead.
test-redistribute	UNKNOWN STEP	2026-09-21T07:04:50.7593735Z ERROR tests/test_tutorial/test_websockets/test_tutorial003.py - DeprecationWarning: The anyio.abc.BlockingPortal alias is deprecated, use anyio.from_thread.BlockingPortal instead.
test-redistribute	UNKNOWN STEP	2026-09-21T07:04:50.7594262Z ERROR tests/test_tutorial/test_websockets/test_tutorial003.py - DeprecationWarning: The anyio.abc.BlockingPortal alias is deprecated, use anyio.from_thread.BlockingPortal instead.
test-redistribute	UNKNOWN STEP	2026-09-21T07:04:50.7594887Z ERROR tests/test_tutorial/test_wsgi/test_tutorial001.py - DeprecationWarning: The anyio.abc.BlockingPortal alias is deprecated, use anyio.from_thread.BlockingPortal instead.
test-redistribute	UNKNOWN STEP	2026-09-21T07:04:50.7595411Z ERROR tests/test_tutorial/test_wsgi/test_tutorial001.py - DeprecationWarning: The anyio.abc.BlockingPortal alias is deprecated, use anyio.from_thread.BlockingPortal instead.
test-redistribute	UNKNOWN STEP	2026-09-21T07:04:50.7595975Z ERROR tests/test_typing_python39.py - DeprecationWarning: The anyio.abc.BlockingPortal alias is deprecated, use anyio.from_thread.BlockingPortal instead.
test-redistribute	UNKNOWN STEP	2026-09-21T07:04:50.7596418Z ERROR tests/test_typing_python39.py - DeprecationWarning: The anyio.abc.BlockingPortal alias is deprecated, use anyio.from_thread.BlockingPortal instead.
test-redistribute	UNKNOWN STEP	2026-09-21T07:04:50.7596857Z ERROR tests/test_union_body.py - DeprecationWarning: The anyio.abc.BlockingPortal alias is deprecated, use anyio.from_thread.BlockingPortal instead.
test-redistribute	UNKNOWN STEP	2026-09-21T07:04:50.7597283Z ERROR tests/test_union_body.py - DeprecationWarning: The anyio.abc.BlockingPortal alias is deprecated, use anyio.from_thread.BlockingPortal instead.
test-redistribute	UNKNOWN STEP	2026-09-21T07:04:50.7597775Z ERROR tests/test_union_body_discriminator.py - DeprecationWarning: The anyio.abc.BlockingPortal alias is deprecated, use anyio.from_thread.BlockingPortal instead.
test-redistribute	UNKNOWN STEP	2026-09-21T07:04:50.7598259Z ERROR tests/test_union_body_discriminator.py - DeprecationWarning: The anyio.abc.BlockingPortal alias is deprecated, use anyio.from_thread.BlockingPortal instead.
test-redistribute	UNKNOWN STEP	2026-09-21T07:04:50.7598781Z ERROR tests/test_union_body_discriminator_annotated.py - DeprecationWarning: The anyio.abc.BlockingPortal alias is deprecated, use anyio.from_thread.BlockingPortal instead.
test-redistribute	UNKNOWN STEP	2026-09-21T07:04:50.7599284Z ERROR tests/test_union_body_discriminator_annotated.py - DeprecationWarning: The anyio.abc.BlockingPortal alias is deprecated, use anyio.from_thread.BlockingPortal instead.
test-redistribute	UNKNOWN STEP	2026-09-21T07:04:50.7599726Z ERROR tests/test_union_forms.py - DeprecationWarning: The anyio.abc.BlockingPortal alias is deprecated, use anyio.from_thread.BlockingPortal instead.
test-redistribute	UNKNOWN STEP	2026-09-21T07:04:50.7600156Z ERROR tests/test_union_forms.py - DeprecationWarning: The anyio.abc.BlockingPortal alias is deprecated, use anyio.from_thread.BlockingPortal instead.
test-redistribute	UNKNOWN STEP	2026-09-21T07:04:50.7600748Z ERROR tests/test_union_inherited_body.py - DeprecationWarning: The anyio.abc.BlockingPortal alias is deprecated, use anyio.from_thread.BlockingPortal instead.
test-redistribute	UNKNOWN STEP	2026-09-21T07:04:50.7601206Z ERROR tests/test_union_inherited_body.py - DeprecationWarning: The anyio.abc.BlockingPortal alias is deprecated, use anyio.from_thread.BlockingPortal instead.
test-redistribute	UNKNOWN STEP	2026-09-21T07:04:50.7601663Z ERROR tests/test_validate_response.py - DeprecationWarning: The anyio.abc.BlockingPortal alias is deprecated, use anyio.from_thread.BlockingPortal instead.
test-redistribute	UNKNOWN STEP	2026-09-21T07:04:50.7602122Z ERROR tests/test_validate_response.py - DeprecationWarning: The anyio.abc.BlockingPortal alias is deprecated, use anyio.from_thread.BlockingPortal instead.
test-redistribute	UNKNOWN STEP	2026-09-21T07:04:50.7602621Z ERROR tests/test_validate_response_dataclass.py - DeprecationWarning: The anyio.abc.BlockingPortal alias is deprecated, use anyio.from_thread.BlockingPortal instead.
test-redistribute	UNKNOWN STEP	2026-09-21T07:04:50.7603107Z ERROR tests/test_validate_response_dataclass.py - DeprecationWarning: The anyio.abc.BlockingPortal alias is deprecated, use anyio.from_thread.BlockingPortal instead.
test-redistribute	UNKNOWN STEP	2026-09-21T07:04:50.7603720Z ERROR tests/test_validate_response_recursive/test_validate_response_recursive.py - DeprecationWarning: The anyio.abc.BlockingPortal alias is deprecated, use anyio.from_thread.BlockingPortal instead.
test-redistribute	UNKNOWN STEP	2026-09-21T07:04:50.7604314Z ERROR tests/test_validate_response_recursive/test_validate_response_recursive.py - DeprecationWarning: The anyio.abc.BlockingPortal alias is deprecated, use anyio.from_thread.BlockingPortal instead.
test-redistribute	UNKNOWN STEP	2026-09-21T07:04:50.7604799Z ERROR tests/test_validation_error_context.py - DeprecationWarning: The anyio.abc.BlockingPortal alias is deprecated, use anyio.from_thread.BlockingPortal instead.
test-redistribute	UNKNOWN STEP	2026-09-21T07:04:50.7605385Z ERROR tests/test_validation_error_context.py - DeprecationWarning: The anyio.abc.BlockingPortal alias is deprecated, use anyio.from_thread.BlockingPortal instead.
test-redistribute	UNKNOWN STEP	2026-09-21T07:04:50.7605949Z ERROR tests/test_webhooks_security.py - DeprecationWarning: The anyio.abc.BlockingPortal alias is deprecated, use anyio.from_thread.BlockingPortal instead.
test-redistribute	UNKNOWN STEP	2026-09-21T07:04:50.7606405Z ERROR tests/test_webhooks_security.py - DeprecationWarning: The anyio.abc.BlockingPortal alias is deprecated, use anyio.from_thread.BlockingPortal instead.
test-redistribute	UNKNOWN STEP	2026-09-21T07:04:50.7606978Z ERROR tests/test_wrapped_method_forward_reference.py - DeprecationWarning: The anyio.abc.BlockingPortal alias is deprecated, use anyio.from_thread.BlockingPortal instead.
test-redistribute	UNKNOWN STEP	2026-09-21T07:04:50.7607476Z ERROR tests/test_wrapped_method_forward_reference.py - DeprecationWarning: The anyio.abc.BlockingPortal alias is deprecated, use anyio.from_thread.BlockingPortal instead.
test-redistribute	UNKNOWN STEP	2026-09-21T07:04:50.7607930Z ERROR tests/test_ws_dependencies.py - DeprecationWarning: The anyio.abc.BlockingPortal alias is deprecated, use anyio.from_thread.BlockingPortal instead.
test-redistribute	UNKNOWN STEP	2026-09-21T07:04:50.7608383Z ERROR tests/test_ws_dependencies.py - DeprecationWarning: The anyio.abc.BlockingPortal alias is deprecated, use anyio.from_thread.BlockingPortal instead.
test-redistribute	UNKNOWN STEP	2026-09-21T07:04:50.7608815Z ERROR tests/test_ws_router.py - DeprecationWarning: The anyio.abc.BlockingPortal alias is deprecated, use anyio.from_thread.BlockingPortal instead.
test-redistribute	UNKNOWN STEP	2026-09-21T07:04:50.7609239Z ERROR tests/test_ws_router.py - DeprecationWarning: The anyio.abc.BlockingPortal alias is deprecated, use anyio.from_thread.BlockingPortal instead.
test-redistribute	UNKNOWN STEP	2026-09-21T07:04:50.7609997Z ERROR tests/test_tutorial/test_settings/test_app02.py::test_override_settings[app02_py310] - DeprecationWarning: The anyio.abc.BlockingPortal alias is deprecated, use anyio.from_thread.BlockingPortal instead.
test-redistribute	UNKNOWN STEP	2026-09-21T07:04:50.7610636Z ERROR tests/test_tutorial/test_settings/test_app02.py::test_override_settings[app02_an_py310] - DeprecationWarning: The anyio.abc.BlockingPortal alias is deprecated, use anyio.from_thread.BlockingPortal instead.
test-redistribute	UNKNOWN STEP	2026-09-21T07:04:50.7611260Z ERROR tests/test_tutorial/test_testing/test_main_b.py::test_app[app_b_py310.test_main] - DeprecationWarning: The anyio.abc.BlockingPortal alias is deprecated, use anyio.from_thread.BlockingPortal instead.
test-redistribute	UNKNOWN STEP	2026-09-21T07:04:50.7612495Z ERROR tests/test_tutorial/test_testing/test_main_b.py::test_app[app_b_an_py310.test_main] - DeprecationWarning: The anyio.abc.BlockingPortal alias is deprecated, use anyio.from_thread.BlockingPortal instead.
test-redistribute	UNKNOWN STEP	2026-09-21T07:04:50.7612735Z ================= 193 passed, 5 skipped, 894 errors in 22.80s ==================
test-redistribute	UNKNOWN STEP	2026-09-21T07:04:50.7626583Z ##[error]Process completed with exit code 1.
test-redistribute	UNKNOWN STEP	2026-09-21T07:04:50.7785264Z Post job cleanup.
test-redistribute	UNKNOWN STEP	2026-09-21T07:04:50.8633985Z [command]/usr/bin/git version
test-redistribute	UNKNOWN STEP	2026-09-21T07:04:50.8671156Z git version 2.55.0
test-redistribute	UNKNOWN STEP	2026-09-21T07:04:50.8704696Z Temporarily overriding HOME='/home/runner/work/_temp/ec565f60-c86f-4ec7-97be-0c3eebb72f18' before making global git config changes
test-redistribute	UNKNOWN STEP	2026-09-21T07:04:50.8708027Z Adding repository directory to the temporary git global config as a safe directory
test-redistribute	UNKNOWN STEP	2026-09-21T07:04:50.8710980Z [command]/usr/bin/git config --global --add safe.directory /home/runner/work/fastapi/fastapi
test-redistribute	UNKNOWN STEP	2026-09-21T07:04:50.8741069Z Removing SSH command configuration
test-redistribute	UNKNOWN STEP	2026-09-21T07:04:50.8747084Z [command]/usr/bin/git config --local --name-only --get-regexp core\.sshCommand
test-redistribute	UNKNOWN STEP	2026-09-21T07:04:50.8781450Z [command]/usr/bin/git submodule foreach --recursive sh -c "git config --local --name-only --get-regexp 'core\.sshCommand' && git config --local --unset-all 'core.sshCommand' || :"
test-redistribute	UNKNOWN STEP	2026-09-21T07:04:50.9017819Z Removing HTTP extra header
test-redistribute	UNKNOWN STEP	2026-09-21T07:04:50.9022525Z [command]/usr/bin/git config --local --name-only --get-regexp http\.https\:\/\/github\.com\/\.extraheader
test-redistribute	UNKNOWN STEP	2026-09-21T07:04:50.9054367Z [command]/usr/bin/git submodule foreach --recursive sh -c "git config --local --name-only --get-regexp 'http\.https\:\/\/github\.com\/\.extraheader' && git config --local --unset-all 'http.https://github.com/.extraheader' || :"
test-redistribute	UNKNOWN STEP	2026-09-21T07:04:50.9287533Z Removing includeIf entries pointing to credentials config files
test-redistribute	UNKNOWN STEP	2026-09-21T07:04:50.9293717Z [command]/usr/bin/git config --local --name-only --get-regexp ^includeIf\.gitdir:
test-redistribute	UNKNOWN STEP	2026-09-21T07:04:50.9324620Z [command]/usr/bin/git submodule foreach --recursive git config --local --show-origin --name-only --get-regexp remote.origin.url
test-redistribute	UNKNOWN STEP	2026-09-21T07:04:50.9707057Z Cleaning up orphan processes
test-redistribute-alls-green	UNKNOWN STEP	﻿2026-09-21T07:04:57.5009218Z Current runner version: '2.337.0'
test-redistribute-alls-green	UNKNOWN STEP	2026-09-21T07:04:57.5035616Z ##[group]Runner Image Provisioner
test-redistribute-alls-green	UNKNOWN STEP	2026-09-21T07:04:57.5036489Z Hosted Compute Agent
test-redistribute-alls-green	UNKNOWN STEP	2026-09-21T07:04:57.5037234Z Version: 20260828.587
test-redistribute-alls-green	UNKNOWN STEP	2026-09-21T07:04:57.5037886Z Commit: abac92662cab4cc7352de4f9f9d2e2419aad9c29
test-redistribute-alls-green	UNKNOWN STEP	2026-09-21T07:04:57.5038661Z Build Date: 2026-08-28T16:44:25Z
test-redistribute-alls-green	UNKNOWN STEP	2026-09-21T07:04:57.5039382Z Worker ID: {e9524b3c-25c7-499d-ae01-409bf08689c4}
test-redistribute-alls-green	UNKNOWN STEP	2026-09-21T07:04:57.5040103Z Azure Region: westus
test-redistribute-alls-green	UNKNOWN STEP	2026-09-21T07:04:57.5040799Z ##[endgroup]
test-redistribute-alls-green	UNKNOWN STEP	2026-09-21T07:04:57.5042915Z ##[group]Operating System
test-redistribute-alls-green	UNKNOWN STEP	2026-09-21T07:04:57.5043639Z Ubuntu
test-redistribute-alls-green	UNKNOWN STEP	2026-09-21T07:04:57.5044188Z 24.04.5
test-redistribute-alls-green	UNKNOWN STEP	2026-09-21T07:04:57.5044739Z LTS
test-redistribute-alls-green	UNKNOWN STEP	2026-09-21T07:04:57.5045320Z ##[endgroup]
test-redistribute-alls-green	UNKNOWN STEP	2026-09-21T07:04:57.5045873Z ##[group]Runner Image
test-redistribute-alls-green	UNKNOWN STEP	2026-09-21T07:04:57.5046474Z Image: ubuntu-24.04
test-redistribute-alls-green	UNKNOWN STEP	2026-09-21T07:04:57.5047107Z Version: 20260907.300.1
test-redistribute-alls-green	UNKNOWN STEP	2026-09-21T07:04:57.5048410Z Included Software: https://github.com/actions/runner-images/blob/ubuntu24/20260907.300/images/ubuntu/Ubuntu2404-Readme.md
test-redistribute-alls-green	UNKNOWN STEP	2026-09-21T07:04:57.5050048Z Image Release: https://github.com/actions/runner-images/releases/tag/ubuntu24%2F20260907.300
test-redistribute-alls-green	UNKNOWN STEP	2026-09-21T07:04:57.5051000Z ##[endgroup]
test-redistribute-alls-green	UNKNOWN STEP	2026-09-21T07:04:57.5052342Z ##[group]GITHUB_TOKEN Permissions
test-redistribute-alls-green	UNKNOWN STEP	2026-09-21T07:04:57.5054233Z Metadata: read
test-redistribute-alls-green	UNKNOWN STEP	2026-09-21T07:04:57.5054985Z ##[endgroup]
test-redistribute-alls-green	UNKNOWN STEP	2026-09-21T07:04:57.5057153Z Secret source: None
test-redistribute-alls-green	UNKNOWN STEP	2026-09-21T07:04:57.5058137Z Cache mode: write
test-redistribute-alls-green	UNKNOWN STEP	2026-09-21T07:04:57.5058878Z Prepare workflow directory
test-redistribute-alls-green	UNKNOWN STEP	2026-09-21T07:04:57.5409873Z Prepare all required actions
test-redistribute-alls-green	UNKNOWN STEP	2026-09-21T07:04:57.5461700Z Getting action download info
test-redistribute-alls-green	UNKNOWN STEP	2026-09-21T07:04:57.9125408Z Download action repository 're-actors/alls-green@b5b5b37504aa4183270bd3d855c52a67f212be35' (SHA:b5b5b37504aa4183270bd3d855c52a67f212be35)
test-redistribute-alls-green	UNKNOWN STEP	2026-09-21T07:04:58.2985354Z Complete job name: test-redistribute-alls-green
test-redistribute-alls-green	UNKNOWN STEP	2026-09-21T07:04:58.3753384Z ##[group]Run re-actors/alls-green@b5b5b37504aa4183270bd3d855c52a67f212be35
test-redistribute-alls-green	UNKNOWN STEP	2026-09-21T07:04:58.3754577Z with:
test-redistribute-alls-green	UNKNOWN STEP	2026-09-21T07:04:58.3755228Z   jobs: {
test-redistribute-alls-green	UNKNOWN STEP	  "test-redistribute": {
test-redistribute-alls-green	UNKNOWN STEP	    "result": "failure",
test-redistribute-alls-green	UNKNOWN STEP	    "outputs": {}
test-redistribute-alls-green	UNKNOWN STEP	  }
test-redistribute-alls-green	UNKNOWN STEP	}
test-redistribute-alls-green	UNKNOWN STEP	2026-09-21T07:04:58.3756039Z   allowed-failures: []
test-redistribute-alls-green	UNKNOWN STEP	2026-09-21T07:04:58.3756512Z   allowed-skips: []
test-redistribute-alls-green	UNKNOWN STEP	2026-09-21T07:04:58.3757199Z ##[endgroup]
test-redistribute-alls-green	UNKNOWN STEP	2026-09-21T07:04:58.3861854Z ##[start-action display=Decide whether the input jobs succeeded or failed;id=__re-actors_alls-green.outcome]
test-redistribute-alls-green	UNKNOWN STEP	2026-09-21T07:04:58.3917477Z ##[group]Run python -m normalize_needed_jobs_status \
test-redistribute-alls-green	UNKNOWN STEP	2026-09-21T07:04:58.3918273Z ^[[36;1mpython -m normalize_needed_jobs_status \^[[0m
test-redistribute-alls-green	UNKNOWN STEP	2026-09-21T07:04:58.3918917Z ^[[36;1m  "$INPUT_ALLOWED_FAILURES" \^[[0m
test-redistribute-alls-green	UNKNOWN STEP	2026-09-21T07:04:58.3919494Z ^[[36;1m  "$INPUT_ALLOWED_SKIPS" \^[[0m
test-redistribute-alls-green	UNKNOWN STEP	2026-09-21T07:04:58.3920104Z ^[[36;1m  "$INPUT_JOBS"^[[0m
test-redistribute-alls-green	UNKNOWN STEP	2026-09-21T07:04:58.3961629Z shell: /usr/bin/bash --noprofile --norc -e -o pipefail {0}
test-redistribute-alls-green	UNKNOWN STEP	2026-09-21T07:04:58.3962344Z env:
test-redistribute-alls-green	UNKNOWN STEP	2026-09-21T07:04:58.3962832Z   INPUT_ALLOWED_FAILURES: []
test-redistribute-alls-green	UNKNOWN STEP	2026-09-21T07:04:58.3963348Z   INPUT_ALLOWED_SKIPS: []
test-redistribute-alls-green	UNKNOWN STEP	2026-09-21T07:04:58.3964077Z   INPUT_JOBS: {
test-redistribute-alls-green	UNKNOWN STEP	  "test-redistribute": {
test-redistribute-alls-green	UNKNOWN STEP	    "result": "failure",
test-redistribute-alls-green	UNKNOWN STEP	    "outputs": {}
test-redistribute-alls-green	UNKNOWN STEP	  }
test-redistribute-alls-green	UNKNOWN STEP	}
test-redistribute-alls-green	UNKNOWN STEP	2026-09-21T07:04:58.3965278Z   PYTHONPATH: /home/runner/work/_actions/re-actors/alls-green/b5b5b37504aa4183270bd3d855c52a67f212be35/src
test-redistribute-alls-green	UNKNOWN STEP	2026-09-21T07:04:58.3966197Z ##[endgroup]
test-redistribute-alls-green	UNKNOWN STEP	2026-09-21T07:04:58.4506114Z # ❌ Some of the required to succeed jobs failed 😢😢😢
test-redistribute-alls-green	UNKNOWN STEP	2026-09-21T07:04:58.4506890Z 
test-redistribute-alls-green	UNKNOWN STEP	2026-09-21T07:04:58.4507227Z 🔮 Job statuses:
test-redistribute-alls-green	UNKNOWN STEP	2026-09-21T07:04:58.4508577Z ^[[31m❌ test-redistribute → 🔴 failure [required to succeed]^[[0m
test-redistribute-alls-green	UNKNOWN STEP	2026-09-21T07:04:58.4573825Z ##[error]Process completed with exit code 1.
test-redistribute-alls-green	UNKNOWN STEP	2026-09-21T07:04:58.4670604Z ##[end-action id=__re-actors_alls-green.outcome;outcome=failure;conclusion=failure;duration_ms=80]
test-redistribute-alls-green	UNKNOWN STEP	2026-09-21T07:04:58.4814602Z Cleaning up orphan processes
