test-redistribute	UNKNOWN STEP	2026-09-21T06:10:40.4936027Z ERROR tests/test_tutorial/test_extra_models/test_tutorial005.py - DeprecationWarning: The anyio.abc.BlockingPortal alias is deprecated, use anyio.from_thread.BlockingPortal instead.
test-redistribute	UNKNOWN STEP	2026-09-21T06:10:40.4936683Z ERROR tests/test_tutorial/test_extra_models/test_tutorial005.py - DeprecationWarning: The anyio.abc.BlockingPortal alias is deprecated, use anyio.from_thread.BlockingPortal instead.
test-redistribute	UNKNOWN STEP	2026-09-21T06:10:40.4937327Z ERROR tests/test_tutorial/test_first_steps/test_tutorial001_tutorial002_tutorial003.py - DeprecationWarning: The anyio.abc.BlockingPortal alias is deprecated, use anyio.from_thread.BlockingPortal instead.
test-redistribute	UNKNOWN STEP	2026-09-21T06:10:40.4937898Z ERROR tests/test_tutorial/test_generate_clients/test_tutorial001.py - DeprecationWarning: The anyio.abc.BlockingPortal alias is deprecated, use anyio.from_thread.BlockingPortal instead.
test-redistribute	UNKNOWN STEP	2026-09-21T06:10:40.4938540Z ERROR tests/test_tutorial/test_first_steps/test_tutorial001_tutorial002_tutorial003.py - DeprecationWarning: The anyio.abc.BlockingPortal alias is deprecated, use anyio.from_thread.BlockingPortal instead.
test-redistribute	UNKNOWN STEP	2026-09-21T06:10:40.4939116Z ERROR tests/test_tutorial/test_generate_clients/test_tutorial002.py - DeprecationWarning: The anyio.abc.BlockingPortal alias is deprecated, use anyio.from_thread.BlockingPortal instead.
test-redistribute	UNKNOWN STEP	2026-09-21T06:10:40.4939822Z ERROR tests/test_tutorial/test_generate_clients/test_tutorial001.py - DeprecationWarning: The anyio.abc.BlockingPortal alias is deprecated, use anyio.from_thread.BlockingPortal instead.
test-redistribute	UNKNOWN STEP	2026-09-21T06:10:40.4940395Z ERROR tests/test_tutorial/test_generate_clients/test_tutorial003.py - DeprecationWarning: The anyio.abc.BlockingPortal alias is deprecated, use anyio.from_thread.BlockingPortal instead.
test-redistribute	UNKNOWN STEP	2026-09-21T06:10:40.4940964Z ERROR tests/test_tutorial/test_generate_clients/test_tutorial002.py - DeprecationWarning: The anyio.abc.BlockingPortal alias is deprecated, use anyio.from_thread.BlockingPortal instead.
test-redistribute	UNKNOWN STEP	2026-09-21T06:10:40.4941527Z ERROR tests/test_tutorial/test_generate_clients/test_tutorial003.py - DeprecationWarning: The anyio.abc.BlockingPortal alias is deprecated, use anyio.from_thread.BlockingPortal instead.
test-redistribute	UNKNOWN STEP	2026-09-21T06:10:40.4942076Z ERROR tests/test_tutorial/test_graphql/test_tutorial001.py - DeprecationWarning: The anyio.abc.BlockingPortal alias is deprecated, use anyio.from_thread.BlockingPortal instead.
test-redistribute	UNKNOWN STEP	2026-09-21T06:10:40.4942614Z ERROR tests/test_tutorial/test_graphql/test_tutorial001.py - DeprecationWarning: The anyio.abc.BlockingPortal alias is deprecated, use anyio.from_thread.BlockingPortal instead.
test-redistribute	UNKNOWN STEP	2026-09-21T06:10:40.4943181Z ERROR tests/test_tutorial/test_handling_errors/test_tutorial001.py - DeprecationWarning: The anyio.abc.BlockingPortal alias is deprecated, use anyio.from_thread.BlockingPortal instead.
test-redistribute	UNKNOWN STEP	2026-09-21T06:10:40.4943749Z ERROR tests/test_tutorial/test_handling_errors/test_tutorial002.py - DeprecationWarning: The anyio.abc.BlockingPortal alias is deprecated, use anyio.from_thread.BlockingPortal instead.
test-redistribute	UNKNOWN STEP	2026-09-21T06:10:40.4944311Z ERROR tests/test_tutorial/test_handling_errors/test_tutorial001.py - DeprecationWarning: The anyio.abc.BlockingPortal alias is deprecated, use anyio.from_thread.BlockingPortal instead.
test-redistribute	UNKNOWN STEP	2026-09-21T06:10:40.4944994Z ERROR tests/test_tutorial/test_handling_errors/test_tutorial002.py - DeprecationWarning: The anyio.abc.BlockingPortal alias is deprecated, use anyio.from_thread.BlockingPortal instead.
test-redistribute	UNKNOWN STEP	2026-09-21T06:10:40.4945560Z ERROR tests/test_tutorial/test_handling_errors/test_tutorial003.py - DeprecationWarning: The anyio.abc.BlockingPortal alias is deprecated, use anyio.from_thread.BlockingPortal instead.
test-redistribute	UNKNOWN STEP	2026-09-21T06:10:40.4946119Z ERROR tests/test_tutorial/test_handling_errors/test_tutorial003.py - DeprecationWarning: The anyio.abc.BlockingPortal alias is deprecated, use anyio.from_thread.BlockingPortal instead.
test-redistribute	UNKNOWN STEP	2026-09-21T06:10:40.4946684Z ERROR tests/test_tutorial/test_handling_errors/test_tutorial004.py - DeprecationWarning: The anyio.abc.BlockingPortal alias is deprecated, use anyio.from_thread.BlockingPortal instead.
test-redistribute	UNKNOWN STEP	2026-09-21T06:10:40.4947244Z ERROR tests/test_tutorial/test_handling_errors/test_tutorial004.py - DeprecationWarning: The anyio.abc.BlockingPortal alias is deprecated, use anyio.from_thread.BlockingPortal instead.
test-redistribute	UNKNOWN STEP	2026-09-21T06:10:40.4947914Z ERROR tests/test_tutorial/test_handling_errors/test_tutorial005.py - DeprecationWarning: The anyio.abc.BlockingPortal alias is deprecated, use anyio.from_thread.BlockingPortal instead.
test-redistribute	UNKNOWN STEP	2026-09-21T06:10:40.4948480Z ERROR tests/test_tutorial/test_handling_errors/test_tutorial005.py - DeprecationWarning: The anyio.abc.BlockingPortal alias is deprecated, use anyio.from_thread.BlockingPortal instead.
test-redistribute	UNKNOWN STEP	2026-09-21T06:10:40.4949038Z ERROR tests/test_tutorial/test_handling_errors/test_tutorial006.py - DeprecationWarning: The anyio.abc.BlockingPortal alias is deprecated, use anyio.from_thread.BlockingPortal instead.
test-redistribute	UNKNOWN STEP	2026-09-21T06:10:40.4949748Z ERROR tests/test_tutorial/test_header_param_models/test_tutorial001.py - DeprecationWarning: The anyio.abc.BlockingPortal alias is deprecated, use anyio.from_thread.BlockingPortal instead.
test-redistribute	UNKNOWN STEP	2026-09-21T06:10:40.4950323Z ERROR tests/test_tutorial/test_handling_errors/test_tutorial006.py - DeprecationWarning: The anyio.abc.BlockingPortal alias is deprecated, use anyio.from_thread.BlockingPortal instead.
test-redistribute	UNKNOWN STEP	2026-09-21T06:10:40.4950911Z ERROR tests/test_tutorial/test_header_param_models/test_tutorial002.py - DeprecationWarning: The anyio.abc.BlockingPortal alias is deprecated, use anyio.from_thread.BlockingPortal instead.
test-redistribute	UNKNOWN STEP	2026-09-21T06:10:40.4951488Z ERROR tests/test_tutorial/test_header_param_models/test_tutorial001.py - DeprecationWarning: The anyio.abc.BlockingPortal alias is deprecated, use anyio.from_thread.BlockingPortal instead.
test-redistribute	UNKNOWN STEP	2026-09-21T06:10:40.4952067Z ERROR tests/test_tutorial/test_header_param_models/test_tutorial003.py - DeprecationWarning: The anyio.abc.BlockingPortal alias is deprecated, use anyio.from_thread.BlockingPortal instead.
test-redistribute	UNKNOWN STEP	2026-09-21T06:10:40.4952641Z ERROR tests/test_tutorial/test_header_param_models/test_tutorial002.py - DeprecationWarning: The anyio.abc.BlockingPortal alias is deprecated, use anyio.from_thread.BlockingPortal instead.
test-redistribute	UNKNOWN STEP	2026-09-21T06:10:40.4953223Z ERROR tests/test_tutorial/test_header_param_models/test_tutorial003.py - DeprecationWarning: The anyio.abc.BlockingPortal alias is deprecated, use anyio.from_thread.BlockingPortal instead.
test-redistribute	UNKNOWN STEP	2026-09-21T06:10:40.4953781Z ERROR tests/test_tutorial/test_header_params/test_tutorial001.py - DeprecationWarning: The anyio.abc.BlockingPortal alias is deprecated, use anyio.from_thread.BlockingPortal instead.
test-redistribute	UNKNOWN STEP	2026-09-21T06:10:40.4954341Z ERROR tests/test_tutorial/test_header_params/test_tutorial001.py - DeprecationWarning: The anyio.abc.BlockingPortal alias is deprecated, use anyio.from_thread.BlockingPortal instead.
test-redistribute	UNKNOWN STEP	2026-09-21T06:10:40.4954895Z ERROR tests/test_tutorial/test_header_params/test_tutorial002.py - DeprecationWarning: The anyio.abc.BlockingPortal alias is deprecated, use anyio.from_thread.BlockingPortal instead.
test-redistribute	UNKNOWN STEP	2026-09-21T06:10:40.4955449Z ERROR tests/test_tutorial/test_header_params/test_tutorial002.py - DeprecationWarning: The anyio.abc.BlockingPortal alias is deprecated, use anyio.from_thread.BlockingPortal instead.
test-redistribute	UNKNOWN STEP	2026-09-21T06:10:40.4956118Z ERROR tests/test_tutorial/test_header_params/test_tutorial003.py - DeprecationWarning: The anyio.abc.BlockingPortal alias is deprecated, use anyio.from_thread.BlockingPortal instead.
test-redistribute	UNKNOWN STEP	2026-09-21T06:10:40.4956679Z ERROR tests/test_tutorial/test_header_params/test_tutorial003.py - DeprecationWarning: The anyio.abc.BlockingPortal alias is deprecated, use anyio.from_thread.BlockingPortal instead.
test-redistribute	UNKNOWN STEP	2026-09-21T06:10:40.4957252Z ERROR tests/test_tutorial/test_json_base64_bytes/test_tutorial001.py - DeprecationWarning: The anyio.abc.BlockingPortal alias is deprecated, use anyio.from_thread.BlockingPortal instead.
test-redistribute	UNKNOWN STEP	2026-09-21T06:10:40.4957819Z ERROR tests/test_tutorial/test_json_base64_bytes/test_tutorial001.py - DeprecationWarning: The anyio.abc.BlockingPortal alias is deprecated, use anyio.from_thread.BlockingPortal instead.
test-redistribute	UNKNOWN STEP	2026-09-21T06:10:40.4958363Z ERROR tests/test_tutorial/test_metadata/test_tutorial001.py - DeprecationWarning: The anyio.abc.BlockingPortal alias is deprecated, use anyio.from_thread.BlockingPortal instead.
test-redistribute	UNKNOWN STEP	2026-09-21T06:10:40.4959007Z ERROR tests/test_tutorial/test_metadata/test_tutorial001.py - DeprecationWarning: The anyio.abc.BlockingPortal alias is deprecated, use anyio.from_thread.BlockingPortal instead.
test-redistribute	UNKNOWN STEP	2026-09-21T06:10:40.4959671Z ERROR tests/test_tutorial/test_metadata/test_tutorial001_1.py - DeprecationWarning: The anyio.abc.BlockingPortal alias is deprecated, use anyio.from_thread.BlockingPortal instead.
test-redistribute	UNKNOWN STEP	2026-09-21T06:10:40.4960217Z ERROR tests/test_tutorial/test_metadata/test_tutorial002.py - DeprecationWarning: The anyio.abc.BlockingPortal alias is deprecated, use anyio.from_thread.BlockingPortal instead.
test-redistribute	UNKNOWN STEP	2026-09-21T06:10:40.4960752Z ERROR tests/test_tutorial/test_metadata/test_tutorial003.py - DeprecationWarning: The anyio.abc.BlockingPortal alias is deprecated, use anyio.from_thread.BlockingPortal instead.
test-redistribute	UNKNOWN STEP	2026-09-21T06:10:40.4961297Z ERROR tests/test_tutorial/test_metadata/test_tutorial001_1.py - DeprecationWarning: The anyio.abc.BlockingPortal alias is deprecated, use anyio.from_thread.BlockingPortal instead.
test-redistribute	UNKNOWN STEP	2026-09-21T06:10:40.4961843Z ERROR tests/test_tutorial/test_metadata/test_tutorial004.py - DeprecationWarning: The anyio.abc.BlockingPortal alias is deprecated, use anyio.from_thread.BlockingPortal instead.
test-redistribute	UNKNOWN STEP	2026-09-21T06:10:40.4962377Z ERROR tests/test_tutorial/test_metadata/test_tutorial002.py - DeprecationWarning: The anyio.abc.BlockingPortal alias is deprecated, use anyio.from_thread.BlockingPortal instead.
test-redistribute	UNKNOWN STEP	2026-09-21T06:10:40.4962916Z ERROR tests/test_tutorial/test_metadata/test_tutorial003.py - DeprecationWarning: The anyio.abc.BlockingPortal alias is deprecated, use anyio.from_thread.BlockingPortal instead.
test-redistribute	UNKNOWN STEP	2026-09-21T06:10:40.4963453Z ERROR tests/test_tutorial/test_metadata/test_tutorial004.py - DeprecationWarning: The anyio.abc.BlockingPortal alias is deprecated, use anyio.from_thread.BlockingPortal instead.
test-redistribute	UNKNOWN STEP	2026-09-21T06:10:40.4963999Z ERROR tests/test_tutorial/test_middleware/test_tutorial001.py - DeprecationWarning: The anyio.abc.BlockingPortal alias is deprecated, use anyio.from_thread.BlockingPortal instead.
test-redistribute	UNKNOWN STEP	2026-09-21T06:10:40.4964554Z ERROR tests/test_tutorial/test_middleware/test_tutorial001.py - DeprecationWarning: The anyio.abc.BlockingPortal alias is deprecated, use anyio.from_thread.BlockingPortal instead.
test-redistribute	UNKNOWN STEP	2026-09-21T06:10:40.4965126Z ERROR tests/test_tutorial/test_openapi_callbacks/test_tutorial001.py - DeprecationWarning: The anyio.abc.BlockingPortal alias is deprecated, use anyio.from_thread.BlockingPortal instead.
test-redistribute	UNKNOWN STEP	2026-09-21T06:10:40.4965702Z ERROR tests/test_tutorial/test_openapi_callbacks/test_tutorial001.py - DeprecationWarning: The anyio.abc.BlockingPortal alias is deprecated, use anyio.from_thread.BlockingPortal instead.
test-redistribute	UNKNOWN STEP	2026-09-21T06:10:40.4966273Z ERROR tests/test_tutorial/test_openapi_webhooks/test_tutorial001.py - DeprecationWarning: The anyio.abc.BlockingPortal alias is deprecated, use anyio.from_thread.BlockingPortal instead.
test-redistribute	UNKNOWN STEP	2026-09-21T06:10:40.4966841Z ERROR tests/test_tutorial/test_openapi_webhooks/test_tutorial001.py - DeprecationWarning: The anyio.abc.BlockingPortal alias is deprecated, use anyio.from_thread.BlockingPortal instead.
test-redistribute	UNKNOWN STEP	2026-09-21T06:10:40.4967619Z ERROR tests/test_tutorial/test_path_operation_advanced_configurations/test_tutorial001.py - DeprecationWarning: The anyio.abc.BlockingPortal alias is deprecated, use anyio.from_thread.BlockingPortal instead.
test-redistribute	UNKNOWN STEP	2026-09-21T06:10:40.4968280Z ERROR tests/test_tutorial/test_path_operation_advanced_configurations/test_tutorial001.py - DeprecationWarning: The anyio.abc.BlockingPortal alias is deprecated, use anyio.from_thread.BlockingPortal instead.
test-redistribute	UNKNOWN STEP	2026-09-21T06:10:40.4968926Z ERROR tests/test_tutorial/test_path_operation_advanced_configurations/test_tutorial002.py - DeprecationWarning: The anyio.abc.BlockingPortal alias is deprecated, use anyio.from_thread.BlockingPortal instead.
test-redistribute	UNKNOWN STEP	2026-09-21T06:10:40.4969688Z ERROR tests/test_tutorial/test_path_operation_advanced_configurations/test_tutorial002.py - DeprecationWarning: The anyio.abc.BlockingPortal alias is deprecated, use anyio.from_thread.BlockingPortal instead.
test-redistribute	UNKNOWN STEP	2026-09-21T06:10:40.4970466Z ERROR tests/test_tutorial/test_path_operation_advanced_configurations/test_tutorial003.py - DeprecationWarning: The anyio.abc.BlockingPortal alias is deprecated, use anyio.from_thread.BlockingPortal instead.
test-redistribute	UNKNOWN STEP	2026-09-21T06:10:40.4971116Z ERROR tests/test_tutorial/test_path_operation_advanced_configurations/test_tutorial003.py - DeprecationWarning: The anyio.abc.BlockingPortal alias is deprecated, use anyio.from_thread.BlockingPortal instead.
test-redistribute	UNKNOWN STEP	2026-09-21T06:10:40.4971763Z ERROR tests/test_tutorial/test_path_operation_advanced_configurations/test_tutorial004.py - DeprecationWarning: The anyio.abc.BlockingPortal alias is deprecated, use anyio.from_thread.BlockingPortal instead.
test-redistribute	UNKNOWN STEP	2026-09-21T06:10:40.4972409Z ERROR tests/test_tutorial/test_path_operation_advanced_configurations/test_tutorial005.py - DeprecationWarning: The anyio.abc.BlockingPortal alias is deprecated, use anyio.from_thread.BlockingPortal instead.
test-redistribute	UNKNOWN STEP	2026-09-21T06:10:40.4973062Z ERROR tests/test_tutorial/test_path_operation_advanced_configurations/test_tutorial006.py - DeprecationWarning: The anyio.abc.BlockingPortal alias is deprecated, use anyio.from_thread.BlockingPortal instead.
test-redistribute	UNKNOWN STEP	2026-09-21T06:10:40.4973708Z ERROR tests/test_tutorial/test_path_operation_advanced_configurations/test_tutorial004.py - DeprecationWarning: The anyio.abc.BlockingPortal alias is deprecated, use anyio.from_thread.BlockingPortal instead.
test-redistribute	UNKNOWN STEP	2026-09-21T06:10:40.4974355Z ERROR tests/test_tutorial/test_path_operation_advanced_configurations/test_tutorial007.py - DeprecationWarning: The anyio.abc.BlockingPortal alias is deprecated, use anyio.from_thread.BlockingPortal instead.
test-redistribute	UNKNOWN STEP	2026-09-21T06:10:40.4975002Z ERROR tests/test_tutorial/test_path_operation_advanced_configurations/test_tutorial005.py - DeprecationWarning: The anyio.abc.BlockingPortal alias is deprecated, use anyio.from_thread.BlockingPortal instead.
test-redistribute	UNKNOWN STEP	2026-09-21T06:10:40.4975653Z ERROR tests/test_tutorial/test_path_operation_advanced_configurations/test_tutorial006.py - DeprecationWarning: The anyio.abc.BlockingPortal alias is deprecated, use anyio.from_thread.BlockingPortal instead.
test-redistribute	UNKNOWN STEP	2026-09-21T06:10:40.4976295Z ERROR tests/test_tutorial/test_path_operation_advanced_configurations/test_tutorial007.py - DeprecationWarning: The anyio.abc.BlockingPortal alias is deprecated, use anyio.from_thread.BlockingPortal instead.
test-redistribute	UNKNOWN STEP	2026-09-21T06:10:40.4976916Z ERROR tests/test_tutorial/test_path_operation_configurations/test_tutorial001.py - DeprecationWarning: The anyio.abc.BlockingPortal alias is deprecated, use anyio.from_thread.BlockingPortal instead.
test-redistribute	UNKNOWN STEP	2026-09-21T06:10:40.4977535Z ERROR tests/test_tutorial/test_path_operation_configurations/test_tutorial001.py - DeprecationWarning: The anyio.abc.BlockingPortal alias is deprecated, use anyio.from_thread.BlockingPortal instead.
test-redistribute	UNKNOWN STEP	2026-09-21T06:10:40.4978150Z ERROR tests/test_tutorial/test_path_operation_configurations/test_tutorial002.py - DeprecationWarning: The anyio.abc.BlockingPortal alias is deprecated, use anyio.from_thread.BlockingPortal instead.
test-redistribute	UNKNOWN STEP	2026-09-21T06:10:40.4978874Z ERROR tests/test_tutorial/test_path_operation_configurations/test_tutorial002.py - DeprecationWarning: The anyio.abc.BlockingPortal alias is deprecated, use anyio.from_thread.BlockingPortal instead.
test-redistribute	UNKNOWN STEP	2026-09-21T06:10:40.4979618Z ERROR tests/test_tutorial/test_path_operation_configurations/test_tutorial002b.py - DeprecationWarning: The anyio.abc.BlockingPortal alias is deprecated, use anyio.from_thread.BlockingPortal instead.
test-redistribute	UNKNOWN STEP	2026-09-21T06:10:40.4980239Z ERROR tests/test_tutorial/test_path_operation_configurations/test_tutorial002b.py - DeprecationWarning: The anyio.abc.BlockingPortal alias is deprecated, use anyio.from_thread.BlockingPortal instead.
test-redistribute	UNKNOWN STEP	2026-09-21T06:10:40.4980908Z ERROR tests/test_tutorial/test_path_operation_configurations/test_tutorial003_tutorial004.py - DeprecationWarning: The anyio.abc.BlockingPortal alias is deprecated, use anyio.from_thread.BlockingPortal instead.
test-redistribute	UNKNOWN STEP	2026-09-21T06:10:40.4981687Z ERROR tests/test_tutorial/test_path_operation_configurations/test_tutorial003_tutorial004.py - DeprecationWarning: The anyio.abc.BlockingPortal alias is deprecated, use anyio.from_thread.BlockingPortal instead.
test-redistribute	UNKNOWN STEP	2026-09-21T06:10:40.4982303Z ERROR tests/test_tutorial/test_path_operation_configurations/test_tutorial005.py - DeprecationWarning: The anyio.abc.BlockingPortal alias is deprecated, use anyio.from_thread.BlockingPortal instead.
test-redistribute	UNKNOWN STEP	2026-09-21T06:10:40.4982919Z ERROR tests/test_tutorial/test_path_operation_configurations/test_tutorial005.py - DeprecationWarning: The anyio.abc.BlockingPortal alias is deprecated, use anyio.from_thread.BlockingPortal instead.
test-redistribute	UNKNOWN STEP	2026-09-21T06:10:40.4983533Z ERROR tests/test_tutorial/test_path_operation_configurations/test_tutorial006.py - DeprecationWarning: The anyio.abc.BlockingPortal alias is deprecated, use anyio.from_thread.BlockingPortal instead.
test-redistribute	UNKNOWN STEP	2026-09-21T06:10:40.4984085Z ERROR tests/test_tutorial/test_path_params/test_tutorial001.py - DeprecationWarning: The anyio.abc.BlockingPortal alias is deprecated, use anyio.from_thread.BlockingPortal instead.
test-redistribute	UNKNOWN STEP	2026-09-21T06:10:40.4984643Z ERROR tests/test_tutorial/test_path_params/test_tutorial002.py - DeprecationWarning: The anyio.abc.BlockingPortal alias is deprecated, use anyio.from_thread.BlockingPortal instead.
test-redistribute	UNKNOWN STEP	2026-09-21T06:10:40.4985257Z ERROR tests/test_tutorial/test_path_operation_configurations/test_tutorial006.py - DeprecationWarning: The anyio.abc.BlockingPortal alias is deprecated, use anyio.from_thread.BlockingPortal instead.
test-redistribute	UNKNOWN STEP	2026-09-21T06:10:40.4985807Z ERROR tests/test_tutorial/test_path_params/test_tutorial003.py - DeprecationWarning: The anyio.abc.BlockingPortal alias is deprecated, use anyio.from_thread.BlockingPortal instead.
test-redistribute	UNKNOWN STEP	2026-09-21T06:10:40.4986356Z ERROR tests/test_tutorial/test_path_params/test_tutorial001.py - DeprecationWarning: The anyio.abc.BlockingPortal alias is deprecated, use anyio.from_thread.BlockingPortal instead.
test-redistribute	UNKNOWN STEP	2026-09-21T06:10:40.4986902Z ERROR tests/test_tutorial/test_path_params/test_tutorial002.py - DeprecationWarning: The anyio.abc.BlockingPortal alias is deprecated, use anyio.from_thread.BlockingPortal instead.
test-redistribute	UNKNOWN STEP	2026-09-21T06:10:40.4987461Z ERROR tests/test_tutorial/test_path_params/test_tutorial003.py - DeprecationWarning: The anyio.abc.BlockingPortal alias is deprecated, use anyio.from_thread.BlockingPortal instead.
test-redistribute	UNKNOWN STEP	2026-09-21T06:10:40.4988013Z ERROR tests/test_tutorial/test_path_params/test_tutorial003b.py - DeprecationWarning: The anyio.abc.BlockingPortal alias is deprecated, use anyio.from_thread.BlockingPortal instead.
test-redistribute	UNKNOWN STEP	2026-09-21T06:10:40.4988566Z ERROR tests/test_tutorial/test_path_params/test_tutorial003b.py - DeprecationWarning: The anyio.abc.BlockingPortal alias is deprecated, use anyio.from_thread.BlockingPortal instead.
test-redistribute	UNKNOWN STEP	2026-09-21T06:10:40.4989116Z ERROR tests/test_tutorial/test_path_params/test_tutorial004.py - DeprecationWarning: The anyio.abc.BlockingPortal alias is deprecated, use anyio.from_thread.BlockingPortal instead.
test-redistribute	UNKNOWN STEP	2026-09-21T06:10:40.4989790Z ERROR tests/test_tutorial/test_path_params/test_tutorial004.py - DeprecationWarning: The anyio.abc.BlockingPortal alias is deprecated, use anyio.from_thread.BlockingPortal instead.
test-redistribute	UNKNOWN STEP	2026-09-21T06:10:40.4990450Z ERROR tests/test_tutorial/test_path_params/test_tutorial005.py - DeprecationWarning: The anyio.abc.BlockingPortal alias is deprecated, use anyio.from_thread.BlockingPortal instead.
test-redistribute	UNKNOWN STEP	2026-09-21T06:10:40.4991001Z ERROR tests/test_tutorial/test_path_params/test_tutorial005.py - DeprecationWarning: The anyio.abc.BlockingPortal alias is deprecated, use anyio.from_thread.BlockingPortal instead.
test-redistribute	UNKNOWN STEP	2026-09-21T06:10:40.4991626Z ERROR tests/test_tutorial/test_path_params_numeric_validations/test_tutorial001.py - DeprecationWarning: The anyio.abc.BlockingPortal alias is deprecated, use anyio.from_thread.BlockingPortal instead.
test-redistribute	UNKNOWN STEP	2026-09-21T06:10:40.4992246Z ERROR tests/test_tutorial/test_path_params_numeric_validations/test_tutorial001.py - DeprecationWarning: The anyio.abc.BlockingPortal alias is deprecated, use anyio.from_thread.BlockingPortal instead.
test-redistribute	UNKNOWN STEP	2026-09-21T06:10:40.4993019Z ERROR tests/test_tutorial/test_path_params_numeric_validations/test_tutorial002_tutorial003.py - DeprecationWarning: The anyio.abc.BlockingPortal alias is deprecated, use anyio.from_thread.BlockingPortal instead.
test-redistribute	UNKNOWN STEP	2026-09-21T06:10:40.4993682Z ERROR tests/test_tutorial/test_path_params_numeric_validations/test_tutorial002_tutorial003.py - DeprecationWarning: The anyio.abc.BlockingPortal alias is deprecated, use anyio.from_thread.BlockingPortal instead.
test-redistribute	UNKNOWN STEP	2026-09-21T06:10:40.4994305Z ERROR tests/test_tutorial/test_path_params_numeric_validations/test_tutorial004.py - DeprecationWarning: The anyio.abc.BlockingPortal alias is deprecated, use anyio.from_thread.BlockingPortal instead.
test-redistribute	UNKNOWN STEP	2026-09-21T06:10:40.4994924Z ERROR tests/test_tutorial/test_path_params_numeric_validations/test_tutorial005.py - DeprecationWarning: The anyio.abc.BlockingPortal alias is deprecated, use anyio.from_thread.BlockingPortal instead.
test-redistribute	UNKNOWN STEP	2026-09-21T06:10:40.4995539Z ERROR tests/test_tutorial/test_path_params_numeric_validations/test_tutorial004.py - DeprecationWarning: The anyio.abc.BlockingPortal alias is deprecated, use anyio.from_thread.BlockingPortal instead.
test-redistribute	UNKNOWN STEP	2026-09-21T06:10:40.4996170Z ERROR tests/test_tutorial/test_path_params_numeric_validations/test_tutorial006.py - DeprecationWarning: The anyio.abc.BlockingPortal alias is deprecated, use anyio.from_thread.BlockingPortal instead.
test-redistribute	UNKNOWN STEP	2026-09-21T06:10:40.4996791Z ERROR tests/test_tutorial/test_path_params_numeric_validations/test_tutorial005.py - DeprecationWarning: The anyio.abc.BlockingPortal alias is deprecated, use anyio.from_thread.BlockingPortal instead.
test-redistribute	UNKNOWN STEP	2026-09-21T06:10:40.4997408Z ERROR tests/test_tutorial/test_path_params_numeric_validations/test_tutorial006.py - DeprecationWarning: The anyio.abc.BlockingPortal alias is deprecated, use anyio.from_thread.BlockingPortal instead.
test-redistribute	UNKNOWN STEP	2026-09-21T06:10:40.4997989Z ERROR tests/test_tutorial/test_query_param_models/test_tutorial001.py - DeprecationWarning: The anyio.abc.BlockingPortal alias is deprecated, use anyio.from_thread.BlockingPortal instead.
test-redistribute	UNKNOWN STEP	2026-09-21T06:10:40.4998572Z ERROR tests/test_tutorial/test_query_param_models/test_tutorial002.py - DeprecationWarning: The anyio.abc.BlockingPortal alias is deprecated, use anyio.from_thread.BlockingPortal instead.
test-redistribute	UNKNOWN STEP	2026-09-21T06:10:40.4999142Z ERROR tests/test_tutorial/test_query_param_models/test_tutorial001.py - DeprecationWarning: The anyio.abc.BlockingPortal alias is deprecated, use anyio.from_thread.BlockingPortal instead.
test-redistribute	UNKNOWN STEP	2026-09-21T06:10:40.4999834Z ERROR tests/test_tutorial/test_query_params/test_tutorial001.py - DeprecationWarning: The anyio.abc.BlockingPortal alias is deprecated, use anyio.from_thread.BlockingPortal instead.
test-redistribute	UNKNOWN STEP	2026-09-21T06:10:40.5000411Z ERROR tests/test_tutorial/test_query_param_models/test_tutorial002.py - DeprecationWarning: The anyio.abc.BlockingPortal alias is deprecated, use anyio.from_thread.BlockingPortal instead.
test-redistribute	UNKNOWN STEP	2026-09-21T06:10:40.5000960Z ERROR tests/test_tutorial/test_query_params/test_tutorial002.py - DeprecationWarning: The anyio.abc.BlockingPortal alias is deprecated, use anyio.from_thread.BlockingPortal instead.
test-redistribute	UNKNOWN STEP	2026-09-21T06:10:40.5001633Z ERROR tests/test_tutorial/test_query_params/test_tutorial001.py - DeprecationWarning: The anyio.abc.BlockingPortal alias is deprecated, use anyio.from_thread.BlockingPortal instead.
test-redistribute	UNKNOWN STEP	2026-09-21T06:10:40.5002186Z ERROR tests/test_tutorial/test_query_params/test_tutorial002.py - DeprecationWarning: The anyio.abc.BlockingPortal alias is deprecated, use anyio.from_thread.BlockingPortal instead.
test-redistribute	UNKNOWN STEP	2026-09-21T06:10:40.5002739Z ERROR tests/test_tutorial/test_query_params/test_tutorial003.py - DeprecationWarning: The anyio.abc.BlockingPortal alias is deprecated, use anyio.from_thread.BlockingPortal instead.
test-redistribute	UNKNOWN STEP	2026-09-21T06:10:40.5003289Z ERROR tests/test_tutorial/test_query_params/test_tutorial003.py - DeprecationWarning: The anyio.abc.BlockingPortal alias is deprecated, use anyio.from_thread.BlockingPortal instead.
test-redistribute	UNKNOWN STEP	2026-09-21T06:10:40.5003840Z ERROR tests/test_tutorial/test_query_params/test_tutorial004.py - DeprecationWarning: The anyio.abc.BlockingPortal alias is deprecated, use anyio.from_thread.BlockingPortal instead.
test-redistribute	UNKNOWN STEP	2026-09-21T06:10:40.5004534Z ERROR tests/test_tutorial/test_query_params/test_tutorial004.py - DeprecationWarning: The anyio.abc.BlockingPortal alias is deprecated, use anyio.from_thread.BlockingPortal instead.
test-redistribute	UNKNOWN STEP	2026-09-21T06:10:40.5005085Z ERROR tests/test_tutorial/test_query_params/test_tutorial005.py - DeprecationWarning: The anyio.abc.BlockingPortal alias is deprecated, use anyio.from_thread.BlockingPortal instead.
test-redistribute	UNKNOWN STEP	2026-09-21T06:10:40.5005632Z ERROR tests/test_tutorial/test_query_params/test_tutorial006.py - DeprecationWarning: The anyio.abc.BlockingPortal alias is deprecated, use anyio.from_thread.BlockingPortal instead.
test-redistribute	UNKNOWN STEP	2026-09-21T06:10:40.5006183Z ERROR tests/test_tutorial/test_query_params/test_tutorial005.py - DeprecationWarning: The anyio.abc.BlockingPortal alias is deprecated, use anyio.from_thread.BlockingPortal instead.
test-redistribute	UNKNOWN STEP	2026-09-21T06:10:40.5006804Z ERROR tests/test_tutorial/test_query_params_str_validations/test_tutorial001.py - DeprecationWarning: The anyio.abc.BlockingPortal alias is deprecated, use anyio.from_thread.BlockingPortal instead.
test-redistribute	UNKNOWN STEP	2026-09-21T06:10:40.5007352Z ERROR tests/test_tutorial/test_query_params/test_tutorial006.py - DeprecationWarning: The anyio.abc.BlockingPortal alias is deprecated, use anyio.from_thread.BlockingPortal instead.
test-redistribute	UNKNOWN STEP	2026-09-21T06:10:40.5007963Z ERROR tests/test_tutorial/test_query_params_str_validations/test_tutorial001.py - DeprecationWarning: The anyio.abc.BlockingPortal alias is deprecated, use anyio.from_thread.BlockingPortal instead.
test-redistribute	UNKNOWN STEP	2026-09-21T06:10:40.5008569Z ERROR tests/test_tutorial/test_query_params_str_validations/test_tutorial002.py - DeprecationWarning: The anyio.abc.BlockingPortal alias is deprecated, use anyio.from_thread.BlockingPortal instead.
test-redistribute	UNKNOWN STEP	2026-09-21T06:10:40.5009176Z ERROR tests/test_tutorial/test_query_params_str_validations/test_tutorial002.py - DeprecationWarning: The anyio.abc.BlockingPortal alias is deprecated, use anyio.from_thread.BlockingPortal instead.
test-redistribute	UNKNOWN STEP	2026-09-21T06:10:40.5009928Z ERROR tests/test_tutorial/test_query_params_str_validations/test_tutorial003.py - DeprecationWarning: The anyio.abc.BlockingPortal alias is deprecated, use anyio.from_thread.BlockingPortal instead.
test-redistribute	UNKNOWN STEP	2026-09-21T06:10:40.5010535Z ERROR tests/test_tutorial/test_query_params_str_validations/test_tutorial003.py - DeprecationWarning: The anyio.abc.BlockingPortal alias is deprecated, use anyio.from_thread.BlockingPortal instead.
test-redistribute	UNKNOWN STEP	2026-09-21T06:10:40.5011143Z ERROR tests/test_tutorial/test_query_params_str_validations/test_tutorial004.py - DeprecationWarning: The anyio.abc.BlockingPortal alias is deprecated, use anyio.from_thread.BlockingPortal instead.
test-redistribute	UNKNOWN STEP	2026-09-21T06:10:40.5011751Z ERROR tests/test_tutorial/test_query_params_str_validations/test_tutorial004.py - DeprecationWarning: The anyio.abc.BlockingPortal alias is deprecated, use anyio.from_thread.BlockingPortal instead.
test-redistribute	UNKNOWN STEP	2026-09-21T06:10:40.5012357Z ERROR tests/test_tutorial/test_query_params_str_validations/test_tutorial005.py - DeprecationWarning: The anyio.abc.BlockingPortal alias is deprecated, use anyio.from_thread.BlockingPortal instead.
test-redistribute	UNKNOWN STEP	2026-09-21T06:10:40.5013081Z ERROR tests/test_tutorial/test_query_params_str_validations/test_tutorial005.py - DeprecationWarning: The anyio.abc.BlockingPortal alias is deprecated, use anyio.from_thread.BlockingPortal instead.
test-redistribute	UNKNOWN STEP	2026-09-21T06:10:40.5013730Z ERROR tests/test_tutorial/test_query_params_str_validations/test_tutorial006.py - DeprecationWarning: The anyio.abc.BlockingPortal alias is deprecated, use anyio.from_thread.BlockingPortal instead.
test-redistribute	UNKNOWN STEP	2026-09-21T06:10:40.5014338Z ERROR tests/test_tutorial/test_query_params_str_validations/test_tutorial006.py - DeprecationWarning: The anyio.abc.BlockingPortal alias is deprecated, use anyio.from_thread.BlockingPortal instead.
test-redistribute	UNKNOWN STEP	2026-09-21T06:10:40.5014950Z ERROR tests/test_tutorial/test_query_params_str_validations/test_tutorial006c.py - DeprecationWarning: The anyio.abc.BlockingPortal alias is deprecated, use anyio.from_thread.BlockingPortal instead.
test-redistribute	UNKNOWN STEP	2026-09-21T06:10:40.5015665Z ERROR tests/test_tutorial/test_query_params_str_validations/test_tutorial007.py - DeprecationWarning: The anyio.abc.BlockingPortal alias is deprecated, use anyio.from_thread.BlockingPortal instead.
test-redistribute	UNKNOWN STEP	2026-09-21T06:10:40.5016275Z ERROR tests/test_tutorial/test_query_params_str_validations/test_tutorial006c.py - DeprecationWarning: The anyio.abc.BlockingPortal alias is deprecated, use anyio.from_thread.BlockingPortal instead.
test-redistribute	UNKNOWN STEP	2026-09-21T06:10:40.5016884Z ERROR tests/test_tutorial/test_query_params_str_validations/test_tutorial008.py - DeprecationWarning: The anyio.abc.BlockingPortal alias is deprecated, use anyio.from_thread.BlockingPortal instead.
test-redistribute	UNKNOWN STEP	2026-09-21T06:10:40.5017491Z ERROR tests/test_tutorial/test_query_params_str_validations/test_tutorial007.py - DeprecationWarning: The anyio.abc.BlockingPortal alias is deprecated, use anyio.from_thread.BlockingPortal instead.
test-redistribute	UNKNOWN STEP	2026-09-21T06:10:40.5018098Z ERROR tests/test_tutorial/test_query_params_str_validations/test_tutorial009.py - DeprecationWarning: The anyio.abc.BlockingPortal alias is deprecated, use anyio.from_thread.BlockingPortal instead.
test-redistribute	UNKNOWN STEP	2026-09-21T06:10:40.5018709Z ERROR tests/test_tutorial/test_query_params_str_validations/test_tutorial008.py - DeprecationWarning: The anyio.abc.BlockingPortal alias is deprecated, use anyio.from_thread.BlockingPortal instead.
test-redistribute	UNKNOWN STEP	2026-09-21T06:10:40.5019313Z ERROR tests/test_tutorial/test_query_params_str_validations/test_tutorial009.py - DeprecationWarning: The anyio.abc.BlockingPortal alias is deprecated, use anyio.from_thread.BlockingPortal instead.
test-redistribute	UNKNOWN STEP	2026-09-21T06:10:40.5020037Z ERROR tests/test_tutorial/test_query_params_str_validations/test_tutorial010.py - DeprecationWarning: The anyio.abc.BlockingPortal alias is deprecated, use anyio.from_thread.BlockingPortal instead.
test-redistribute	UNKNOWN STEP	2026-09-21T06:10:40.5020651Z ERROR tests/test_tutorial/test_query_params_str_validations/test_tutorial010.py - DeprecationWarning: The anyio.abc.BlockingPortal alias is deprecated, use anyio.from_thread.BlockingPortal instead.
test-redistribute	UNKNOWN STEP	2026-09-21T06:10:40.5021267Z ERROR tests/test_tutorial/test_query_params_str_validations/test_tutorial011.py - DeprecationWarning: The anyio.abc.BlockingPortal alias is deprecated, use anyio.from_thread.BlockingPortal instead.
test-redistribute	UNKNOWN STEP	2026-09-21T06:10:40.5021872Z ERROR tests/test_tutorial/test_query_params_str_validations/test_tutorial011.py - DeprecationWarning: The anyio.abc.BlockingPortal alias is deprecated, use anyio.from_thread.BlockingPortal instead.
test-redistribute	UNKNOWN STEP	2026-09-21T06:10:40.5022478Z ERROR tests/test_tutorial/test_query_params_str_validations/test_tutorial012.py - DeprecationWarning: The anyio.abc.BlockingPortal alias is deprecated, use anyio.from_thread.BlockingPortal instead.
test-redistribute	UNKNOWN STEP	2026-09-21T06:10:40.5023081Z ERROR tests/test_tutorial/test_query_params_str_validations/test_tutorial012.py - DeprecationWarning: The anyio.abc.BlockingPortal alias is deprecated, use anyio.from_thread.BlockingPortal instead.
test-redistribute	UNKNOWN STEP	2026-09-21T06:10:40.5023689Z ERROR tests/test_tutorial/test_query_params_str_validations/test_tutorial013.py - DeprecationWarning: The anyio.abc.BlockingPortal alias is deprecated, use anyio.from_thread.BlockingPortal instead.
test-redistribute	UNKNOWN STEP	2026-09-21T06:10:40.5024414Z ERROR tests/test_tutorial/test_query_params_str_validations/test_tutorial013.py - DeprecationWarning: The anyio.abc.BlockingPortal alias is deprecated, use anyio.from_thread.BlockingPortal instead.
test-redistribute	UNKNOWN STEP	2026-09-21T06:10:40.5025022Z ERROR tests/test_tutorial/test_query_params_str_validations/test_tutorial014.py - DeprecationWarning: The anyio.abc.BlockingPortal alias is deprecated, use anyio.from_thread.BlockingPortal instead.
test-redistribute	UNKNOWN STEP	2026-09-21T06:10:40.5025633Z ERROR tests/test_tutorial/test_query_params_str_validations/test_tutorial014.py - DeprecationWarning: The anyio.abc.BlockingPortal alias is deprecated, use anyio.from_thread.BlockingPortal instead.
test-redistribute	UNKNOWN STEP	2026-09-21T06:10:40.5026241Z ERROR tests/test_tutorial/test_query_params_str_validations/test_tutorial015.py - DeprecationWarning: The anyio.abc.BlockingPortal alias is deprecated, use anyio.from_thread.BlockingPortal instead.
test-redistribute	UNKNOWN STEP	2026-09-21T06:10:40.5026904Z ERROR tests/test_tutorial/test_request_files/test_tutorial001.py - DeprecationWarning: The anyio.abc.BlockingPortal alias is deprecated, use anyio.from_thread.BlockingPortal instead.
test-redistribute	UNKNOWN STEP	2026-09-21T06:10:40.5027514Z ERROR tests/test_tutorial/test_query_params_str_validations/test_tutorial015.py - DeprecationWarning: The anyio.abc.BlockingPortal alias is deprecated, use anyio.from_thread.BlockingPortal instead.
test-redistribute	UNKNOWN STEP	2026-09-21T06:10:40.5028079Z ERROR tests/test_tutorial/test_request_files/test_tutorial001_02.py - DeprecationWarning: The anyio.abc.BlockingPortal alias is deprecated, use anyio.from_thread.BlockingPortal instead.
test-redistribute	UNKNOWN STEP	2026-09-21T06:10:40.5028636Z ERROR tests/test_tutorial/test_request_files/test_tutorial001.py - DeprecationWarning: The anyio.abc.BlockingPortal alias is deprecated, use anyio.from_thread.BlockingPortal instead.
test-redistribute	UNKNOWN STEP	2026-09-21T06:10:40.5029202Z ERROR tests/test_tutorial/test_request_files/test_tutorial001_02.py - DeprecationWarning: The anyio.abc.BlockingPortal alias is deprecated, use anyio.from_thread.BlockingPortal instead.
test-redistribute	UNKNOWN STEP	2026-09-21T06:10:40.5029886Z ERROR tests/test_tutorial/test_request_files/test_tutorial001_03.py - DeprecationWarning: The anyio.abc.BlockingPortal alias is deprecated, use anyio.from_thread.BlockingPortal instead.
test-redistribute	UNKNOWN STEP	2026-09-21T06:10:40.5030452Z ERROR tests/test_tutorial/test_request_files/test_tutorial001_03.py - DeprecationWarning: The anyio.abc.BlockingPortal alias is deprecated, use anyio.from_thread.BlockingPortal instead.
test-redistribute	UNKNOWN STEP	2026-09-21T06:10:40.5031008Z ERROR tests/test_tutorial/test_request_files/test_tutorial002.py - DeprecationWarning: The anyio.abc.BlockingPortal alias is deprecated, use anyio.from_thread.BlockingPortal instead.
test-redistribute	UNKNOWN STEP	2026-09-21T06:10:40.5031562Z ERROR tests/test_tutorial/test_request_files/test_tutorial002.py - DeprecationWarning: The anyio.abc.BlockingPortal alias is deprecated, use anyio.from_thread.BlockingPortal instead.
test-redistribute	UNKNOWN STEP	2026-09-21T06:10:40.5032119Z ERROR tests/test_tutorial/test_request_files/test_tutorial003.py - DeprecationWarning: The anyio.abc.BlockingPortal alias is deprecated, use anyio.from_thread.BlockingPortal instead.
test-redistribute	UNKNOWN STEP	2026-09-21T06:10:40.5032683Z ERROR tests/test_tutorial/test_request_files/test_tutorial003.py - DeprecationWarning: The anyio.abc.BlockingPortal alias is deprecated, use anyio.from_thread.BlockingPortal instead.
test-redistribute	UNKNOWN STEP	2026-09-21T06:10:40.5033261Z ERROR tests/test_tutorial/test_request_form_models/test_tutorial001.py - DeprecationWarning: The anyio.abc.BlockingPortal alias is deprecated, use anyio.from_thread.BlockingPortal instead.
test-redistribute	UNKNOWN STEP	2026-09-21T06:10:40.5033839Z ERROR tests/test_tutorial/test_request_form_models/test_tutorial001.py - DeprecationWarning: The anyio.abc.BlockingPortal alias is deprecated, use anyio.from_thread.BlockingPortal instead.
test-redistribute	UNKNOWN STEP	2026-09-21T06:10:40.5034416Z ERROR tests/test_tutorial/test_request_form_models/test_tutorial002.py - DeprecationWarning: The anyio.abc.BlockingPortal alias is deprecated, use anyio.from_thread.BlockingPortal instead.
test-redistribute	UNKNOWN STEP	2026-09-21T06:10:40.5035109Z ERROR tests/test_tutorial/test_request_form_models/test_tutorial002.py - DeprecationWarning: The anyio.abc.BlockingPortal alias is deprecated, use anyio.from_thread.BlockingPortal instead.
test-redistribute	UNKNOWN STEP	2026-09-21T06:10:40.5035672Z ERROR tests/test_tutorial/test_request_forms/test_tutorial001.py - DeprecationWarning: The anyio.abc.BlockingPortal alias is deprecated, use anyio.from_thread.BlockingPortal instead.
test-redistribute	UNKNOWN STEP	2026-09-21T06:10:40.5036260Z ERROR tests/test_tutorial/test_request_forms_and_files/test_tutorial001.py - DeprecationWarning: The anyio.abc.BlockingPortal alias is deprecated, use anyio.from_thread.BlockingPortal instead.
test-redistribute	UNKNOWN STEP	2026-09-21T06:10:40.5036870Z ERROR tests/test_tutorial/test_response_change_status_code/test_tutorial001.py - DeprecationWarning: The anyio.abc.BlockingPortal alias is deprecated, use anyio.from_thread.BlockingPortal instead.
test-redistribute	UNKNOWN STEP	2026-09-21T06:10:40.5037428Z ERROR tests/test_tutorial/test_request_forms/test_tutorial001.py - DeprecationWarning: The anyio.abc.BlockingPortal alias is deprecated, use anyio.from_thread.BlockingPortal instead.
test-redistribute	UNKNOWN STEP	2026-09-21T06:10:40.5038124Z ERROR tests/test_tutorial/test_request_forms_and_files/test_tutorial001.py - DeprecationWarning: The anyio.abc.BlockingPortal alias is deprecated, use anyio.from_thread.BlockingPortal instead.
test-redistribute	UNKNOWN STEP	2026-09-21T06:10:40.5038738Z ERROR tests/test_tutorial/test_response_change_status_code/test_tutorial001.py - DeprecationWarning: The anyio.abc.BlockingPortal alias is deprecated, use anyio.from_thread.BlockingPortal instead.
test-redistribute	UNKNOWN STEP	2026-09-21T06:10:40.5039311Z ERROR tests/test_tutorial/test_response_cookies/test_tutorial001.py - DeprecationWarning: The anyio.abc.BlockingPortal alias is deprecated, use anyio.from_thread.BlockingPortal instead.
test-redistribute	UNKNOWN STEP	2026-09-21T06:10:40.5039989Z ERROR tests/test_tutorial/test_response_cookies/test_tutorial001.py - DeprecationWarning: The anyio.abc.BlockingPortal alias is deprecated, use anyio.from_thread.BlockingPortal instead.
test-redistribute	UNKNOWN STEP	2026-09-21T06:10:40.5040559Z ERROR tests/test_tutorial/test_response_cookies/test_tutorial002.py - DeprecationWarning: The anyio.abc.BlockingPortal alias is deprecated, use anyio.from_thread.BlockingPortal instead.
test-redistribute	UNKNOWN STEP	2026-09-21T06:10:40.5041138Z ERROR tests/test_tutorial/test_response_cookies/test_tutorial002.py - DeprecationWarning: The anyio.abc.BlockingPortal alias is deprecated, use anyio.from_thread.BlockingPortal instead.
test-redistribute	UNKNOWN STEP	2026-09-21T06:10:40.5041711Z ERROR tests/test_tutorial/test_response_directly/test_tutorial001.py - DeprecationWarning: The anyio.abc.BlockingPortal alias is deprecated, use anyio.from_thread.BlockingPortal instead.
test-redistribute	UNKNOWN STEP	2026-09-21T06:10:40.5042286Z ERROR tests/test_tutorial/test_response_directly/test_tutorial001.py - DeprecationWarning: The anyio.abc.BlockingPortal alias is deprecated, use anyio.from_thread.BlockingPortal instead.
test-redistribute	UNKNOWN STEP	2026-09-21T06:10:40.5042856Z ERROR tests/test_tutorial/test_response_directly/test_tutorial002.py - DeprecationWarning: The anyio.abc.BlockingPortal alias is deprecated, use anyio.from_thread.BlockingPortal instead.
test-redistribute	UNKNOWN STEP	2026-09-21T06:10:40.5043432Z ERROR tests/test_tutorial/test_response_directly/test_tutorial002.py - DeprecationWarning: The anyio.abc.BlockingPortal alias is deprecated, use anyio.from_thread.BlockingPortal instead.
test-redistribute	UNKNOWN STEP	2026-09-21T06:10:40.5044003Z ERROR tests/test_tutorial/test_response_headers/test_tutorial001.py - DeprecationWarning: The anyio.abc.BlockingPortal alias is deprecated, use anyio.from_thread.BlockingPortal instead.
test-redistribute	UNKNOWN STEP	2026-09-21T06:10:40.5044569Z ERROR tests/test_tutorial/test_response_headers/test_tutorial001.py - DeprecationWarning: The anyio.abc.BlockingPortal alias is deprecated, use anyio.from_thread.BlockingPortal instead.
test-redistribute	UNKNOWN STEP	2026-09-21T06:10:40.5045141Z ERROR tests/test_tutorial/test_response_headers/test_tutorial002.py - DeprecationWarning: The anyio.abc.BlockingPortal alias is deprecated, use anyio.from_thread.BlockingPortal instead.
test-redistribute	UNKNOWN STEP	2026-09-21T06:10:40.5045709Z ERROR tests/test_tutorial/test_response_headers/test_tutorial002.py - DeprecationWarning: The anyio.abc.BlockingPortal alias is deprecated, use anyio.from_thread.BlockingPortal instead.
test-redistribute	UNKNOWN STEP	2026-09-21T06:10:40.5046437Z ERROR tests/test_tutorial/test_response_model/test_tutorial001_tutorial001_01.py - DeprecationWarning: The anyio.abc.BlockingPortal alias is deprecated, use anyio.from_thread.BlockingPortal instead.
test-redistribute	UNKNOWN STEP	2026-09-21T06:10:40.5047050Z ERROR tests/test_tutorial/test_response_model/test_tutorial001_tutorial001_01.py - DeprecationWarning: The anyio.abc.BlockingPortal alias is deprecated, use anyio.from_thread.BlockingPortal instead.
test-redistribute	UNKNOWN STEP	2026-09-21T06:10:40.5047616Z ERROR tests/test_tutorial/test_response_model/test_tutorial002.py - DeprecationWarning: The anyio.abc.BlockingPortal alias is deprecated, use anyio.from_thread.BlockingPortal instead.
test-redistribute	UNKNOWN STEP	2026-09-21T06:10:40.5048177Z ERROR tests/test_tutorial/test_response_model/test_tutorial003.py - DeprecationWarning: The anyio.abc.BlockingPortal alias is deprecated, use anyio.from_thread.BlockingPortal instead.
test-redistribute	UNKNOWN STEP	2026-09-21T06:10:40.5048744Z ERROR tests/test_tutorial/test_response_model/test_tutorial003_01.py - DeprecationWarning: The anyio.abc.BlockingPortal alias is deprecated, use anyio.from_thread.BlockingPortal instead.
test-redistribute	UNKNOWN STEP	2026-09-21T06:10:40.5049412Z ERROR tests/test_tutorial/test_response_model/test_tutorial002.py - DeprecationWarning: The anyio.abc.BlockingPortal alias is deprecated, use anyio.from_thread.BlockingPortal instead.
test-redistribute	UNKNOWN STEP	2026-09-21T06:10:40.5050082Z ERROR tests/test_tutorial/test_response_model/test_tutorial003.py - DeprecationWarning: The anyio.abc.BlockingPortal alias is deprecated, use anyio.from_thread.BlockingPortal instead.
test-redistribute	UNKNOWN STEP	2026-09-21T06:10:40.5050648Z ERROR tests/test_tutorial/test_response_model/test_tutorial003_01.py - DeprecationWarning: The anyio.abc.BlockingPortal alias is deprecated, use anyio.from_thread.BlockingPortal instead.
test-redistribute	UNKNOWN STEP	2026-09-21T06:10:40.5051211Z ERROR tests/test_tutorial/test_response_model/test_tutorial003_02.py - DeprecationWarning: The anyio.abc.BlockingPortal alias is deprecated, use anyio.from_thread.BlockingPortal instead.
test-redistribute	UNKNOWN STEP	2026-09-21T06:10:40.5051778Z ERROR tests/test_tutorial/test_response_model/test_tutorial003_02.py - DeprecationWarning: The anyio.abc.BlockingPortal alias is deprecated, use anyio.from_thread.BlockingPortal instead.
test-redistribute	UNKNOWN STEP	2026-09-21T06:10:40.5052350Z ERROR tests/test_tutorial/test_response_model/test_tutorial003_03.py - DeprecationWarning: The anyio.abc.BlockingPortal alias is deprecated, use anyio.from_thread.BlockingPortal instead.
test-redistribute	UNKNOWN STEP	2026-09-21T06:10:40.5052911Z ERROR tests/test_tutorial/test_response_model/test_tutorial003_03.py - DeprecationWarning: The anyio.abc.BlockingPortal alias is deprecated, use anyio.from_thread.BlockingPortal instead.
test-redistribute	UNKNOWN STEP	2026-09-21T06:10:40.5053476Z ERROR tests/test_tutorial/test_response_model/test_tutorial003_05.py - DeprecationWarning: The anyio.abc.BlockingPortal alias is deprecated, use anyio.from_thread.BlockingPortal instead.
test-redistribute	UNKNOWN STEP	2026-09-21T06:10:40.5054039Z ERROR tests/test_tutorial/test_response_model/test_tutorial003_05.py - DeprecationWarning: The anyio.abc.BlockingPortal alias is deprecated, use anyio.from_thread.BlockingPortal instead.
test-redistribute	UNKNOWN STEP	2026-09-21T06:10:40.5054603Z ERROR tests/test_tutorial/test_response_model/test_tutorial004.py - DeprecationWarning: The anyio.abc.BlockingPortal alias is deprecated, use anyio.from_thread.BlockingPortal instead.
test-redistribute	UNKNOWN STEP	2026-09-21T06:10:40.5055165Z ERROR tests/test_tutorial/test_response_model/test_tutorial004.py - DeprecationWarning: The anyio.abc.BlockingPortal alias is deprecated, use anyio.from_thread.BlockingPortal instead.
test-redistribute	UNKNOWN STEP	2026-09-21T06:10:40.5055724Z ERROR tests/test_tutorial/test_response_model/test_tutorial005.py - DeprecationWarning: The anyio.abc.BlockingPortal alias is deprecated, use anyio.from_thread.BlockingPortal instead.
test-redistribute	UNKNOWN STEP	2026-09-21T06:10:40.5056278Z ERROR tests/test_tutorial/test_response_model/test_tutorial005.py - DeprecationWarning: The anyio.abc.BlockingPortal alias is deprecated, use anyio.from_thread.BlockingPortal instead.
test-redistribute	UNKNOWN STEP	2026-09-21T06:10:40.5056838Z ERROR tests/test_tutorial/test_response_model/test_tutorial006.py - DeprecationWarning: The anyio.abc.BlockingPortal alias is deprecated, use anyio.from_thread.BlockingPortal instead.
test-redistribute	UNKNOWN STEP	2026-09-21T06:10:40.5057511Z ERROR tests/test_tutorial/test_response_model/test_tutorial006.py - DeprecationWarning: The anyio.abc.BlockingPortal alias is deprecated, use anyio.from_thread.BlockingPortal instead.
test-redistribute	UNKNOWN STEP	2026-09-21T06:10:40.5058151Z ERROR tests/test_tutorial/test_response_status_code/test_tutorial001_tutorial002.py - DeprecationWarning: The anyio.abc.BlockingPortal alias is deprecated, use anyio.from_thread.BlockingPortal instead.
test-redistribute	UNKNOWN STEP	2026-09-21T06:10:40.5058737Z ERROR tests/test_tutorial/test_schema_extra_example/test_tutorial001.py - DeprecationWarning: The anyio.abc.BlockingPortal alias is deprecated, use anyio.from_thread.BlockingPortal instead.
test-redistribute	UNKNOWN STEP	2026-09-21T06:10:40.5059316Z ERROR tests/test_tutorial/test_schema_extra_example/test_tutorial002.py - DeprecationWarning: The anyio.abc.BlockingPortal alias is deprecated, use anyio.from_thread.BlockingPortal instead.
test-redistribute	UNKNOWN STEP	2026-09-21T06:10:40.5060049Z ERROR tests/test_tutorial/test_response_status_code/test_tutorial001_tutorial002.py - DeprecationWarning: The anyio.abc.BlockingPortal alias is deprecated, use anyio.from_thread.BlockingPortal instead.
test-redistribute	UNKNOWN STEP	2026-09-21T06:10:40.5060758Z ERROR tests/test_tutorial/test_schema_extra_example/test_tutorial001.py - DeprecationWarning: The anyio.abc.BlockingPortal alias is deprecated, use anyio.from_thread.BlockingPortal instead.
test-redistribute	UNKNOWN STEP	2026-09-21T06:10:40.5061336Z ERROR tests/test_tutorial/test_schema_extra_example/test_tutorial002.py - DeprecationWarning: The anyio.abc.BlockingPortal alias is deprecated, use anyio.from_thread.BlockingPortal instead.
test-redistribute	UNKNOWN STEP	2026-09-21T06:10:40.5061920Z ERROR tests/test_tutorial/test_schema_extra_example/test_tutorial003.py - DeprecationWarning: The anyio.abc.BlockingPortal alias is deprecated, use anyio.from_thread.BlockingPortal instead.
test-redistribute	UNKNOWN STEP	2026-09-21T06:10:40.5062498Z ERROR tests/test_tutorial/test_schema_extra_example/test_tutorial003.py - DeprecationWarning: The anyio.abc.BlockingPortal alias is deprecated, use anyio.from_thread.BlockingPortal instead.
test-redistribute	UNKNOWN STEP	2026-09-21T06:10:40.5063082Z ERROR tests/test_tutorial/test_schema_extra_example/test_tutorial004.py - DeprecationWarning: The anyio.abc.BlockingPortal alias is deprecated, use anyio.from_thread.BlockingPortal instead.
test-redistribute	UNKNOWN STEP	2026-09-21T06:10:40.5063666Z ERROR tests/test_tutorial/test_schema_extra_example/test_tutorial004.py - DeprecationWarning: The anyio.abc.BlockingPortal alias is deprecated, use anyio.from_thread.BlockingPortal instead.
test-redistribute	UNKNOWN STEP	2026-09-21T06:10:40.5064243Z ERROR tests/test_tutorial/test_schema_extra_example/test_tutorial005.py - DeprecationWarning: The anyio.abc.BlockingPortal alias is deprecated, use anyio.from_thread.BlockingPortal instead.
test-redistribute	UNKNOWN STEP	2026-09-21T06:10:40.5064820Z ERROR tests/test_tutorial/test_schema_extra_example/test_tutorial005.py - DeprecationWarning: The anyio.abc.BlockingPortal alias is deprecated, use anyio.from_thread.BlockingPortal instead.
test-redistribute	UNKNOWN STEP	2026-09-21T06:10:40.5065365Z ERROR tests/test_tutorial/test_security/test_tutorial001.py - DeprecationWarning: The anyio.abc.BlockingPortal alias is deprecated, use anyio.from_thread.BlockingPortal instead.
test-redistribute	UNKNOWN STEP	2026-09-21T06:10:40.5065911Z ERROR tests/test_tutorial/test_security/test_tutorial001.py - DeprecationWarning: The anyio.abc.BlockingPortal alias is deprecated, use anyio.from_thread.BlockingPortal instead.
test-redistribute	UNKNOWN STEP	2026-09-21T06:10:40.5066452Z ERROR tests/test_tutorial/test_security/test_tutorial002.py - DeprecationWarning: The anyio.abc.BlockingPortal alias is deprecated, use anyio.from_thread.BlockingPortal instead.
test-redistribute	UNKNOWN STEP	2026-09-21T06:10:40.5066993Z ERROR tests/test_tutorial/test_security/test_tutorial002.py - DeprecationWarning: The anyio.abc.BlockingPortal alias is deprecated, use anyio.from_thread.BlockingPortal instead.
test-redistribute	UNKNOWN STEP	2026-09-21T06:10:40.5067533Z ERROR tests/test_tutorial/test_security/test_tutorial003.py - DeprecationWarning: The anyio.abc.BlockingPortal alias is deprecated, use anyio.from_thread.BlockingPortal instead.
test-redistribute	UNKNOWN STEP	2026-09-21T06:10:40.5068073Z ERROR tests/test_tutorial/test_security/test_tutorial003.py - DeprecationWarning: The anyio.abc.BlockingPortal alias is deprecated, use anyio.from_thread.BlockingPortal instead.
test-redistribute	UNKNOWN STEP	2026-09-21T06:10:40.5068725Z ERROR tests/test_tutorial/test_security/test_tutorial004.py - DeprecationWarning: The anyio.abc.BlockingPortal alias is deprecated, use anyio.from_thread.BlockingPortal instead.
test-redistribute	UNKNOWN STEP	2026-09-21T06:10:40.5069266Z ERROR tests/test_tutorial/test_security/test_tutorial004.py - DeprecationWarning: The anyio.abc.BlockingPortal alias is deprecated, use anyio.from_thread.BlockingPortal instead.
test-redistribute	UNKNOWN STEP	2026-09-21T06:10:40.5069916Z ERROR tests/test_tutorial/test_security/test_tutorial005.py - DeprecationWarning: The anyio.abc.BlockingPortal alias is deprecated, use anyio.from_thread.BlockingPortal instead.
test-redistribute	UNKNOWN STEP	2026-09-21T06:10:40.5070455Z ERROR tests/test_tutorial/test_security/test_tutorial005.py - DeprecationWarning: The anyio.abc.BlockingPortal alias is deprecated, use anyio.from_thread.BlockingPortal instead.
test-redistribute	UNKNOWN STEP	2026-09-21T06:10:40.5070992Z ERROR tests/test_tutorial/test_security/test_tutorial006.py - DeprecationWarning: The anyio.abc.BlockingPortal alias is deprecated, use anyio.from_thread.BlockingPortal instead.
test-redistribute	UNKNOWN STEP	2026-09-21T06:10:40.5071649Z ERROR tests/test_tutorial/test_security/test_tutorial006.py - DeprecationWarning: The anyio.abc.BlockingPortal alias is deprecated, use anyio.from_thread.BlockingPortal instead.
test-redistribute	UNKNOWN STEP	2026-09-21T06:10:40.5072184Z ERROR tests/test_tutorial/test_security/test_tutorial007.py - DeprecationWarning: The anyio.abc.BlockingPortal alias is deprecated, use anyio.from_thread.BlockingPortal instead.
test-redistribute	UNKNOWN STEP	2026-09-21T06:10:40.5072719Z ERROR tests/test_tutorial/test_security/test_tutorial007.py - DeprecationWarning: The anyio.abc.BlockingPortal alias is deprecated, use anyio.from_thread.BlockingPortal instead.
test-redistribute	UNKNOWN STEP	2026-09-21T06:10:40.5073320Z ERROR tests/test_tutorial/test_separate_openapi_schemas/test_tutorial001.py - DeprecationWarning: The anyio.abc.BlockingPortal alias is deprecated, use anyio.from_thread.BlockingPortal instead.
test-redistribute	UNKNOWN STEP	2026-09-21T06:10:40.5073914Z ERROR tests/test_tutorial/test_separate_openapi_schemas/test_tutorial001.py - DeprecationWarning: The anyio.abc.BlockingPortal alias is deprecated, use anyio.from_thread.BlockingPortal instead.
test-redistribute	UNKNOWN STEP	2026-09-21T06:10:40.5074517Z ERROR tests/test_tutorial/test_separate_openapi_schemas/test_tutorial002.py - DeprecationWarning: The anyio.abc.BlockingPortal alias is deprecated, use anyio.from_thread.BlockingPortal instead.
test-redistribute	UNKNOWN STEP	2026-09-21T06:10:40.5075112Z ERROR tests/test_tutorial/test_separate_openapi_schemas/test_tutorial002.py - DeprecationWarning: The anyio.abc.BlockingPortal alias is deprecated, use anyio.from_thread.BlockingPortal instead.
test-redistribute	UNKNOWN STEP	2026-09-21T06:10:40.5075688Z ERROR tests/test_tutorial/test_server_sent_events/test_tutorial001.py - DeprecationWarning: The anyio.abc.BlockingPortal alias is deprecated, use anyio.from_thread.BlockingPortal instead.
test-redistribute	UNKNOWN STEP	2026-09-21T06:10:40.5076264Z ERROR tests/test_tutorial/test_server_sent_events/test_tutorial001.py - DeprecationWarning: The anyio.abc.BlockingPortal alias is deprecated, use anyio.from_thread.BlockingPortal instead.
test-redistribute	UNKNOWN STEP	2026-09-21T06:10:40.5076840Z ERROR tests/test_tutorial/test_server_sent_events/test_tutorial002.py - DeprecationWarning: The anyio.abc.BlockingPortal alias is deprecated, use anyio.from_thread.BlockingPortal instead.
test-redistribute	UNKNOWN STEP	2026-09-21T06:10:40.5077416Z ERROR tests/test_tutorial/test_server_sent_events/test_tutorial002.py - DeprecationWarning: The anyio.abc.BlockingPortal alias is deprecated, use anyio.from_thread.BlockingPortal instead.
test-redistribute	UNKNOWN STEP	2026-09-21T06:10:40.5077988Z ERROR tests/test_tutorial/test_server_sent_events/test_tutorial003.py - DeprecationWarning: The anyio.abc.BlockingPortal alias is deprecated, use anyio.from_thread.BlockingPortal instead.
test-redistribute	UNKNOWN STEP	2026-09-21T06:10:40.5078561Z ERROR tests/test_tutorial/test_server_sent_events/test_tutorial003.py - DeprecationWarning: The anyio.abc.BlockingPortal alias is deprecated, use anyio.from_thread.BlockingPortal instead.
test-redistribute	UNKNOWN STEP	2026-09-21T06:10:40.5079130Z ERROR tests/test_tutorial/test_server_sent_events/test_tutorial004.py - DeprecationWarning: The anyio.abc.BlockingPortal alias is deprecated, use anyio.from_thread.BlockingPortal instead.
test-redistribute	UNKNOWN STEP	2026-09-21T06:10:40.5079928Z ERROR tests/test_tutorial/test_server_sent_events/test_tutorial004.py - DeprecationWarning: The anyio.abc.BlockingPortal alias is deprecated, use anyio.from_thread.BlockingPortal instead.
test-redistribute	UNKNOWN STEP	2026-09-21T06:10:40.5080506Z ERROR tests/test_tutorial/test_server_sent_events/test_tutorial005.py - DeprecationWarning: The anyio.abc.BlockingPortal alias is deprecated, use anyio.from_thread.BlockingPortal instead.
test-redistribute	UNKNOWN STEP	2026-09-21T06:10:40.5081084Z ERROR tests/test_tutorial/test_server_sent_events/test_tutorial005.py - DeprecationWarning: The anyio.abc.BlockingPortal alias is deprecated, use anyio.from_thread.BlockingPortal instead.
test-redistribute	UNKNOWN STEP	2026-09-21T06:10:40.5081613Z ERROR tests/test_tutorial/test_settings/test_app01.py - DeprecationWarning: The anyio.abc.BlockingPortal alias is deprecated, use anyio.from_thread.BlockingPortal instead.
test-redistribute	UNKNOWN STEP	2026-09-21T06:10:40.5082130Z ERROR tests/test_tutorial/test_settings/test_app01.py - DeprecationWarning: The anyio.abc.BlockingPortal alias is deprecated, use anyio.from_thread.BlockingPortal instead.
test-redistribute	UNKNOWN STEP	2026-09-21T06:10:40.5082760Z ERROR tests/test_tutorial/test_settings/test_app03.py - DeprecationWarning: The anyio.abc.BlockingPortal alias is deprecated, use anyio.from_thread.BlockingPortal instead.
test-redistribute	UNKNOWN STEP	2026-09-21T06:10:40.5083279Z ERROR tests/test_tutorial/test_settings/test_app03.py - DeprecationWarning: The anyio.abc.BlockingPortal alias is deprecated, use anyio.from_thread.BlockingPortal instead.
test-redistribute	UNKNOWN STEP	2026-09-21T06:10:40.5083819Z ERROR tests/test_tutorial/test_settings/test_tutorial001.py - DeprecationWarning: The anyio.abc.BlockingPortal alias is deprecated, use anyio.from_thread.BlockingPortal instead.
test-redistribute	UNKNOWN STEP	2026-09-21T06:10:40.5084362Z ERROR tests/test_tutorial/test_settings/test_tutorial001.py - DeprecationWarning: The anyio.abc.BlockingPortal alias is deprecated, use anyio.from_thread.BlockingPortal instead.
test-redistribute	UNKNOWN STEP	2026-09-21T06:10:40.5084922Z ERROR tests/test_tutorial/test_sql_databases/test_tutorial001.py - DeprecationWarning: The anyio.abc.BlockingPortal alias is deprecated, use anyio.from_thread.BlockingPortal instead.
test-redistribute	UNKNOWN STEP	2026-09-21T06:10:40.5085488Z ERROR tests/test_tutorial/test_sql_databases/test_tutorial001.py - DeprecationWarning: The anyio.abc.BlockingPortal alias is deprecated, use anyio.from_thread.BlockingPortal instead.
test-redistribute	UNKNOWN STEP	2026-09-21T06:10:40.5086043Z ERROR tests/test_tutorial/test_sql_databases/test_tutorial002.py - DeprecationWarning: The anyio.abc.BlockingPortal alias is deprecated, use anyio.from_thread.BlockingPortal instead.
test-redistribute	UNKNOWN STEP	2026-09-21T06:10:40.5086604Z ERROR tests/test_tutorial/test_sql_databases/test_tutorial002.py - DeprecationWarning: The anyio.abc.BlockingPortal alias is deprecated, use anyio.from_thread.BlockingPortal instead.
test-redistribute	UNKNOWN STEP	2026-09-21T06:10:40.5087164Z ERROR tests/test_tutorial/test_static_files/test_tutorial001.py - DeprecationWarning: The anyio.abc.BlockingPortal alias is deprecated, use anyio.from_thread.BlockingPortal instead.
test-redistribute	UNKNOWN STEP	2026-09-21T06:10:40.5087719Z ERROR tests/test_tutorial/test_static_files/test_tutorial001.py - DeprecationWarning: The anyio.abc.BlockingPortal alias is deprecated, use anyio.from_thread.BlockingPortal instead.
test-redistribute	UNKNOWN STEP	2026-09-21T06:10:40.5088273Z ERROR tests/test_tutorial/test_stream_data/test_tutorial001.py - DeprecationWarning: The anyio.abc.BlockingPortal alias is deprecated, use anyio.from_thread.BlockingPortal instead.
test-redistribute	UNKNOWN STEP	2026-09-21T06:10:40.5088824Z ERROR tests/test_tutorial/test_stream_data/test_tutorial001.py - DeprecationWarning: The anyio.abc.BlockingPortal alias is deprecated, use anyio.from_thread.BlockingPortal instead.
test-redistribute	UNKNOWN STEP	2026-09-21T06:10:40.5089376Z ERROR tests/test_tutorial/test_stream_data/test_tutorial002.py - DeprecationWarning: The anyio.abc.BlockingPortal alias is deprecated, use anyio.from_thread.BlockingPortal instead.
test-redistribute	UNKNOWN STEP	2026-09-21T06:10:40.5090033Z ERROR tests/test_tutorial/test_stream_data/test_tutorial002.py - DeprecationWarning: The anyio.abc.BlockingPortal alias is deprecated, use anyio.from_thread.BlockingPortal instead.
test-redistribute	UNKNOWN STEP	2026-09-21T06:10:40.5090613Z ERROR tests/test_tutorial/test_stream_json_lines/test_tutorial001.py - DeprecationWarning: The anyio.abc.BlockingPortal alias is deprecated, use anyio.from_thread.BlockingPortal instead.
test-redistribute	UNKNOWN STEP	2026-09-21T06:10:40.5091339Z ERROR tests/test_tutorial/test_stream_json_lines/test_tutorial001.py - DeprecationWarning: The anyio.abc.BlockingPortal alias is deprecated, use anyio.from_thread.BlockingPortal instead.
test-redistribute	UNKNOWN STEP	2026-09-21T06:10:40.5091921Z ERROR tests/test_tutorial/test_strict_content_type/test_tutorial001.py - DeprecationWarning: The anyio.abc.BlockingPortal alias is deprecated, use anyio.from_thread.BlockingPortal instead.
test-redistribute	UNKNOWN STEP	2026-09-21T06:10:40.5092502Z ERROR tests/test_tutorial/test_strict_content_type/test_tutorial001.py - DeprecationWarning: The anyio.abc.BlockingPortal alias is deprecated, use anyio.from_thread.BlockingPortal instead.
test-redistribute	UNKNOWN STEP	2026-09-21T06:10:40.5093070Z ERROR tests/test_tutorial/test_sub_applications/test_tutorial001.py - DeprecationWarning: The anyio.abc.BlockingPortal alias is deprecated, use anyio.from_thread.BlockingPortal instead.
test-redistribute	UNKNOWN STEP	2026-09-21T06:10:40.5093645Z ERROR tests/test_tutorial/test_sub_applications/test_tutorial001.py - DeprecationWarning: The anyio.abc.BlockingPortal alias is deprecated, use anyio.from_thread.BlockingPortal instead.
test-redistribute	UNKNOWN STEP	2026-09-21T06:10:40.5094306Z ERROR tests/test_tutorial/test_templates/test_tutorial001.py - DeprecationWarning: The anyio.abc.BlockingPortal alias is deprecated, use anyio.from_thread.BlockingPortal instead.
test-redistribute	UNKNOWN STEP	2026-09-21T06:10:40.5094848Z ERROR tests/test_tutorial/test_templates/test_tutorial001.py - DeprecationWarning: The anyio.abc.BlockingPortal alias is deprecated, use anyio.from_thread.BlockingPortal instead.
test-redistribute	UNKNOWN STEP	2026-09-21T06:10:40.5095371Z ERROR tests/test_tutorial/test_testing/test_main_a.py - DeprecationWarning: The anyio.abc.BlockingPortal alias is deprecated, use anyio.from_thread.BlockingPortal instead.
test-redistribute	UNKNOWN STEP	2026-09-21T06:10:40.5095888Z ERROR tests/test_tutorial/test_testing/test_main_a.py - DeprecationWarning: The anyio.abc.BlockingPortal alias is deprecated, use anyio.from_thread.BlockingPortal instead.
test-redistribute	UNKNOWN STEP	2026-09-21T06:10:40.5096425Z ERROR tests/test_tutorial/test_testing/test_tutorial001.py - DeprecationWarning: The anyio.abc.BlockingPortal alias is deprecated, use anyio.from_thread.BlockingPortal instead.
test-redistribute	UNKNOWN STEP	2026-09-21T06:10:40.5096973Z ERROR tests/test_tutorial/test_testing/test_tutorial001.py - DeprecationWarning: The anyio.abc.BlockingPortal alias is deprecated, use anyio.from_thread.BlockingPortal instead.
test-redistribute	UNKNOWN STEP	2026-09-21T06:10:40.5097510Z ERROR tests/test_tutorial/test_testing/test_tutorial002.py - DeprecationWarning: The anyio.abc.BlockingPortal alias is deprecated, use anyio.from_thread.BlockingPortal instead.
test-redistribute	UNKNOWN STEP	2026-09-21T06:10:40.5098044Z ERROR tests/test_tutorial/test_testing/test_tutorial002.py - DeprecationWarning: The anyio.abc.BlockingPortal alias is deprecated, use anyio.from_thread.BlockingPortal instead.
test-redistribute	UNKNOWN STEP	2026-09-21T06:10:40.5098586Z ERROR tests/test_tutorial/test_testing/test_tutorial004.py - DeprecationWarning: The anyio.abc.BlockingPortal alias is deprecated, use anyio.from_thread.BlockingPortal instead.
test-redistribute	UNKNOWN STEP	2026-09-21T06:10:40.5099125Z ERROR tests/test_tutorial/test_testing/test_tutorial004.py - DeprecationWarning: The anyio.abc.BlockingPortal alias is deprecated, use anyio.from_thread.BlockingPortal instead.
test-redistribute	UNKNOWN STEP	2026-09-21T06:10:40.5099834Z ERROR tests/test_tutorial/test_using_request_directly/test_tutorial001.py - DeprecationWarning: The anyio.abc.BlockingPortal alias is deprecated, use anyio.from_thread.BlockingPortal instead.
test-redistribute	UNKNOWN STEP	2026-09-21T06:10:40.5100433Z ERROR tests/test_tutorial/test_using_request_directly/test_tutorial001.py - DeprecationWarning: The anyio.abc.BlockingPortal alias is deprecated, use anyio.from_thread.BlockingPortal instead.
test-redistribute	UNKNOWN STEP	2026-09-21T06:10:40.5100983Z ERROR tests/test_tutorial/test_websockets/test_tutorial001.py - DeprecationWarning: The anyio.abc.BlockingPortal alias is deprecated, use anyio.from_thread.BlockingPortal instead.
test-redistribute	UNKNOWN STEP	2026-09-21T06:10:40.5101535Z ERROR tests/test_tutorial/test_websockets/test_tutorial001.py - DeprecationWarning: The anyio.abc.BlockingPortal alias is deprecated, use anyio.from_thread.BlockingPortal instead.
test-redistribute	UNKNOWN STEP	2026-09-21T06:10:40.5102210Z ERROR tests/test_tutorial/test_websockets/test_tutorial002.py - DeprecationWarning: The anyio.abc.BlockingPortal alias is deprecated, use anyio.from_thread.BlockingPortal instead.
test-redistribute	UNKNOWN STEP	2026-09-21T06:10:40.5102760Z ERROR tests/test_tutorial/test_websockets/test_tutorial002.py - DeprecationWarning: The anyio.abc.BlockingPortal alias is deprecated, use anyio.from_thread.BlockingPortal instead.
test-redistribute	UNKNOWN STEP	2026-09-21T06:10:40.5103310Z ERROR tests/test_tutorial/test_websockets/test_tutorial003.py - DeprecationWarning: The anyio.abc.BlockingPortal alias is deprecated, use anyio.from_thread.BlockingPortal instead.
test-redistribute	UNKNOWN STEP	2026-09-21T06:10:40.5103856Z ERROR tests/test_tutorial/test_websockets/test_tutorial003.py - DeprecationWarning: The anyio.abc.BlockingPortal alias is deprecated, use anyio.from_thread.BlockingPortal instead.
test-redistribute	UNKNOWN STEP	2026-09-21T06:10:40.5104391Z ERROR tests/test_tutorial/test_wsgi/test_tutorial001.py - DeprecationWarning: The anyio.abc.BlockingPortal alias is deprecated, use anyio.from_thread.BlockingPortal instead.
test-redistribute	UNKNOWN STEP	2026-09-21T06:10:40.5105028Z ERROR tests/test_tutorial/test_wsgi/test_tutorial001.py - DeprecationWarning: The anyio.abc.BlockingPortal alias is deprecated, use anyio.from_thread.BlockingPortal instead.
test-redistribute	UNKNOWN STEP	2026-09-21T06:10:40.5105497Z ERROR tests/test_typing_python39.py - DeprecationWarning: The anyio.abc.BlockingPortal alias is deprecated, use anyio.from_thread.BlockingPortal instead.
test-redistribute	UNKNOWN STEP	2026-09-21T06:10:40.5105965Z ERROR tests/test_typing_python39.py - DeprecationWarning: The anyio.abc.BlockingPortal alias is deprecated, use anyio.from_thread.BlockingPortal instead.
test-redistribute	UNKNOWN STEP	2026-09-21T06:10:40.5106415Z ERROR tests/test_union_body.py - DeprecationWarning: The anyio.abc.BlockingPortal alias is deprecated, use anyio.from_thread.BlockingPortal instead.
test-redistribute	UNKNOWN STEP	2026-09-21T06:10:40.5106855Z ERROR tests/test_union_body.py - DeprecationWarning: The anyio.abc.BlockingPortal alias is deprecated, use anyio.from_thread.BlockingPortal instead.
test-redistribute	UNKNOWN STEP	2026-09-21T06:10:40.5107357Z ERROR tests/test_union_body_discriminator.py - DeprecationWarning: The anyio.abc.BlockingPortal alias is deprecated, use anyio.from_thread.BlockingPortal instead.
test-redistribute	UNKNOWN STEP	2026-09-21T06:10:40.5107858Z ERROR tests/test_union_body_discriminator.py - DeprecationWarning: The anyio.abc.BlockingPortal alias is deprecated, use anyio.from_thread.BlockingPortal instead.
test-redistribute	UNKNOWN STEP	2026-09-21T06:10:40.5108387Z ERROR tests/test_union_body_discriminator_annotated.py - DeprecationWarning: The anyio.abc.BlockingPortal alias is deprecated, use anyio.from_thread.BlockingPortal instead.
test-redistribute	UNKNOWN STEP	2026-09-21T06:10:40.5108919Z ERROR tests/test_union_body_discriminator_annotated.py - DeprecationWarning: The anyio.abc.BlockingPortal alias is deprecated, use anyio.from_thread.BlockingPortal instead.
test-redistribute	UNKNOWN STEP	2026-09-21T06:10:40.5109363Z ERROR tests/test_union_forms.py - DeprecationWarning: The anyio.abc.BlockingPortal alias is deprecated, use anyio.from_thread.BlockingPortal instead.
test-redistribute	UNKNOWN STEP	2026-09-21T06:10:40.5109921Z ERROR tests/test_union_forms.py - DeprecationWarning: The anyio.abc.BlockingPortal alias is deprecated, use anyio.from_thread.BlockingPortal instead.
test-redistribute	UNKNOWN STEP	2026-09-21T06:10:40.5110412Z ERROR tests/test_union_inherited_body.py - DeprecationWarning: The anyio.abc.BlockingPortal alias is deprecated, use anyio.from_thread.BlockingPortal instead.
test-redistribute	UNKNOWN STEP	2026-09-21T06:10:40.5110886Z ERROR tests/test_union_inherited_body.py - DeprecationWarning: The anyio.abc.BlockingPortal alias is deprecated, use anyio.from_thread.BlockingPortal instead.
test-redistribute	UNKNOWN STEP	2026-09-21T06:10:40.5111364Z ERROR tests/test_validate_response.py - DeprecationWarning: The anyio.abc.BlockingPortal alias is deprecated, use anyio.from_thread.BlockingPortal instead.
test-redistribute	UNKNOWN STEP	2026-09-21T06:10:40.5111835Z ERROR tests/test_validate_response.py - DeprecationWarning: The anyio.abc.BlockingPortal alias is deprecated, use anyio.from_thread.BlockingPortal instead.
test-redistribute	UNKNOWN STEP	2026-09-21T06:10:40.5112343Z ERROR tests/test_validate_response_dataclass.py - DeprecationWarning: The anyio.abc.BlockingPortal alias is deprecated, use anyio.from_thread.BlockingPortal instead.
test-redistribute	UNKNOWN STEP	2026-09-21T06:10:40.5112854Z ERROR tests/test_validate_response_dataclass.py - DeprecationWarning: The anyio.abc.BlockingPortal alias is deprecated, use anyio.from_thread.BlockingPortal instead.
test-redistribute	UNKNOWN STEP	2026-09-21T06:10:40.5113626Z ERROR tests/test_validate_response_recursive/test_validate_response_recursive.py - DeprecationWarning: The anyio.abc.BlockingPortal alias is deprecated, use anyio.from_thread.BlockingPortal instead.
test-redistribute	UNKNOWN STEP	2026-09-21T06:10:40.5114257Z ERROR tests/test_validate_response_recursive/test_validate_response_recursive.py - DeprecationWarning: The anyio.abc.BlockingPortal alias is deprecated, use anyio.from_thread.BlockingPortal instead.
test-redistribute	UNKNOWN STEP	2026-09-21T06:10:40.5114751Z ERROR tests/test_validation_error_context.py - DeprecationWarning: The anyio.abc.BlockingPortal alias is deprecated, use anyio.from_thread.BlockingPortal instead.
test-redistribute	UNKNOWN STEP	2026-09-21T06:10:40.5115243Z ERROR tests/test_validation_error_context.py - DeprecationWarning: The anyio.abc.BlockingPortal alias is deprecated, use anyio.from_thread.BlockingPortal instead.
test-redistribute	UNKNOWN STEP	2026-09-21T06:10:40.5115822Z ERROR tests/test_webhooks_security.py - DeprecationWarning: The anyio.abc.BlockingPortal alias is deprecated, use anyio.from_thread.BlockingPortal instead.
test-redistribute	UNKNOWN STEP	2026-09-21T06:10:40.5116297Z ERROR tests/test_webhooks_security.py - DeprecationWarning: The anyio.abc.BlockingPortal alias is deprecated, use anyio.from_thread.BlockingPortal instead.
test-redistribute	UNKNOWN STEP	2026-09-21T06:10:40.5116820Z ERROR tests/test_wrapped_method_forward_reference.py - DeprecationWarning: The anyio.abc.BlockingPortal alias is deprecated, use anyio.from_thread.BlockingPortal instead.
test-redistribute	UNKNOWN STEP	2026-09-21T06:10:40.5117342Z ERROR tests/test_wrapped_method_forward_reference.py - DeprecationWarning: The anyio.abc.BlockingPortal alias is deprecated, use anyio.from_thread.BlockingPortal instead.
test-redistribute	UNKNOWN STEP	2026-09-21T06:10:40.5117808Z ERROR tests/test_ws_dependencies.py - DeprecationWarning: The anyio.abc.BlockingPortal alias is deprecated, use anyio.from_thread.BlockingPortal instead.
test-redistribute	UNKNOWN STEP	2026-09-21T06:10:40.5118267Z ERROR tests/test_ws_dependencies.py - DeprecationWarning: The anyio.abc.BlockingPortal alias is deprecated, use anyio.from_thread.BlockingPortal instead.
test-redistribute	UNKNOWN STEP	2026-09-21T06:10:40.5118714Z ERROR tests/test_ws_router.py - DeprecationWarning: The anyio.abc.BlockingPortal alias is deprecated, use anyio.from_thread.BlockingPortal instead.
test-redistribute	UNKNOWN STEP	2026-09-21T06:10:40.5119150Z ERROR tests/test_ws_router.py - DeprecationWarning: The anyio.abc.BlockingPortal alias is deprecated, use anyio.from_thread.BlockingPortal instead.
test-redistribute	UNKNOWN STEP	2026-09-21T06:10:40.5120021Z ERROR tests/test_tutorial/test_settings/test_app02.py::test_override_settings[app02_py310] - DeprecationWarning: The anyio.abc.BlockingPortal alias is deprecated, use anyio.from_thread.BlockingPortal instead.
test-redistribute	UNKNOWN STEP	2026-09-21T06:10:40.5121362Z ERROR tests/test_tutorial/test_settings/test_app02.py::test_override_settings[app02_an_py310] - DeprecationWarning: The anyio.abc.BlockingPortal alias is deprecated, use anyio.from_thread.BlockingPortal instead.
test-redistribute	UNKNOWN STEP	2026-09-21T06:10:40.5122554Z ERROR tests/test_tutorial/test_testing/test_main_b.py::test_app[app_b_py310.test_main] - DeprecationWarning: The anyio.abc.BlockingPortal alias is deprecated, use anyio.from_thread.BlockingPortal instead.
test-redistribute	UNKNOWN STEP	2026-09-21T06:10:40.5123843Z ERROR tests/test_tutorial/test_testing/test_main_b.py::test_app[app_b_an_py310.test_main] - DeprecationWarning: The anyio.abc.BlockingPortal alias is deprecated, use anyio.from_thread.BlockingPortal instead.
test-redistribute	UNKNOWN STEP	2026-09-21T06:10:40.5124153Z ================= 193 passed, 5 skipped, 892 errors in 22.33s ==================
test-redistribute	UNKNOWN STEP	2026-09-21T06:10:40.5136094Z ##[error]Process completed with exit code 1.
test-redistribute	UNKNOWN STEP	2026-09-21T06:10:40.5294144Z Post job cleanup.
test-redistribute	UNKNOWN STEP	2026-09-21T06:10:40.6112698Z [command]/usr/bin/git version
test-redistribute	UNKNOWN STEP	2026-09-21T06:10:40.6151325Z git version 2.55.0
test-redistribute	UNKNOWN STEP	2026-09-21T06:10:40.6187465Z Temporarily overriding HOME='/home/runner/work/_temp/c61d5adc-fcc2-426f-b56a-8a6095697ed3' before making global git config changes
test-redistribute	UNKNOWN STEP	2026-09-21T06:10:40.6188416Z Adding repository directory to the temporary git global config as a safe directory
test-redistribute	UNKNOWN STEP	2026-09-21T06:10:40.6193138Z [command]/usr/bin/git config --global --add safe.directory /home/runner/work/fastapi/fastapi
test-redistribute	UNKNOWN STEP	2026-09-21T06:10:40.6223551Z Removing SSH command configuration
test-redistribute	UNKNOWN STEP	2026-09-21T06:10:40.6228954Z [command]/usr/bin/git config --local --name-only --get-regexp core\.sshCommand
test-redistribute	UNKNOWN STEP	2026-09-21T06:10:40.6263125Z [command]/usr/bin/git submodule foreach --recursive sh -c "git config --local --name-only --get-regexp 'core\.sshCommand' && git config --local --unset-all 'core.sshCommand' || :"
test-redistribute	UNKNOWN STEP	2026-09-21T06:10:40.6483172Z Removing HTTP extra header
test-redistribute	UNKNOWN STEP	2026-09-21T06:10:40.6487613Z [command]/usr/bin/git config --local --name-only --get-regexp http\.https\:\/\/github\.com\/\.extraheader
test-redistribute	UNKNOWN STEP	2026-09-21T06:10:40.6527134Z [command]/usr/bin/git submodule foreach --recursive sh -c "git config --local --name-only --get-regexp 'http\.https\:\/\/github\.com\/\.extraheader' && git config --local --unset-all 'http.https://github.com/.extraheader' || :"
test-redistribute	UNKNOWN STEP	2026-09-21T06:10:40.6742595Z Removing includeIf entries pointing to credentials config files
test-redistribute	UNKNOWN STEP	2026-09-21T06:10:40.6747397Z [command]/usr/bin/git config --local --name-only --get-regexp ^includeIf\.gitdir:
test-redistribute	UNKNOWN STEP	2026-09-21T06:10:40.6775360Z [command]/usr/bin/git submodule foreach --recursive git config --local --show-origin --name-only --get-regexp remote.origin.url
test-redistribute	UNKNOWN STEP	2026-09-21T06:10:40.7139336Z Cleaning up orphan processes
test-redistribute-alls-green	UNKNOWN STEP	﻿2026-09-21T06:10:46.1081023Z Current runner version: '2.337.0'
test-redistribute-alls-green	UNKNOWN STEP	2026-09-21T06:10:46.1105312Z ##[group]Runner Image Provisioner
test-redistribute-alls-green	UNKNOWN STEP	2026-09-21T06:10:46.1106228Z Hosted Compute Agent
test-redistribute-alls-green	UNKNOWN STEP	2026-09-21T06:10:46.1106892Z Version: 20260828.587
test-redistribute-alls-green	UNKNOWN STEP	2026-09-21T06:10:46.1107530Z Commit: abac92662cab4cc7352de4f9f9d2e2419aad9c29
test-redistribute-alls-green	UNKNOWN STEP	2026-09-21T06:10:46.1108290Z Build Date: 2026-08-28T16:44:25Z
test-redistribute-alls-green	UNKNOWN STEP	2026-09-21T06:10:46.1109069Z Worker ID: {240246fd-b865-449f-8f1d-b9c1c8356cc4}
test-redistribute-alls-green	UNKNOWN STEP	2026-09-21T06:10:46.1109821Z Azure Region: eastus
test-redistribute-alls-green	UNKNOWN STEP	2026-09-21T06:10:46.1110442Z ##[endgroup]
test-redistribute-alls-green	UNKNOWN STEP	2026-09-21T06:10:46.1111928Z ##[group]Operating System
test-redistribute-alls-green	UNKNOWN STEP	2026-09-21T06:10:46.1112633Z Ubuntu
test-redistribute-alls-green	UNKNOWN STEP	2026-09-21T06:10:46.1113184Z 24.04.5
test-redistribute-alls-green	UNKNOWN STEP	2026-09-21T06:10:46.1113725Z LTS
test-redistribute-alls-green	UNKNOWN STEP	2026-09-21T06:10:46.1114292Z ##[endgroup]
test-redistribute-alls-green	UNKNOWN STEP	2026-09-21T06:10:46.1115038Z ##[group]Runner Image
test-redistribute-alls-green	UNKNOWN STEP	2026-09-21T06:10:46.1115645Z Image: ubuntu-24.04
test-redistribute-alls-green	UNKNOWN STEP	2026-09-21T06:10:46.1116317Z Version: 20260907.300.1
test-redistribute-alls-green	UNKNOWN STEP	2026-09-21T06:10:46.1117613Z Included Software: https://github.com/actions/runner-images/blob/ubuntu24/20260907.300/images/ubuntu/Ubuntu2404-Readme.md
test-redistribute-alls-green	UNKNOWN STEP	2026-09-21T06:10:46.1119221Z Image Release: https://github.com/actions/runner-images/releases/tag/ubuntu24%2F20260907.300
test-redistribute-alls-green	UNKNOWN STEP	2026-09-21T06:10:46.1120292Z ##[endgroup]
test-redistribute-alls-green	UNKNOWN STEP	2026-09-21T06:10:46.1121317Z ##[group]GITHUB_TOKEN Permissions
test-redistribute-alls-green	UNKNOWN STEP	2026-09-21T06:10:46.1123477Z Metadata: read
test-redistribute-alls-green	UNKNOWN STEP	2026-09-21T06:10:46.1124084Z ##[endgroup]
test-redistribute-alls-green	UNKNOWN STEP	2026-09-21T06:10:46.1126513Z Secret source: None
test-redistribute-alls-green	UNKNOWN STEP	2026-09-21T06:10:46.1127582Z Cache mode: write
test-redistribute-alls-green	UNKNOWN STEP	2026-09-21T06:10:46.1128299Z Prepare workflow directory
test-redistribute-alls-green	UNKNOWN STEP	2026-09-21T06:10:46.1456466Z Prepare all required actions
test-redistribute-alls-green	UNKNOWN STEP	2026-09-21T06:10:46.1503473Z Getting action download info
test-redistribute-alls-green	UNKNOWN STEP	2026-09-21T06:10:46.3919558Z Download action repository 're-actors/alls-green@b5b5b37504aa4183270bd3d855c52a67f212be35' (SHA:b5b5b37504aa4183270bd3d855c52a67f212be35)
test-redistribute-alls-green	UNKNOWN STEP	2026-09-21T06:10:46.6336827Z Complete job name: test-redistribute-alls-green
test-redistribute-alls-green	UNKNOWN STEP	2026-09-21T06:10:46.7057458Z ##[group]Run re-actors/alls-green@b5b5b37504aa4183270bd3d855c52a67f212be35
test-redistribute-alls-green	UNKNOWN STEP	2026-09-21T06:10:46.7058558Z with:
test-redistribute-alls-green	UNKNOWN STEP	2026-09-21T06:10:46.7059193Z   jobs: {
test-redistribute-alls-green	UNKNOWN STEP	  "test-redistribute": {
test-redistribute-alls-green	UNKNOWN STEP	    "result": "failure",
test-redistribute-alls-green	UNKNOWN STEP	    "outputs": {}
test-redistribute-alls-green	UNKNOWN STEP	  }
test-redistribute-alls-green	UNKNOWN STEP	}
test-redistribute-alls-green	UNKNOWN STEP	2026-09-21T06:10:46.7060010Z   allowed-failures: []
test-redistribute-alls-green	UNKNOWN STEP	2026-09-21T06:10:46.7060477Z   allowed-skips: []
test-redistribute-alls-green	UNKNOWN STEP	2026-09-21T06:10:46.7061115Z ##[endgroup]
test-redistribute-alls-green	UNKNOWN STEP	2026-09-21T06:10:46.7156677Z ##[start-action display=Decide whether the input jobs succeeded or failed;id=__re-actors_alls-green.outcome]
test-redistribute-alls-green	UNKNOWN STEP	2026-09-21T06:10:46.7205958Z ##[group]Run python -m normalize_needed_jobs_status \
test-redistribute-alls-green	UNKNOWN STEP	2026-09-21T06:10:46.7206722Z ^[[36;1mpython -m normalize_needed_jobs_status \^[[0m
test-redistribute-alls-green	UNKNOWN STEP	2026-09-21T06:10:46.7207359Z ^[[36;1m  "$INPUT_ALLOWED_FAILURES" \^[[0m
test-redistribute-alls-green	UNKNOWN STEP	2026-09-21T06:10:46.7207927Z ^[[36;1m  "$INPUT_ALLOWED_SKIPS" \^[[0m
test-redistribute-alls-green	UNKNOWN STEP	2026-09-21T06:10:46.7208456Z ^[[36;1m  "$INPUT_JOBS"^[[0m
test-redistribute-alls-green	UNKNOWN STEP	2026-09-21T06:10:46.7248175Z shell: /usr/bin/bash --noprofile --norc -e -o pipefail {0}
test-redistribute-alls-green	UNKNOWN STEP	2026-09-21T06:10:46.7248853Z env:
test-redistribute-alls-green	UNKNOWN STEP	2026-09-21T06:10:46.7249309Z   INPUT_ALLOWED_FAILURES: []
test-redistribute-alls-green	UNKNOWN STEP	2026-09-21T06:10:46.7249818Z   INPUT_ALLOWED_SKIPS: []
test-redistribute-alls-green	UNKNOWN STEP	2026-09-21T06:10:46.7250549Z   INPUT_JOBS: {
test-redistribute-alls-green	UNKNOWN STEP	  "test-redistribute": {
test-redistribute-alls-green	UNKNOWN STEP	    "result": "failure",
test-redistribute-alls-green	UNKNOWN STEP	    "outputs": {}
test-redistribute-alls-green	UNKNOWN STEP	  }
test-redistribute-alls-green	UNKNOWN STEP	}
test-redistribute-alls-green	UNKNOWN STEP	2026-09-21T06:10:46.7251754Z   PYTHONPATH: /home/runner/work/_actions/re-actors/alls-green/b5b5b37504aa4183270bd3d855c52a67f212be35/src
test-redistribute-alls-green	UNKNOWN STEP	2026-09-21T06:10:46.7252645Z ##[endgroup]
test-redistribute-alls-green	UNKNOWN STEP	2026-09-21T06:10:46.7750607Z # ❌ Some of the required to succeed jobs failed 😢😢😢
test-redistribute-alls-green	UNKNOWN STEP	2026-09-21T06:10:46.7751162Z 
test-redistribute-alls-green	UNKNOWN STEP	2026-09-21T06:10:46.7751395Z 🔮 Job statuses:
test-redistribute-alls-green	UNKNOWN STEP	2026-09-21T06:10:46.7752508Z ^[[31m❌ test-redistribute → 🔴 failure [required to succeed]^[[0m
test-redistribute-alls-green	UNKNOWN STEP	2026-09-21T06:10:46.7809480Z ##[error]Process completed with exit code 1.
test-redistribute-alls-green	UNKNOWN STEP	2026-09-21T06:10:46.7897678Z ##[end-action id=__re-actors_alls-green.outcome;outcome=failure;conclusion=failure;duration_ms=73]
test-redistribute-alls-green	UNKNOWN STEP	2026-09-21T06:10:46.8027598Z Cleaning up orphan processes
