pre-commit-alls-green	UNKNOWN STEP	2026-09-21T06:09:27.2749488Z       "commits": 1,
pre-commit-alls-green	UNKNOWN STEP	2026-09-21T06:09:27.2750076Z       "commits_url": "https://api.github.com/repos/fastapi/fastapi/pulls/16383/commits",
pre-commit-alls-green	UNKNOWN STEP	2026-09-21T06:09:27.2750789Z       "created_at": "2026-09-21T06:08:18Z",
pre-commit-alls-green	UNKNOWN STEP	2026-09-21T06:09:27.2751279Z       "deletions": 1,
pre-commit-alls-green	UNKNOWN STEP	2026-09-21T06:09:27.2751887Z       "diff_url": "https://github.com/fastapi/fastapi/pull/16383.diff",
pre-commit-alls-green	UNKNOWN STEP	2026-09-21T06:09:27.2752501Z       "draft": false,
pre-commit-alls-green	UNKNOWN STEP	2026-09-21T06:09:27.2752901Z       "head": {
pre-commit-alls-green	UNKNOWN STEP	2026-09-21T06:09:27.2753336Z         "label": "kaseraaryan5-star:fix-docs-typo",
pre-commit-alls-green	UNKNOWN STEP	2026-09-21T06:09:27.2753884Z         "ref": "fix-docs-typo",
pre-commit-alls-green	UNKNOWN STEP	2026-09-21T06:09:27.2754321Z         "repo": {
pre-commit-alls-green	UNKNOWN STEP	2026-09-21T06:09:27.2754716Z           "allow_auto_merge": false,
pre-commit-alls-green	UNKNOWN STEP	2026-09-21T06:09:27.2755193Z           "allow_forking": true,
pre-commit-alls-green	UNKNOWN STEP	2026-09-21T06:09:27.2755661Z           "allow_merge_commit": true,
pre-commit-alls-green	UNKNOWN STEP	2026-09-21T06:09:27.2756151Z           "allow_rebase_merge": true,
pre-commit-alls-green	UNKNOWN STEP	2026-09-21T06:09:27.2756667Z           "allow_squash_merge": true,
pre-commit-alls-green	UNKNOWN STEP	2026-09-21T06:09:27.2757168Z           "allow_update_branch": false,
pre-commit-alls-green	UNKNOWN STEP	2026-09-21T06:09:27.2757956Z           "archive_url": "https://api.github.com/repos/kaseraaryan5-star/fastapi/{archive_format}{/ref}",
pre-commit-alls-green	UNKNOWN STEP	2026-09-21T06:09:27.2758874Z           "archived": false,
pre-commit-alls-green	UNKNOWN STEP	2026-09-21T06:09:27.2759599Z           "assignees_url": "https://api.github.com/repos/kaseraaryan5-star/fastapi/assignees{/user}",
pre-commit-alls-green	UNKNOWN STEP	2026-09-21T06:09:27.2760604Z           "blobs_url": "https://api.github.com/repos/kaseraaryan5-star/fastapi/git/blobs{/sha}",
pre-commit-alls-green	UNKNOWN STEP	2026-09-21T06:09:27.2761630Z           "branches_url": "https://api.github.com/repos/kaseraaryan5-star/fastapi/branches{/branch}",
pre-commit-alls-green	UNKNOWN STEP	2026-09-21T06:09:27.2762532Z           "clone_url": "https://github.com/kaseraaryan5-star/fastapi.git",
pre-commit-alls-green	UNKNOWN STEP	2026-09-21T06:09:27.2763540Z           "collaborators_url": "https://api.github.com/repos/kaseraaryan5-star/fastapi/collaborators{/collaborator}",
pre-commit-alls-green	UNKNOWN STEP	2026-09-21T06:09:27.2764758Z           "comments_url": "https://api.github.com/repos/kaseraaryan5-star/fastapi/comments{/number}",
pre-commit-alls-green	UNKNOWN STEP	2026-09-21T06:09:27.2765764Z           "commits_url": "https://api.github.com/repos/kaseraaryan5-star/fastapi/commits{/sha}",
pre-commit-alls-green	UNKNOWN STEP	2026-09-21T06:09:27.2766766Z           "compare_url": "https://api.github.com/repos/kaseraaryan5-star/fastapi/compare/{base}...{head}",
pre-commit-alls-green	UNKNOWN STEP	2026-09-21T06:09:27.2767799Z           "contents_url": "https://api.github.com/repos/kaseraaryan5-star/fastapi/contents/{+path}",
pre-commit-alls-green	UNKNOWN STEP	2026-09-21T06:09:27.2768922Z           "contributors_url": "https://api.github.com/repos/kaseraaryan5-star/fastapi/contributors",
pre-commit-alls-green	UNKNOWN STEP	2026-09-21T06:09:27.2769696Z           "created_at": "2026-09-21T04:54:01Z",
pre-commit-alls-green	UNKNOWN STEP	2026-09-21T06:09:27.2770316Z           "default_branch": "master",
pre-commit-alls-green	UNKNOWN STEP	2026-09-21T06:09:27.2770813Z           "delete_branch_on_merge": false,
pre-commit-alls-green	UNKNOWN STEP	2026-09-21T06:09:27.2771560Z           "deployments_url": "https://api.github.com/repos/kaseraaryan5-star/fastapi/deployments",
pre-commit-alls-green	UNKNOWN STEP	2026-09-21T06:09:27.2772636Z           "description": "FastAPI framework, high performance, easy to learn, fast to code, ready for production",
pre-commit-alls-green	UNKNOWN STEP	2026-09-21T06:09:27.2773462Z           "disabled": false,
pre-commit-alls-green	UNKNOWN STEP	2026-09-21T06:09:27.2774124Z           "downloads_url": "https://api.github.com/repos/kaseraaryan5-star/fastapi/downloads",
pre-commit-alls-green	UNKNOWN STEP	2026-09-21T06:09:27.2775026Z           "events_url": "https://api.github.com/repos/kaseraaryan5-star/fastapi/events",
pre-commit-alls-green	UNKNOWN STEP	2026-09-21T06:09:27.2775705Z           "fork": true,
pre-commit-alls-green	UNKNOWN STEP	2026-09-21T06:09:27.2776102Z           "forks": 0,
pre-commit-alls-green	UNKNOWN STEP	2026-09-21T06:09:27.2776507Z           "forks_count": 0,
pre-commit-alls-green	UNKNOWN STEP	2026-09-21T06:09:27.2777114Z           "forks_url": "https://api.github.com/repos/kaseraaryan5-star/fastapi/forks",
pre-commit-alls-green	UNKNOWN STEP	2026-09-21T06:09:27.2777830Z           "full_name": "kaseraaryan5-star/fastapi",
pre-commit-alls-green	UNKNOWN STEP	2026-09-21T06:09:27.2778742Z           "git_commits_url": "https://api.github.com/repos/kaseraaryan5-star/fastapi/git/commits{/sha}",
pre-commit-alls-green	UNKNOWN STEP	2026-09-21T06:09:27.2779737Z           "git_refs_url": "https://api.github.com/repos/kaseraaryan5-star/fastapi/git/refs{/sha}",
pre-commit-alls-green	UNKNOWN STEP	2026-09-21T06:09:27.2780711Z           "git_tags_url": "https://api.github.com/repos/kaseraaryan5-star/fastapi/git/tags{/sha}",
pre-commit-alls-green	UNKNOWN STEP	2026-09-21T06:09:27.2781566Z           "git_url": "git://github.com/kaseraaryan5-star/fastapi.git",
pre-commit-alls-green	UNKNOWN STEP	2026-09-21T06:09:27.2782186Z           "has_discussions": false,
pre-commit-alls-green	UNKNOWN STEP	2026-09-21T06:09:27.2782690Z           "has_downloads": false,
pre-commit-alls-green	UNKNOWN STEP	2026-09-21T06:09:27.2783171Z           "has_issues": false,
pre-commit-alls-green	UNKNOWN STEP	2026-09-21T06:09:27.2783625Z           "has_pages": false,
pre-commit-alls-green	UNKNOWN STEP	2026-09-21T06:09:27.2784221Z           "has_projects": true,
pre-commit-alls-green	UNKNOWN STEP	2026-09-21T06:09:27.2784699Z           "has_pull_requests": true,
pre-commit-alls-green	UNKNOWN STEP	2026-09-21T06:09:27.2785199Z           "has_wiki": false,
pre-commit-alls-green	UNKNOWN STEP	2026-09-21T06:09:27.2785723Z           "homepage": "https://fastapi.tiangolo.com/",
pre-commit-alls-green	UNKNOWN STEP	2026-09-21T06:09:27.2786473Z           "hooks_url": "https://api.github.com/repos/kaseraaryan5-star/fastapi/hooks",
pre-commit-alls-green	UNKNOWN STEP	2026-09-21T06:09:27.2787274Z           "html_url": "https://github.com/kaseraaryan5-star/fastapi",
pre-commit-alls-green	UNKNOWN STEP	2026-09-21T06:09:27.2787878Z           "id": 1379104807,
pre-commit-alls-green	UNKNOWN STEP	2026-09-21T06:09:27.2788333Z           "is_template": false,
pre-commit-alls-green	UNKNOWN STEP	2026-09-21T06:09:27.2789283Z           "issue_comment_url": "https://api.github.com/repos/kaseraaryan5-star/fastapi/issues/comments{/number}",
pre-commit-alls-green	UNKNOWN STEP	2026-09-21T06:09:27.2790421Z           "issue_events_url": "https://api.github.com/repos/kaseraaryan5-star/fastapi/issues/events{/number}",
pre-commit-alls-green	UNKNOWN STEP	2026-09-21T06:09:27.2791474Z           "issues_url": "https://api.github.com/repos/kaseraaryan5-star/fastapi/issues{/number}",
pre-commit-alls-green	UNKNOWN STEP	2026-09-21T06:09:27.2792429Z           "keys_url": "https://api.github.com/repos/kaseraaryan5-star/fastapi/keys{/key_id}",
pre-commit-alls-green	UNKNOWN STEP	2026-09-21T06:09:27.2793369Z           "labels_url": "https://api.github.com/repos/kaseraaryan5-star/fastapi/labels{/name}",
pre-commit-alls-green	UNKNOWN STEP	2026-09-21T06:09:27.2794108Z           "language": null,
pre-commit-alls-green	UNKNOWN STEP	2026-09-21T06:09:27.2794787Z           "languages_url": "https://api.github.com/repos/kaseraaryan5-star/fastapi/languages",
pre-commit-alls-green	UNKNOWN STEP	2026-09-21T06:09:27.2795542Z           "license": {
pre-commit-alls-green	UNKNOWN STEP	2026-09-21T06:09:27.2795974Z             "key": "mit",
pre-commit-alls-green	UNKNOWN STEP	2026-09-21T06:09:27.2796429Z             "name": "MIT License",
pre-commit-alls-green	UNKNOWN STEP	2026-09-21T06:09:27.2796923Z             "node_id": "MDc6TGljZW5zZTEz",
pre-commit-alls-green	UNKNOWN STEP	2026-09-21T06:09:27.2797429Z             "spdx_id": "MIT",
pre-commit-alls-green	UNKNOWN STEP	2026-09-21T06:09:27.2797941Z             "url": "https://api.github.com/licenses/mit"
pre-commit-alls-green	UNKNOWN STEP	2026-09-21T06:09:27.2798616Z           },
pre-commit-alls-green	UNKNOWN STEP	2026-09-21T06:09:27.2799068Z           "merge_commit_message": "PR_TITLE",
pre-commit-alls-green	UNKNOWN STEP	2026-09-21T06:09:27.2799609Z           "merge_commit_title": "MERGE_MESSAGE",
pre-commit-alls-green	UNKNOWN STEP	2026-09-21T06:09:27.2800328Z           "merges_url": "https://api.github.com/repos/kaseraaryan5-star/fastapi/merges",
pre-commit-alls-green	UNKNOWN STEP	2026-09-21T06:09:27.2801314Z           "milestones_url": "https://api.github.com/repos/kaseraaryan5-star/fastapi/milestones{/number}",
pre-commit-alls-green	UNKNOWN STEP	2026-09-21T06:09:27.2802200Z           "mirror_url": null,
pre-commit-alls-green	UNKNOWN STEP	2026-09-21T06:09:27.2802664Z           "name": "fastapi",
pre-commit-alls-green	UNKNOWN STEP	2026-09-21T06:09:27.2803125Z           "node_id": "R_kgDOUjN4Jw",
pre-commit-alls-green	UNKNOWN STEP	2026-09-21T06:09:27.2804031Z           "notifications_url": "https://api.github.com/repos/kaseraaryan5-star/fastapi/notifications{?since,all,participating}",
pre-commit-alls-green	UNKNOWN STEP	2026-09-21T06:09:27.2804955Z           "open_issues": 0,
pre-commit-alls-green	UNKNOWN STEP	2026-09-21T06:09:27.2805416Z           "open_issues_count": 0,
pre-commit-alls-green	UNKNOWN STEP	2026-09-21T06:09:27.2805882Z           "owner": {
pre-commit-alls-green	UNKNOWN STEP	2026-09-21T06:09:27.2806467Z             "avatar_url": "https://avatars.githubusercontent.com/u/291430970?v=4",
pre-commit-alls-green	UNKNOWN STEP	2026-09-21T06:09:27.2807352Z             "events_url": "https://api.github.com/users/kaseraaryan5-star/events{/privacy}",
pre-commit-alls-green	UNKNOWN STEP	2026-09-21T06:09:27.2808254Z             "followers_url": "https://api.github.com/users/kaseraaryan5-star/followers",
pre-commit-alls-green	UNKNOWN STEP	2026-09-21T06:09:27.2809266Z             "following_url": "https://api.github.com/users/kaseraaryan5-star/following{/other_user}",
pre-commit-alls-green	UNKNOWN STEP	2026-09-21T06:09:27.2810217Z             "gists_url": "https://api.github.com/users/kaseraaryan5-star/gists{/gist_id}",
pre-commit-alls-green	UNKNOWN STEP	2026-09-21T06:09:27.2810937Z             "gravatar_id": "",
pre-commit-alls-green	UNKNOWN STEP	2026-09-21T06:09:27.2811485Z             "html_url": "https://github.com/kaseraaryan5-star",
pre-commit-alls-green	UNKNOWN STEP	2026-09-21T06:09:27.2812069Z             "id": 291430970,
pre-commit-alls-green	UNKNOWN STEP	2026-09-21T06:09:27.2812545Z             "login": "kaseraaryan5-star",
pre-commit-alls-green	UNKNOWN STEP	2026-09-21T06:09:27.2813069Z             "node_id": "U_kgDOEV7iOg",
pre-commit-alls-green	UNKNOWN STEP	2026-09-21T06:09:27.2813754Z             "organizations_url": "https://api.github.com/users/kaseraaryan5-star/orgs",
pre-commit-alls-green	UNKNOWN STEP	2026-09-21T06:09:27.2814700Z             "received_events_url": "https://api.github.com/users/kaseraaryan5-star/received_events",
pre-commit-alls-green	UNKNOWN STEP	2026-09-21T06:09:27.2815606Z             "repos_url": "https://api.github.com/users/kaseraaryan5-star/repos",
pre-commit-alls-green	UNKNOWN STEP	2026-09-21T06:09:27.2816338Z             "site_admin": false,
pre-commit-alls-green	UNKNOWN STEP	2026-09-21T06:09:27.2817046Z             "starred_url": "https://api.github.com/users/kaseraaryan5-star/starred{/owner}{/repo}",
pre-commit-alls-green	UNKNOWN STEP	2026-09-21T06:09:27.2818035Z             "subscriptions_url": "https://api.github.com/users/kaseraaryan5-star/subscriptions",
pre-commit-alls-green	UNKNOWN STEP	2026-09-21T06:09:27.2818841Z             "type": "User",
pre-commit-alls-green	UNKNOWN STEP	2026-09-21T06:09:27.2819383Z             "url": "https://api.github.com/users/kaseraaryan5-star",
pre-commit-alls-green	UNKNOWN STEP	2026-09-21T06:09:27.2819996Z             "user_view_type": "public"
pre-commit-alls-green	UNKNOWN STEP	2026-09-21T06:09:27.2820473Z           },
pre-commit-alls-green	UNKNOWN STEP	2026-09-21T06:09:27.2820865Z           "private": false,
pre-commit-alls-green	UNKNOWN STEP	2026-09-21T06:09:27.2821347Z           "pull_request_creation_policy": "all",
pre-commit-alls-green	UNKNOWN STEP	2026-09-21T06:09:27.2822127Z           "pulls_url": "https://api.github.com/repos/kaseraaryan5-star/fastapi/pulls{/number}",
pre-commit-alls-green	UNKNOWN STEP	2026-09-21T06:09:27.2822887Z           "pushed_at": "2026-09-21T05:12:33Z",
pre-commit-alls-green	UNKNOWN STEP	2026-09-21T06:09:27.2823650Z           "releases_url": "https://api.github.com/repos/kaseraaryan5-star/fastapi/releases{/id}",
pre-commit-alls-green	UNKNOWN STEP	2026-09-21T06:09:27.2824412Z           "size": 54090,
pre-commit-alls-green	UNKNOWN STEP	2026-09-21T06:09:27.2824922Z           "squash_merge_commit_message": "COMMIT_MESSAGES",
pre-commit-alls-green	UNKNOWN STEP	2026-09-21T06:09:27.2825565Z           "squash_merge_commit_title": "COMMIT_OR_PR_TITLE",
pre-commit-alls-green	UNKNOWN STEP	2026-09-21T06:09:27.2826243Z           "ssh_url": "git@github.com:kaseraaryan5-star/fastapi.git",
pre-commit-alls-green	UNKNOWN STEP	2026-09-21T06:09:27.2826854Z           "stargazers_count": 0,
pre-commit-alls-green	UNKNOWN STEP	2026-09-21T06:09:27.2827565Z           "stargazers_url": "https://api.github.com/repos/kaseraaryan5-star/fastapi/stargazers",
pre-commit-alls-green	UNKNOWN STEP	2026-09-21T06:09:27.2828615Z           "statuses_url": "https://api.github.com/repos/kaseraaryan5-star/fastapi/statuses/{sha}",
pre-commit-alls-green	UNKNOWN STEP	2026-09-21T06:09:27.2829619Z           "subscribers_url": "https://api.github.com/repos/kaseraaryan5-star/fastapi/subscribers",
pre-commit-alls-green	UNKNOWN STEP	2026-09-21T06:09:27.2830638Z           "subscription_url": "https://api.github.com/repos/kaseraaryan5-star/fastapi/subscription",
pre-commit-alls-green	UNKNOWN STEP	2026-09-21T06:09:27.2831517Z           "svn_url": "https://github.com/kaseraaryan5-star/fastapi",
pre-commit-alls-green	UNKNOWN STEP	2026-09-21T06:09:27.2832306Z           "tags_url": "https://api.github.com/repos/kaseraaryan5-star/fastapi/tags",
pre-commit-alls-green	UNKNOWN STEP	2026-09-21T06:09:27.2833175Z           "teams_url": "https://api.github.com/repos/kaseraaryan5-star/fastapi/teams",
pre-commit-alls-green	UNKNOWN STEP	2026-09-21T06:09:27.2833941Z           "topics": [],
pre-commit-alls-green	UNKNOWN STEP	2026-09-21T06:09:27.2834604Z           "trees_url": "https://api.github.com/repos/kaseraaryan5-star/fastapi/git/trees{/sha}",
pre-commit-alls-green	UNKNOWN STEP	2026-09-21T06:09:27.2835351Z           "updated_at": "2026-09-21T04:54:01Z",
pre-commit-alls-green	UNKNOWN STEP	2026-09-21T06:09:27.2835998Z           "url": "https://api.github.com/repos/kaseraaryan5-star/fastapi",
pre-commit-alls-green	UNKNOWN STEP	2026-09-21T06:09:27.2836674Z           "use_squash_pr_title_as_default": false,
pre-commit-alls-green	UNKNOWN STEP	2026-09-21T06:09:27.2837235Z           "visibility": "public",
pre-commit-alls-green	UNKNOWN STEP	2026-09-21T06:09:27.2837719Z           "watchers": 0,
pre-commit-alls-green	UNKNOWN STEP	2026-09-21T06:09:27.2838165Z           "watchers_count": 0,
pre-commit-alls-green	UNKNOWN STEP	2026-09-21T06:09:27.2838719Z           "web_commit_signoff_required": false
pre-commit-alls-green	UNKNOWN STEP	2026-09-21T06:09:27.2839234Z         },
pre-commit-alls-green	UNKNOWN STEP	2026-09-21T06:09:27.2839681Z         "sha": "cc80e314cb9e261975f9520c3c3614139f3f9380",
pre-commit-alls-green	UNKNOWN STEP	2026-09-21T06:09:27.2840234Z         "user": {
pre-commit-alls-green	UNKNOWN STEP	2026-09-21T06:09:27.2840799Z           "avatar_url": "https://avatars.githubusercontent.com/u/291430970?v=4",
pre-commit-alls-green	UNKNOWN STEP	2026-09-21T06:09:27.2841669Z           "events_url": "https://api.github.com/users/kaseraaryan5-star/events{/privacy}",
pre-commit-alls-green	UNKNOWN STEP	2026-09-21T06:09:27.2842587Z           "followers_url": "https://api.github.com/users/kaseraaryan5-star/followers",
pre-commit-alls-green	UNKNOWN STEP	2026-09-21T06:09:27.2843535Z           "following_url": "https://api.github.com/users/kaseraaryan5-star/following{/other_user}",
pre-commit-alls-green	UNKNOWN STEP	2026-09-21T06:09:27.2844488Z           "gists_url": "https://api.github.com/users/kaseraaryan5-star/gists{/gist_id}",
pre-commit-alls-green	UNKNOWN STEP	2026-09-21T06:09:27.2845184Z           "gravatar_id": "",
pre-commit-alls-green	UNKNOWN STEP	2026-09-21T06:09:27.2845757Z           "html_url": "https://github.com/kaseraaryan5-star",
pre-commit-alls-green	UNKNOWN STEP	2026-09-21T06:09:27.2846330Z           "id": 291430970,
pre-commit-alls-green	UNKNOWN STEP	2026-09-21T06:09:27.2846777Z           "login": "kaseraaryan5-star",
pre-commit-alls-green	UNKNOWN STEP	2026-09-21T06:09:27.2847286Z           "node_id": "U_kgDOEV7iOg",
pre-commit-alls-green	UNKNOWN STEP	2026-09-21T06:09:27.2848024Z           "organizations_url": "https://api.github.com/users/kaseraaryan5-star/orgs",
pre-commit-alls-green	UNKNOWN STEP	2026-09-21T06:09:27.2849044Z           "received_events_url": "https://api.github.com/users/kaseraaryan5-star/received_events",
pre-commit-alls-green	UNKNOWN STEP	2026-09-21T06:09:27.2849941Z           "repos_url": "https://api.github.com/users/kaseraaryan5-star/repos",
pre-commit-alls-green	UNKNOWN STEP	2026-09-21T06:09:27.2850588Z           "site_admin": false,
pre-commit-alls-green	UNKNOWN STEP	2026-09-21T06:09:27.2851282Z           "starred_url": "https://api.github.com/users/kaseraaryan5-star/starred{/owner}{/repo}",
pre-commit-alls-green	UNKNOWN STEP	2026-09-21T06:09:27.2852255Z           "subscriptions_url": "https://api.github.com/users/kaseraaryan5-star/subscriptions",
pre-commit-alls-green	UNKNOWN STEP	2026-09-21T06:09:27.2852991Z           "type": "User",
pre-commit-alls-green	UNKNOWN STEP	2026-09-21T06:09:27.2853524Z           "url": "https://api.github.com/users/kaseraaryan5-star",
pre-commit-alls-green	UNKNOWN STEP	2026-09-21T06:09:27.2854129Z           "user_view_type": "public"
pre-commit-alls-green	UNKNOWN STEP	2026-09-21T06:09:27.2854618Z         }
pre-commit-alls-green	UNKNOWN STEP	2026-09-21T06:09:27.2854992Z       },
pre-commit-alls-green	UNKNOWN STEP	2026-09-21T06:09:27.2855480Z       "html_url": "https://github.com/fastapi/fastapi/pull/16383",
pre-commit-alls-green	UNKNOWN STEP	2026-09-21T06:09:27.2856090Z       "id": 4588461724,
pre-commit-alls-green	UNKNOWN STEP	2026-09-21T06:09:27.2856685Z       "issue_url": "https://api.github.com/repos/fastapi/fastapi/issues/16383",
pre-commit-alls-green	UNKNOWN STEP	2026-09-21T06:09:27.2857354Z       "labels": [],
pre-commit-alls-green	UNKNOWN STEP	2026-09-21T06:09:27.2857765Z       "locked": false,
pre-commit-alls-green	UNKNOWN STEP	2026-09-21T06:09:27.2858206Z       "maintainer_can_modify": true,
pre-commit-alls-green	UNKNOWN STEP	2026-09-21T06:09:27.2858770Z       "merge_commit_sha": null,
pre-commit-alls-green	UNKNOWN STEP	2026-09-21T06:09:27.2859243Z       "mergeable": null,
pre-commit-alls-green	UNKNOWN STEP	2026-09-21T06:09:27.2859700Z       "mergeable_state": "unknown",
pre-commit-alls-green	UNKNOWN STEP	2026-09-21T06:09:27.2860182Z       "merged": false,
pre-commit-alls-green	UNKNOWN STEP	2026-09-21T06:09:27.2860620Z       "merged_at": null,
pre-commit-alls-green	UNKNOWN STEP	2026-09-21T06:09:27.2861075Z       "merged_by": null,
pre-commit-alls-green	UNKNOWN STEP	2026-09-21T06:09:27.2861516Z       "milestone": null,
pre-commit-alls-green	UNKNOWN STEP	2026-09-21T06:09:27.2861991Z       "node_id": "PR_kwDOCZduT88AAAABEX5enA",
pre-commit-alls-green	UNKNOWN STEP	2026-09-21T06:09:27.2862532Z       "number": 16383,
pre-commit-alls-green	UNKNOWN STEP	2026-09-21T06:09:27.2863089Z       "patch_url": "https://github.com/fastapi/fastapi/pull/16383.patch",
pre-commit-alls-green	UNKNOWN STEP	2026-09-21T06:09:27.2863745Z       "rebaseable": null,
pre-commit-alls-green	UNKNOWN STEP	2026-09-21T06:09:27.2864216Z       "requested_reviewers": [],
pre-commit-alls-green	UNKNOWN STEP	2026-09-21T06:09:27.2864702Z       "requested_teams": [],
pre-commit-alls-green	UNKNOWN STEP	2026-09-21T06:09:27.2865434Z       "review_comment_url": "https://api.github.com/repos/fastapi/fastapi/pulls/comments{/number}",
pre-commit-alls-green	UNKNOWN STEP	2026-09-21T06:09:27.2866312Z       "review_comments": 0,
pre-commit-alls-green	UNKNOWN STEP	2026-09-21T06:09:27.2867017Z       "review_comments_url": "https://api.github.com/repos/fastapi/fastapi/pulls/16383/comments",
pre-commit-alls-green	UNKNOWN STEP	2026-09-21T06:09:27.2867774Z       "state": "open",
pre-commit-alls-green	UNKNOWN STEP	2026-09-21T06:09:27.2868658Z       "statuses_url": "https://api.github.com/repos/fastapi/fastapi/statuses/cc80e314cb9e261975f9520c3c3614139f3f9380",
pre-commit-alls-green	UNKNOWN STEP	2026-09-21T06:09:27.2869572Z       "title": "docs: fix minor typo in index.md",
pre-commit-alls-green	UNKNOWN STEP	2026-09-21T06:09:27.2870129Z       "updated_at": "2026-09-21T06:08:18Z",
pre-commit-alls-green	UNKNOWN STEP	2026-09-21T06:09:27.2870760Z       "url": "https://api.github.com/repos/fastapi/fastapi/pulls/16383",
pre-commit-alls-green	UNKNOWN STEP	2026-09-21T06:09:27.2871381Z       "user": {
pre-commit-alls-green	UNKNOWN STEP	2026-09-21T06:09:27.2871942Z         "avatar_url": "https://avatars.githubusercontent.com/u/291430970?v=4",
pre-commit-alls-green	UNKNOWN STEP	2026-09-21T06:09:27.2872822Z         "events_url": "https://api.github.com/users/kaseraaryan5-star/events{/privacy}",
pre-commit-alls-green	UNKNOWN STEP	2026-09-21T06:09:27.2873720Z         "followers_url": "https://api.github.com/users/kaseraaryan5-star/followers",
pre-commit-alls-green	UNKNOWN STEP	2026-09-21T06:09:27.2874652Z         "following_url": "https://api.github.com/users/kaseraaryan5-star/following{/other_user}",
pre-commit-alls-green	UNKNOWN STEP	2026-09-21T06:09:27.2875584Z         "gists_url": "https://api.github.com/users/kaseraaryan5-star/gists{/gist_id}",
pre-commit-alls-green	UNKNOWN STEP	2026-09-21T06:09:27.2876275Z         "gravatar_id": "",
pre-commit-alls-green	UNKNOWN STEP	2026-09-21T06:09:27.2876791Z         "html_url": "https://github.com/kaseraaryan5-star",
pre-commit-alls-green	UNKNOWN STEP	2026-09-21T06:09:27.2877362Z         "id": 291430970,
pre-commit-alls-green	UNKNOWN STEP	2026-09-21T06:09:27.2877803Z         "login": "kaseraaryan5-star",
pre-commit-alls-green	UNKNOWN STEP	2026-09-21T06:09:27.2878312Z         "node_id": "U_kgDOEV7iOg",
pre-commit-alls-green	UNKNOWN STEP	2026-09-21T06:09:27.2879046Z         "organizations_url": "https://api.github.com/users/kaseraaryan5-star/orgs",
pre-commit-alls-green	UNKNOWN STEP	2026-09-21T06:09:27.2879982Z         "received_events_url": "https://api.github.com/users/kaseraaryan5-star/received_events",
pre-commit-alls-green	UNKNOWN STEP	2026-09-21T06:09:27.2880931Z         "repos_url": "https://api.github.com/users/kaseraaryan5-star/repos",
pre-commit-alls-green	UNKNOWN STEP	2026-09-21T06:09:27.2881589Z         "site_admin": false,
pre-commit-alls-green	UNKNOWN STEP	2026-09-21T06:09:27.2882469Z         "starred_url": "https://api.github.com/users/kaseraaryan5-star/starred{/owner}{/repo}",
pre-commit-alls-green	UNKNOWN STEP	2026-09-21T06:09:27.2883441Z         "subscriptions_url": "https://api.github.com/users/kaseraaryan5-star/subscriptions",
pre-commit-alls-green	UNKNOWN STEP	2026-09-21T06:09:27.2884167Z         "type": "User",
pre-commit-alls-green	UNKNOWN STEP	2026-09-21T06:09:27.2884679Z         "url": "https://api.github.com/users/kaseraaryan5-star",
pre-commit-alls-green	UNKNOWN STEP	2026-09-21T06:09:27.2885280Z         "user_view_type": "public"
pre-commit-alls-green	UNKNOWN STEP	2026-09-21T06:09:27.2885742Z       }
pre-commit-alls-green	UNKNOWN STEP	2026-09-21T06:09:27.2886097Z     },
pre-commit-alls-green	UNKNOWN STEP	2026-09-21T06:09:27.2886466Z     "repository": {
pre-commit-alls-green	UNKNOWN STEP	2026-09-21T06:09:27.2886877Z       "allow_forking": true,
pre-commit-alls-green	UNKNOWN STEP	2026-09-21T06:09:27.2887557Z       "archive_url": "https://api.github.com/repos/fastapi/fastapi/{archive_format}{/ref}",
pre-commit-alls-green	UNKNOWN STEP	2026-09-21T06:09:27.2888278Z       "archived": false,
pre-commit-alls-green	UNKNOWN STEP	2026-09-21T06:09:27.2888990Z       "assignees_url": "https://api.github.com/repos/fastapi/fastapi/assignees{/user}",
pre-commit-alls-green	UNKNOWN STEP	2026-09-21T06:09:27.2889888Z       "blobs_url": "https://api.github.com/repos/fastapi/fastapi/git/blobs{/sha}",
pre-commit-alls-green	UNKNOWN STEP	2026-09-21T06:09:27.2890771Z       "branches_url": "https://api.github.com/repos/fastapi/fastapi/branches{/branch}",
pre-commit-alls-green	UNKNOWN STEP	2026-09-21T06:09:27.2891587Z       "clone_url": "https://github.com/fastapi/fastapi.git",
pre-commit-alls-green	UNKNOWN STEP	2026-09-21T06:09:27.2892461Z       "collaborators_url": "https://api.github.com/repos/fastapi/fastapi/collaborators{/collaborator}",
pre-commit-alls-green	UNKNOWN STEP	2026-09-21T06:09:27.2893450Z       "comments_url": "https://api.github.com/repos/fastapi/fastapi/comments{/number}",
pre-commit-alls-green	UNKNOWN STEP	2026-09-21T06:09:27.2894341Z       "commits_url": "https://api.github.com/repos/fastapi/fastapi/commits{/sha}",
pre-commit-alls-green	UNKNOWN STEP	2026-09-21T06:09:27.2895250Z       "compare_url": "https://api.github.com/repos/fastapi/fastapi/compare/{base}...{head}",
pre-commit-alls-green	UNKNOWN STEP	2026-09-21T06:09:27.2896187Z       "contents_url": "https://api.github.com/repos/fastapi/fastapi/contents/{+path}",
pre-commit-alls-green	UNKNOWN STEP	2026-09-21T06:09:27.2897111Z       "contributors_url": "https://api.github.com/repos/fastapi/fastapi/contributors",
pre-commit-alls-green	UNKNOWN STEP	2026-09-21T06:09:27.2897832Z       "created_at": "2018-12-08T08:21:47Z",
pre-commit-alls-green	UNKNOWN STEP	2026-09-21T06:09:27.2898362Z       "custom_properties": {},
pre-commit-alls-green	UNKNOWN STEP	2026-09-21T06:09:27.2899021Z       "default_branch": "master",
pre-commit-alls-green	UNKNOWN STEP	2026-09-21T06:09:27.2899689Z       "deployments_url": "https://api.github.com/repos/fastapi/fastapi/deployments",
pre-commit-alls-green	UNKNOWN STEP	2026-09-21T06:09:27.2900724Z       "description": "FastAPI framework, high performance, easy to learn, fast to code, ready for production",
pre-commit-alls-green	UNKNOWN STEP	2026-09-21T06:09:27.2901557Z       "disabled": false,
pre-commit-alls-green	UNKNOWN STEP	2026-09-21T06:09:27.2902167Z       "downloads_url": "https://api.github.com/repos/fastapi/fastapi/downloads",
pre-commit-alls-green	UNKNOWN STEP	2026-09-21T06:09:27.2902992Z       "events_url": "https://api.github.com/repos/fastapi/fastapi/events",
pre-commit-alls-green	UNKNOWN STEP	2026-09-21T06:09:27.2903629Z       "fork": false,
pre-commit-alls-green	UNKNOWN STEP	2026-09-21T06:09:27.2904041Z       "forks": 9919,
pre-commit-alls-green	UNKNOWN STEP	2026-09-21T06:09:27.2904468Z       "forks_count": 9919,
pre-commit-alls-green	UNKNOWN STEP	2026-09-21T06:09:27.2905041Z       "forks_url": "https://api.github.com/repos/fastapi/fastapi/forks",
pre-commit-alls-green	UNKNOWN STEP	2026-09-21T06:09:27.2905687Z       "full_name": "fastapi/fastapi",
pre-commit-alls-green	UNKNOWN STEP	2026-09-21T06:09:27.2906391Z       "git_commits_url": "https://api.github.com/repos/fastapi/fastapi/git/commits{/sha}",
pre-commit-alls-green	UNKNOWN STEP	2026-09-21T06:09:27.2907315Z       "git_refs_url": "https://api.github.com/repos/fastapi/fastapi/git/refs{/sha}",
pre-commit-alls-green	UNKNOWN STEP	2026-09-21T06:09:27.2908179Z       "git_tags_url": "https://api.github.com/repos/fastapi/fastapi/git/tags{/sha}",
pre-commit-alls-green	UNKNOWN STEP	2026-09-21T06:09:27.2908991Z       "git_url": "git://github.com/fastapi/fastapi.git",
pre-commit-alls-green	UNKNOWN STEP	2026-09-21T06:09:27.2909536Z       "has_discussions": true,
pre-commit-alls-green	UNKNOWN STEP	2026-09-21T06:09:27.2909986Z       "has_downloads": false,
pre-commit-alls-green	UNKNOWN STEP	2026-09-21T06:09:27.2910459Z       "has_issues": true,
pre-commit-alls-green	UNKNOWN STEP	2026-09-21T06:09:27.2910899Z       "has_pages": false,
pre-commit-alls-green	UNKNOWN STEP	2026-09-21T06:09:27.2911346Z       "has_projects": true,
pre-commit-alls-green	UNKNOWN STEP	2026-09-21T06:09:27.2911804Z       "has_pull_requests": true,
pre-commit-alls-green	UNKNOWN STEP	2026-09-21T06:09:27.2912276Z       "has_wiki": false,
pre-commit-alls-green	UNKNOWN STEP	2026-09-21T06:09:27.2912773Z       "homepage": "https://fastapi.tiangolo.com/",
pre-commit-alls-green	UNKNOWN STEP	2026-09-21T06:09:27.2913558Z       "hooks_url": "https://api.github.com/repos/fastapi/fastapi/hooks",
pre-commit-alls-green	UNKNOWN STEP	2026-09-21T06:09:27.2914266Z       "html_url": "https://github.com/fastapi/fastapi",
pre-commit-alls-green	UNKNOWN STEP	2026-09-21T06:09:27.2914819Z       "id": 160919119,
pre-commit-alls-green	UNKNOWN STEP	2026-09-21T06:09:27.2915248Z       "is_template": false,
pre-commit-alls-green	UNKNOWN STEP	2026-09-21T06:09:27.2915970Z       "issue_comment_url": "https://api.github.com/repos/fastapi/fastapi/issues/comments{/number}",
pre-commit-alls-green	UNKNOWN STEP	2026-09-21T06:09:27.2916997Z       "issue_events_url": "https://api.github.com/repos/fastapi/fastapi/issues/events{/number}",
pre-commit-alls-green	UNKNOWN STEP	2026-09-21T06:09:27.2917943Z       "issues_url": "https://api.github.com/repos/fastapi/fastapi/issues{/number}",
pre-commit-alls-green	UNKNOWN STEP	2026-09-21T06:09:27.2918855Z       "keys_url": "https://api.github.com/repos/fastapi/fastapi/keys{/key_id}",
pre-commit-alls-green	UNKNOWN STEP	2026-09-21T06:09:27.2919691Z       "labels_url": "https://api.github.com/repos/fastapi/fastapi/labels{/name}",
pre-commit-alls-green	UNKNOWN STEP	2026-09-21T06:09:27.2920375Z       "language": "Python",
pre-commit-alls-green	UNKNOWN STEP	2026-09-21T06:09:27.2921009Z       "languages_url": "https://api.github.com/repos/fastapi/fastapi/languages",
pre-commit-alls-green	UNKNOWN STEP	2026-09-21T06:09:27.2921733Z       "license": {
pre-commit-alls-green	UNKNOWN STEP	2026-09-21T06:09:27.2922133Z         "key": "mit",
pre-commit-alls-green	UNKNOWN STEP	2026-09-21T06:09:27.2922561Z         "name": "MIT License",
pre-commit-alls-green	UNKNOWN STEP	2026-09-21T06:09:27.2923030Z         "node_id": "MDc6TGljZW5zZTEz",
pre-commit-alls-green	UNKNOWN STEP	2026-09-21T06:09:27.2923539Z         "spdx_id": "MIT",
pre-commit-alls-green	UNKNOWN STEP	2026-09-21T06:09:27.2924031Z         "url": "https://api.github.com/licenses/mit"
pre-commit-alls-green	UNKNOWN STEP	2026-09-21T06:09:27.2924563Z       },
pre-commit-alls-green	UNKNOWN STEP	2026-09-21T06:09:27.2925094Z       "merges_url": "https://api.github.com/repos/fastapi/fastapi/merges",
pre-commit-alls-green	UNKNOWN STEP	2026-09-21T06:09:27.2925970Z       "milestones_url": "https://api.github.com/repos/fastapi/fastapi/milestones{/number}",
pre-commit-alls-green	UNKNOWN STEP	2026-09-21T06:09:27.2926702Z       "mirror_url": null,
pre-commit-alls-green	UNKNOWN STEP	2026-09-21T06:09:27.2927145Z       "name": "fastapi",
pre-commit-alls-green	UNKNOWN STEP	2026-09-21T06:09:27.2927648Z       "node_id": "MDEwOlJlcG9zaXRvcnkxNjA5MTkxMTk=",
pre-commit-alls-green	UNKNOWN STEP	2026-09-21T06:09:27.2928627Z       "notifications_url": "https://api.github.com/repos/fastapi/fastapi/notifications{?since,all,participating}",
pre-commit-alls-green	UNKNOWN STEP	2026-09-21T06:09:27.2929490Z       "open_issues": 84,
pre-commit-alls-green	UNKNOWN STEP	2026-09-21T06:09:27.2929939Z       "open_issues_count": 84,
pre-commit-alls-green	UNKNOWN STEP	2026-09-21T06:09:27.2930384Z       "owner": {
pre-commit-alls-green	UNKNOWN STEP	2026-09-21T06:09:27.2930943Z         "avatar_url": "https://avatars.githubusercontent.com/u/156354296?v=4",
pre-commit-alls-green	UNKNOWN STEP	2026-09-21T06:09:27.2931841Z         "events_url": "https://api.github.com/users/fastapi/events{/privacy}",
pre-commit-alls-green	UNKNOWN STEP	2026-09-21T06:09:27.2932626Z         "followers_url": "https://api.github.com/users/fastapi/followers",
pre-commit-alls-green	UNKNOWN STEP	2026-09-21T06:09:27.2933457Z         "following_url": "https://api.github.com/users/fastapi/following{/other_user}",
pre-commit-alls-green	UNKNOWN STEP	2026-09-21T06:09:27.2934300Z         "gists_url": "https://api.github.com/users/fastapi/gists{/gist_id}",
pre-commit-alls-green	UNKNOWN STEP	2026-09-21T06:09:27.2934944Z         "gravatar_id": "",
pre-commit-alls-green	UNKNOWN STEP	2026-09-21T06:09:27.2935425Z         "html_url": "https://github.com/fastapi",
pre-commit-alls-green	UNKNOWN STEP	2026-09-21T06:09:27.2935967Z         "id": 156354296,
pre-commit-alls-green	UNKNOWN STEP	2026-09-21T06:09:27.2936401Z         "login": "fastapi",
pre-commit-alls-green	UNKNOWN STEP	2026-09-21T06:09:27.2936856Z         "node_id": "O_kgDOCVHG-A",
pre-commit-alls-green	UNKNOWN STEP	2026-09-21T06:09:27.2937478Z         "organizations_url": "https://api.github.com/users/fastapi/orgs",
pre-commit-alls-green	UNKNOWN STEP	2026-09-21T06:09:27.2938318Z         "received_events_url": "https://api.github.com/users/fastapi/received_events",
pre-commit-alls-green	UNKNOWN STEP	2026-09-21T06:09:27.2939187Z         "repos_url": "https://api.github.com/users/fastapi/repos",
pre-commit-alls-green	UNKNOWN STEP	2026-09-21T06:09:27.2939774Z         "site_admin": false,
pre-commit-alls-green	UNKNOWN STEP	2026-09-21T06:09:27.2940423Z         "starred_url": "https://api.github.com/users/fastapi/starred{/owner}{/repo}",
pre-commit-alls-green	UNKNOWN STEP	2026-09-21T06:09:27.2941300Z         "subscriptions_url": "https://api.github.com/users/fastapi/subscriptions",
pre-commit-alls-green	UNKNOWN STEP	2026-09-21T06:09:27.2941992Z         "type": "Organization",
pre-commit-alls-green	UNKNOWN STEP	2026-09-21T06:09:27.2942512Z         "url": "https://api.github.com/users/fastapi",
pre-commit-alls-green	UNKNOWN STEP	2026-09-21T06:09:27.2943076Z         "user_view_type": "public"
pre-commit-alls-green	UNKNOWN STEP	2026-09-21T06:09:27.2943537Z       },
pre-commit-alls-green	UNKNOWN STEP	2026-09-21T06:09:27.2943920Z       "private": false,
pre-commit-alls-green	UNKNOWN STEP	2026-09-21T06:09:27.2944381Z       "pull_request_creation_policy": "all",
pre-commit-alls-green	UNKNOWN STEP	2026-09-21T06:09:27.2945145Z       "pulls_url": "https://api.github.com/repos/fastapi/fastapi/pulls{/number}",
pre-commit-alls-green	UNKNOWN STEP	2026-09-21T06:09:27.2945839Z       "pushed_at": "2026-09-18T21:24:37Z",
pre-commit-alls-green	UNKNOWN STEP	2026-09-21T06:09:27.2946533Z       "releases_url": "https://api.github.com/repos/fastapi/fastapi/releases{/id}",
pre-commit-alls-green	UNKNOWN STEP	2026-09-21T06:09:27.2947220Z       "size": 54090,
pre-commit-alls-green	UNKNOWN STEP	2026-09-21T06:09:27.2947682Z       "ssh_url": "git@github.com:fastapi/fastapi.git",
pre-commit-alls-green	UNKNOWN STEP	2026-09-21T06:09:27.2948238Z       "stargazers_count": 102494,
pre-commit-alls-green	UNKNOWN STEP	2026-09-21T06:09:27.2948949Z       "stargazers_url": "https://api.github.com/repos/fastapi/fastapi/stargazers",
pre-commit-alls-green	UNKNOWN STEP	2026-09-21T06:09:27.2949828Z       "statuses_url": "https://api.github.com/repos/fastapi/fastapi/statuses/{sha}",
pre-commit-alls-green	UNKNOWN STEP	2026-09-21T06:09:27.2950711Z       "subscribers_url": "https://api.github.com/repos/fastapi/fastapi/subscribers",
pre-commit-alls-green	UNKNOWN STEP	2026-09-21T06:09:27.2951609Z       "subscription_url": "https://api.github.com/repos/fastapi/fastapi/subscription",
pre-commit-alls-green	UNKNOWN STEP	2026-09-21T06:09:27.2952385Z       "svn_url": "https://github.com/fastapi/fastapi",
pre-commit-alls-green	UNKNOWN STEP	2026-09-21T06:09:27.2953065Z       "tags_url": "https://api.github.com/repos/fastapi/fastapi/tags",
pre-commit-alls-green	UNKNOWN STEP	2026-09-21T06:09:27.2953817Z       "teams_url": "https://api.github.com/repos/fastapi/fastapi/teams",
pre-commit-alls-green	UNKNOWN STEP	2026-09-21T06:09:27.2954452Z       "topics": [
pre-commit-alls-green	UNKNOWN STEP	2026-09-21T06:09:27.2954845Z         "api",
pre-commit-alls-green	UNKNOWN STEP	2026-09-21T06:09:27.2955230Z         "async",
pre-commit-alls-green	UNKNOWN STEP	2026-09-21T06:09:27.2955616Z         "asyncio",
pre-commit-alls-green	UNKNOWN STEP	2026-09-21T06:09:27.2956005Z         "fastapi",
pre-commit-alls-green	UNKNOWN STEP	2026-09-21T06:09:27.2956397Z         "framework",
pre-commit-alls-green	UNKNOWN STEP	2026-09-21T06:09:27.2956797Z         "json",
pre-commit-alls-green	UNKNOWN STEP	2026-09-21T06:09:27.2957183Z         "json-schema",
pre-commit-alls-green	UNKNOWN STEP	2026-09-21T06:09:27.2957606Z         "openapi",
pre-commit-alls-green	UNKNOWN STEP	2026-09-21T06:09:27.2957998Z         "openapi3",
pre-commit-alls-green	UNKNOWN STEP	2026-09-21T06:09:27.2958398Z         "pydantic",
pre-commit-alls-green	UNKNOWN STEP	2026-09-21T06:09:27.2958832Z         "python",
pre-commit-alls-green	UNKNOWN STEP	2026-09-21T06:09:27.2959224Z         "python-types",
pre-commit-alls-green	UNKNOWN STEP	2026-09-21T06:09:27.2959820Z         "python3",
pre-commit-alls-green	UNKNOWN STEP	2026-09-21T06:09:27.2960221Z         "redoc",
pre-commit-alls-green	UNKNOWN STEP	2026-09-21T06:09:27.2960677Z         "rest",
pre-commit-alls-green	UNKNOWN STEP	2026-09-21T06:09:27.2961137Z         "starlette",
pre-commit-alls-green	UNKNOWN STEP	2026-09-21T06:09:27.2961523Z         "swagger",
pre-commit-alls-green	UNKNOWN STEP	2026-09-21T06:09:27.2961895Z         "swagger-ui",
pre-commit-alls-green	UNKNOWN STEP	2026-09-21T06:09:27.2962286Z         "uvicorn",
pre-commit-alls-green	UNKNOWN STEP	2026-09-21T06:09:27.2962660Z         "web"
pre-commit-alls-green	UNKNOWN STEP	2026-09-21T06:09:27.2963020Z       ],
pre-commit-alls-green	UNKNOWN STEP	2026-09-21T06:09:27.2963557Z       "trees_url": "https://api.github.com/repos/fastapi/fastapi/git/trees{/sha}",
pre-commit-alls-green	UNKNOWN STEP	2026-09-21T06:09:27.2964342Z       "updated_at": "2026-09-21T05:22:20Z",
pre-commit-alls-green	UNKNOWN STEP	2026-09-21T06:09:27.2964915Z       "url": "https://api.github.com/repos/fastapi/fastapi",
pre-commit-alls-green	UNKNOWN STEP	2026-09-21T06:09:27.2965489Z       "visibility": "public",
pre-commit-alls-green	UNKNOWN STEP	2026-09-21T06:09:27.2965951Z       "watchers": 102494,
pre-commit-alls-green	UNKNOWN STEP	2026-09-21T06:09:27.2966391Z       "watchers_count": 102494,
pre-commit-alls-green	UNKNOWN STEP	2026-09-21T06:09:27.2966875Z       "web_commit_signoff_required": false
pre-commit-alls-green	UNKNOWN STEP	2026-09-21T06:09:27.2967364Z     },
pre-commit-alls-green	UNKNOWN STEP	2026-09-21T06:09:27.2967731Z     "sender": {
pre-commit-alls-green	UNKNOWN STEP	2026-09-21T06:09:27.2968311Z       "avatar_url": "https://avatars.githubusercontent.com/u/291430970?v=4",
pre-commit-alls-green	UNKNOWN STEP	2026-09-21T06:09:27.2969252Z       "events_url": "https://api.github.com/users/kaseraaryan5-star/events{/privacy}",
pre-commit-alls-green	UNKNOWN STEP	2026-09-21T06:09:27.2970141Z       "followers_url": "https://api.github.com/users/kaseraaryan5-star/followers",
pre-commit-alls-green	UNKNOWN STEP	2026-09-21T06:09:27.2971057Z       "following_url": "https://api.github.com/users/kaseraaryan5-star/following{/other_user}",
pre-commit-alls-green	UNKNOWN STEP	2026-09-21T06:09:27.2971985Z       "gists_url": "https://api.github.com/users/kaseraaryan5-star/gists{/gist_id}",
pre-commit-alls-green	UNKNOWN STEP	2026-09-21T06:09:27.2972684Z       "gravatar_id": "",
pre-commit-alls-green	UNKNOWN STEP	2026-09-21T06:09:27.2973197Z       "html_url": "https://github.com/kaseraaryan5-star",
pre-commit-alls-green	UNKNOWN STEP	2026-09-21T06:09:27.2973826Z       "id": 291430970,
pre-commit-alls-green	UNKNOWN STEP	2026-09-21T06:09:27.2974262Z       "login": "kaseraaryan5-star",
pre-commit-alls-green	UNKNOWN STEP	2026-09-21T06:09:27.2974740Z       "node_id": "U_kgDOEV7iOg",
pre-commit-alls-green	UNKNOWN STEP	2026-09-21T06:09:27.2975363Z       "organizations_url": "https://api.github.com/users/kaseraaryan5-star/orgs",
pre-commit-alls-green	UNKNOWN STEP	2026-09-21T06:09:27.2976271Z       "received_events_url": "https://api.github.com/users/kaseraaryan5-star/received_events",
pre-commit-alls-green	UNKNOWN STEP	2026-09-21T06:09:27.2977139Z       "repos_url": "https://api.github.com/users/kaseraaryan5-star/repos",
pre-commit-alls-green	UNKNOWN STEP	2026-09-21T06:09:27.2977754Z       "site_admin": false,
pre-commit-alls-green	UNKNOWN STEP	2026-09-21T06:09:27.2978566Z       "starred_url": "https://api.github.com/users/kaseraaryan5-star/starred{/owner}{/repo}",
pre-commit-alls-green	UNKNOWN STEP	2026-09-21T06:09:27.2979511Z       "subscriptions_url": "https://api.github.com/users/kaseraaryan5-star/subscriptions",
pre-commit-alls-green	UNKNOWN STEP	2026-09-21T06:09:27.2980218Z       "type": "User",
pre-commit-alls-green	UNKNOWN STEP	2026-09-21T06:09:27.2980716Z       "url": "https://api.github.com/users/kaseraaryan5-star",
pre-commit-alls-green	UNKNOWN STEP	2026-09-21T06:09:27.2981285Z       "user_view_type": "public"
pre-commit-alls-green	UNKNOWN STEP	2026-09-21T06:09:27.2981715Z     }
pre-commit-alls-green	UNKNOWN STEP	2026-09-21T06:09:27.2982047Z   },
pre-commit-alls-green	UNKNOWN STEP	2026-09-21T06:09:27.2982641Z   "workflow_ref": "fastapi/fastapi/.github/workflows/pre-commit.yml@refs/pull/16383/merge",
pre-commit-alls-green	UNKNOWN STEP	2026-09-21T06:09:27.2983464Z   "workflow_sha": "bc586b385440a18fec36d47e7f14c67bc3fd9e46",
pre-commit-alls-green	UNKNOWN STEP	2026-09-21T06:09:27.2984033Z   "repository_id": "160919119",
pre-commit-alls-green	UNKNOWN STEP	2026-09-21T06:09:27.2984500Z   "triggering_actor": "kaseraaryan5-star",
pre-commit-alls-green	UNKNOWN STEP	2026-09-21T06:09:27.2985042Z   "workspace": "/home/runner/work/fastapi/fastapi",
pre-commit-alls-green	UNKNOWN STEP	2026-09-21T06:09:27.2985574Z   "action": "__run"
pre-commit-alls-green	UNKNOWN STEP	2026-09-21T06:09:27.2985942Z }
pre-commit-alls-green	UNKNOWN STEP	2026-09-21T06:09:27.3156830Z ##[group]Run re-actors/alls-green@b5b5b37504aa4183270bd3d855c52a67f212be35
pre-commit-alls-green	UNKNOWN STEP	2026-09-21T06:09:27.3157550Z with:
pre-commit-alls-green	UNKNOWN STEP	2026-09-21T06:09:27.3158070Z   jobs: {
pre-commit-alls-green	UNKNOWN STEP	  "pre-commit": {
pre-commit-alls-green	UNKNOWN STEP	    "result": "failure",
pre-commit-alls-green	UNKNOWN STEP	    "outputs": {}
pre-commit-alls-green	UNKNOWN STEP	  }
pre-commit-alls-green	UNKNOWN STEP	}
pre-commit-alls-green	UNKNOWN STEP	2026-09-21T06:09:27.3158997Z   allowed-failures: []
pre-commit-alls-green	UNKNOWN STEP	2026-09-21T06:09:27.3159420Z   allowed-skips: []
pre-commit-alls-green	UNKNOWN STEP	2026-09-21T06:09:27.3159809Z env:
pre-commit-alls-green	UNKNOWN STEP	2026-09-21T06:09:27.3160193Z   CAN_PUSH: false
pre-commit-alls-green	UNKNOWN STEP	2026-09-21T06:09:27.3160588Z ##[endgroup]
pre-commit-alls-green	UNKNOWN STEP	2026-09-21T06:09:27.3236026Z ##[start-action display=Decide whether the input jobs succeeded or failed;id=__re-actors_alls-green.outcome]
pre-commit-alls-green	UNKNOWN STEP	2026-09-21T06:09:27.3268971Z ##[group]Run python -m normalize_needed_jobs_status \
pre-commit-alls-green	UNKNOWN STEP	2026-09-21T06:09:27.3269636Z ^[[36;1mpython -m normalize_needed_jobs_status \^[[0m
pre-commit-alls-green	UNKNOWN STEP	2026-09-21T06:09:27.3270195Z ^[[36;1m  "$INPUT_ALLOWED_FAILURES" \^[[0m
pre-commit-alls-green	UNKNOWN STEP	2026-09-21T06:09:27.3270696Z ^[[36;1m  "$INPUT_ALLOWED_SKIPS" \^[[0m
pre-commit-alls-green	UNKNOWN STEP	2026-09-21T06:09:27.3271170Z ^[[36;1m  "$INPUT_JOBS"^[[0m
pre-commit-alls-green	UNKNOWN STEP	2026-09-21T06:09:27.3293700Z shell: /usr/bin/bash --noprofile --norc -e -o pipefail {0}
pre-commit-alls-green	UNKNOWN STEP	2026-09-21T06:09:27.3294315Z env:
pre-commit-alls-green	UNKNOWN STEP	2026-09-21T06:09:27.3294668Z   CAN_PUSH: false
pre-commit-alls-green	UNKNOWN STEP	2026-09-21T06:09:27.3295064Z   INPUT_ALLOWED_FAILURES: []
pre-commit-alls-green	UNKNOWN STEP	2026-09-21T06:09:27.3295521Z   INPUT_ALLOWED_SKIPS: []
pre-commit-alls-green	UNKNOWN STEP	2026-09-21T06:09:27.3296260Z   INPUT_JOBS: {
pre-commit-alls-green	UNKNOWN STEP	  "pre-commit": {
pre-commit-alls-green	UNKNOWN STEP	    "result": "failure",
pre-commit-alls-green	UNKNOWN STEP	    "outputs": {}
pre-commit-alls-green	UNKNOWN STEP	  }
pre-commit-alls-green	UNKNOWN STEP	}
pre-commit-alls-green	UNKNOWN STEP	2026-09-21T06:09:27.3297278Z   PYTHONPATH: /home/runner/work/_actions/re-actors/alls-green/b5b5b37504aa4183270bd3d855c52a67f212be35/src
pre-commit-alls-green	UNKNOWN STEP	2026-09-21T06:09:27.3298101Z ##[endgroup]
pre-commit-alls-green	UNKNOWN STEP	2026-09-21T06:09:27.3686925Z # ❌ Some of the required to succeed jobs failed 😢😢😢
pre-commit-alls-green	UNKNOWN STEP	2026-09-21T06:09:27.3687834Z 
pre-commit-alls-green	UNKNOWN STEP	2026-09-21T06:09:27.3688240Z 🔮 Job statuses:
pre-commit-alls-green	UNKNOWN STEP	2026-09-21T06:09:27.3690107Z ^[[31m❌ pre-commit → 🔴 failure [required to succeed]^[[0m
pre-commit-alls-green	UNKNOWN STEP	2026-09-21T06:09:27.3755559Z ##[error]Process completed with exit code 1.
pre-commit-alls-green	UNKNOWN STEP	2026-09-21T06:09:27.3797699Z ##[end-action id=__re-actors_alls-green.outcome;outcome=failure;conclusion=failure;duration_ms=56]
pre-commit-alls-green	UNKNOWN STEP	2026-09-21T06:09:27.3923241Z Cleaning up orphan processes
