pre-commit-alls-green	UNKNOWN STEP	2026-09-19T14:28:23.5552400Z           "allow_merge_commit": true,
pre-commit-alls-green	UNKNOWN STEP	2026-09-19T14:28:23.5552931Z           "allow_rebase_merge": true,
pre-commit-alls-green	UNKNOWN STEP	2026-09-19T14:28:23.5553449Z           "allow_squash_merge": true,
pre-commit-alls-green	UNKNOWN STEP	2026-09-19T14:28:23.5553971Z           "allow_update_branch": false,
pre-commit-alls-green	UNKNOWN STEP	2026-09-19T14:28:23.5554774Z           "archive_url": "https://api.github.com/repos/GhaythBenAbid/fastapi/{archive_format}{/ref}",
pre-commit-alls-green	UNKNOWN STEP	2026-09-19T14:28:23.5555589Z           "archived": false,
pre-commit-alls-green	UNKNOWN STEP	2026-09-19T14:28:23.5556460Z           "assignees_url": "https://api.github.com/repos/GhaythBenAbid/fastapi/assignees{/user}",
pre-commit-alls-green	UNKNOWN STEP	2026-09-19T14:28:23.5557487Z           "blobs_url": "https://api.github.com/repos/GhaythBenAbid/fastapi/git/blobs{/sha}",
pre-commit-alls-green	UNKNOWN STEP	2026-09-19T14:28:23.5558507Z           "branches_url": "https://api.github.com/repos/GhaythBenAbid/fastapi/branches{/branch}",
pre-commit-alls-green	UNKNOWN STEP	2026-09-19T14:28:23.5559420Z           "clone_url": "https://github.com/GhaythBenAbid/fastapi.git",
pre-commit-alls-green	UNKNOWN STEP	2026-09-19T14:28:23.5560712Z           "collaborators_url": "https://api.github.com/repos/GhaythBenAbid/fastapi/collaborators{/collaborator}",
pre-commit-alls-green	UNKNOWN STEP	2026-09-19T14:28:23.5562516Z           "comments_url": "https://api.github.com/repos/GhaythBenAbid/fastapi/comments{/number}",
pre-commit-alls-green	UNKNOWN STEP	2026-09-19T14:28:23.5563915Z           "commits_url": "https://api.github.com/repos/GhaythBenAbid/fastapi/commits{/sha}",
pre-commit-alls-green	UNKNOWN STEP	2026-09-19T14:28:23.5565580Z           "compare_url": "https://api.github.com/repos/GhaythBenAbid/fastapi/compare/{base}...{head}",
pre-commit-alls-green	UNKNOWN STEP	2026-09-19T14:28:23.5567233Z           "contents_url": "https://api.github.com/repos/GhaythBenAbid/fastapi/contents/{+path}",
pre-commit-alls-green	UNKNOWN STEP	2026-09-19T14:28:23.5568965Z           "contributors_url": "https://api.github.com/repos/GhaythBenAbid/fastapi/contributors",
pre-commit-alls-green	UNKNOWN STEP	2026-09-19T14:28:23.5570319Z           "created_at": "2026-09-19T14:09:56Z",
pre-commit-alls-green	UNKNOWN STEP	2026-09-19T14:28:23.5571207Z           "default_branch": "master",
pre-commit-alls-green	UNKNOWN STEP	2026-09-19T14:28:23.5572083Z           "delete_branch_on_merge": false,
pre-commit-alls-green	UNKNOWN STEP	2026-09-19T14:28:23.5573634Z           "deployments_url": "https://api.github.com/repos/GhaythBenAbid/fastapi/deployments",
pre-commit-alls-green	UNKNOWN STEP	2026-09-19T14:28:23.5575569Z           "description": "FastAPI framework, high performance, easy to learn, fast to code, ready for production",
pre-commit-alls-green	UNKNOWN STEP	2026-09-19T14:28:23.5577129Z           "disabled": false,
pre-commit-alls-green	UNKNOWN STEP	2026-09-19T14:28:23.5578291Z           "downloads_url": "https://api.github.com/repos/GhaythBenAbid/fastapi/downloads",
pre-commit-alls-green	UNKNOWN STEP	2026-09-19T14:28:23.5579849Z           "events_url": "https://api.github.com/repos/GhaythBenAbid/fastapi/events",
pre-commit-alls-green	UNKNOWN STEP	2026-09-19T14:28:23.5580998Z           "fork": true,
pre-commit-alls-green	UNKNOWN STEP	2026-09-19T14:28:23.5581684Z           "forks": 0,
pre-commit-alls-green	UNKNOWN STEP	2026-09-19T14:28:23.5582158Z           "forks_count": 0,
pre-commit-alls-green	UNKNOWN STEP	2026-09-19T14:28:23.5583083Z           "forks_url": "https://api.github.com/repos/GhaythBenAbid/fastapi/forks",
pre-commit-alls-green	UNKNOWN STEP	2026-09-19T14:28:23.5583844Z           "full_name": "GhaythBenAbid/fastapi",
pre-commit-alls-green	UNKNOWN STEP	2026-09-19T14:28:23.5584874Z           "git_commits_url": "https://api.github.com/repos/GhaythBenAbid/fastapi/git/commits{/sha}",
pre-commit-alls-green	UNKNOWN STEP	2026-09-19T14:28:23.5585917Z           "git_refs_url": "https://api.github.com/repos/GhaythBenAbid/fastapi/git/refs{/sha}",
pre-commit-alls-green	UNKNOWN STEP	2026-09-19T14:28:23.5586907Z           "git_tags_url": "https://api.github.com/repos/GhaythBenAbid/fastapi/git/tags{/sha}",
pre-commit-alls-green	UNKNOWN STEP	2026-09-19T14:28:23.5587764Z           "git_url": "git://github.com/GhaythBenAbid/fastapi.git",
pre-commit-alls-green	UNKNOWN STEP	2026-09-19T14:28:23.5588404Z           "has_discussions": false,
pre-commit-alls-green	UNKNOWN STEP	2026-09-19T14:28:23.5588925Z           "has_downloads": false,
pre-commit-alls-green	UNKNOWN STEP	2026-09-19T14:28:23.5589432Z           "has_issues": false,
pre-commit-alls-green	UNKNOWN STEP	2026-09-19T14:28:23.5589921Z           "has_pages": false,
pre-commit-alls-green	UNKNOWN STEP	2026-09-19T14:28:23.5590408Z           "has_projects": true,
pre-commit-alls-green	UNKNOWN STEP	2026-09-19T14:28:23.5590921Z           "has_pull_requests": true,
pre-commit-alls-green	UNKNOWN STEP	2026-09-19T14:28:23.5591436Z           "has_wiki": false,
pre-commit-alls-green	UNKNOWN STEP	2026-09-19T14:28:23.5591981Z           "homepage": "https://fastapi.tiangolo.com/",
pre-commit-alls-green	UNKNOWN STEP	2026-09-19T14:28:23.5592940Z           "hooks_url": "https://api.github.com/repos/GhaythBenAbid/fastapi/hooks",
pre-commit-alls-green	UNKNOWN STEP	2026-09-19T14:28:23.5593737Z           "html_url": "https://github.com/GhaythBenAbid/fastapi",
pre-commit-alls-green	UNKNOWN STEP	2026-09-19T14:28:23.5594364Z           "id": 1377231460,
pre-commit-alls-green	UNKNOWN STEP	2026-09-19T14:28:23.5594834Z           "is_template": false,
pre-commit-alls-green	UNKNOWN STEP	2026-09-19T14:28:23.5595644Z           "issue_comment_url": "https://api.github.com/repos/GhaythBenAbid/fastapi/issues/comments{/number}",
pre-commit-alls-green	UNKNOWN STEP	2026-09-19T14:28:23.5596807Z           "issue_events_url": "https://api.github.com/repos/GhaythBenAbid/fastapi/issues/events{/number}",
pre-commit-alls-green	UNKNOWN STEP	2026-09-19T14:28:23.5597931Z           "issues_url": "https://api.github.com/repos/GhaythBenAbid/fastapi/issues{/number}",
pre-commit-alls-green	UNKNOWN STEP	2026-09-19T14:28:23.5599058Z           "keys_url": "https://api.github.com/repos/GhaythBenAbid/fastapi/keys{/key_id}",
pre-commit-alls-green	UNKNOWN STEP	2026-09-19T14:28:23.5600033Z           "labels_url": "https://api.github.com/repos/GhaythBenAbid/fastapi/labels{/name}",
pre-commit-alls-green	UNKNOWN STEP	2026-09-19T14:28:23.5600788Z           "language": null,
pre-commit-alls-green	UNKNOWN STEP	2026-09-19T14:28:23.5601478Z           "languages_url": "https://api.github.com/repos/GhaythBenAbid/fastapi/languages",
pre-commit-alls-green	UNKNOWN STEP	2026-09-19T14:28:23.5602405Z           "license": {
pre-commit-alls-green	UNKNOWN STEP	2026-09-19T14:28:23.5602853Z             "key": "mit",
pre-commit-alls-green	UNKNOWN STEP	2026-09-19T14:28:23.5603314Z             "name": "MIT License",
pre-commit-alls-green	UNKNOWN STEP	2026-09-19T14:28:23.5603834Z             "node_id": "MDc6TGljZW5zZTEz",
pre-commit-alls-green	UNKNOWN STEP	2026-09-19T14:28:23.5604370Z             "spdx_id": "MIT",
pre-commit-alls-green	UNKNOWN STEP	2026-09-19T14:28:23.5604904Z             "url": "https://api.github.com/licenses/mit"
pre-commit-alls-green	UNKNOWN STEP	2026-09-19T14:28:23.5605474Z           },
pre-commit-alls-green	UNKNOWN STEP	2026-09-19T14:28:23.5605908Z           "merge_commit_message": "PR_TITLE",
pre-commit-alls-green	UNKNOWN STEP	2026-09-19T14:28:23.5606490Z           "merge_commit_title": "MERGE_MESSAGE",
pre-commit-alls-green	UNKNOWN STEP	2026-09-19T14:28:23.5679736Z           "merges_url": "https://api.github.com/repos/GhaythBenAbid/fastapi/merges",
pre-commit-alls-green	UNKNOWN STEP	2026-09-19T14:28:23.5681186Z           "milestones_url": "https://api.github.com/repos/GhaythBenAbid/fastapi/milestones{/number}",
pre-commit-alls-green	UNKNOWN STEP	2026-09-19T14:28:23.5682126Z           "mirror_url": null,
pre-commit-alls-green	UNKNOWN STEP	2026-09-19T14:28:23.5682772Z           "name": "fastapi",
pre-commit-alls-green	UNKNOWN STEP	2026-09-19T14:28:23.5683286Z           "node_id": "R_kgDOUhbiZA",
pre-commit-alls-green	UNKNOWN STEP	2026-09-19T14:28:23.5684260Z           "notifications_url": "https://api.github.com/repos/GhaythBenAbid/fastapi/notifications{?since,all,participating}",
pre-commit-alls-green	UNKNOWN STEP	2026-09-19T14:28:23.5685247Z           "open_issues": 0,
pre-commit-alls-green	UNKNOWN STEP	2026-09-19T14:28:23.5685721Z           "open_issues_count": 0,
pre-commit-alls-green	UNKNOWN STEP	2026-09-19T14:28:23.5686218Z           "owner": {
pre-commit-alls-green	UNKNOWN STEP	2026-09-19T14:28:23.5686838Z             "avatar_url": "https://avatars.githubusercontent.com/u/55144536?v=4",
pre-commit-alls-green	UNKNOWN STEP	2026-09-19T14:28:23.5687782Z             "events_url": "https://api.github.com/users/GhaythBenAbid/events{/privacy}",
pre-commit-alls-green	UNKNOWN STEP	2026-09-19T14:28:23.5688709Z             "followers_url": "https://api.github.com/users/GhaythBenAbid/followers",
pre-commit-alls-green	UNKNOWN STEP	2026-09-19T14:28:23.5689684Z             "following_url": "https://api.github.com/users/GhaythBenAbid/following{/other_user}",
pre-commit-alls-green	UNKNOWN STEP	2026-09-19T14:28:23.5690648Z             "gists_url": "https://api.github.com/users/GhaythBenAbid/gists{/gist_id}",
pre-commit-alls-green	UNKNOWN STEP	2026-09-19T14:28:23.5691612Z             "gravatar_id": "",
pre-commit-alls-green	UNKNOWN STEP	2026-09-19T14:28:23.5692175Z             "html_url": "https://github.com/GhaythBenAbid",
pre-commit-alls-green	UNKNOWN STEP	2026-09-19T14:28:23.5692908Z             "id": 55144536,
pre-commit-alls-green	UNKNOWN STEP	2026-09-19T14:28:23.5693389Z             "login": "GhaythBenAbid",
pre-commit-alls-green	UNKNOWN STEP	2026-09-19T14:28:23.5693963Z             "node_id": "MDQ6VXNlcjU1MTQ0NTM2",
pre-commit-alls-green	UNKNOWN STEP	2026-09-19T14:28:23.5694715Z             "organizations_url": "https://api.github.com/users/GhaythBenAbid/orgs",
pre-commit-alls-green	UNKNOWN STEP	2026-09-19T14:28:23.5695694Z             "received_events_url": "https://api.github.com/users/GhaythBenAbid/received_events",
pre-commit-alls-green	UNKNOWN STEP	2026-09-19T14:28:23.5696606Z             "repos_url": "https://api.github.com/users/GhaythBenAbid/repos",
pre-commit-alls-green	UNKNOWN STEP	2026-09-19T14:28:23.5697278Z             "site_admin": false,
pre-commit-alls-green	UNKNOWN STEP	2026-09-19T14:28:23.5698012Z             "starred_url": "https://api.github.com/users/GhaythBenAbid/starred{/owner}{/repo}",
pre-commit-alls-green	UNKNOWN STEP	2026-09-19T14:28:23.5699020Z             "subscriptions_url": "https://api.github.com/users/GhaythBenAbid/subscriptions",
pre-commit-alls-green	UNKNOWN STEP	2026-09-19T14:28:23.5699780Z             "type": "User",
pre-commit-alls-green	UNKNOWN STEP	2026-09-19T14:28:23.5700335Z             "url": "https://api.github.com/users/GhaythBenAbid",
pre-commit-alls-green	UNKNOWN STEP	2026-09-19T14:28:23.5700964Z             "user_view_type": "public"
pre-commit-alls-green	UNKNOWN STEP	2026-09-19T14:28:23.5701465Z           },
pre-commit-alls-green	UNKNOWN STEP	2026-09-19T14:28:23.5701873Z           "private": false,
pre-commit-alls-green	UNKNOWN STEP	2026-09-19T14:28:23.5702502Z           "pull_request_creation_policy": "all",
pre-commit-alls-green	UNKNOWN STEP	2026-09-19T14:28:23.5703321Z           "pulls_url": "https://api.github.com/repos/GhaythBenAbid/fastapi/pulls{/number}",
pre-commit-alls-green	UNKNOWN STEP	2026-09-19T14:28:23.5704106Z           "pushed_at": "2026-09-19T14:27:17Z",
pre-commit-alls-green	UNKNOWN STEP	2026-09-19T14:28:23.5704872Z           "releases_url": "https://api.github.com/repos/GhaythBenAbid/fastapi/releases{/id}",
pre-commit-alls-green	UNKNOWN STEP	2026-09-19T14:28:23.5705634Z           "size": 54090,
pre-commit-alls-green	UNKNOWN STEP	2026-09-19T14:28:23.5706156Z           "squash_merge_commit_message": "COMMIT_MESSAGES",
pre-commit-alls-green	UNKNOWN STEP	2026-09-19T14:28:23.5706963Z           "squash_merge_commit_title": "COMMIT_OR_PR_TITLE",
pre-commit-alls-green	UNKNOWN STEP	2026-09-19T14:28:23.5707658Z           "ssh_url": "git@github.com:GhaythBenAbid/fastapi.git",
pre-commit-alls-green	UNKNOWN STEP	2026-09-19T14:28:23.5708287Z           "stargazers_count": 0,
pre-commit-alls-green	UNKNOWN STEP	2026-09-19T14:28:23.5709010Z           "stargazers_url": "https://api.github.com/repos/GhaythBenAbid/fastapi/stargazers",
pre-commit-alls-green	UNKNOWN STEP	2026-09-19T14:28:23.5710010Z           "statuses_url": "https://api.github.com/repos/GhaythBenAbid/fastapi/statuses/{sha}",
pre-commit-alls-green	UNKNOWN STEP	2026-09-19T14:28:23.5711028Z           "subscribers_url": "https://api.github.com/repos/GhaythBenAbid/fastapi/subscribers",
pre-commit-alls-green	UNKNOWN STEP	2026-09-19T14:28:23.5712069Z           "subscription_url": "https://api.github.com/repos/GhaythBenAbid/fastapi/subscription",
pre-commit-alls-green	UNKNOWN STEP	2026-09-19T14:28:23.5713151Z           "svn_url": "https://github.com/GhaythBenAbid/fastapi",
pre-commit-alls-green	UNKNOWN STEP	2026-09-19T14:28:23.5713939Z           "tags_url": "https://api.github.com/repos/GhaythBenAbid/fastapi/tags",
pre-commit-alls-green	UNKNOWN STEP	2026-09-19T14:28:23.5714844Z           "teams_url": "https://api.github.com/repos/GhaythBenAbid/fastapi/teams",
pre-commit-alls-green	UNKNOWN STEP	2026-09-19T14:28:23.5715550Z           "topics": [],
pre-commit-alls-green	UNKNOWN STEP	2026-09-19T14:28:23.5716225Z           "trees_url": "https://api.github.com/repos/GhaythBenAbid/fastapi/git/trees{/sha}",
pre-commit-alls-green	UNKNOWN STEP	2026-09-19T14:28:23.5717058Z           "updated_at": "2026-09-19T14:09:56Z",
pre-commit-alls-green	UNKNOWN STEP	2026-09-19T14:28:23.5717715Z           "url": "https://api.github.com/repos/GhaythBenAbid/fastapi",
pre-commit-alls-green	UNKNOWN STEP	2026-09-19T14:28:23.5718396Z           "use_squash_pr_title_as_default": false,
pre-commit-alls-green	UNKNOWN STEP	2026-09-19T14:28:23.5718973Z           "visibility": "public",
pre-commit-alls-green	UNKNOWN STEP	2026-09-19T14:28:23.5719474Z           "watchers": 0,
pre-commit-alls-green	UNKNOWN STEP	2026-09-19T14:28:23.5719943Z           "watchers_count": 0,
pre-commit-alls-green	UNKNOWN STEP	2026-09-19T14:28:23.5721119Z           "web_commit_signoff_required": false
pre-commit-alls-green	UNKNOWN STEP	2026-09-19T14:28:23.5721656Z         },
pre-commit-alls-green	UNKNOWN STEP	2026-09-19T14:28:23.5722114Z         "sha": "de67520b27cec4914d3ef9bc0687db81ed3b2e5b",
pre-commit-alls-green	UNKNOWN STEP	2026-09-19T14:28:23.5722997Z         "user": {
pre-commit-alls-green	UNKNOWN STEP	2026-09-19T14:28:23.5723605Z           "avatar_url": "https://avatars.githubusercontent.com/u/55144536?v=4",
pre-commit-alls-green	UNKNOWN STEP	2026-09-19T14:28:23.5724523Z           "events_url": "https://api.github.com/users/GhaythBenAbid/events{/privacy}",
pre-commit-alls-green	UNKNOWN STEP	2026-09-19T14:28:23.5725434Z           "followers_url": "https://api.github.com/users/GhaythBenAbid/followers",
pre-commit-alls-green	UNKNOWN STEP	2026-09-19T14:28:23.5726563Z           "following_url": "https://api.github.com/users/GhaythBenAbid/following{/other_user}",
pre-commit-alls-green	UNKNOWN STEP	2026-09-19T14:28:23.5728183Z           "gists_url": "https://api.github.com/users/GhaythBenAbid/gists{/gist_id}",
pre-commit-alls-green	UNKNOWN STEP	2026-09-19T14:28:23.5728908Z           "gravatar_id": "",
pre-commit-alls-green	UNKNOWN STEP	2026-09-19T14:28:23.5729456Z           "html_url": "https://github.com/GhaythBenAbid",
pre-commit-alls-green	UNKNOWN STEP	2026-09-19T14:28:23.5730039Z           "id": 55144536,
pre-commit-alls-green	UNKNOWN STEP	2026-09-19T14:28:23.5730499Z           "login": "GhaythBenAbid",
pre-commit-alls-green	UNKNOWN STEP	2026-09-19T14:28:23.5731028Z           "node_id": "MDQ6VXNlcjU1MTQ0NTM2",
pre-commit-alls-green	UNKNOWN STEP	2026-09-19T14:28:23.5731995Z           "organizations_url": "https://api.github.com/users/GhaythBenAbid/orgs",
pre-commit-alls-green	UNKNOWN STEP	2026-09-19T14:28:23.5733081Z           "received_events_url": "https://api.github.com/users/GhaythBenAbid/received_events",
pre-commit-alls-green	UNKNOWN STEP	2026-09-19T14:28:23.5734011Z           "repos_url": "https://api.github.com/users/GhaythBenAbid/repos",
pre-commit-alls-green	UNKNOWN STEP	2026-09-19T14:28:23.5734677Z           "site_admin": false,
pre-commit-alls-green	UNKNOWN STEP	2026-09-19T14:28:23.5735395Z           "starred_url": "https://api.github.com/users/GhaythBenAbid/starred{/owner}{/repo}",
pre-commit-alls-green	UNKNOWN STEP	2026-09-19T14:28:23.5736400Z           "subscriptions_url": "https://api.github.com/users/GhaythBenAbid/subscriptions",
pre-commit-alls-green	UNKNOWN STEP	2026-09-19T14:28:23.5737166Z           "type": "User",
pre-commit-alls-green	UNKNOWN STEP	2026-09-19T14:28:23.5737699Z           "url": "https://api.github.com/users/GhaythBenAbid",
pre-commit-alls-green	UNKNOWN STEP	2026-09-19T14:28:23.5738311Z           "user_view_type": "public"
pre-commit-alls-green	UNKNOWN STEP	2026-09-19T14:28:23.5738804Z         }
pre-commit-alls-green	UNKNOWN STEP	2026-09-19T14:28:23.5739187Z       },
pre-commit-alls-green	UNKNOWN STEP	2026-09-19T14:28:23.5739689Z       "html_url": "https://github.com/fastapi/fastapi/pull/16377",
pre-commit-alls-green	UNKNOWN STEP	2026-09-19T14:28:23.5740321Z       "id": 4578203191,
pre-commit-alls-green	UNKNOWN STEP	2026-09-19T14:28:23.5740952Z       "issue_url": "https://api.github.com/repos/fastapi/fastapi/issues/16377",
pre-commit-alls-green	UNKNOWN STEP	2026-09-19T14:28:23.5741653Z       "labels": [
pre-commit-alls-green	UNKNOWN STEP	2026-09-19T14:28:23.5742365Z         {
pre-commit-alls-green	UNKNOWN STEP	2026-09-19T14:28:23.5742769Z           "archived_at": null,
pre-commit-alls-green	UNKNOWN STEP	2026-09-19T14:28:23.5743254Z           "archived_by": null,
pre-commit-alls-green	UNKNOWN STEP	2026-09-19T14:28:23.5743729Z           "color": "009688",
pre-commit-alls-green	UNKNOWN STEP	2026-09-19T14:28:23.5744212Z           "default": false,
pre-commit-alls-green	UNKNOWN STEP	2026-09-19T14:28:23.5744781Z           "description": "Documentation about how to use FastAPI",
pre-commit-alls-green	UNKNOWN STEP	2026-09-19T14:28:23.5745404Z           "id": 1836441168,
pre-commit-alls-green	UNKNOWN STEP	2026-09-19T14:28:23.5745854Z           "name": "docs",
pre-commit-alls-green	UNKNOWN STEP	2026-09-19T14:28:23.5746345Z           "node_id": "MDU6TGFiZWwxODM2NDQxMTY4",
pre-commit-alls-green	UNKNOWN STEP	2026-09-19T14:28:23.5747050Z           "url": "https://api.github.com/repos/fastapi/fastapi/labels/docs"
pre-commit-alls-green	UNKNOWN STEP	2026-09-19T14:28:23.5747703Z         }
pre-commit-alls-green	UNKNOWN STEP	2026-09-19T14:28:23.5748105Z       ],
pre-commit-alls-green	UNKNOWN STEP	2026-09-19T14:28:23.5748489Z       "locked": false,
pre-commit-alls-green	UNKNOWN STEP	2026-09-19T14:28:23.5748938Z       "maintainer_can_modify": true,
pre-commit-alls-green	UNKNOWN STEP	2026-09-19T14:28:23.5749569Z       "merge_commit_sha": "61d38e2188b033587c61c36cbaf69543764e6d0f",
pre-commit-alls-green	UNKNOWN STEP	2026-09-19T14:28:23.5750211Z       "mergeable": null,
pre-commit-alls-green	UNKNOWN STEP	2026-09-19T14:28:23.5750684Z       "mergeable_state": "unknown",
pre-commit-alls-green	UNKNOWN STEP	2026-09-19T14:28:23.5751184Z       "merged": false,
pre-commit-alls-green	UNKNOWN STEP	2026-09-19T14:28:23.5751617Z       "merged_at": null,
pre-commit-alls-green	UNKNOWN STEP	2026-09-19T14:28:23.5752090Z       "merged_by": null,
pre-commit-alls-green	UNKNOWN STEP	2026-09-19T14:28:23.5752690Z       "milestone": null,
pre-commit-alls-green	UNKNOWN STEP	2026-09-19T14:28:23.5753177Z       "node_id": "PR_kwDOCZduT88AAAABEOHWNw",
pre-commit-alls-green	UNKNOWN STEP	2026-09-19T14:28:23.5753720Z       "number": 16377,
pre-commit-alls-green	UNKNOWN STEP	2026-09-19T14:28:23.5754305Z       "patch_url": "https://github.com/fastapi/fastapi/pull/16377.patch",
pre-commit-alls-green	UNKNOWN STEP	2026-09-19T14:28:23.5754980Z       "rebaseable": null,
pre-commit-alls-green	UNKNOWN STEP	2026-09-19T14:28:23.5755450Z       "requested_reviewers": [],
pre-commit-alls-green	UNKNOWN STEP	2026-09-19T14:28:23.5755946Z       "requested_teams": [],
pre-commit-alls-green	UNKNOWN STEP	2026-09-19T14:28:23.5756708Z       "review_comment_url": "https://api.github.com/repos/fastapi/fastapi/pulls/comments{/number}",
pre-commit-alls-green	UNKNOWN STEP	2026-09-19T14:28:23.5757520Z       "review_comments": 0,
pre-commit-alls-green	UNKNOWN STEP	2026-09-19T14:28:23.5758251Z       "review_comments_url": "https://api.github.com/repos/fastapi/fastapi/pulls/16377/comments",
pre-commit-alls-green	UNKNOWN STEP	2026-09-19T14:28:23.5759058Z       "state": "open",
pre-commit-alls-green	UNKNOWN STEP	2026-09-19T14:28:23.5759910Z       "statuses_url": "https://api.github.com/repos/fastapi/fastapi/statuses/de67520b27cec4914d3ef9bc0687db81ed3b2e5b",
pre-commit-alls-green	UNKNOWN STEP	2026-09-19T14:28:23.5760910Z       "title": "docs: fix typos converter and with title",
pre-commit-alls-green	UNKNOWN STEP	2026-09-19T14:28:23.5761655Z       "updated_at": "2026-09-19T14:27:18Z",
pre-commit-alls-green	UNKNOWN STEP	2026-09-19T14:28:23.5762420Z       "url": "https://api.github.com/repos/fastapi/fastapi/pulls/16377",
pre-commit-alls-green	UNKNOWN STEP	2026-09-19T14:28:23.5763073Z       "user": {
pre-commit-alls-green	UNKNOWN STEP	2026-09-19T14:28:23.5763658Z         "avatar_url": "https://avatars.githubusercontent.com/u/55144536?v=4",
pre-commit-alls-green	UNKNOWN STEP	2026-09-19T14:28:23.5764533Z         "events_url": "https://api.github.com/users/GhaythBenAbid/events{/privacy}",
pre-commit-alls-green	UNKNOWN STEP	2026-09-19T14:28:23.5765435Z         "followers_url": "https://api.github.com/users/GhaythBenAbid/followers",
pre-commit-alls-green	UNKNOWN STEP	2026-09-19T14:28:23.5766368Z         "following_url": "https://api.github.com/users/GhaythBenAbid/following{/other_user}",
pre-commit-alls-green	UNKNOWN STEP	2026-09-19T14:28:23.5767308Z         "gists_url": "https://api.github.com/users/GhaythBenAbid/gists{/gist_id}",
pre-commit-alls-green	UNKNOWN STEP	2026-09-19T14:28:23.5768019Z         "gravatar_id": "",
pre-commit-alls-green	UNKNOWN STEP	2026-09-19T14:28:23.5768546Z         "html_url": "https://github.com/GhaythBenAbid",
pre-commit-alls-green	UNKNOWN STEP	2026-09-19T14:28:23.5769115Z         "id": 55144536,
pre-commit-alls-green	UNKNOWN STEP	2026-09-19T14:28:23.5769573Z         "login": "GhaythBenAbid",
pre-commit-alls-green	UNKNOWN STEP	2026-09-19T14:28:23.5770087Z         "node_id": "MDQ6VXNlcjU1MTQ0NTM2",
pre-commit-alls-green	UNKNOWN STEP	2026-09-19T14:28:23.5770792Z         "organizations_url": "https://api.github.com/users/GhaythBenAbid/orgs",
pre-commit-alls-green	UNKNOWN STEP	2026-09-19T14:28:23.5771755Z         "received_events_url": "https://api.github.com/users/GhaythBenAbid/received_events",
pre-commit-alls-green	UNKNOWN STEP	2026-09-19T14:28:23.5772770Z         "repos_url": "https://api.github.com/users/GhaythBenAbid/repos",
pre-commit-alls-green	UNKNOWN STEP	2026-09-19T14:28:23.5773428Z         "site_admin": false,
pre-commit-alls-green	UNKNOWN STEP	2026-09-19T14:28:23.5774117Z         "starred_url": "https://api.github.com/users/GhaythBenAbid/starred{/owner}{/repo}",
pre-commit-alls-green	UNKNOWN STEP	2026-09-19T14:28:23.5775099Z         "subscriptions_url": "https://api.github.com/users/GhaythBenAbid/subscriptions",
pre-commit-alls-green	UNKNOWN STEP	2026-09-19T14:28:23.5775848Z         "type": "User",
pre-commit-alls-green	UNKNOWN STEP	2026-09-19T14:28:23.5776485Z         "url": "https://api.github.com/users/GhaythBenAbid",
pre-commit-alls-green	UNKNOWN STEP	2026-09-19T14:28:23.5777099Z         "user_view_type": "public"
pre-commit-alls-green	UNKNOWN STEP	2026-09-19T14:28:23.5777584Z       }
pre-commit-alls-green	UNKNOWN STEP	2026-09-19T14:28:23.5777955Z     },
pre-commit-alls-green	UNKNOWN STEP	2026-09-19T14:28:23.5778347Z     "repository": {
pre-commit-alls-green	UNKNOWN STEP	2026-09-19T14:28:23.5778778Z       "allow_forking": true,
pre-commit-alls-green	UNKNOWN STEP	2026-09-19T14:28:23.5779493Z       "archive_url": "https://api.github.com/repos/fastapi/fastapi/{archive_format}{/ref}",
pre-commit-alls-green	UNKNOWN STEP	2026-09-19T14:28:23.5780248Z       "archived": false,
pre-commit-alls-green	UNKNOWN STEP	2026-09-19T14:28:23.5780914Z       "assignees_url": "https://api.github.com/repos/fastapi/fastapi/assignees{/user}",
pre-commit-alls-green	UNKNOWN STEP	2026-09-19T14:28:23.5781838Z       "blobs_url": "https://api.github.com/repos/fastapi/fastapi/git/blobs{/sha}",
pre-commit-alls-green	UNKNOWN STEP	2026-09-19T14:28:23.5783104Z       "branches_url": "https://api.github.com/repos/fastapi/fastapi/branches{/branch}",
pre-commit-alls-green	UNKNOWN STEP	2026-09-19T14:28:23.5783939Z       "clone_url": "https://github.com/fastapi/fastapi.git",
pre-commit-alls-green	UNKNOWN STEP	2026-09-19T14:28:23.5784870Z       "collaborators_url": "https://api.github.com/repos/fastapi/fastapi/collaborators{/collaborator}",
pre-commit-alls-green	UNKNOWN STEP	2026-09-19T14:28:23.5785913Z       "comments_url": "https://api.github.com/repos/fastapi/fastapi/comments{/number}",
pre-commit-alls-green	UNKNOWN STEP	2026-09-19T14:28:23.5786836Z       "commits_url": "https://api.github.com/repos/fastapi/fastapi/commits{/sha}",
pre-commit-alls-green	UNKNOWN STEP	2026-09-19T14:28:23.5787783Z       "compare_url": "https://api.github.com/repos/fastapi/fastapi/compare/{base}...{head}",
pre-commit-alls-green	UNKNOWN STEP	2026-09-19T14:28:23.5788746Z       "contents_url": "https://api.github.com/repos/fastapi/fastapi/contents/{+path}",
pre-commit-alls-green	UNKNOWN STEP	2026-09-19T14:28:23.5789681Z       "contributors_url": "https://api.github.com/repos/fastapi/fastapi/contributors",
pre-commit-alls-green	UNKNOWN STEP	2026-09-19T14:28:23.5790436Z       "created_at": "2018-12-08T08:21:47Z",
pre-commit-alls-green	UNKNOWN STEP	2026-09-19T14:28:23.5790970Z       "custom_properties": {},
pre-commit-alls-green	UNKNOWN STEP	2026-09-19T14:28:23.5791459Z       "default_branch": "master",
pre-commit-alls-green	UNKNOWN STEP	2026-09-19T14:28:23.5792159Z       "deployments_url": "https://api.github.com/repos/fastapi/fastapi/deployments",
pre-commit-alls-green	UNKNOWN STEP	2026-09-19T14:28:23.5793364Z       "description": "FastAPI framework, high performance, easy to learn, fast to code, ready for production",
pre-commit-alls-green	UNKNOWN STEP	2026-09-19T14:28:23.5794253Z       "disabled": false,
pre-commit-alls-green	UNKNOWN STEP	2026-09-19T14:28:23.5794883Z       "downloads_url": "https://api.github.com/repos/fastapi/fastapi/downloads",
pre-commit-alls-green	UNKNOWN STEP	2026-09-19T14:28:23.5795884Z       "events_url": "https://api.github.com/repos/fastapi/fastapi/events",
pre-commit-alls-green	UNKNOWN STEP	2026-09-19T14:28:23.5796557Z       "fork": false,
pre-commit-alls-green	UNKNOWN STEP	2026-09-19T14:28:23.5796982Z       "forks": 9913,
pre-commit-alls-green	UNKNOWN STEP	2026-09-19T14:28:23.5797420Z       "forks_count": 9913,
pre-commit-alls-green	UNKNOWN STEP	2026-09-19T14:28:23.5798035Z       "forks_url": "https://api.github.com/repos/fastapi/fastapi/forks",
pre-commit-alls-green	UNKNOWN STEP	2026-09-19T14:28:23.5798719Z       "full_name": "fastapi/fastapi",
pre-commit-alls-green	UNKNOWN STEP	2026-09-19T14:28:23.5799464Z       "git_commits_url": "https://api.github.com/repos/fastapi/fastapi/git/commits{/sha}",
pre-commit-alls-green	UNKNOWN STEP	2026-09-19T14:28:23.5800413Z       "git_refs_url": "https://api.github.com/repos/fastapi/fastapi/git/refs{/sha}",
pre-commit-alls-green	UNKNOWN STEP	2026-09-19T14:28:23.5801315Z       "git_tags_url": "https://api.github.com/repos/fastapi/fastapi/git/tags{/sha}",
pre-commit-alls-green	UNKNOWN STEP	2026-09-19T14:28:23.5802100Z       "git_url": "git://github.com/fastapi/fastapi.git",
pre-commit-alls-green	UNKNOWN STEP	2026-09-19T14:28:23.5802790Z       "has_discussions": true,
pre-commit-alls-green	UNKNOWN STEP	2026-09-19T14:28:23.5803274Z       "has_downloads": false,
pre-commit-alls-green	UNKNOWN STEP	2026-09-19T14:28:23.5803746Z       "has_issues": true,
pre-commit-alls-green	UNKNOWN STEP	2026-09-19T14:28:23.5804206Z       "has_pages": false,
pre-commit-alls-green	UNKNOWN STEP	2026-09-19T14:28:23.5804659Z       "has_projects": true,
pre-commit-alls-green	UNKNOWN STEP	2026-09-19T14:28:23.5805134Z       "has_pull_requests": true,
pre-commit-alls-green	UNKNOWN STEP	2026-09-19T14:28:23.5805614Z       "has_wiki": false,
pre-commit-alls-green	UNKNOWN STEP	2026-09-19T14:28:23.5806117Z       "homepage": "https://fastapi.tiangolo.com/",
pre-commit-alls-green	UNKNOWN STEP	2026-09-19T14:28:23.5806827Z       "hooks_url": "https://api.github.com/repos/fastapi/fastapi/hooks",
pre-commit-alls-green	UNKNOWN STEP	2026-09-19T14:28:23.5807549Z       "html_url": "https://github.com/fastapi/fastapi",
pre-commit-alls-green	UNKNOWN STEP	2026-09-19T14:28:23.5808120Z       "id": 160919119,
pre-commit-alls-green	UNKNOWN STEP	2026-09-19T14:28:23.5808550Z       "is_template": false,
pre-commit-alls-green	UNKNOWN STEP	2026-09-19T14:28:23.5809302Z       "issue_comment_url": "https://api.github.com/repos/fastapi/fastapi/issues/comments{/number}",
pre-commit-alls-green	UNKNOWN STEP	2026-09-19T14:28:23.5810550Z       "issue_events_url": "https://api.github.com/repos/fastapi/fastapi/issues/events{/number}",
pre-commit-alls-green	UNKNOWN STEP	2026-09-19T14:28:23.5811534Z       "issues_url": "https://api.github.com/repos/fastapi/fastapi/issues{/number}",
pre-commit-alls-green	UNKNOWN STEP	2026-09-19T14:28:23.5812515Z       "keys_url": "https://api.github.com/repos/fastapi/fastapi/keys{/key_id}",
pre-commit-alls-green	UNKNOWN STEP	2026-09-19T14:28:23.5813430Z       "labels_url": "https://api.github.com/repos/fastapi/fastapi/labels{/name}",
pre-commit-alls-green	UNKNOWN STEP	2026-09-19T14:28:23.5814141Z       "language": "Python",
pre-commit-alls-green	UNKNOWN STEP	2026-09-19T14:28:23.5814785Z       "languages_url": "https://api.github.com/repos/fastapi/fastapi/languages",
pre-commit-alls-green	UNKNOWN STEP	2026-09-19T14:28:23.5815484Z       "license": {
pre-commit-alls-green	UNKNOWN STEP	2026-09-19T14:28:23.5815900Z         "key": "mit",
pre-commit-alls-green	UNKNOWN STEP	2026-09-19T14:28:23.5816334Z         "name": "MIT License",
pre-commit-alls-green	UNKNOWN STEP	2026-09-19T14:28:23.5816831Z         "node_id": "MDc6TGljZW5zZTEz",
pre-commit-alls-green	UNKNOWN STEP	2026-09-19T14:28:23.5817344Z         "spdx_id": "MIT",
pre-commit-alls-green	UNKNOWN STEP	2026-09-19T14:28:23.5817844Z         "url": "https://api.github.com/licenses/mit"
pre-commit-alls-green	UNKNOWN STEP	2026-09-19T14:28:23.5818402Z       },
pre-commit-alls-green	UNKNOWN STEP	2026-09-19T14:28:23.5818940Z       "merges_url": "https://api.github.com/repos/fastapi/fastapi/merges",
pre-commit-alls-green	UNKNOWN STEP	2026-09-19T14:28:23.5819868Z       "milestones_url": "https://api.github.com/repos/fastapi/fastapi/milestones{/number}",
pre-commit-alls-green	UNKNOWN STEP	2026-09-19T14:28:23.5820632Z       "mirror_url": null,
pre-commit-alls-green	UNKNOWN STEP	2026-09-19T14:28:23.5821092Z       "name": "fastapi",
pre-commit-alls-green	UNKNOWN STEP	2026-09-19T14:28:23.5821597Z       "node_id": "MDEwOlJlcG9zaXRvcnkxNjA5MTkxMTk=",
pre-commit-alls-green	UNKNOWN STEP	2026-09-19T14:28:23.5822650Z       "notifications_url": "https://api.github.com/repos/fastapi/fastapi/notifications{?since,all,participating}",
pre-commit-alls-green	UNKNOWN STEP	2026-09-19T14:28:23.5823575Z       "open_issues": 82,
pre-commit-alls-green	UNKNOWN STEP	2026-09-19T14:28:23.5824029Z       "open_issues_count": 82,
pre-commit-alls-green	UNKNOWN STEP	2026-09-19T14:28:23.5824492Z       "owner": {
pre-commit-alls-green	UNKNOWN STEP	2026-09-19T14:28:23.5825108Z         "avatar_url": "https://avatars.githubusercontent.com/u/156354296?v=4",
pre-commit-alls-green	UNKNOWN STEP	2026-09-19T14:28:23.5825956Z         "events_url": "https://api.github.com/users/fastapi/events{/privacy}",
pre-commit-alls-green	UNKNOWN STEP	2026-09-19T14:28:23.5826771Z         "followers_url": "https://api.github.com/users/fastapi/followers",
pre-commit-alls-green	UNKNOWN STEP	2026-09-19T14:28:23.5827649Z         "following_url": "https://api.github.com/users/fastapi/following{/other_user}",
pre-commit-alls-green	UNKNOWN STEP	2026-09-19T14:28:23.5828530Z         "gists_url": "https://api.github.com/users/fastapi/gists{/gist_id}",
pre-commit-alls-green	UNKNOWN STEP	2026-09-19T14:28:23.5829197Z         "gravatar_id": "",
pre-commit-alls-green	UNKNOWN STEP	2026-09-19T14:28:23.5829844Z         "html_url": "https://github.com/fastapi",
pre-commit-alls-green	UNKNOWN STEP	2026-09-19T14:28:23.5830398Z         "id": 156354296,
pre-commit-alls-green	UNKNOWN STEP	2026-09-19T14:28:23.5830845Z         "login": "fastapi",
pre-commit-alls-green	UNKNOWN STEP	2026-09-19T14:28:23.5831314Z         "node_id": "O_kgDOCVHG-A",
pre-commit-alls-green	UNKNOWN STEP	2026-09-19T14:28:23.5831955Z         "organizations_url": "https://api.github.com/users/fastapi/orgs",
pre-commit-alls-green	UNKNOWN STEP	2026-09-19T14:28:23.5832979Z         "received_events_url": "https://api.github.com/users/fastapi/received_events",
pre-commit-alls-green	UNKNOWN STEP	2026-09-19T14:28:23.5833812Z         "repos_url": "https://api.github.com/users/fastapi/repos",
pre-commit-alls-green	UNKNOWN STEP	2026-09-19T14:28:23.5834437Z         "site_admin": false,
pre-commit-alls-green	UNKNOWN STEP	2026-09-19T14:28:23.5835087Z         "starred_url": "https://api.github.com/users/fastapi/starred{/owner}{/repo}",
pre-commit-alls-green	UNKNOWN STEP	2026-09-19T14:28:23.5836007Z         "subscriptions_url": "https://api.github.com/users/fastapi/subscriptions",
pre-commit-alls-green	UNKNOWN STEP	2026-09-19T14:28:23.5836741Z         "type": "Organization",
pre-commit-alls-green	UNKNOWN STEP	2026-09-19T14:28:23.5837273Z         "url": "https://api.github.com/users/fastapi",
pre-commit-alls-green	UNKNOWN STEP	2026-09-19T14:28:23.5837856Z         "user_view_type": "public"
pre-commit-alls-green	UNKNOWN STEP	2026-09-19T14:28:23.5838331Z       },
pre-commit-alls-green	UNKNOWN STEP	2026-09-19T14:28:23.5838714Z       "private": false,
pre-commit-alls-green	UNKNOWN STEP	2026-09-19T14:28:23.5839183Z       "pull_request_creation_policy": "all",
pre-commit-alls-green	UNKNOWN STEP	2026-09-19T14:28:23.5839895Z       "pulls_url": "https://api.github.com/repos/fastapi/fastapi/pulls{/number}",
pre-commit-alls-green	UNKNOWN STEP	2026-09-19T14:28:23.5840610Z       "pushed_at": "2026-09-18T21:24:37Z",
pre-commit-alls-green	UNKNOWN STEP	2026-09-19T14:28:23.5841313Z       "releases_url": "https://api.github.com/repos/fastapi/fastapi/releases{/id}",
pre-commit-alls-green	UNKNOWN STEP	2026-09-19T14:28:23.5842030Z       "size": 54090,
pre-commit-alls-green	UNKNOWN STEP	2026-09-19T14:28:23.5842602Z       "ssh_url": "git@github.com:fastapi/fastapi.git",
pre-commit-alls-green	UNKNOWN STEP	2026-09-19T14:28:23.5843181Z       "stargazers_count": 102462,
pre-commit-alls-green	UNKNOWN STEP	2026-09-19T14:28:23.5843988Z       "stargazers_url": "https://api.github.com/repos/fastapi/fastapi/stargazers",
pre-commit-alls-green	UNKNOWN STEP	2026-09-19T14:28:23.5844906Z       "statuses_url": "https://api.github.com/repos/fastapi/fastapi/statuses/{sha}",
pre-commit-alls-green	UNKNOWN STEP	2026-09-19T14:28:23.5845828Z       "subscribers_url": "https://api.github.com/repos/fastapi/fastapi/subscribers",
pre-commit-alls-green	UNKNOWN STEP	2026-09-19T14:28:23.5846780Z       "subscription_url": "https://api.github.com/repos/fastapi/fastapi/subscription",
pre-commit-alls-green	UNKNOWN STEP	2026-09-19T14:28:23.5847578Z       "svn_url": "https://github.com/fastapi/fastapi",
pre-commit-alls-green	UNKNOWN STEP	2026-09-19T14:28:23.5848286Z       "tags_url": "https://api.github.com/repos/fastapi/fastapi/tags",
pre-commit-alls-green	UNKNOWN STEP	2026-09-19T14:28:23.5849059Z       "teams_url": "https://api.github.com/repos/fastapi/fastapi/teams",
pre-commit-alls-green	UNKNOWN STEP	2026-09-19T14:28:23.5849699Z       "topics": [
pre-commit-alls-green	UNKNOWN STEP	2026-09-19T14:28:23.5850102Z         "api",
pre-commit-alls-green	UNKNOWN STEP	2026-09-19T14:28:23.5850488Z         "async",
pre-commit-alls-green	UNKNOWN STEP	2026-09-19T14:28:23.5850879Z         "asyncio",
pre-commit-alls-green	UNKNOWN STEP	2026-09-19T14:28:23.5851275Z         "fastapi",
pre-commit-alls-green	UNKNOWN STEP	2026-09-19T14:28:23.5851679Z         "framework",
pre-commit-alls-green	UNKNOWN STEP	2026-09-19T14:28:23.5852084Z         "json",
pre-commit-alls-green	UNKNOWN STEP	2026-09-19T14:28:23.5852605Z         "json-schema",
pre-commit-alls-green	UNKNOWN STEP	2026-09-19T14:28:23.5853033Z         "openapi",
pre-commit-alls-green	UNKNOWN STEP	2026-09-19T14:28:23.5853438Z         "openapi3",
pre-commit-alls-green	UNKNOWN STEP	2026-09-19T14:28:23.5853853Z         "pydantic",
pre-commit-alls-green	UNKNOWN STEP	2026-09-19T14:28:23.5854258Z         "python",
pre-commit-alls-green	UNKNOWN STEP	2026-09-19T14:28:23.5854671Z         "python-types",
pre-commit-alls-green	UNKNOWN STEP	2026-09-19T14:28:23.5855097Z         "python3",
pre-commit-alls-green	UNKNOWN STEP	2026-09-19T14:28:23.5855499Z         "redoc",
pre-commit-alls-green	UNKNOWN STEP	2026-09-19T14:28:23.5855900Z         "rest",
pre-commit-alls-green	UNKNOWN STEP	2026-09-19T14:28:23.5856295Z         "starlette",
pre-commit-alls-green	UNKNOWN STEP	2026-09-19T14:28:23.5856700Z         "swagger",
pre-commit-alls-green	UNKNOWN STEP	2026-09-19T14:28:23.5857101Z         "swagger-ui",
pre-commit-alls-green	UNKNOWN STEP	2026-09-19T14:28:23.5857515Z         "uvicorn",
pre-commit-alls-green	UNKNOWN STEP	2026-09-19T14:28:23.5857907Z         "web"
pre-commit-alls-green	UNKNOWN STEP	2026-09-19T14:28:23.5858291Z       ],
pre-commit-alls-green	UNKNOWN STEP	2026-09-19T14:28:23.5858872Z       "trees_url": "https://api.github.com/repos/fastapi/fastapi/git/trees{/sha}",
pre-commit-alls-green	UNKNOWN STEP	2026-09-19T14:28:23.5859602Z       "updated_at": "2026-09-19T14:06:36Z",
pre-commit-alls-green	UNKNOWN STEP	2026-09-19T14:28:23.5860200Z       "url": "https://api.github.com/repos/fastapi/fastapi",
pre-commit-alls-green	UNKNOWN STEP	2026-09-19T14:28:23.5860804Z       "visibility": "public",
pre-commit-alls-green	UNKNOWN STEP	2026-09-19T14:28:23.5861284Z       "watchers": 102462,
pre-commit-alls-green	UNKNOWN STEP	2026-09-19T14:28:23.5861732Z       "watchers_count": 102462,
pre-commit-alls-green	UNKNOWN STEP	2026-09-19T14:28:23.5862318Z       "web_commit_signoff_required": false
pre-commit-alls-green	UNKNOWN STEP	2026-09-19T14:28:23.5862836Z     },
pre-commit-alls-green	UNKNOWN STEP	2026-09-19T14:28:23.5863351Z     "sender": {
pre-commit-alls-green	UNKNOWN STEP	2026-09-19T14:28:23.5863930Z       "avatar_url": "https://avatars.githubusercontent.com/u/55144536?v=4",
pre-commit-alls-green	UNKNOWN STEP	2026-09-19T14:28:23.5864815Z       "events_url": "https://api.github.com/users/GhaythBenAbid/events{/privacy}",
pre-commit-alls-green	UNKNOWN STEP	2026-09-19T14:28:23.5865697Z       "followers_url": "https://api.github.com/users/GhaythBenAbid/followers",
pre-commit-alls-green	UNKNOWN STEP	2026-09-19T14:28:23.5866627Z       "following_url": "https://api.github.com/users/GhaythBenAbid/following{/other_user}",
pre-commit-alls-green	UNKNOWN STEP	2026-09-19T14:28:23.5867560Z       "gists_url": "https://api.github.com/users/GhaythBenAbid/gists{/gist_id}",
pre-commit-alls-green	UNKNOWN STEP	2026-09-19T14:28:23.5868253Z       "gravatar_id": "",
pre-commit-alls-green	UNKNOWN STEP	2026-09-19T14:28:23.5868763Z       "html_url": "https://github.com/GhaythBenAbid",
pre-commit-alls-green	UNKNOWN STEP	2026-09-19T14:28:23.5869320Z       "id": 55144536,
pre-commit-alls-green	UNKNOWN STEP	2026-09-19T14:28:23.5869755Z       "login": "GhaythBenAbid",
pre-commit-alls-green	UNKNOWN STEP	2026-09-19T14:28:23.5870254Z       "node_id": "MDQ6VXNlcjU1MTQ0NTM2",
pre-commit-alls-green	UNKNOWN STEP	2026-09-19T14:28:23.5870955Z       "organizations_url": "https://api.github.com/users/GhaythBenAbid/orgs",
pre-commit-alls-green	UNKNOWN STEP	2026-09-19T14:28:23.5871880Z       "received_events_url": "https://api.github.com/users/GhaythBenAbid/received_events",
pre-commit-alls-green	UNKNOWN STEP	2026-09-19T14:28:23.5872873Z       "repos_url": "https://api.github.com/users/GhaythBenAbid/repos",
pre-commit-alls-green	UNKNOWN STEP	2026-09-19T14:28:23.5873525Z       "site_admin": false,
pre-commit-alls-green	UNKNOWN STEP	2026-09-19T14:28:23.5874201Z       "starred_url": "https://api.github.com/users/GhaythBenAbid/starred{/owner}{/repo}",
pre-commit-alls-green	UNKNOWN STEP	2026-09-19T14:28:23.5875162Z       "subscriptions_url": "https://api.github.com/users/GhaythBenAbid/subscriptions",
pre-commit-alls-green	UNKNOWN STEP	2026-09-19T14:28:23.5875898Z       "type": "User",
pre-commit-alls-green	UNKNOWN STEP	2026-09-19T14:28:23.5876392Z       "url": "https://api.github.com/users/GhaythBenAbid",
pre-commit-alls-green	UNKNOWN STEP	2026-09-19T14:28:23.5877175Z       "user_view_type": "public"
pre-commit-alls-green	UNKNOWN STEP	2026-09-19T14:28:23.5877649Z     }
pre-commit-alls-green	UNKNOWN STEP	2026-09-19T14:28:23.5878016Z   },
pre-commit-alls-green	UNKNOWN STEP	2026-09-19T14:28:23.5878804Z   "workflow_ref": "fastapi/fastapi/.github/workflows/pre-commit.yml@refs/pull/16377/merge",
pre-commit-alls-green	UNKNOWN STEP	2026-09-19T14:28:23.5879702Z   "workflow_sha": "a8b88ddeff8b86d1c5d72b03032104d7fa9bc94e",
pre-commit-alls-green	UNKNOWN STEP	2026-09-19T14:28:23.5880326Z   "repository_id": "160919119",
pre-commit-alls-green	UNKNOWN STEP	2026-09-19T14:28:23.5880830Z   "triggering_actor": "GhaythBenAbid",
pre-commit-alls-green	UNKNOWN STEP	2026-09-19T14:28:23.5881409Z   "workspace": "/home/runner/work/fastapi/fastapi",
pre-commit-alls-green	UNKNOWN STEP	2026-09-19T14:28:23.5881978Z   "action": "__run"
pre-commit-alls-green	UNKNOWN STEP	2026-09-19T14:28:23.5882485Z }
pre-commit-alls-green	UNKNOWN STEP	2026-09-19T14:28:23.6066921Z ##[group]Run re-actors/alls-green@b5b5b37504aa4183270bd3d855c52a67f212be35
pre-commit-alls-green	UNKNOWN STEP	2026-09-19T14:28:23.6067702Z with:
pre-commit-alls-green	UNKNOWN STEP	2026-09-19T14:28:23.6068272Z   jobs: {
pre-commit-alls-green	UNKNOWN STEP	  "pre-commit": {
pre-commit-alls-green	UNKNOWN STEP	    "result": "failure",
pre-commit-alls-green	UNKNOWN STEP	    "outputs": {}
pre-commit-alls-green	UNKNOWN STEP	  }
pre-commit-alls-green	UNKNOWN STEP	}
pre-commit-alls-green	UNKNOWN STEP	2026-09-19T14:28:23.6068972Z   allowed-failures: []
pre-commit-alls-green	UNKNOWN STEP	2026-09-19T14:28:23.6069414Z   allowed-skips: []
pre-commit-alls-green	UNKNOWN STEP	2026-09-19T14:28:23.6069833Z env:
pre-commit-alls-green	UNKNOWN STEP	2026-09-19T14:28:23.6070211Z   CAN_PUSH: false
pre-commit-alls-green	UNKNOWN STEP	2026-09-19T14:28:23.6070618Z ##[endgroup]
pre-commit-alls-green	UNKNOWN STEP	2026-09-19T14:28:23.6146494Z ##[start-action display=Decide whether the input jobs succeeded or failed;id=__re-actors_alls-green.outcome]
pre-commit-alls-green	UNKNOWN STEP	2026-09-19T14:28:23.6182332Z ##[group]Run python -m normalize_needed_jobs_status \
pre-commit-alls-green	UNKNOWN STEP	2026-09-19T14:28:23.6183053Z ^[[36;1mpython -m normalize_needed_jobs_status \^[[0m
pre-commit-alls-green	UNKNOWN STEP	2026-09-19T14:28:23.6183692Z ^[[36;1m  "$INPUT_ALLOWED_FAILURES" \^[[0m
pre-commit-alls-green	UNKNOWN STEP	2026-09-19T14:28:23.6184238Z ^[[36;1m  "$INPUT_ALLOWED_SKIPS" \^[[0m
pre-commit-alls-green	UNKNOWN STEP	2026-09-19T14:28:23.6184746Z ^[[36;1m  "$INPUT_JOBS"^[[0m
pre-commit-alls-green	UNKNOWN STEP	2026-09-19T14:28:23.6226030Z shell: /usr/bin/bash --noprofile --norc -e -o pipefail {0}
pre-commit-alls-green	UNKNOWN STEP	2026-09-19T14:28:23.6226677Z env:
pre-commit-alls-green	UNKNOWN STEP	2026-09-19T14:28:23.6227072Z   CAN_PUSH: false
pre-commit-alls-green	UNKNOWN STEP	2026-09-19T14:28:23.6227508Z   INPUT_ALLOWED_FAILURES: []
pre-commit-alls-green	UNKNOWN STEP	2026-09-19T14:28:23.6227989Z   INPUT_ALLOWED_SKIPS: []
pre-commit-alls-green	UNKNOWN STEP	2026-09-19T14:28:23.6228633Z   INPUT_JOBS: {
pre-commit-alls-green	UNKNOWN STEP	  "pre-commit": {
pre-commit-alls-green	UNKNOWN STEP	    "result": "failure",
pre-commit-alls-green	UNKNOWN STEP	    "outputs": {}
pre-commit-alls-green	UNKNOWN STEP	  }
pre-commit-alls-green	UNKNOWN STEP	}
pre-commit-alls-green	UNKNOWN STEP	2026-09-19T14:28:23.6229704Z   PYTHONPATH: /home/runner/work/_actions/re-actors/alls-green/b5b5b37504aa4183270bd3d855c52a67f212be35/src
pre-commit-alls-green	UNKNOWN STEP	2026-09-19T14:28:23.6230571Z ##[endgroup]
pre-commit-alls-green	UNKNOWN STEP	2026-09-19T14:28:23.6681360Z # ❌ Some of the required to succeed jobs failed 😢😢😢
pre-commit-alls-green	UNKNOWN STEP	2026-09-19T14:28:23.6681981Z 
pre-commit-alls-green	UNKNOWN STEP	2026-09-19T14:28:23.6682479Z 🔮 Job statuses:
pre-commit-alls-green	UNKNOWN STEP	2026-09-19T14:28:23.6683840Z ^[[31m❌ pre-commit → 🔴 failure [required to succeed]^[[0m
pre-commit-alls-green	UNKNOWN STEP	2026-09-19T14:28:23.6760472Z ##[error]Process completed with exit code 1.
pre-commit-alls-green	UNKNOWN STEP	2026-09-19T14:28:23.6808645Z ##[end-action id=__re-actors_alls-green.outcome;outcome=failure;conclusion=failure;duration_ms=66]
pre-commit-alls-green	UNKNOWN STEP	2026-09-19T14:28:23.6937073Z Cleaning up orphan processes
