Run tests Python 3.14.5 (6)	UNKNOWN STEP	2026-07-04T09:44:25.1816146Z ................................................................. [ 1365/11809]
Run tests Python 3.14.5 (6)	UNKNOWN STEP	2026-07-04T09:44:26.4903938Z ................................................................. [ 1430/11809]
Run tests Python 3.14.5 (6)	UNKNOWN STEP	2026-07-04T09:44:27.7371935Z ................................................................. [ 1495/11809]
Run tests Python 3.14.5 (6)	UNKNOWN STEP	2026-07-04T09:44:29.0875740Z ................................................................. [ 1560/11809]
Run tests Python 3.14.5 (6)	UNKNOWN STEP	2026-07-04T09:44:30.6227603Z ................................................................. [ 1625/11809]
Run tests Python 3.14.5 (6)	UNKNOWN STEP	2026-07-04T09:44:32.0811378Z ................................................................. [ 1690/11809]
Run tests Python 3.14.5 (6)	UNKNOWN STEP	2026-07-04T09:44:33.6359847Z ................................................................. [ 1755/11809]
Run tests Python 3.14.5 (6)	UNKNOWN STEP	2026-07-04T09:44:35.1772083Z ................................................................. [ 1820/11809]
Run tests Python 3.14.5 (6)	UNKNOWN STEP	2026-07-04T09:44:36.5795279Z ................................................................. [ 1885/11809]
Run tests Python 3.14.5 (6)	UNKNOWN STEP	2026-07-04T09:44:38.1360265Z ................................................................. [ 1950/11809]
Run tests Python 3.14.5 (6)	UNKNOWN STEP	2026-07-04T09:44:39.3654694Z ................................................................. [ 2015/11809]
Run tests Python 3.14.5 (6)	UNKNOWN STEP	2026-07-04T09:44:40.4292085Z ................................................................. [ 2080/11809]
Run tests Python 3.14.5 (6)	UNKNOWN STEP	2026-07-04T09:44:41.5168119Z ................................................................. [ 2145/11809]
Run tests Python 3.14.5 (6)	UNKNOWN STEP	2026-07-04T09:44:42.5944403Z ................................................................. [ 2210/11809]
Run tests Python 3.14.5 (6)	UNKNOWN STEP	2026-07-04T09:44:43.7265534Z ................................................................. [ 2275/11809]
Run tests Python 3.14.5 (6)	UNKNOWN STEP	2026-07-04T09:44:44.9042519Z ................................................................. [ 2340/11809]
Run tests Python 3.14.5 (6)	UNKNOWN STEP	2026-07-04T09:44:46.1670304Z ................................................................. [ 2405/11809]
Run tests Python 3.14.5 (6)	UNKNOWN STEP	2026-07-04T09:44:47.2694430Z ................................................................. [ 2470/11809]
Run tests Python 3.14.5 (6)	UNKNOWN STEP	2026-07-04T09:44:48.4586570Z ................................................................. [ 2535/11809]
Run tests Python 3.14.5 (6)	UNKNOWN STEP	2026-07-04T09:44:49.6002771Z ................................................................. [ 2600/11809]
Run tests Python 3.14.5 (6)	UNKNOWN STEP	2026-07-04T09:44:50.7814807Z ................................................................. [ 2665/11809]
Run tests Python 3.14.5 (6)	UNKNOWN STEP	2026-07-04T09:44:51.9530601Z ................................................................. [ 2730/11809]
Run tests Python 3.14.5 (6)	UNKNOWN STEP	2026-07-04T09:44:53.1351700Z ................................................................. [ 2795/11809]
Run tests Python 3.14.5 (6)	UNKNOWN STEP	2026-07-04T09:44:54.3268826Z ................................................................. [ 2860/11809]
Run tests Python 3.14.5 (6)	UNKNOWN STEP	2026-07-04T09:44:55.4606053Z ................................................................. [ 2925/11809]
Run tests Python 3.14.5 (6)	UNKNOWN STEP	2026-07-04T09:44:56.6778501Z ................................................................. [ 2990/11809]
Run tests Python 3.14.5 (6)	UNKNOWN STEP	2026-07-04T09:44:57.7477471Z ................................................................. [ 3055/11809]
Run tests Python 3.14.5 (6)	UNKNOWN STEP	2026-07-04T09:45:00.6734699Z ................................................................. [ 3120/11809]
Run tests Python 3.14.5 (6)	UNKNOWN STEP	2026-07-04T09:45:01.9924066Z ................................................................. [ 3185/11809]
Run tests Python 3.14.5 (6)	UNKNOWN STEP	2026-07-04T09:45:03.0552905Z ................................................................. [ 3250/11809]
Run tests Python 3.14.5 (6)	UNKNOWN STEP	2026-07-04T09:45:04.2797783Z ................................................................. [ 3315/11809]
Run tests Python 3.14.5 (6)	UNKNOWN STEP	2026-07-04T09:45:05.5136425Z ................................................................. [ 3380/11809]
Run tests Python 3.14.5 (6)	UNKNOWN STEP	2026-07-04T09:45:06.7646956Z ................................................................. [ 3445/11809]
Run tests Python 3.14.5 (6)	UNKNOWN STEP	2026-07-04T09:45:08.0052869Z ................................................................. [ 3510/11809]
Run tests Python 3.14.5 (6)	UNKNOWN STEP	2026-07-04T09:45:09.2260458Z ................................................................. [ 3575/11809]
Run tests Python 3.14.5 (6)	UNKNOWN STEP	2026-07-04T09:45:10.3373080Z ................................................................. [ 3640/11809]
Run tests Python 3.14.5 (6)	UNKNOWN STEP	2026-07-04T09:45:11.5648517Z ................................................................. [ 3705/11809]
Run tests Python 3.14.5 (6)	UNKNOWN STEP	2026-07-04T09:45:12.6666666Z ................................................................. [ 3770/11809]
Run tests Python 3.14.5 (6)	UNKNOWN STEP	2026-07-04T09:45:13.8503676Z ................................................................. [ 3835/11809]
Run tests Python 3.14.5 (6)	UNKNOWN STEP	2026-07-04T09:45:15.0470217Z ................................................................. [ 3900/11809]
Run tests Python 3.14.5 (6)	UNKNOWN STEP	2026-07-04T09:45:16.1446346Z ................................................................. [ 3965/11809]
Run tests Python 3.14.5 (6)	UNKNOWN STEP	2026-07-04T09:45:17.2581101Z ................................................................. [ 4030/11809]
Run tests Python 3.14.5 (6)	UNKNOWN STEP	2026-07-04T09:45:18.3870509Z ................................................................. [ 4095/11809]
Run tests Python 3.14.5 (6)	UNKNOWN STEP	2026-07-04T09:45:19.6285337Z ................................................................. [ 4160/11809]
Run tests Python 3.14.5 (6)	UNKNOWN STEP	2026-07-04T09:45:20.6832709Z ................................................................. [ 4225/11809]
Run tests Python 3.14.5 (6)	UNKNOWN STEP	2026-07-04T09:45:21.4855966Z ................................................................. [ 4290/11809]
Run tests Python 3.14.5 (6)	UNKNOWN STEP	2026-07-04T09:45:22.4087934Z ................................................................. [ 4355/11809]
Run tests Python 3.14.5 (6)	UNKNOWN STEP	2026-07-04T09:45:23.2622708Z ................................................................. [ 4420/11809]
Run tests Python 3.14.5 (6)	UNKNOWN STEP	2026-07-04T09:45:24.2291367Z ................................................................. [ 4485/11809]
Run tests Python 3.14.5 (6)	UNKNOWN STEP	2026-07-04T09:45:25.0441971Z ................................................................. [ 4550/11809]
Run tests Python 3.14.5 (6)	UNKNOWN STEP	2026-07-04T09:45:25.9312653Z ................................................................. [ 4615/11809]
Run tests Python 3.14.5 (6)	UNKNOWN STEP	2026-07-04T09:45:27.0519116Z ................................................................. [ 4680/11809]
Run tests Python 3.14.5 (6)	UNKNOWN STEP	2026-07-04T09:45:28.3304390Z ................................................................. [ 4745/11809]
Run tests Python 3.14.5 (6)	UNKNOWN STEP	2026-07-04T09:45:29.4964401Z ................................................................. [ 4810/11809]
Run tests Python 3.14.5 (6)	UNKNOWN STEP	2026-07-04T09:45:30.7741372Z ................................................................. [ 4875/11809]
Run tests Python 3.14.5 (6)	UNKNOWN STEP	2026-07-04T09:45:31.9639211Z ................................................................. [ 4940/11809]
Run tests Python 3.14.5 (6)	UNKNOWN STEP	2026-07-04T09:45:33.1958553Z ................................................................. [ 5005/11809]
Run tests Python 3.14.5 (6)	UNKNOWN STEP	2026-07-04T09:45:34.4042434Z ................................................................. [ 5070/11809]
Run tests Python 3.14.5 (6)	UNKNOWN STEP	2026-07-04T09:45:35.5763990Z ................................................................. [ 5135/11809]
Run tests Python 3.14.5 (6)	UNKNOWN STEP	2026-07-04T09:45:36.7547522Z ................................................................. [ 5200/11809]
Run tests Python 3.14.5 (6)	UNKNOWN STEP	2026-07-04T09:45:37.8408713Z ................................................................. [ 5265/11809]
Run tests Python 3.14.5 (6)	UNKNOWN STEP	2026-07-04T09:45:39.1122670Z ................................................................. [ 5330/11809]
Run tests Python 3.14.5 (6)	UNKNOWN STEP	2026-07-04T09:45:40.2235420Z ................................................................. [ 5395/11809]
Run tests Python 3.14.5 (6)	UNKNOWN STEP	2026-07-04T09:45:41.3539788Z ................................................................. [ 5460/11809]
Run tests Python 3.14.5 (6)	UNKNOWN STEP	2026-07-04T09:45:42.0532803Z ................................................................. [ 5525/11809]
Run tests Python 3.14.5 (6)	UNKNOWN STEP	2026-07-04T09:45:42.7790768Z ................................................................. [ 5590/11809]
Run tests Python 3.14.5 (6)	UNKNOWN STEP	2026-07-04T09:45:44.1118184Z .............................................s................... [ 5655/11809]
Run tests Python 3.14.5 (6)	UNKNOWN STEP	2026-07-04T09:45:45.5755994Z ................................................................. [ 5720/11809]
Run tests Python 3.14.5 (6)	UNKNOWN STEP	2026-07-04T09:45:47.3691108Z ................................................................. [ 5785/11809]
Run tests Python 3.14.5 (6)	UNKNOWN STEP	2026-07-04T09:45:49.0303191Z ................................................................. [ 5850/11809]
Run tests Python 3.14.5 (6)	UNKNOWN STEP	2026-07-04T09:45:51.2068031Z ................................................................. [ 5915/11809]
Run tests Python 3.14.5 (6)	UNKNOWN STEP	2026-07-04T09:45:52.3600687Z ................................................................. [ 5980/11809]
Run tests Python 3.14.5 (6)	UNKNOWN STEP	2026-07-04T09:45:53.4505412Z ................................................................. [ 6045/11809]
Run tests Python 3.14.5 (6)	UNKNOWN STEP	2026-07-04T09:45:57.0675965Z ................................................................. [ 6110/11809]
Run tests Python 3.14.5 (6)	UNKNOWN STEP	2026-07-04T09:46:00.4521456Z ................................................................. [ 6175/11809]
Run tests Python 3.14.5 (6)	UNKNOWN STEP	2026-07-04T09:46:03.5281696Z ................................................................. [ 6240/11809]
Run tests Python 3.14.5 (6)	UNKNOWN STEP	2026-07-04T09:46:06.2200394Z ................................................................. [ 6305/11809]
Run tests Python 3.14.5 (6)	UNKNOWN STEP	2026-07-04T09:46:08.4902025Z ................................................................. [ 6370/11809]
Run tests Python 3.14.5 (6)	UNKNOWN STEP	2026-07-04T09:46:09.7696453Z ................................................................. [ 6435/11809]
Run tests Python 3.14.5 (6)	UNKNOWN STEP	2026-07-04T09:46:11.0664851Z ................................................................. [ 6500/11809]
Run tests Python 3.14.5 (6)	UNKNOWN STEP	2026-07-04T09:46:12.0793167Z ................................................................. [ 6565/11809]
Run tests Python 3.14.5 (6)	UNKNOWN STEP	2026-07-04T09:46:13.5873755Z ................................................................. [ 6630/11809]
Run tests Python 3.14.5 (6)	UNKNOWN STEP	2026-07-04T09:46:17.0955658Z ................................................................. [ 6695/11809]
Run tests Python 3.14.5 (6)	UNKNOWN STEP	2026-07-04T09:46:17.8679228Z ................................................................. [ 6760/11809]
Run tests Python 3.14.5 (6)	UNKNOWN STEP	2026-07-04T09:46:22.5192625Z ................................................................. [ 6825/11809]
Run tests Python 3.14.5 (6)	UNKNOWN STEP	2026-07-04T09:46:40.8995685Z ................................................................. [ 6890/11809]
Run tests Python 3.14.5 (6)	UNKNOWN STEP	2026-07-04T09:46:54.8490519Z ................................................................. [ 6955/11809]
Run tests Python 3.14.5 (6)	UNKNOWN STEP	2026-07-04T09:46:59.0654811Z ................................................................. [ 7020/11809]
Run tests Python 3.14.5 (6)	UNKNOWN STEP	2026-07-04T09:47:03.9760292Z ................................................................. [ 7085/11809]
Run tests Python 3.14.5 (6)	UNKNOWN STEP	2026-07-04T09:47:06.0982672Z ................................................................. [ 7150/11809]
Run tests Python 3.14.5 (6)	UNKNOWN STEP	2026-07-04T09:47:09.6027168Z ................................................................. [ 7215/11809]
Run tests Python 3.14.5 (6)	UNKNOWN STEP	2026-07-04T09:47:18.5367917Z ................................................................. [ 7280/11809]
Run tests Python 3.14.5 (6)	UNKNOWN STEP	2026-07-04T09:47:22.5466874Z ................................................................. [ 7345/11809]
Run tests Python 3.14.5 (6)	UNKNOWN STEP	2026-07-04T09:47:24.6626708Z ................................................................. [ 7410/11809]
Run tests Python 3.14.5 (6)	UNKNOWN STEP	2026-07-04T09:47:26.8860057Z ................................................................. [ 7475/11809]
Run tests Python 3.14.5 (6)	UNKNOWN STEP	2026-07-04T09:47:30.0256202Z ................................................................. [ 7540/11809]
Run tests Python 3.14.5 (6)	UNKNOWN STEP	2026-07-04T09:47:33.4980715Z ................................................................. [ 7605/11809]
Run tests Python 3.14.5 (6)	UNKNOWN STEP	2026-07-04T09:47:35.7886432Z ................................................................. [ 7670/11809]
Run tests Python 3.14.5 (6)	UNKNOWN STEP	2026-07-04T09:47:40.1652327Z ................................................................. [ 7735/11809]
Run tests Python 3.14.5 (6)	UNKNOWN STEP	2026-07-04T09:47:42.4023554Z ................................................................. [ 7800/11809]
Run tests Python 3.14.5 (6)	UNKNOWN STEP	2026-07-04T09:47:46.1809108Z ................................................................. [ 7865/11809]
Run tests Python 3.14.5 (6)	UNKNOWN STEP	2026-07-04T09:47:48.1446844Z ................................................................. [ 7930/11809]
Run tests Python 3.14.5 (6)	UNKNOWN STEP	2026-07-04T09:47:53.5851721Z ................................................................. [ 7995/11809]
Run tests Python 3.14.5 (6)	UNKNOWN STEP	2026-07-04T09:47:55.6477666Z ................................................................. [ 8060/11809]
Run tests Python 3.14.5 (6)	UNKNOWN STEP	2026-07-04T09:48:00.6073351Z ................................................................. [ 8125/11809]
Run tests Python 3.14.5 (6)	UNKNOWN STEP	2026-07-04T09:48:03.7113922Z ................................................................. [ 8190/11809]
Run tests Python 3.14.5 (6)	UNKNOWN STEP	2026-07-04T09:48:07.3644918Z ................................................................. [ 8255/11809]
Run tests Python 3.14.5 (6)	UNKNOWN STEP	2026-07-04T09:48:10.6690690Z ................................................................. [ 8320/11809]
Run tests Python 3.14.5 (6)	UNKNOWN STEP	2026-07-04T09:48:14.0217823Z ................................................................. [ 8385/11809]
Run tests Python 3.14.5 (6)	UNKNOWN STEP	2026-07-04T09:48:15.5241783Z ................................................................. [ 8450/11809]
Run tests Python 3.14.5 (6)	UNKNOWN STEP	2026-07-04T09:48:18.5972774Z ................................................................. [ 8515/11809]
Run tests Python 3.14.5 (6)	UNKNOWN STEP	2026-07-04T09:48:19.6664442Z ................................................................. [ 8580/11809]
Run tests Python 3.14.5 (6)	UNKNOWN STEP	2026-07-04T09:48:23.5850285Z ................................................................. [ 8645/11809]
Run tests Python 3.14.5 (6)	UNKNOWN STEP	2026-07-04T09:48:27.9234829Z ................................................................. [ 8710/11809]
Run tests Python 3.14.5 (6)	UNKNOWN STEP	2026-07-04T09:48:33.4370686Z ................................................................. [ 8775/11809]
Run tests Python 3.14.5 (6)	UNKNOWN STEP	2026-07-04T09:48:36.2012813Z ................................................................. [ 8840/11809]
Run tests Python 3.14.5 (6)	UNKNOWN STEP	2026-07-04T09:48:40.4821350Z ................................................................. [ 8905/11809]
Run tests Python 3.14.5 (6)	UNKNOWN STEP	2026-07-04T09:48:43.0664046Z ................................................................. [ 8970/11809]
Run tests Python 3.14.5 (6)	UNKNOWN STEP	2026-07-04T09:48:46.4930731Z ................................................................. [ 9035/11809]
Run tests Python 3.14.5 (6)	UNKNOWN STEP	2026-07-04T09:48:49.6224607Z ................................................................. [ 9100/11809]
Run tests Python 3.14.5 (6)	UNKNOWN STEP	2026-07-04T09:48:55.6694972Z ................................................................. [ 9165/11809]
Run tests Python 3.14.5 (6)	UNKNOWN STEP	2026-07-04T09:48:56.6298104Z ................................................................. [ 9230/11809]
Run tests Python 3.14.5 (6)	UNKNOWN STEP	2026-07-04T09:49:00.0958143Z ................................................................. [ 9295/11809]
Run tests Python 3.14.5 (6)	UNKNOWN STEP	2026-07-04T09:49:02.9331949Z ................................................................. [ 9360/11809]
Run tests Python 3.14.5 (6)	UNKNOWN STEP	2026-07-04T09:49:06.9820259Z ................................................................. [ 9425/11809]
Run tests Python 3.14.5 (6)	UNKNOWN STEP	2026-07-04T09:49:09.3159809Z ................................................................. [ 9490/11809]
Run tests Python 3.14.5 (6)	UNKNOWN STEP	2026-07-04T09:49:14.5320319Z ................................................................. [ 9555/11809]
Run tests Python 3.14.5 (6)	UNKNOWN STEP	2026-07-04T09:49:17.1080189Z ................................................................. [ 9620/11809]
Run tests Python 3.14.5 (6)	UNKNOWN STEP	2026-07-04T09:49:17.9002136Z ................................................................. [ 9685/11809]
Run tests Python 3.14.5 (6)	UNKNOWN STEP	2026-07-04T09:49:20.0158160Z ................................................................. [ 9750/11809]
Run tests Python 3.14.5 (6)	UNKNOWN STEP	2026-07-04T09:49:23.0810135Z ................................................................. [ 9815/11809]
Run tests Python 3.14.5 (6)	UNKNOWN STEP	2026-07-04T09:49:24.5507350Z ................................................................. [ 9880/11809]
Run tests Python 3.14.5 (6)	UNKNOWN STEP	2026-07-04T09:49:26.0114206Z ................................................................. [ 9945/11809]
Run tests Python 3.14.5 (6)	UNKNOWN STEP	2026-07-04T09:49:28.8748449Z ................................................................. [10010/11809]
Run tests Python 3.14.5 (6)	UNKNOWN STEP	2026-07-04T09:49:30.5796850Z ................................................................. [10075/11809]
Run tests Python 3.14.5 (6)	UNKNOWN STEP	2026-07-04T09:49:31.4467760Z ................................................................. [10140/11809]
Run tests Python 3.14.5 (6)	UNKNOWN STEP	2026-07-04T09:49:33.7204171Z ................................................................. [10205/11809]
Run tests Python 3.14.5 (6)	UNKNOWN STEP	2026-07-04T09:49:35.2766395Z ................................................................. [10270/11809]
Run tests Python 3.14.5 (6)	UNKNOWN STEP	2026-07-04T09:49:37.8954482Z ................................................................. [10335/11809]
Run tests Python 3.14.5 (6)	UNKNOWN STEP	2026-07-04T09:49:40.0013103Z ................................................................. [10400/11809]
Run tests Python 3.14.5 (6)	UNKNOWN STEP	2026-07-04T09:49:40.9921062Z .........................Fatal Python error: Segmentation fault
Run tests Python 3.14.5 (6)	UNKNOWN STEP	2026-07-04T09:49:40.9924229Z 
Run tests Python 3.14.5 (6)	UNKNOWN STEP	2026-07-04T09:49:40.9924906Z Thread 0x00007f05890f86c0 [SyncWorker_1] (most recent call first):
Run tests Python 3.14.5 (6)	UNKNOWN STEP	2026-07-04T09:49:40.9926299Z   File "/home/runner/work/_temp/uv-python-dir/cpython-3.14.5-linux-x86_64-gnu/lib/python3.14/concurrent/futures/thread.py", line 116 in _worker
Run tests Python 3.14.5 (6)	UNKNOWN STEP	2026-07-04T09:49:40.9928031Z   File "/home/runner/work/_temp/uv-python-dir/cpython-3.14.5-linux-x86_64-gnu/lib/python3.14/threading.py", line 1024 in run
Run tests Python 3.14.5 (6)	UNKNOWN STEP	2026-07-04T09:49:40.9929967Z   File "/home/runner/work/_temp/uv-python-dir/cpython-3.14.5-linux-x86_64-gnu/lib/python3.14/threading.py", line 1082 in _bootstrap_inner
Run tests Python 3.14.5 (6)	UNKNOWN STEP	2026-07-04T09:49:40.9931691Z   File "/home/runner/work/_temp/uv-python-dir/cpython-3.14.5-linux-x86_64-gnu/lib/python3.14/threading.py", line 1044 in _bootstrap
Run tests Python 3.14.5 (6)	UNKNOWN STEP	2026-07-04T09:49:40.9932602Z 
Run tests Python 3.14.5 (6)	UNKNOWN STEP	2026-07-04T09:49:40.9932938Z Thread 0x00007f058b0fa6c0 [DbWorker_1] (most recent call first):
Run tests Python 3.14.5 (6)	UNKNOWN STEP	2026-07-04T09:49:40.9934252Z   File "/home/runner/work/_temp/uv-python-dir/cpython-3.14.5-linux-x86_64-gnu/lib/python3.14/concurrent/futures/thread.py", line 116 in _worker
Run tests Python 3.14.5 (6)	UNKNOWN STEP	2026-07-04T09:49:40.9935971Z   File "/home/runner/work/core/core/homeassistant/components/recorder/executor.py", line 20 in _worker_with_shutdown_hook
Run tests Python 3.14.5 (6)	UNKNOWN STEP	2026-07-04T09:49:40.9937578Z   File "/home/runner/work/_temp/uv-python-dir/cpython-3.14.5-linux-x86_64-gnu/lib/python3.14/threading.py", line 1024 in run
Run tests Python 3.14.5 (6)	UNKNOWN STEP	2026-07-04T09:49:40.9939576Z   File "/home/runner/work/_temp/uv-python-dir/cpython-3.14.5-linux-x86_64-gnu/lib/python3.14/threading.py", line 1082 in _bootstrap_inner
Run tests Python 3.14.5 (6)	UNKNOWN STEP	2026-07-04T09:49:40.9941676Z   File "/home/runner/work/_temp/uv-python-dir/cpython-3.14.5-linux-x86_64-gnu/lib/python3.14/threading.py", line 1044 in _bootstrap
Run tests Python 3.14.5 (6)	UNKNOWN STEP	2026-07-04T09:49:40.9942615Z 
Run tests Python 3.14.5 (6)	UNKNOWN STEP	2026-07-04T09:49:40.9943018Z Current thread 0x00007f058f0fd6c0 [DbWorker_0] (most recent call first):
Run tests Python 3.14.5 (6)	UNKNOWN STEP	2026-07-04T09:49:40.9944291Z   File "/home/runner/work/core/core/venv/lib/python3.14/site-packages/sqlalchemy/engine/default.py", line 952 in do_execute
Run tests Python 3.14.5 (6)	UNKNOWN STEP	2026-07-04T09:49:40.9945942Z   File "/home/runner/work/core/core/venv/lib/python3.14/site-packages/sqlalchemy/engine/base.py", line 1969 in _exec_single_context
Run tests Python 3.14.5 (6)	UNKNOWN STEP	2026-07-04T09:49:40.9947568Z   File "/home/runner/work/core/core/venv/lib/python3.14/site-packages/sqlalchemy/engine/base.py", line 1848 in _execute_context
Run tests Python 3.14.5 (6)	UNKNOWN STEP	2026-07-04T09:49:40.9950046Z   File "/home/runner/work/core/core/venv/lib/python3.14/site-packages/sqlalchemy/engine/base.py", line 1643 in _execute_clauseelement
Run tests Python 3.14.5 (6)	UNKNOWN STEP	2026-07-04T09:49:40.9951867Z   File "/home/runner/work/core/core/venv/lib/python3.14/site-packages/sqlalchemy/sql/lambdas.py", line 595 in _execute_on_connection
Run tests Python 3.14.5 (6)	UNKNOWN STEP	2026-07-04T09:49:40.9953463Z   File "/home/runner/work/core/core/venv/lib/python3.14/site-packages/sqlalchemy/engine/base.py", line 1421 in execute
Run tests Python 3.14.5 (6)	UNKNOWN STEP	2026-07-04T09:49:40.9954946Z   File "/home/runner/work/core/core/homeassistant/components/recorder/util.py", line 169 in execute_stmt_lambda_element
Run tests Python 3.14.5 (6)	UNKNOWN STEP	2026-07-04T09:49:40.9956590Z   File "/home/runner/work/core/core/homeassistant/components/recorder/table_managers/statistics_meta.py", line 118 in _get_from_database
Run tests Python 3.14.5 (6)	UNKNOWN STEP	2026-07-04T09:49:40.9958293Z   File "/home/runner/work/core/core/homeassistant/components/recorder/table_managers/statistics_meta.py", line 301 in get_many
Run tests Python 3.14.5 (6)	UNKNOWN STEP	2026-07-04T09:49:40.9960308Z   File "/home/runner/work/core/core/homeassistant/components/recorder/statistics.py", line 2111 in _statistics_during_period_with_session
Run tests Python 3.14.5 (6)	UNKNOWN STEP	2026-07-04T09:49:40.9962045Z   File "/home/runner/work/core/core/homeassistant/components/recorder/statistics.py", line 2240 in statistics_during_period
Run tests Python 3.14.5 (6)	UNKNOWN STEP	2026-07-04T09:49:40.9964020Z   File "/home/runner/work/core/core/homeassistant/components/srp_energy/coordinator.py", line 240 in _find_baseline_stats
Run tests Python 3.14.5 (6)	UNKNOWN STEP	2026-07-04T09:49:40.9965733Z   File "/home/runner/work/_temp/uv-python-dir/cpython-3.14.5-linux-x86_64-gnu/lib/python3.14/concurrent/futures/thread.py", line 73 in run
Run tests Python 3.14.5 (6)	UNKNOWN STEP	2026-07-04T09:49:40.9967421Z   File "/home/runner/work/_temp/uv-python-dir/cpython-3.14.5-linux-x86_64-gnu/lib/python3.14/concurrent/futures/thread.py", line 86 in run
Run tests Python 3.14.5 (6)	UNKNOWN STEP	2026-07-04T09:49:40.9969329Z   File "/home/runner/work/_temp/uv-python-dir/cpython-3.14.5-linux-x86_64-gnu/lib/python3.14/concurrent/futures/thread.py", line 119 in _worker
Run tests Python 3.14.5 (6)	UNKNOWN STEP	2026-07-04T09:49:40.9970930Z   File "/home/runner/work/core/core/homeassistant/components/recorder/executor.py", line 20 in _worker_with_shutdown_hook
Run tests Python 3.14.5 (6)	UNKNOWN STEP	2026-07-04T09:49:40.9972503Z   File "/home/runner/work/_temp/uv-python-dir/cpython-3.14.5-linux-x86_64-gnu/lib/python3.14/threading.py", line 1024 in run
Run tests Python 3.14.5 (6)	UNKNOWN STEP	2026-07-04T09:49:40.9974157Z   File "/home/runner/work/_temp/uv-python-dir/cpython-3.14.5-linux-x86_64-gnu/lib/python3.14/threading.py", line 1082 in _bootstrap_inner
Run tests Python 3.14.5 (6)	UNKNOWN STEP	2026-07-04T09:49:40.9975857Z   File "/home/runner/work/_temp/uv-python-dir/cpython-3.14.5-linux-x86_64-gnu/lib/python3.14/threading.py", line 1044 in _bootstrap
Run tests Python 3.14.5 (6)	UNKNOWN STEP	2026-07-04T09:49:40.9976788Z 
Run tests Python 3.14.5 (6)	UNKNOWN STEP	2026-07-04T09:49:40.9977119Z Thread 0x00007f058a0f96c0 [Recorder] (most recent call first):
Run tests Python 3.14.5 (6)	UNKNOWN STEP	2026-07-04T09:49:40.9978292Z   File "/home/runner/work/core/core/venv/lib/python3.14/site-packages/sqlalchemy/engine/default.py", line 721 in do_close
Run tests Python 3.14.5 (6)	UNKNOWN STEP	2026-07-04T09:49:40.9982010Z   File "/home/runner/work/core/core/venv/lib/python3.14/site-packages/sqlalchemy/pool/base.py", line 375 in _close_connection
Run tests Python 3.14.5 (6)	UNKNOWN STEP	2026-07-04T09:49:40.9983557Z   File "/home/runner/work/core/core/venv/lib/python3.14/site-packages/sqlalchemy/pool/base.py", line 883 in __close
Run tests Python 3.14.5 (6)	UNKNOWN STEP	2026-07-04T09:49:40.9985004Z   File "/home/runner/work/core/core/venv/lib/python3.14/site-packages/sqlalchemy/pool/base.py", line 784 in close
Run tests Python 3.14.5 (6)	UNKNOWN STEP	2026-07-04T09:49:40.9986511Z   File "/home/runner/work/core/core/venv/lib/python3.14/site-packages/sqlalchemy/pool/impl.py", line 482 in dispose
Run tests Python 3.14.5 (6)	UNKNOWN STEP	2026-07-04T09:49:40.9988300Z   File "/home/runner/work/core/core/venv/lib/python3.14/site-packages/sqlalchemy/engine/base.py", line 3220 in dispose
Run tests Python 3.14.5 (6)	UNKNOWN STEP	2026-07-04T09:49:40.9990041Z   File "/home/runner/work/core/core/homeassistant/components/recorder/core.py", line 1449 in _close_connection
Run tests Python 3.14.5 (6)	UNKNOWN STEP	2026-07-04T09:49:40.9991432Z   File "/home/runner/work/core/core/homeassistant/components/recorder/core.py", line 1503 in _shutdown
Run tests Python 3.14.5 (6)	UNKNOWN STEP	2026-07-04T09:49:40.9992702Z   File "/home/runner/work/core/core/homeassistant/components/recorder/core.py", line 685 in run
Run tests Python 3.14.5 (6)	UNKNOWN STEP	2026-07-04T09:49:40.9994186Z   File "/home/runner/work/_temp/uv-python-dir/cpython-3.14.5-linux-x86_64-gnu/lib/python3.14/threading.py", line 1082 in _bootstrap_inner
Run tests Python 3.14.5 (6)	UNKNOWN STEP	2026-07-04T09:49:40.9995874Z   File "/home/runner/work/_temp/uv-python-dir/cpython-3.14.5-linux-x86_64-gnu/lib/python3.14/threading.py", line 1044 in _bootstrap
Run tests Python 3.14.5 (6)	UNKNOWN STEP	2026-07-04T09:49:40.9996815Z 
Run tests Python 3.14.5 (6)	UNKNOWN STEP	2026-07-04T09:49:40.9997243Z Thread 0x00007f05900fe6c0 [SyncWorker_0] (most recent call first):
Run tests Python 3.14.5 (6)	UNKNOWN STEP	2026-07-04T09:49:40.9998432Z   File "/home/runner/work/_temp/uv-python-dir/cpython-3.14.5-linux-x86_64-gnu/lib/python3.14/threading.py", line 1133 in join
Run tests Python 3.14.5 (6)	UNKNOWN STEP	2026-07-04T09:49:41.0000384Z   File "/home/runner/work/_temp/uv-python-dir/cpython-3.14.5-linux-x86_64-gnu/lib/python3.14/concurrent/futures/thread.py", line 73 in run
Run tests Python 3.14.5 (6)	UNKNOWN STEP	2026-07-04T09:49:41.0002141Z   File "/home/runner/work/_temp/uv-python-dir/cpython-3.14.5-linux-x86_64-gnu/lib/python3.14/concurrent/futures/thread.py", line 86 in run
Run tests Python 3.14.5 (6)	UNKNOWN STEP	2026-07-04T09:49:41.0003864Z   File "/home/runner/work/_temp/uv-python-dir/cpython-3.14.5-linux-x86_64-gnu/lib/python3.14/concurrent/futures/thread.py", line 119 in _worker
Run tests Python 3.14.5 (6)	UNKNOWN STEP	2026-07-04T09:49:41.0005547Z   File "/home/runner/work/_temp/uv-python-dir/cpython-3.14.5-linux-x86_64-gnu/lib/python3.14/threading.py", line 1024 in run
Run tests Python 3.14.5 (6)	UNKNOWN STEP	2026-07-04T09:49:41.0007410Z   File "/home/runner/work/_temp/uv-python-dir/cpython-3.14.5-linux-x86_64-gnu/lib/python3.14/threading.py", line 1082 in _bootstrap_inner
Run tests Python 3.14.5 (6)	UNKNOWN STEP	2026-07-04T09:49:41.0009389Z   File "/home/runner/work/_temp/uv-python-dir/cpython-3.14.5-linux-x86_64-gnu/lib/python3.14/threading.py", line 1044 in _bootstrap
Run tests Python 3.14.5 (6)	UNKNOWN STEP	2026-07-04T09:49:41.0010329Z 
Run tests Python 3.14.5 (6)	UNKNOWN STEP	2026-07-04T09:49:41.0010710Z Thread 0x00007f05b3fff6c0 [Thread-1 (_run_] (most recent call first):
Run tests Python 3.14.5 (6)	UNKNOWN STEP	2026-07-04T09:49:41.0011966Z   File "/home/runner/work/core/core/venv/lib/python3.14/site-packages/pycares/__init__.py", line 430 in _run_safe_shutdown_loop
Run tests Python 3.14.5 (6)	UNKNOWN STEP	2026-07-04T09:49:41.0017372Z   File "/home/runner/work/_temp/uv-python-dir/cpython-3.14.5-linux-x86_64-gnu/lib/python3.14/threading.py", line 1024 in run
Run tests Python 3.14.5 (6)	UNKNOWN STEP	2026-07-04T09:49:41.0019274Z   File "/home/runner/work/_temp/uv-python-dir/cpython-3.14.5-linux-x86_64-gnu/lib/python3.14/threading.py", line 1082 in _bootstrap_inner
Run tests Python 3.14.5 (6)	UNKNOWN STEP	2026-07-04T09:49:41.0020940Z   File "/home/runner/work/_temp/uv-python-dir/cpython-3.14.5-linux-x86_64-gnu/lib/python3.14/threading.py", line 1044 in _bootstrap
Run tests Python 3.14.5 (6)	UNKNOWN STEP	2026-07-04T09:49:41.0021844Z 
Run tests Python 3.14.5 (6)	UNKNOWN STEP	2026-07-04T09:49:41.0022183Z Thread 0x00007f05ed1ff6c0 [python3] (most recent call first):
Run tests Python 3.14.5 (6)	UNKNOWN STEP	2026-07-04T09:49:41.0023281Z   File "/home/runner/work/core/core/venv/lib/python3.14/site-packages/execnet/gateway_base.py", line 534 in read
Run tests Python 3.14.5 (6)	UNKNOWN STEP	2026-07-04T09:49:41.0024694Z   File "/home/runner/work/core/core/venv/lib/python3.14/site-packages/execnet/gateway_base.py", line 567 in from_io
Run tests Python 3.14.5 (6)	UNKNOWN STEP	2026-07-04T09:49:41.0026184Z   File "/home/runner/work/core/core/venv/lib/python3.14/site-packages/execnet/gateway_base.py", line 1160 in _thread_receiver
Run tests Python 3.14.5 (6)	UNKNOWN STEP	2026-07-04T09:49:41.0027701Z   File "/home/runner/work/core/core/venv/lib/python3.14/site-packages/execnet/gateway_base.py", line 341 in run
Run tests Python 3.14.5 (6)	UNKNOWN STEP	2026-07-04T09:49:41.0029972Z   File "/home/runner/work/core/core/venv/lib/python3.14/site-packages/execnet/gateway_base.py", line 411 in _perform_spawn
Run tests Python 3.14.5 (6)	UNKNOWN STEP	2026-07-04T09:49:41.0030855Z 
Run tests Python 3.14.5 (6)	UNKNOWN STEP	2026-07-04T09:49:41.0031187Z Thread 0x00007f05ede13740 [python3] (most recent call first):
Run tests Python 3.14.5 (6)	UNKNOWN STEP	2026-07-04T09:49:41.0032393Z   File "/home/runner/work/_temp/uv-python-dir/cpython-3.14.5-linux-x86_64-gnu/lib/python3.14/linecache.py", line 98 in checkcache
Run tests Python 3.14.5 (6)	UNKNOWN STEP	2026-07-04T09:49:41.0034451Z   File "/home/runner/work/_temp/uv-python-dir/cpython-3.14.5-linux-x86_64-gnu/lib/python3.14/traceback.py", line 501 in _extract_from_extended_frame_gen
Run tests Python 3.14.5 (6)	UNKNOWN STEP	2026-07-04T09:49:41.0036208Z   File "/home/runner/work/_temp/uv-python-dir/cpython-3.14.5-linux-x86_64-gnu/lib/python3.14/traceback.py", line 455 in extract
Run tests Python 3.14.5 (6)	UNKNOWN STEP	2026-07-04T09:49:41.0037857Z   File "/home/runner/work/_temp/uv-python-dir/cpython-3.14.5-linux-x86_64-gnu/lib/python3.14/traceback.py", line 262 in extract_stack
Run tests Python 3.14.5 (6)	UNKNOWN STEP	2026-07-04T09:49:41.0039891Z   File "/home/runner/work/_temp/uv-python-dir/cpython-3.14.5-linux-x86_64-gnu/lib/python3.14/asyncio/base_events.py", line 459 in create_future
Run tests Python 3.14.5 (6)	UNKNOWN STEP	2026-07-04T09:49:41.0041663Z   File "/home/runner/work/_temp/uv-python-dir/cpython-3.14.5-linux-x86_64-gnu/lib/python3.14/asyncio/futures.py", line 423 in wrap_future
Run tests Python 3.14.5 (6)	UNKNOWN STEP	2026-07-04T09:49:41.0043420Z   File "/home/runner/work/_temp/uv-python-dir/cpython-3.14.5-linux-x86_64-gnu/lib/python3.14/asyncio/base_events.py", line 897 in run_in_executor
Run tests Python 3.14.5 (6)	UNKNOWN STEP	2026-07-04T09:49:41.0045082Z   File "/home/runner/work/core/core/homeassistant/components/recorder/core.py", line 350 in async_add_executor_job
Run tests Python 3.14.5 (6)	UNKNOWN STEP	2026-07-04T09:49:41.0046624Z   File "/home/runner/work/core/core/homeassistant/components/srp_energy/coordinator.py", line 258 in _insert_statistics
Run tests Python 3.14.5 (6)	UNKNOWN STEP	2026-07-04T09:49:41.0048215Z   File "/home/runner/work/core/core/homeassistant/components/srp_energy/coordinator.py", line 129 in _async_update_data
Run tests Python 3.14.5 (6)	UNKNOWN STEP	2026-07-04T09:49:41.0049943Z   File "/home/runner/work/core/core/homeassistant/helpers/update_coordinator.py", line 435 in _async_refresh
Run tests Python 3.14.5 (6)	UNKNOWN STEP	2026-07-04T09:49:41.0051490Z   File "/home/runner/work/core/core/homeassistant/helpers/update_coordinator.py", line 351 in _async_config_entry_first_refresh
Run tests Python 3.14.5 (6)	UNKNOWN STEP	2026-07-04T09:49:41.0053218Z   File "/home/runner/work/core/core/homeassistant/helpers/update_coordinator.py", line 325 in async_config_entry_first_refresh
Run tests Python 3.14.5 (6)	UNKNOWN STEP	2026-07-04T09:49:41.0055048Z   File "/home/runner/work/core/core/homeassistant/components/srp_energy/__init__.py", line 30 in async_setup_entry
Run tests Python 3.14.5 (6)	UNKNOWN STEP	2026-07-04T09:49:41.0056568Z   File "/home/runner/work/core/core/homeassistant/config_entries.py", line 798 in __async_setup_with_context
Run tests Python 3.14.5 (6)	UNKNOWN STEP	2026-07-04T09:49:41.0057873Z   File "/home/runner/work/core/core/homeassistant/config_entries.py", line 704 in async_setup
Run tests Python 3.14.5 (6)	UNKNOWN STEP	2026-07-04T09:49:41.0059334Z   File "/home/runner/work/core/core/homeassistant/config_entries.py", line 2409 in async_setup
Run tests Python 3.14.5 (6)	UNKNOWN STEP	2026-07-04T09:49:41.0060566Z   File "/home/runner/work/core/core/homeassistant/config_entries.py", line 2485 in async_reload
Run tests Python 3.14.5 (6)	UNKNOWN STEP	2026-07-04T09:49:41.0061987Z   File "/home/runner/work/_temp/uv-python-dir/cpython-3.14.5-linux-x86_64-gnu/lib/python3.14/asyncio/events.py", line 94 in _run
Run tests Python 3.14.5 (6)	UNKNOWN STEP	2026-07-04T09:49:41.0063635Z   File "/home/runner/work/_temp/uv-python-dir/cpython-3.14.5-linux-x86_64-gnu/lib/python3.14/asyncio/base_events.py", line 2049 in _run_once
Run tests Python 3.14.5 (6)	UNKNOWN STEP	2026-07-04T09:49:41.0065383Z   File "/home/runner/work/_temp/uv-python-dir/cpython-3.14.5-linux-x86_64-gnu/lib/python3.14/asyncio/base_events.py", line 677 in run_forever
Run tests Python 3.14.5 (6)	UNKNOWN STEP	2026-07-04T09:49:41.0067182Z   File "/home/runner/work/_temp/uv-python-dir/cpython-3.14.5-linux-x86_64-gnu/lib/python3.14/asyncio/base_events.py", line 706 in run_until_complete
Run tests Python 3.14.5 (6)	UNKNOWN STEP	2026-07-04T09:49:41.0069204Z   File "/home/runner/work/_temp/uv-python-dir/cpython-3.14.5-linux-x86_64-gnu/lib/python3.14/asyncio/runners.py", line 127 in run
Run tests Python 3.14.5 (6)	UNKNOWN STEP	2026-07-04T09:49:41.0070850Z   File "/home/runner/work/core/core/venv/lib/python3.14/site-packages/pytest_asyncio/plugin.py", line 424 in finalizer
Run tests Python 3.14.5 (6)	UNKNOWN STEP	2026-07-04T09:49:41.0072374Z   File "/home/runner/work/core/core/venv/lib/python3.14/site-packages/_pytest/fixtures.py", line 1042 in finish
Run tests Python 3.14.5 (6)	UNKNOWN STEP	2026-07-04T09:49:41.0073840Z   File "/home/runner/work/core/core/venv/lib/python3.14/site-packages/_pytest/runner.py", line 555 in teardown_exact
Run tests Python 3.14.5 (6)	UNKNOWN STEP	2026-07-04T09:49:41.0075387Z   File "/home/runner/work/core/core/venv/lib/python3.14/site-packages/_pytest/runner.py", line 194 in pytest_runtest_teardown
Run tests Python 3.14.5 (6)	UNKNOWN STEP	2026-07-04T09:49:41.0077653Z   File "/home/runner/work/core/core/venv/lib/python3.14/site-packages/pluggy/_callers.py", line 121 in _multicall
Run tests Python 3.14.5 (6)	UNKNOWN STEP	2026-07-04T09:49:41.0079541Z   File "/home/runner/work/core/core/venv/lib/python3.14/site-packages/pluggy/_manager.py", line 120 in _hookexec
Run tests Python 3.14.5 (6)	UNKNOWN STEP	2026-07-04T09:49:41.0080903Z   File "/home/runner/work/core/core/venv/lib/python3.14/site-packages/pluggy/_hooks.py", line 512 in __call__
Run tests Python 3.14.5 (6)	UNKNOWN STEP	2026-07-04T09:49:41.0082302Z   File "/home/runner/work/core/core/venv/lib/python3.14/site-packages/_pytest/runner.py", line 245 in <lambda>
Run tests Python 3.14.5 (6)	UNKNOWN STEP	2026-07-04T09:49:41.0083719Z   File "/home/runner/work/core/core/venv/lib/python3.14/site-packages/_pytest/runner.py", line 353 in from_call
Run tests Python 3.14.5 (6)	UNKNOWN STEP	2026-07-04T09:49:41.0086556Z   File "/home/runner/work/core/core/venv/lib/python3.14/site-packages/_pytest/runner.py", line 244 in call_and_report
Run tests Python 3.14.5 (6)	UNKNOWN STEP	2026-07-04T09:49:41.0088079Z   File "/home/runner/work/core/core/venv/lib/python3.14/site-packages/_pytest/runner.py", line 142 in runtestprotocol
Run tests Python 3.14.5 (6)	UNKNOWN STEP	2026-07-04T09:49:41.0089712Z   File "/home/runner/work/core/core/venv/lib/python3.14/site-packages/_pytest/runner.py", line 118 in pytest_runtest_protocol
Run tests Python 3.14.5 (6)	UNKNOWN STEP	2026-07-04T09:49:41.0091151Z   File "/home/runner/work/core/core/venv/lib/python3.14/site-packages/pluggy/_callers.py", line 121 in _multicall
Run tests Python 3.14.5 (6)	UNKNOWN STEP	2026-07-04T09:49:41.0092489Z   File "/home/runner/work/core/core/venv/lib/python3.14/site-packages/pluggy/_manager.py", line 120 in _hookexec
Run tests Python 3.14.5 (6)	UNKNOWN STEP	2026-07-04T09:49:41.0093854Z   File "/home/runner/work/core/core/venv/lib/python3.14/site-packages/pluggy/_hooks.py", line 512 in __call__
Run tests Python 3.14.5 (6)	UNKNOWN STEP	2026-07-04T09:49:41.0095246Z   File "/home/runner/work/core/core/venv/lib/python3.14/site-packages/xdist/remote.py", line 227 in run_one_test
Run tests Python 3.14.5 (6)	UNKNOWN STEP	2026-07-04T09:49:41.0096714Z   File "/home/runner/work/core/core/venv/lib/python3.14/site-packages/xdist/remote.py", line 206 in pytest_runtestloop
Run tests Python 3.14.5 (6)	UNKNOWN STEP	2026-07-04T09:49:41.0098161Z   File "/home/runner/work/core/core/venv/lib/python3.14/site-packages/pluggy/_callers.py", line 121 in _multicall
Run tests Python 3.14.5 (6)	UNKNOWN STEP	2026-07-04T09:49:41.0100033Z   File "/home/runner/work/core/core/venv/lib/python3.14/site-packages/pluggy/_manager.py", line 120 in _hookexec
Run tests Python 3.14.5 (6)	UNKNOWN STEP	2026-07-04T09:49:41.0101383Z   File "/home/runner/work/core/core/venv/lib/python3.14/site-packages/pluggy/_hooks.py", line 512 in __call__
Run tests Python 3.14.5 (6)	UNKNOWN STEP	2026-07-04T09:49:41.0102768Z   File "/home/runner/work/core/core/venv/lib/python3.14/site-packages/_pytest/main.py", line 372 in _main
Run tests Python 3.14.5 (6)	UNKNOWN STEP	2026-07-04T09:49:41.0104146Z   File "/home/runner/work/core/core/venv/lib/python3.14/site-packages/_pytest/main.py", line 318 in wrap_session
Run tests Python 3.14.5 (6)	UNKNOWN STEP	2026-07-04T09:49:41.0105653Z   File "/home/runner/work/core/core/venv/lib/python3.14/site-packages/_pytest/main.py", line 365 in pytest_cmdline_main
Run tests Python 3.14.5 (6)	UNKNOWN STEP	2026-07-04T09:49:41.0107164Z   File "/home/runner/work/core/core/venv/lib/python3.14/site-packages/pluggy/_callers.py", line 121 in _multicall
Run tests Python 3.14.5 (6)	UNKNOWN STEP	2026-07-04T09:49:41.0108582Z   File "/home/runner/work/core/core/venv/lib/python3.14/site-packages/pluggy/_manager.py", line 120 in _hookexec
Run tests Python 3.14.5 (6)	UNKNOWN STEP	2026-07-04T09:49:41.0110207Z   File "/home/runner/work/core/core/venv/lib/python3.14/site-packages/pluggy/_hooks.py", line 512 in __call__
Run tests Python 3.14.5 (6)	UNKNOWN STEP	2026-07-04T09:49:41.0111602Z   File "/home/runner/work/core/core/venv/lib/python3.14/site-packages/xdist/remote.py", line 427 in <module>
Run tests Python 3.14.5 (6)	UNKNOWN STEP	2026-07-04T09:49:41.0113048Z   File "/home/runner/work/core/core/venv/lib/python3.14/site-packages/execnet/gateway_base.py", line 1291 in executetask
Run tests Python 3.14.5 (6)	UNKNOWN STEP	2026-07-04T09:49:41.0114504Z   File "/home/runner/work/core/core/venv/lib/python3.14/site-packages/execnet/gateway_base.py", line 341 in run
Run tests Python 3.14.5 (6)	UNKNOWN STEP	2026-07-04T09:49:41.0115977Z   File "/home/runner/work/core/core/venv/lib/python3.14/site-packages/execnet/gateway_base.py", line 411 in _perform_spawn
Run tests Python 3.14.5 (6)	UNKNOWN STEP	2026-07-04T09:49:41.0117620Z   File "/home/runner/work/core/core/venv/lib/python3.14/site-packages/execnet/gateway_base.py", line 389 in integrate_as_primary_thread
Run tests Python 3.14.5 (6)	UNKNOWN STEP	2026-07-04T09:49:41.0119322Z   File "/home/runner/work/core/core/venv/lib/python3.14/site-packages/execnet/gateway_base.py", line 1273 in serve
Run tests Python 3.14.5 (6)	UNKNOWN STEP	2026-07-04T09:49:41.0120812Z   File "/home/runner/work/core/core/venv/lib/python3.14/site-packages/execnet/gateway_base.py", line 1806 in serve
Run tests Python 3.14.5 (6)	UNKNOWN STEP	2026-07-04T09:49:41.0122089Z   File "<string>", line 8 in <module>
Run tests Python 3.14.5 (6)	UNKNOWN STEP	2026-07-04T09:49:41.0122618Z   File "<string>", line 1 in <module>
Run tests Python 3.14.5 (6)	UNKNOWN STEP	2026-07-04T09:49:41.0122961Z 
Run tests Python 3.14.5 (6)	UNKNOWN STEP	2026-07-04T09:49:41.0123249Z Current thread's C stack trace (most recent call first):
Run tests Python 3.14.5 (6)	UNKNOWN STEP	2026-07-04T09:49:41.0124188Z   Binary file "/home/runner/work/core/core/venv/bin/python3", at _Py_DumpStack+0x30 [0x4b3b40]
Run tests Python 3.14.5 (6)	UNKNOWN STEP	2026-07-04T09:49:41.0125234Z   Binary file "/home/runner/work/core/core/venv/bin/python3" [0x53613b]
Run tests Python 3.14.5 (6)	UNKNOWN STEP	2026-07-04T09:49:41.0126127Z   Binary file "/home/runner/work/core/core/venv/bin/python3" [0x53601e]
Run tests Python 3.14.5 (6)	UNKNOWN STEP	2026-07-04T09:49:41.0127033Z   Binary file "/lib/x86_64-linux-gnu/libc.so.6", at +0x45330 [0x7f05edc45330]
Run tests Python 3.14.5 (6)	UNKNOWN STEP	2026-07-04T09:49:41.0128339Z   Binary file "/home/runner/work/core/core/venv/bin/python3", at PyObject_Vectorcall+0x1d [0x1a1bc5d]
Run tests Python 3.14.5 (6)	UNKNOWN STEP	2026-07-04T09:49:41.0133181Z   Binary file "/home/runner/work/core/core/venv/bin/python3" [0x1ae2d88]
Run tests Python 3.14.5 (6)	UNKNOWN STEP	2026-07-04T09:49:41.0134090Z   Binary file "/home/runner/work/core/core/venv/bin/python3" [0x1a0bff4]
Run tests Python 3.14.5 (6)	UNKNOWN STEP	2026-07-04T09:49:41.0134996Z   Binary file "/home/runner/work/core/core/venv/bin/python3" [0x1a10c90]
Run tests Python 3.14.5 (6)	UNKNOWN STEP	2026-07-04T09:49:41.0135857Z   Binary file "/home/runner/work/core/core/venv/bin/python3" [0x1a10636]
Run tests Python 3.14.5 (6)	UNKNOWN STEP	2026-07-04T09:49:41.0136708Z   Binary file "/home/runner/work/core/core/venv/bin/python3" [0x1c12bbe]
Run tests Python 3.14.5 (6)	UNKNOWN STEP	2026-07-04T09:49:41.0137562Z   Binary file "/home/runner/work/core/core/venv/bin/python3" [0x1a544fc]
Run tests Python 3.14.5 (6)	UNKNOWN STEP	2026-07-04T09:49:41.0160733Z   Binary file "/home/runner/work/core/core/venv/bin/python3" [0x1a10c90]
Run tests Python 3.14.5 (6)	UNKNOWN STEP	2026-07-04T09:49:41.0161706Z   Binary file "/home/runner/work/core/core/venv/bin/python3" [0x1a10636]
Run tests Python 3.14.5 (6)	UNKNOWN STEP	2026-07-04T09:49:41.0162628Z   Binary file "/home/runner/work/core/core/venv/bin/python3" [0x1b4a62d]
Run tests Python 3.14.5 (6)	UNKNOWN STEP	2026-07-04T09:49:41.0163540Z   Binary file "/home/runner/work/core/core/venv/bin/python3" [0x1b4a5ae]
Run tests Python 3.14.5 (6)	UNKNOWN STEP	2026-07-04T09:49:41.0164456Z   Binary file "/lib/x86_64-linux-gnu/libc.so.6", at +0x9caa4 [0x7f05edc9caa4]
Run tests Python 3.14.5 (6)	UNKNOWN STEP	2026-07-04T09:49:41.0165656Z   Binary file "/lib/x86_64-linux-gnu/libc.so.6", at +0x129c6c [0x7f05edd29c6c]
Run tests Python 3.14.5 (6)	UNKNOWN STEP	2026-07-04T09:49:41.0166259Z 
Run tests Python 3.14.5 (6)	UNKNOWN STEP	2026-07-04T09:49:41.0200130Z Extension modules: multidict._multidict, yarl._quoting_c, propcache._helpers_c, _brotli, aiohttp._http_writer, aiohttp._http_parser, aiohttp._websocket.mask, aiohttp._websocket.reader_c, _cffi_backend, frozenlist._frozenlist, charset_normalizer.md, simplejson._speedups, requests.packages.charset_normalizer.md, requests.packages.chardet.md, sqlalchemy.cyextension.collections, sqlalchemy.cyextension.immutabledict, sqlalchemy.cyextension.processors, sqlalchemy.cyextension.resultproxy, sqlalchemy.cyextension.util, greenlet._greenlet, ciso8601, ulid_transform._ulid_impl, yaml._yaml, markupsafe._speedups, annotatedyaml.reference, annotatedyaml.constructors, _awscrt, regex._regex, dbus_fast.signature, dbus_fast._private.marshaller, dbus_fast.message, dbus_fast.service, dbus_fast._private.address, dbus_fast.unpack, dbus_fast.message_bus, dbus_fast._private.unmarshaller, dbus_fast.aio.message_reader, habluetooth.models, habluetooth.advertisement_tracker, habluetooth.auto_scheduler, bluetooth_data_tools.gap, bluetooth_data_tools._time_impl, bluetooth_data_tools._utils_impl, bluetooth_data_tools.utils, habluetooth.channels.bluez, habluetooth.manager, habluetooth.base_scanner, habluetooth.scanner_bleak, zeroconf._utils.time, zeroconf._dns, zeroconf._protocol.outgoing, zeroconf._protocol.incoming, zeroconf._cache, zeroconf._record_update, zeroconf._history, zeroconf._updates, zeroconf._services, zeroconf._utils.ipaddress, zeroconf._services.info, zeroconf._services.registry, zeroconf._handlers.answers, zeroconf._handlers.multicast_outgoing_queue, zeroconf._handlers.query_handler, zeroconf._handlers.record_manager, zeroconf._listener, zeroconf._services.browser, fnv_hash_fast._fnv_impl, PIL._imaging, numpy._core._multiarray_umath, numpy.linalg._umath_linalg, audioop._audioop, google._upb._message, _cyutility, scipy._cyutility, scipy._lib._ccallback_c, ujson, _cbor2, aioesphomeapi._sanitize, aioesphomeapi._frame_helper.base, aioesphomeapi._frame_helper.packets, aioesphomeapi._frame_helper.plain_text, aioesphomeapi.connection, aioesphomeapi.client_base, crcmod._crcfunext, lxml._elementpath, lxml.etree, msgpack._cmsgpack, bitarray._bitarray, bitarray._util, numpy.random._common, numpy.random.bit_generator, numpy.random._bounded_integers, numpy.random._pcg64, numpy.random._mt19937, numpy.random._generator, numpy.random._philox, numpy.random._sfc64, numpy.random.mtrand, scipy.sparse._sparsetools, _csparsetools, scipy.sparse._csparsetools, scipy.spatial._ckdtree, scipy.linalg._fblas, scipy.linalg._flapack, scipy.linalg._batched_linalg, scipy.linalg._cythonized_array_utils, scipy.linalg._solve_toeplitz, scipy.linalg._internal_matfuncs, scipy.linalg._linalg_pythran, scipy.linalg.cython_blas, scipy.linalg.cython_lapack, scipy.linalg._decomp_update, scipy.special._ufuncs_cxx, scipy.special._ellip_harm_2, scipy.special._special_ufuncs, scipy.special._gufuncs, scipy.special._ufuncs, scipy.special._specfun, scipy.special._comb, scipy.spatial._hausdorff, scipy.spatial._distance_wrap, scipy._lib.messagestream, scipy.spatial._qhull, scipy.spatial._voronoi, scipy.spatial.transform._rotation_cy, scipy.spatial.transform._rigid_transform_cy, scipy.cluster.vq._vq, scipy.cluster.hierarchy._hierarchy, scipy.cluster.hierarchy._optimal_leaf_ordering, scipy._lib._uarray._uarray, scipy.fftpack.convolve, scipy.integrate._odepack, scipy.integrate._quadpack, scipy.integrate._vode, scipy.integrate._dop, scipy.sparse.linalg._dsolve._superlu, scipy.sparse.linalg._eigen.arpack._arpacklib, scipy.sparse.linalg._propack, scipy.optimize._group_columns, scipy.optimize._trlib._trlib, scipy.optimize._lbfgsb, _moduleTNC, scipy.optimize._moduleTNC, scipy.optimize._slsqplib, scipy.optimize._minpack, scipy.optimize._lsq.givens_elimination, scipy.optimize._zeros, scipy.linalg._decomp_interpolative, scipy.optimize._bglu_dense, scipy.optimize._lsap, scipy.optimize._direct, scipy.interpolate._fitpack, scipy.interpolate._dierckx, scipy.interpolate._ppoly, scipy.interpolate._interpnd, scipy.interpolate._rbfinterp_pythran, scipy.interpolate._rgi_cython, scipy.io.matlab._mio_utils, scipy.io.matlab._streams, scipy.io.matlab._mio5_utils, scipy.ndimage._nd_image, scipy.ndimage._rank_filter_1d, _ni_label, scipy.ndimage._ni_label, scipy.signal._sigtools, scipy.signal._max_len_seq_inner, scipy.signal._upfirdn_apply, scipy.signal._spline, scipy.signal._sosfilt, scipy.special.cython_special, scipy.stats._stats, scipy.stats._biasedurn, scipy.stats._levy_stable.levyst, scipy.stats._stats_pythran, scipy.stats._ansari_swilk_statistics, scipy.sparse.csgraph._tools, scipy.sparse.csgraph._shortest_path, scipy.sparse.csgraph._traversal, scipy.sparse.csgraph._min_spanning_tree, scipy.sparse.csgraph._flow, scipy.sparse.csgraph._matching, scipy.sparse.csgraph._reordering, scipy.stats._sobol, scipy.stats._qmc_cy, scipy.stats._rcont.rcont, scipy.stats._qmvnt_cy, scipy.signal._peak_finding_utils, isal.igzip_lib, isal.isal_zlib, habluetooth.scanner (total: 190)
Run tests Python 3.14.5 (6)	UNKNOWN STEP	2026-07-04T09:49:42.5563301Z ........................................ [10465/11809]
Run tests Python 3.14.5 (6)	UNKNOWN STEP	2026-07-04T09:49:46.7992015Z .................................................[gw0] node down: Not properly terminated
Run tests Python 3.14.5 (6)	UNKNOWN STEP	2026-07-04T09:49:48.3569916Z F.................../home/runner/work/core/core/venv/lib/python3.14/site-packages/rich/segment.py:547: SyntaxWarning: 'return' in a 'finally' block
Run tests Python 3.14.5 (6)	UNKNOWN STEP	2026-07-04T09:49:48.3579755Z   return
Run tests Python 3.14.5 (6)	UNKNOWN STEP	2026-07-04T09:49:51.5853150Z ............................................. [10578/11809]
Run tests Python 3.14.5 (6)	UNKNOWN STEP	2026-07-04T09:49:56.6974399Z ................................................................. [10643/11809]
Run tests Python 3.14.5 (6)	UNKNOWN STEP	2026-07-04T09:49:58.5109972Z ................................................................. [10708/11809]
Run tests Python 3.14.5 (6)	UNKNOWN STEP	2026-07-04T09:50:05.1807219Z ................................................................. [10773/11809]
Run tests Python 3.14.5 (6)	UNKNOWN STEP	2026-07-04T09:50:11.9765704Z ................................................................. [10838/11809]
Run tests Python 3.14.5 (6)	UNKNOWN STEP	2026-07-04T09:50:17.6208646Z ................................................................. [10903/11809]
Run tests Python 3.14.5 (6)	UNKNOWN STEP	2026-07-04T09:50:27.0525705Z ................................................................. [10968/11809]
Run tests Python 3.14.5 (6)	UNKNOWN STEP	2026-07-04T09:50:32.2370206Z ................................................................. [11033/11809]
Run tests Python 3.14.5 (6)	UNKNOWN STEP	2026-07-04T09:50:34.1320976Z ................................................................. [11098/11809]
Run tests Python 3.14.5 (6)	UNKNOWN STEP	2026-07-04T09:50:38.9858504Z ................................................................. [11163/11809]
Run tests Python 3.14.5 (6)	UNKNOWN STEP	2026-07-04T09:50:42.2810108Z ................................................................. [11228/11809]
Run tests Python 3.14.5 (6)	UNKNOWN STEP	2026-07-04T09:50:44.5690163Z ................................................................. [11293/11809]
Run tests Python 3.14.5 (6)	UNKNOWN STEP	2026-07-04T09:50:49.3844239Z ................................................................. [11358/11809]
Run tests Python 3.14.5 (6)	UNKNOWN STEP	2026-07-04T09:50:52.7961020Z ................................................................. [11423/11809]
Run tests Python 3.14.5 (6)	UNKNOWN STEP	2026-07-04T09:50:56.0750157Z ................................................................. [11488/11809]
Run tests Python 3.14.5 (6)	UNKNOWN STEP	2026-07-04T09:50:58.7160177Z ................................................................. [11553/11809]
Run tests Python 3.14.5 (6)	UNKNOWN STEP	2026-07-04T09:51:01.5838806Z ................................................................. [11618/11809]
Run tests Python 3.14.5 (6)	UNKNOWN STEP	2026-07-04T09:51:04.1541648Z ................................................................. [11683/11809]
Run tests Python 3.14.5 (6)	UNKNOWN STEP	2026-07-04T09:51:07.7390160Z ................................................................. [11748/11809]
Run tests Python 3.14.5 (6)	UNKNOWN STEP	2026-07-04T10:43:16.4286402Z ##[error]The action 'Run pytest' has timed out after 60 minutes.
Run tests Python 3.14.5 (6)	UNKNOWN STEP	2026-07-04T10:43:16.4353751Z ##[group]Run actions/upload-artifact@043fb46d1a93c77aae656e7c1c64a875d1fc6a0a
Run tests Python 3.14.5 (6)	UNKNOWN STEP	2026-07-04T10:43:16.4354188Z with:
Run tests Python 3.14.5 (6)	UNKNOWN STEP	2026-07-04T10:43:16.4354410Z   name: pytest-341428-3.14.5-6
Run tests Python 3.14.5 (6)	UNKNOWN STEP	2026-07-04T10:43:16.4354686Z   path: pytest-*.txt
Run tests Python 3.14.5 (6)	UNKNOWN STEP	2026-07-04T10:43:16.4354924Z   overwrite: true
Run tests Python 3.14.5 (6)	UNKNOWN STEP	2026-07-04T10:43:16.4355156Z   if-no-files-found: warn
Run tests Python 3.14.5 (6)	UNKNOWN STEP	2026-07-04T10:43:16.4355408Z   compression-level: 6
Run tests Python 3.14.5 (6)	UNKNOWN STEP	2026-07-04T10:43:16.4355660Z   include-hidden-files: false
Run tests Python 3.14.5 (6)	UNKNOWN STEP	2026-07-04T10:43:16.4355920Z   archive: true
Run tests Python 3.14.5 (6)	UNKNOWN STEP	2026-07-04T10:43:16.4356126Z env:
Run tests Python 3.14.5 (6)	UNKNOWN STEP	2026-07-04T10:43:16.4356340Z   CACHE_VERSION: 4
Run tests Python 3.14.5 (6)	UNKNOWN STEP	2026-07-04T10:43:16.4356565Z   MYPY_CACHE_VERSION: 1
Run tests Python 3.14.5 (6)	UNKNOWN STEP	2026-07-04T10:43:16.4356800Z   HA_SHORT_VERSION: 2026.8
Run tests Python 3.14.5 (6)	UNKNOWN STEP	2026-07-04T10:43:16.4357057Z   ADDITIONAL_PYTHON_VERSIONS: []
Run tests Python 3.14.5 (6)	UNKNOWN STEP	2026-07-04T10:43:16.4357576Z   MARIADB_VERSIONS: ['mariadb:10.3.32','mariadb:10.6.10','mariadb:10.10.3','mariadb:10.11.2','mariadb:11.4.9','mysql:8.0.32']
Run tests Python 3.14.5 (6)	UNKNOWN STEP	2026-07-04T10:43:16.4358163Z   POSTGRESQL_VERSIONS: ['postgres:12.14','postgres:15.2']
Run tests Python 3.14.5 (6)	UNKNOWN STEP	2026-07-04T10:43:16.4358533Z   UV_CACHE_DIR: /tmp/uv-cache
Run tests Python 3.14.5 (6)	UNKNOWN STEP	2026-07-04T10:43:16.4358790Z   APT_CACHE_VERSION: 1
Run tests Python 3.14.5 (6)	UNKNOWN STEP	2026-07-04T10:43:16.4359207Z   SQLALCHEMY_WARN_20: 1
Run tests Python 3.14.5 (6)	UNKNOWN STEP	2026-07-04T10:43:16.4359453Z   PYTHONASYNCIODEBUG: 1
Run tests Python 3.14.5 (6)	UNKNOWN STEP	2026-07-04T10:43:16.4359676Z   HASS_CI: 1
Run tests Python 3.14.5 (6)	UNKNOWN STEP	2026-07-04T10:43:16.4359914Z   CACHE_KEY: 22a3147dd785dad2d35c5a5e68b7c7d9
Run tests Python 3.14.5 (6)	UNKNOWN STEP	2026-07-04T10:43:16.4360297Z   UV_PYTHON_INSTALL_DIR: /home/runner/work/_temp/uv-python-dir
Run tests Python 3.14.5 (6)	UNKNOWN STEP	2026-07-04T10:43:16.4360654Z   UV_PYTHON: 3.14.5
Run tests Python 3.14.5 (6)	UNKNOWN STEP	2026-07-04T10:43:16.4360873Z ##[endgroup]
Run tests Python 3.14.5 (6)	UNKNOWN STEP	2026-07-04T10:43:16.6066755Z With the provided path, there will be 1 file uploaded
Run tests Python 3.14.5 (6)	UNKNOWN STEP	2026-07-04T10:43:16.7176566Z Artifact name is valid!
Run tests Python 3.14.5 (6)	UNKNOWN STEP	2026-07-04T10:43:16.7177363Z Root directory input is valid!
Run tests Python 3.14.5 (6)	UNKNOWN STEP	2026-07-04T10:43:17.0440362Z Uploading artifact: pytest-341428-3.14.5-6.zip
Run tests Python 3.14.5 (6)	UNKNOWN STEP	2026-07-04T10:43:17.0441681Z Beginning upload of artifact content to blob storage
Run tests Python 3.14.5 (6)	UNKNOWN STEP	2026-07-04T10:43:17.0549070Z Uploaded bytes 4533
Run tests Python 3.14.5 (6)	UNKNOWN STEP	2026-07-04T10:43:17.0882217Z Finished uploading artifact content to blob storage!
Run tests Python 3.14.5 (6)	UNKNOWN STEP	2026-07-04T10:43:17.0883325Z SHA256 digest of uploaded artifact is fd009751cea384b9fd32949371b2351666092cabf6de1f99ca02c6c324527888
Run tests Python 3.14.5 (6)	UNKNOWN STEP	2026-07-04T10:43:17.0884050Z Finalizing artifact upload
Run tests Python 3.14.5 (6)	UNKNOWN STEP	2026-07-04T10:43:17.3284448Z Artifact pytest-341428-3.14.5-6 successfully finalized. Artifact ID 8080960852
Run tests Python 3.14.5 (6)	UNKNOWN STEP	2026-07-04T10:43:17.3285475Z Artifact pytest-341428-3.14.5-6 has been successfully uploaded! Final size is 4533 bytes. Artifact ID is 8080960852
Run tests Python 3.14.5 (6)	UNKNOWN STEP	2026-07-04T10:43:17.3286554Z Artifact download URL: https://github.com/home-assistant/core/actions/runs/28702194167/artifacts/8080960852
Run tests Python 3.14.5 (6)	UNKNOWN STEP	2026-07-04T10:43:17.3421783Z ##[group]Run actions/upload-artifact@043fb46d1a93c77aae656e7c1c64a875d1fc6a0a
Run tests Python 3.14.5 (6)	UNKNOWN STEP	2026-07-04T10:43:17.3422543Z with:
Run tests Python 3.14.5 (6)	UNKNOWN STEP	2026-07-04T10:43:17.3422938Z   name: test-results-full-3.14.5-6
Run tests Python 3.14.5 (6)	UNKNOWN STEP	2026-07-04T10:43:17.3423443Z   path: junit.xml
Run tests Python 3.14.5 (6)	UNKNOWN STEP	2026-07-04T10:43:17.3423855Z   if-no-files-found: warn
Run tests Python 3.14.5 (6)	UNKNOWN STEP	2026-07-04T10:43:17.3424299Z   compression-level: 6
Run tests Python 3.14.5 (6)	UNKNOWN STEP	2026-07-04T10:43:17.3424730Z   overwrite: false
Run tests Python 3.14.5 (6)	UNKNOWN STEP	2026-07-04T10:43:17.3425148Z   include-hidden-files: false
Run tests Python 3.14.5 (6)	UNKNOWN STEP	2026-07-04T10:43:17.3425609Z   archive: true
Run tests Python 3.14.5 (6)	UNKNOWN STEP	2026-07-04T10:43:17.3425978Z env:
Run tests Python 3.14.5 (6)	UNKNOWN STEP	2026-07-04T10:43:17.3426335Z   CACHE_VERSION: 4
Run tests Python 3.14.5 (6)	UNKNOWN STEP	2026-07-04T10:43:17.3426729Z   MYPY_CACHE_VERSION: 1
Run tests Python 3.14.5 (6)	UNKNOWN STEP	2026-07-04T10:43:17.3427161Z   HA_SHORT_VERSION: 2026.8
Run tests Python 3.14.5 (6)	UNKNOWN STEP	2026-07-04T10:43:17.3427621Z   ADDITIONAL_PYTHON_VERSIONS: []
Run tests Python 3.14.5 (6)	UNKNOWN STEP	2026-07-04T10:43:17.3428531Z   MARIADB_VERSIONS: ['mariadb:10.3.32','mariadb:10.6.10','mariadb:10.10.3','mariadb:10.11.2','mariadb:11.4.9','mysql:8.0.32']
Run tests Python 3.14.5 (6)	UNKNOWN STEP	2026-07-04T10:43:17.3429915Z   POSTGRESQL_VERSIONS: ['postgres:12.14','postgres:15.2']
Run tests Python 3.14.5 (6)	UNKNOWN STEP	2026-07-04T10:43:17.3430565Z   UV_CACHE_DIR: /tmp/uv-cache
Run tests Python 3.14.5 (6)	UNKNOWN STEP	2026-07-04T10:43:17.3431044Z   APT_CACHE_VERSION: 1
Run tests Python 3.14.5 (6)	UNKNOWN STEP	2026-07-04T10:43:17.3431466Z   SQLALCHEMY_WARN_20: 1
Run tests Python 3.14.5 (6)	UNKNOWN STEP	2026-07-04T10:43:17.3431897Z   PYTHONASYNCIODEBUG: 1
Run tests Python 3.14.5 (6)	UNKNOWN STEP	2026-07-04T10:43:17.3432312Z   HASS_CI: 1
Run tests Python 3.14.5 (6)	UNKNOWN STEP	2026-07-04T10:43:17.3432732Z   CACHE_KEY: 22a3147dd785dad2d35c5a5e68b7c7d9
Run tests Python 3.14.5 (6)	UNKNOWN STEP	2026-07-04T10:43:17.3433404Z   UV_PYTHON_INSTALL_DIR: /home/runner/work/_temp/uv-python-dir
Run tests Python 3.14.5 (6)	UNKNOWN STEP	2026-07-04T10:43:17.3434031Z   UV_PYTHON: 3.14.5
Run tests Python 3.14.5 (6)	UNKNOWN STEP	2026-07-04T10:43:17.3434420Z ##[endgroup]
Run tests Python 3.14.5 (6)	UNKNOWN STEP	2026-07-04T10:43:17.5016802Z ##[warning]No files were found with the provided path: junit.xml. No artifacts will be uploaded.
Run tests Python 3.14.5 (6)	UNKNOWN STEP	2026-07-04T10:43:17.5305127Z Post job cleanup.
Run tests Python 3.14.5 (6)	UNKNOWN STEP	2026-07-04T10:43:17.5370515Z Post job cleanup.
Run tests Python 3.14.5 (6)	UNKNOWN STEP	2026-07-04T10:43:17.6299702Z [command]/usr/bin/git version
Run tests Python 3.14.5 (6)	UNKNOWN STEP	2026-07-04T10:43:17.6352838Z git version 2.54.0
Run tests Python 3.14.5 (6)	UNKNOWN STEP	2026-07-04T10:43:17.6405981Z Temporarily overriding HOME='/home/runner/work/_temp/04e20246-526c-42be-b9b7-2f0f9fecbe00' before making global git config changes
Run tests Python 3.14.5 (6)	UNKNOWN STEP	2026-07-04T10:43:17.6407523Z Adding repository directory to the temporary git global config as a safe directory
Run tests Python 3.14.5 (6)	UNKNOWN STEP	2026-07-04T10:43:17.6414411Z [command]/usr/bin/git config --global --add safe.directory /home/runner/work/core/core
Run tests Python 3.14.5 (6)	UNKNOWN STEP	2026-07-04T10:43:17.6469740Z Removing SSH command configuration
Run tests Python 3.14.5 (6)	UNKNOWN STEP	2026-07-04T10:43:17.6480906Z [command]/usr/bin/git config --local --name-only --get-regexp core\.sshCommand
Run tests Python 3.14.5 (6)	UNKNOWN STEP	2026-07-04T10:43:17.6534959Z [command]/usr/bin/git submodule foreach --recursive sh -c "git config --local --name-only --get-regexp 'core\.sshCommand' && git config --local --unset-all 'core.sshCommand' || :"
Run tests Python 3.14.5 (6)	UNKNOWN STEP	2026-07-04T10:43:17.6917917Z Removing HTTP extra header
Run tests Python 3.14.5 (6)	UNKNOWN STEP	2026-07-04T10:43:17.6919204Z [command]/usr/bin/git config --local --name-only --get-regexp http\.https\:\/\/github\.com\/\.extraheader
Run tests Python 3.14.5 (6)	UNKNOWN STEP	2026-07-04T10:43:17.6957838Z [command]/usr/bin/git submodule foreach --recursive sh -c "git config --local --name-only --get-regexp 'http\.https\:\/\/github\.com\/\.extraheader' && git config --local --unset-all 'http.https://github.com/.extraheader' || :"
Run tests Python 3.14.5 (6)	UNKNOWN STEP	2026-07-04T10:43:17.7304974Z Removing includeIf entries pointing to credentials config files
Run tests Python 3.14.5 (6)	UNKNOWN STEP	2026-07-04T10:43:17.7317203Z [command]/usr/bin/git config --local --name-only --get-regexp ^includeIf\.gitdir:
Run tests Python 3.14.5 (6)	UNKNOWN STEP	2026-07-04T10:43:17.7361810Z [command]/usr/bin/git submodule foreach --recursive git config --local --show-origin --name-only --get-regexp remote.origin.url
Run tests Python 3.14.5 (6)	UNKNOWN STEP	2026-07-04T10:43:17.7771294Z Cleaning up orphan processes
Run tests Python 3.14.5 (6)	UNKNOWN STEP	2026-07-04T10:43:17.8004840Z Terminate orphan process: pid (4577) (python3)
Run tests Python 3.14.5 (6)	UNKNOWN STEP	2026-07-04T10:43:17.8056112Z Terminate orphan process: pid (4578) (tee)
Run tests Python 3.14.5 (6)	UNKNOWN STEP	2026-07-04T10:43:17.8104879Z Terminate orphan process: pid (4597) (python3)
Run tests Python 3.14.5 (6)	UNKNOWN STEP	2026-07-04T10:43:17.8155416Z Terminate orphan process: pid (36130) (python3)
Run tests Python 3.14.5 (6)	UNKNOWN STEP	2026-07-04T10:43:17.8240003Z ##[warning]Node.js 20 is deprecated. The following actions target Node.js 20 but are being forced to run on Node.js 24: actions/cache/restore@0057852bfaa89a56745cba8c7296529d2fc39830. For more information see: https://github.blog/changelog/2025-09-19-deprecation-of-node-20-on-github-actions-runners/
