Build / Build	UNKNOWN STEP	﻿2026-09-17T07:10:48.8267627Z Current runner version: '2.337.0'
Build / Build	UNKNOWN STEP	2026-09-17T07:10:48.8289097Z ##[group]Runner Image Provisioner
Build / Build	UNKNOWN STEP	2026-09-17T07:10:48.8289818Z Hosted Compute Agent
Build / Build	UNKNOWN STEP	2026-09-17T07:10:48.8290341Z Version: 20260828.587
Build / Build	UNKNOWN STEP	2026-09-17T07:10:48.8290863Z Commit: abac92662cab4cc7352de4f9f9d2e2419aad9c29
Build / Build	UNKNOWN STEP	2026-09-17T07:10:48.8291554Z Build Date: 2026-08-28T16:44:25Z
Build / Build	UNKNOWN STEP	2026-09-17T07:10:48.8292162Z Worker ID: {bee8713d-985e-4159-a28d-ce9997b046c5}
Build / Build	UNKNOWN STEP	2026-09-17T07:10:48.8292791Z Azure Region: eastus
Build / Build	UNKNOWN STEP	2026-09-17T07:10:48.8293328Z ##[endgroup]
Build / Build	UNKNOWN STEP	2026-09-17T07:10:48.8294490Z ##[group]Operating System
Build / Build	UNKNOWN STEP	2026-09-17T07:10:48.8295058Z Ubuntu
Build / Build	UNKNOWN STEP	2026-09-17T07:10:48.8295491Z 24.04.5
Build / Build	UNKNOWN STEP	2026-09-17T07:10:48.8295932Z LTS
Build / Build	UNKNOWN STEP	2026-09-17T07:10:48.8296439Z ##[endgroup]
Build / Build	UNKNOWN STEP	2026-09-17T07:10:48.8296896Z ##[group]Runner Image
Build / Build	UNKNOWN STEP	2026-09-17T07:10:48.8297461Z Image: ubuntu-24.04
Build / Build	UNKNOWN STEP	2026-09-17T07:10:48.8297927Z Version: 20260907.300.1
Build / Build	UNKNOWN STEP	2026-09-17T07:10:48.8299430Z Included Software: https://github.com/actions/runner-images/blob/ubuntu24/20260907.300/images/ubuntu/Ubuntu2404-Readme.md
Build / Build	UNKNOWN STEP	2026-09-17T07:10:48.8300654Z Image Release: https://github.com/actions/runner-images/releases/tag/ubuntu24%2F20260907.300
Build / Build	UNKNOWN STEP	2026-09-17T07:10:48.8301516Z ##[endgroup]
Build / Build	UNKNOWN STEP	2026-09-17T07:10:48.8302398Z ##[group]GITHUB_TOKEN Permissions
Build / Build	UNKNOWN STEP	2026-09-17T07:10:48.8304064Z Contents: read
Build / Build	UNKNOWN STEP	2026-09-17T07:10:48.8304545Z Metadata: read
Build / Build	UNKNOWN STEP	2026-09-17T07:10:48.8304986Z ##[endgroup]
Build / Build	UNKNOWN STEP	2026-09-17T07:10:48.8306770Z Secret source: Actions
Build / Build	UNKNOWN STEP	2026-09-17T07:10:48.8307589Z Cache mode: write
Build / Build	UNKNOWN STEP	2026-09-17T07:10:48.8308521Z Prepare workflow directory
Build / Build	UNKNOWN STEP	2026-09-17T07:10:48.8629044Z Prepare all required actions
Build / Build	UNKNOWN STEP	2026-09-17T07:10:48.8683494Z Getting action download info
Build / Build	UNKNOWN STEP	2026-09-17T07:10:49.0853482Z Download action repository 'actions/checkout@3d3c42e5aac5ba805825da76410c181273ba90b1' (SHA:3d3c42e5aac5ba805825da76410c181273ba90b1)
Build / Build	UNKNOWN STEP	2026-09-17T07:10:49.1794072Z Download action repository 'actions/setup-node@820762786026740c76f36085b0efc47a31fe5020' (SHA:820762786026740c76f36085b0efc47a31fe5020)
Build / Build	UNKNOWN STEP	2026-09-17T07:10:49.2836320Z Download action repository 'actions/upload-artifact@043fb46d1a93c77aae656e7c1c64a875d1fc6a0a' (SHA:043fb46d1a93c77aae656e7c1c64a875d1fc6a0a)
Build / Build	UNKNOWN STEP	2026-09-17T07:10:49.4778590Z Uses: prettier/prettier/.github/workflows/_build.yml@refs/pull/20094/merge (d0d8f710faee244383ed4a2ea15bbbaa4219b4f3)
Build / Build	UNKNOWN STEP	2026-09-17T07:10:49.4782657Z Complete job name: Build / Build
Build / Build	UNKNOWN STEP	2026-09-17T07:10:49.5372237Z ##[group]Run actions/checkout@3d3c42e5aac5ba805825da76410c181273ba90b1
Build / Build	UNKNOWN STEP	2026-09-17T07:10:49.5373036Z with:
Build / Build	UNKNOWN STEP	2026-09-17T07:10:49.5373437Z   repository: prettier/prettier
Build / Build	UNKNOWN STEP	2026-09-17T07:10:49.5376626Z   token: ***
Build / Build	UNKNOWN STEP	2026-09-17T07:10:49.5376973Z   ssh-strict: true
Build / Build	UNKNOWN STEP	2026-09-17T07:10:49.5377318Z   ssh-user: git
Build / Build	UNKNOWN STEP	2026-09-17T07:10:49.5377671Z   persist-credentials: true
Build / Build	UNKNOWN STEP	2026-09-17T07:10:49.5378182Z   clean: true
Build / Build	UNKNOWN STEP	2026-09-17T07:10:49.5378540Z   sparse-checkout-cone-mode: true
Build / Build	UNKNOWN STEP	2026-09-17T07:10:49.5378953Z   fetch-depth: 1
Build / Build	UNKNOWN STEP	2026-09-17T07:10:49.5379294Z   fetch-tags: false
Build / Build	UNKNOWN STEP	2026-09-17T07:10:49.5379644Z   show-progress: true
Build / Build	UNKNOWN STEP	2026-09-17T07:10:49.5379992Z   lfs: false
Build / Build	UNKNOWN STEP	2026-09-17T07:10:49.5380316Z   submodules: false
Build / Build	UNKNOWN STEP	2026-09-17T07:10:49.5380693Z   set-safe-directory: true
Build / Build	UNKNOWN STEP	2026-09-17T07:10:49.5381090Z   allow-unsafe-pr-checkout: false
Build / Build	UNKNOWN STEP	2026-09-17T07:10:49.5381650Z ##[endgroup]
Build / Build	UNKNOWN STEP	2026-09-17T07:10:49.6161642Z Syncing repository: prettier/prettier
Build / Build	UNKNOWN STEP	2026-09-17T07:10:49.6163093Z ##[group]Getting Git version info
Build / Build	UNKNOWN STEP	2026-09-17T07:10:49.6163737Z Working directory is '/home/runner/work/prettier/prettier'
Build / Build	UNKNOWN STEP	2026-09-17T07:10:49.6164522Z [command]/usr/bin/git version
Build / Build	UNKNOWN STEP	2026-09-17T07:10:49.6228796Z git version 2.55.0
Build / Build	UNKNOWN STEP	2026-09-17T07:10:49.6244122Z ##[endgroup]
Build / Build	UNKNOWN STEP	2026-09-17T07:10:49.6253434Z Temporarily overriding HOME='/home/runner/work/_temp/5bc9d996-30a0-42b9-a439-4b8ca4446c69' before making global git config changes
Build / Build	UNKNOWN STEP	2026-09-17T07:10:49.6255018Z Adding repository directory to the temporary git global config as a safe directory
Build / Build	UNKNOWN STEP	2026-09-17T07:10:49.6258147Z [command]/usr/bin/git config --global --add safe.directory /home/runner/work/prettier/prettier
Build / Build	UNKNOWN STEP	2026-09-17T07:10:49.6295788Z Deleting the contents of '/home/runner/work/prettier/prettier'
Build / Build	UNKNOWN STEP	2026-09-17T07:10:49.6299150Z ##[group]Determining repository object format
Build / Build	UNKNOWN STEP	2026-09-17T07:10:49.6300152Z ##[endgroup]
Build / Build	UNKNOWN STEP	2026-09-17T07:10:49.6300819Z ##[group]Initializing the repository
Build / Build	UNKNOWN STEP	2026-09-17T07:10:49.6303152Z [command]/usr/bin/git init /home/runner/work/prettier/prettier
Build / Build	UNKNOWN STEP	2026-09-17T07:10:49.6400801Z hint: Using 'master' as the name for the initial branch. This default branch name
Build / Build	UNKNOWN STEP	2026-09-17T07:10:49.6402034Z hint: will change to "main" in Git 3.0. To configure the initial branch name
Build / Build	UNKNOWN STEP	2026-09-17T07:10:49.6403171Z hint: to use in all of your new repositories, which will suppress this warning,
Build / Build	UNKNOWN STEP	2026-09-17T07:10:49.6404044Z hint: call:
Build / Build	UNKNOWN STEP	2026-09-17T07:10:49.6404482Z hint:
Build / Build	UNKNOWN STEP	2026-09-17T07:10:49.6404905Z hint: 	git config --global init.defaultBranch <name>
Build / Build	UNKNOWN STEP	2026-09-17T07:10:49.6405395Z hint:
Build / Build	UNKNOWN STEP	2026-09-17T07:10:49.6405850Z hint: Names commonly chosen instead of 'master' are 'main', 'trunk' and
Build / Build	UNKNOWN STEP	2026-09-17T07:10:49.6406648Z hint: 'development'. The just-created branch can be renamed via this command:
Build / Build	UNKNOWN STEP	2026-09-17T07:10:49.6407604Z hint:
Build / Build	UNKNOWN STEP	2026-09-17T07:10:49.6408251Z hint: 	git branch -m <name>
Build / Build	UNKNOWN STEP	2026-09-17T07:10:49.6408815Z hint:
Build / Build	UNKNOWN STEP	2026-09-17T07:10:49.6409465Z hint: Disable this message with "git config set advice.defaultBranchName false"
Build / Build	UNKNOWN STEP	2026-09-17T07:10:49.6410242Z Initialized empty Git repository in /home/runner/work/prettier/prettier/.git/
Build / Build	UNKNOWN STEP	2026-09-17T07:10:49.6412214Z [command]/usr/bin/git remote add origin https://github.com/prettier/prettier
Build / Build	UNKNOWN STEP	2026-09-17T07:10:49.7272935Z ##[endgroup]
Build / Build	UNKNOWN STEP	2026-09-17T07:10:49.7273626Z ##[group]Disabling automatic garbage collection
Build / Build	UNKNOWN STEP	2026-09-17T07:10:49.7275884Z [command]/usr/bin/git config --local gc.auto 0
Build / Build	UNKNOWN STEP	2026-09-17T07:10:49.7303831Z ##[endgroup]
Build / Build	UNKNOWN STEP	2026-09-17T07:10:49.7304868Z ##[group]Setting up auth
Build / Build	UNKNOWN STEP	2026-09-17T07:10:49.7305319Z Removing SSH command configuration
Build / Build	UNKNOWN STEP	2026-09-17T07:10:49.7309181Z [command]/usr/bin/git config --local --name-only --get-regexp core\.sshCommand
Build / Build	UNKNOWN STEP	2026-09-17T07:10:49.7335363Z [command]/usr/bin/git submodule foreach --recursive sh -c "git config --local --name-only --get-regexp 'core\.sshCommand' && git config --local --unset-all 'core.sshCommand' || :"
Build / Build	UNKNOWN STEP	2026-09-17T07:10:49.7621468Z Removing HTTP extra header
Build / Build	UNKNOWN STEP	2026-09-17T07:10:49.7625833Z [command]/usr/bin/git config --local --name-only --get-regexp http\.https\:\/\/github\.com\/\.extraheader
Build / Build	UNKNOWN STEP	2026-09-17T07:10:49.7653659Z [command]/usr/bin/git submodule foreach --recursive sh -c "git config --local --name-only --get-regexp 'http\.https\:\/\/github\.com\/\.extraheader' && git config --local --unset-all 'http.https://github.com/.extraheader' || :"
Build / Build	UNKNOWN STEP	2026-09-17T07:10:49.7831110Z Removing includeIf entries pointing to credentials config files
Build / Build	UNKNOWN STEP	2026-09-17T07:10:49.7834794Z [command]/usr/bin/git config --local --name-only --get-regexp ^includeIf\.gitdir:
Build / Build	UNKNOWN STEP	2026-09-17T07:10:49.7860026Z [command]/usr/bin/git submodule foreach --recursive git config --local --show-origin --name-only --get-regexp remote.origin.url
Build / Build	UNKNOWN STEP	2026-09-17T07:10:49.8054243Z [command]/usr/bin/git config --file /home/runner/work/_temp/git-credentials-df9769fb-3a81-416a-becd-07377fba91fe.config http.https://github.com/.extraheader AUTHORIZATION: basic ***
Build / Build	UNKNOWN STEP	2026-09-17T07:10:49.8084725Z [command]/usr/bin/git config --local includeIf.gitdir:/home/runner/work/prettier/prettier/.git.path /home/runner/work/_temp/git-credentials-df9769fb-3a81-416a-becd-07377fba91fe.config
Build / Build	UNKNOWN STEP	2026-09-17T07:10:49.8110858Z [command]/usr/bin/git config --local includeIf.gitdir:/home/runner/work/prettier/prettier/.git/worktrees/*.path /home/runner/work/_temp/git-credentials-df9769fb-3a81-416a-becd-07377fba91fe.config
Build / Build	UNKNOWN STEP	2026-09-17T07:10:49.8137449Z [command]/usr/bin/git config --local includeIf.gitdir:/github/workspace/.git.path /github/runner_temp/git-credentials-df9769fb-3a81-416a-becd-07377fba91fe.config
Build / Build	UNKNOWN STEP	2026-09-17T07:10:49.8165210Z [command]/usr/bin/git config --local includeIf.gitdir:/github/workspace/.git/worktrees/*.path /github/runner_temp/git-credentials-df9769fb-3a81-416a-becd-07377fba91fe.config
Build / Build	UNKNOWN STEP	2026-09-17T07:10:49.8190897Z ##[endgroup]
Build / Build	UNKNOWN STEP	2026-09-17T07:10:49.8191770Z ##[group]Fetching the repository
Build / Build	UNKNOWN STEP	2026-09-17T07:10:49.8197723Z [command]/usr/bin/git -c protocol.version=2 fetch --no-tags --prune --no-recurse-submodules --depth=1 origin +d0d8f710faee244383ed4a2ea15bbbaa4219b4f3:refs/remotes/pull/20094/merge
Build / Build	UNKNOWN STEP	2026-09-17T07:10:50.3834199Z From https://github.com/prettier/prettier
Build / Build	UNKNOWN STEP	2026-09-17T07:10:50.3835718Z  * [new ref]         d0d8f710faee244383ed4a2ea15bbbaa4219b4f3 -> pull/20094/merge
Build / Build	UNKNOWN STEP	2026-09-17T07:10:50.3839212Z ##[endgroup]
Build / Build	UNKNOWN STEP	2026-09-17T07:10:50.3840457Z ##[group]Determining the checkout info
Build / Build	UNKNOWN STEP	2026-09-17T07:10:50.3841488Z ##[endgroup]
Build / Build	UNKNOWN STEP	2026-09-17T07:10:50.3843836Z [command]/usr/bin/git sparse-checkout disable
Build / Build	UNKNOWN STEP	2026-09-17T07:10:50.3889129Z [command]/usr/bin/git config --local --unset-all extensions.worktreeConfig
Build / Build	UNKNOWN STEP	2026-09-17T07:10:50.3915657Z ##[group]Checking out the ref
Build / Build	UNKNOWN STEP	2026-09-17T07:10:50.3919152Z [command]/usr/bin/git checkout --progress --force refs/remotes/pull/20094/merge
Build / Build	UNKNOWN STEP	2026-09-17T07:10:50.7766362Z Note: switching to 'refs/remotes/pull/20094/merge'.
Build / Build	UNKNOWN STEP	2026-09-17T07:10:50.7774613Z 
Build / Build	UNKNOWN STEP	2026-09-17T07:10:50.7775141Z You are in 'detached HEAD' state. You can look around, make experimental
Build / Build	UNKNOWN STEP	2026-09-17T07:10:50.7775997Z changes and commit them, and you can discard any commits you make in this
Build / Build	UNKNOWN STEP	2026-09-17T07:10:50.7777110Z state without impacting any branches by switching back to a branch.
Build / Build	UNKNOWN STEP	2026-09-17T07:10:50.7777694Z 
Build / Build	UNKNOWN STEP	2026-09-17T07:10:50.7778242Z If you want to create a new branch to retain commits you create, you may
Build / Build	UNKNOWN STEP	2026-09-17T07:10:50.7779330Z do so (now or later) by using -c with the switch command. Example:
Build / Build	UNKNOWN STEP	2026-09-17T07:10:50.7780030Z 
Build / Build	UNKNOWN STEP	2026-09-17T07:10:50.7780515Z   git switch -c <new-branch-name>
Build / Build	UNKNOWN STEP	2026-09-17T07:10:50.7781048Z 
Build / Build	UNKNOWN STEP	2026-09-17T07:10:50.7781241Z Or undo this operation with:
Build / Build	UNKNOWN STEP	2026-09-17T07:10:50.7781470Z 
Build / Build	UNKNOWN STEP	2026-09-17T07:10:50.7781583Z   git switch -
Build / Build	UNKNOWN STEP	2026-09-17T07:10:50.7781765Z 
Build / Build	UNKNOWN STEP	2026-09-17T07:10:50.7781993Z Turn off this advice by setting config variable advice.detachedHead to false
Build / Build	UNKNOWN STEP	2026-09-17T07:10:50.7782300Z 
Build / Build	UNKNOWN STEP	2026-09-17T07:10:50.7782619Z HEAD is now at d0d8f71 Merge 92527a2a5987a7b061b10ae1f0ecdf678ef11cb4 into 2ee9998fc3423eb62b29267011a51eee8dca8773
Build / Build	UNKNOWN STEP	2026-09-17T07:10:50.7784243Z ##[endgroup]
Build / Build	UNKNOWN STEP	2026-09-17T07:10:50.7819295Z [command]/usr/bin/git log -1 --format=%H
Build / Build	UNKNOWN STEP	2026-09-17T07:10:50.7839522Z d0d8f710faee244383ed4a2ea15bbbaa4219b4f3
Build / Build	UNKNOWN STEP	2026-09-17T07:10:50.8147249Z ##[group]Run actions/setup-node@820762786026740c76f36085b0efc47a31fe5020
Build / Build	UNKNOWN STEP	2026-09-17T07:10:50.8147653Z with:
Build / Build	UNKNOWN STEP	2026-09-17T07:10:50.8147896Z   cache: yarn
Build / Build	UNKNOWN STEP	2026-09-17T07:10:50.8148352Z   check-latest: false
Build / Build	UNKNOWN STEP	2026-09-17T07:10:50.8150769Z   token: ***
Build / Build	UNKNOWN STEP	2026-09-17T07:10:50.8151014Z   package-manager-cache: true
Build / Build	UNKNOWN STEP	2026-09-17T07:10:50.8151302Z ##[endgroup]
Build / Build	UNKNOWN STEP	2026-09-17T07:10:50.9144882Z ##[group]Environment details
Build / Build	UNKNOWN STEP	2026-09-17T07:10:51.6984007Z node: v22.23.2
Build / Build	UNKNOWN STEP	2026-09-17T07:10:51.6984859Z npm: 10.9.8
Build / Build	UNKNOWN STEP	2026-09-17T07:10:51.6985157Z yarn: 4.18.0
Build / Build	UNKNOWN STEP	2026-09-17T07:10:51.6986215Z ##[endgroup]
Build / Build	UNKNOWN STEP	2026-09-17T07:10:51.6997422Z [command]/usr/local/bin/yarn --version
Build / Build	UNKNOWN STEP	2026-09-17T07:10:51.9856397Z 4.18.0
Build / Build	UNKNOWN STEP	2026-09-17T07:10:52.0060348Z [command]/usr/local/bin/yarn config get cacheFolder
Build / Build	UNKNOWN STEP	2026-09-17T07:10:52.2986385Z /home/runner/.yarn/berry/cache
Build / Build	UNKNOWN STEP	2026-09-17T07:10:52.3252065Z [command]/usr/local/bin/yarn config get enableGlobalCache
Build / Build	UNKNOWN STEP	2026-09-17T07:10:52.6193401Z ^[[33mtrue^[[39m
Build / Build	UNKNOWN STEP	2026-09-17T07:10:52.7360878Z Cache hit for: node-cache-Linux-x64-yarn-882cc84647ede44e1e10aabb6a85d6583c523a35236d4a4054ee9191820f81ac
Build / Build	UNKNOWN STEP	2026-09-17T07:10:53.6519921Z Received 64437783 of 64437783 (100.0%), 71.6 MBs/sec
Build / Build	UNKNOWN STEP	2026-09-17T07:10:53.6520726Z Cache Size: ~61 MB (64437783 B)
Build / Build	UNKNOWN STEP	2026-09-17T07:10:53.6570335Z [command]/usr/bin/tar -xf /home/runner/work/_temp/4479952c-3d61-4ccf-a8bb-14e355716a27/cache.tzst -P -C /home/runner/work/prettier/prettier --use-compress-program unzstd
Build / Build	UNKNOWN STEP	2026-09-17T07:10:53.7606318Z Cache restored successfully
Build / Build	UNKNOWN STEP	2026-09-17T07:10:53.7638399Z Cache restored from key: node-cache-Linux-x64-yarn-882cc84647ede44e1e10aabb6a85d6583c523a35236d4a4054ee9191820f81ac
Build / Build	UNKNOWN STEP	2026-09-17T07:10:53.7785479Z ##[group]Run yarn --immutable
Build / Build	UNKNOWN STEP	2026-09-17T07:10:53.7785776Z ^[[36;1myarn --immutable^[[0m
Build / Build	UNKNOWN STEP	2026-09-17T07:10:53.7821244Z shell: /usr/bin/bash -e {0}
Build / Build	UNKNOWN STEP	2026-09-17T07:10:53.7821692Z ##[endgroup]
Build / Build	UNKNOWN STEP	2026-09-17T07:10:54.1463852Z ^[[93m➤^[[39m YN0000: Yarn detected that the current workflow is executed from a public pull request. For safety the hardened mode has been enabled.
Build / Build	UNKNOWN STEP	2026-09-17T07:10:54.1465123Z ^[[93m➤^[[39m YN0000: It will prevent malicious lockfile manipulations, in exchange for a slower install time. You can opt-out if necessary; check our documentation for more details.
Build / Build	UNKNOWN STEP	2026-09-17T07:10:54.1465622Z 
Build / Build	UNKNOWN STEP	2026-09-17T07:10:54.1465807Z ^[[94m➤^[[39m YN0000: · Yarn 4.18.0
Build / Build	UNKNOWN STEP	2026-09-17T07:10:54.1547386Z ^[[94m➤^[[39m ^[[90mYN0000^[[39m: ┌ Resolution step
Build / Build	UNKNOWN STEP	2026-09-17T07:10:54.1548182Z ##[group]Resolution step
Build / Build	UNKNOWN STEP	2026-09-17T07:10:58.7150962Z ##[endgroup]
Build / Build	UNKNOWN STEP	2026-09-17T07:10:58.7186486Z ^[[94m➤^[[39m ^[[90mYN0000^[[39m: └ Completed in 4s 560ms
Build / Build	UNKNOWN STEP	2026-09-17T07:10:58.7187440Z ^[[94m➤^[[39m ^[[90mYN0000^[[39m: ┌ Post-resolution validation
Build / Build	UNKNOWN STEP	2026-09-17T07:10:58.7188548Z ##[group]Post-resolution validation
Build / Build	UNKNOWN STEP	2026-09-17T07:10:58.7190203Z ^[[93m➤^[[39m YN0002: │ ^[[38;5;173mprettier^[[39m^[[38;5;111m@^[[39m^[[38;5;111mworkspace:.^[[39m doesn't provide ^[[38;5;173mrollup^[[39m (^[[38;5;111mpd38a67^[[39m), requested by ^[[38;5;173mrollup-plugin-license^[[39m.
Build / Build	UNKNOWN STEP	2026-09-17T07:10:58.7192615Z ^[[93m➤^[[39m YN0086: │ Some peer dependencies are incorrectly met by your project; run ^[[38;5;111myarn explain peer-requirements <hash>^[[39m for details, where ^[[38;5;111m<hash>^[[39m is the six-letter p-prefixed code.
Build / Build	UNKNOWN STEP	2026-09-17T07:10:58.7532738Z ##[endgroup]
Build / Build	UNKNOWN STEP	2026-09-17T07:10:58.7533770Z ^[[94m➤^[[39m ^[[90mYN0000^[[39m: └ Completed
Build / Build	UNKNOWN STEP	2026-09-17T07:10:58.7542039Z ^[[94m➤^[[39m ^[[90mYN0000^[[39m: ┌ Fetch step
Build / Build	UNKNOWN STEP	2026-09-17T07:10:58.7542853Z ##[group]Fetch step
Build / Build	UNKNOWN STEP	2026-09-17T07:10:59.0267868Z ##[endgroup]
Build / Build	UNKNOWN STEP	2026-09-17T07:10:59.0268993Z ^[[94m➤^[[39m ^[[90mYN0000^[[39m: └ Completed in 0s 273ms
Build / Build	UNKNOWN STEP	2026-09-17T07:10:59.0565345Z ^[[94m➤^[[39m ^[[90mYN0000^[[39m: ┌ Link step
Build / Build	UNKNOWN STEP	2026-09-17T07:10:59.0566507Z ##[group]Link step
Build / Build	UNKNOWN STEP	2026-09-17T07:11:05.2246088Z ^[[93m➤^[[39m YN0004: │ ^[[38;5;166m@parcel/^[[39m^[[38;5;173mwatcher^[[39m^[[38;5;111m@^[[39m^[[38;5;111mnpm:2.6.0^[[39m lists build scripts, but all build scripts have been disabled.
Build / Build	UNKNOWN STEP	2026-09-17T07:11:05.2247486Z ^[[93m➤^[[39m YN0004: │ ^[[38;5;173mesbuild^[[39m^[[38;5;111m@^[[39m^[[38;5;111mnpm:0.28.2^[[39m lists build scripts, but all build scripts have been disabled.
Build / Build	UNKNOWN STEP	2026-09-17T07:11:05.2248916Z ^[[93m➤^[[39m YN0004: │ ^[[38;5;173mpuppeteer^[[39m^[[38;5;111m@^[[39m^[[38;5;111mnpm:25.11.0^[[39m lists build scripts, but all build scripts have been disabled.
Build / Build	UNKNOWN STEP	2026-09-17T07:11:05.2250255Z ^[[93m➤^[[39m YN0004: │ ^[[38;5;173munrs-resolver^[[39m^[[38;5;111m@^[[39m^[[38;5;111mnpm:1.12.2^[[39m lists build scripts, but all build scripts have been disabled.
Build / Build	UNKNOWN STEP	2026-09-17T07:11:05.2251177Z ##[endgroup]
Build / Build	UNKNOWN STEP	2026-09-17T07:11:05.2259388Z ^[[94m➤^[[39m ^[[90mYN0000^[[39m: └ Completed in 6s 168ms
Build / Build	UNKNOWN STEP	2026-09-17T07:11:05.2762607Z Yarn plugin "prepare" running in "/home/runner/work/prettier/prettier".
Build / Build	UNKNOWN STEP	2026-09-17T07:11:07.2351025Z ^[[93m➤^[[39m YN0000: · Done with warnings in 13s 89ms
Build / Build	UNKNOWN STEP	2026-09-17T07:11:07.3021908Z ##[group]Run yarn build --clean
Build / Build	UNKNOWN STEP	2026-09-17T07:11:07.3022197Z ^[[36;1myarn build --clean^[[0m
Build / Build	UNKNOWN STEP	2026-09-17T07:11:07.3054190Z shell: /usr/bin/bash -e {0}
Build / Build	UNKNOWN STEP	2026-09-17T07:11:07.3054409Z ##[endgroup]
Build / Build	UNKNOWN STEP	2026-09-17T07:11:07.9480928Z [1/4] Building package 'prettier'
Build / Build	UNKNOWN STEP	2026-09-17T07:11:07.9486999Z Main
Build / Build	UNKNOWN STEP	2026-09-17T07:11:08.0556205Z ✘ [ERROR] The requested module 'get-east-asian-width' does not provide an export named 'isFullwidth' [plugin replace-module]
Build / Build	UNKNOWN STEP	2026-09-17T07:11:08.0556730Z 
Build / Build	UNKNOWN STEP	2026-09-17T07:11:08.0556887Z     src/index.js:20:22:
Build / Build	UNKNOWN STEP	2026-09-17T07:11:08.0557369Z       20 │ import * as core from "./main/core.js";
Build / Build	UNKNOWN STEP	2026-09-17T07:11:08.0557838Z          ╵                       ~~~~~~~~~~~~~~~~
Build / Build	UNKNOWN STEP	2026-09-17T07:11:08.0558208Z 
Build / Build	UNKNOWN STEP	2026-09-17T07:11:08.0558458Z   This error came from the "onLoad" callback registered here:
Build / Build	UNKNOWN STEP	2026-09-17T07:11:08.0558772Z 
Build / Build	UNKNOWN STEP	2026-09-17T07:11:08.0559071Z     node_modules/esbuild/lib/main.js:1426:20:
Build / Build	UNKNOWN STEP	2026-09-17T07:11:08.0559541Z       1426 │       let promise = setup({
Build / Build	UNKNOWN STEP	2026-09-17T07:11:08.0560047Z            ╵                     ^
Build / Build	UNKNOWN STEP	2026-09-17T07:11:08.0560248Z 
Build / Build	UNKNOWN STEP	2026-09-17T07:11:08.0560840Z     at setupOnLoadListener (file:///home/runner/work/prettier/prettier/scripts/build/esbuild-plugins/replace-module.js:143:9)
Build / Build	UNKNOWN STEP	2026-09-17T07:11:08.0561814Z     at setup (file:///home/runner/work/prettier/prettier/scripts/build/esbuild-plugins/replace-module.js:194:7)
Build / Build	UNKNOWN STEP	2026-09-17T07:11:08.0562402Z     at handlePlugins (/home/runner/work/prettier/prettier/node_modules/esbuild/lib/main.js:1426:21)
Build / Build	UNKNOWN STEP	2026-09-17T07:11:08.0562966Z     at buildOrContextImpl (/home/runner/work/prettier/prettier/node_modules/esbuild/lib/main.js:1139:5)
Build / Build	UNKNOWN STEP	2026-09-17T07:11:08.0563657Z     at Object.buildOrContext (/home/runner/work/prettier/prettier/node_modules/esbuild/lib/main.js:963:5)
Build / Build	UNKNOWN STEP	2026-09-17T07:11:08.0564186Z     at /home/runner/work/prettier/prettier/node_modules/esbuild/lib/main.js:2320:15
Build / Build	UNKNOWN STEP	2026-09-17T07:11:08.0564534Z     at new Promise (<anonymous>)
Build / Build	UNKNOWN STEP	2026-09-17T07:11:08.0564940Z     at Object.build (/home/runner/work/prettier/prettier/node_modules/esbuild/lib/main.js:2319:25)
Build / Build	UNKNOWN STEP	2026-09-17T07:11:08.0565466Z     at Object.build (/home/runner/work/prettier/prettier/node_modules/esbuild/lib/main.js:2170:51)
Build / Build	UNKNOWN STEP	2026-09-17T07:11:08.0565746Z 
Build / Build	UNKNOWN STEP	2026-09-17T07:11:08.2530616Z ✘ [ERROR] The requested module 'get-east-asian-width' does not provide an export named 'isFullwidth' [plugin replace-module]
Build / Build	UNKNOWN STEP	2026-09-17T07:11:08.2558384Z 
Build / Build	UNKNOWN STEP	2026-09-17T07:11:08.2562319Z     src/main/front-matter/index.js:3:58:
Build / Build	UNKNOWN STEP	2026-09-17T07:11:08.2570798Z       3 │ ...rt { isEmbedFrontMatter, printEmbedFrontMatter } from "./embed.js";
Build / Build	UNKNOWN STEP	2026-09-17T07:11:08.2571657Z         ╵                                                          ~~~~~~~~~~~~
Build / Build	UNKNOWN STEP	2026-09-17T07:11:08.2572056Z 
Build / Build	UNKNOWN STEP	2026-09-17T07:11:08.2572416Z   This error came from the "onLoad" callback registered here:
Build / Build	UNKNOWN STEP	2026-09-17T07:11:08.2572822Z 
Build / Build	UNKNOWN STEP	2026-09-17T07:11:08.2573086Z     node_modules/esbuild/lib/main.js:1426:20:
Build / Build	UNKNOWN STEP	2026-09-17T07:11:08.2573639Z       1426 │       let promise = setup({
Build / Build	UNKNOWN STEP	2026-09-17T07:11:08.2574198Z            ╵                     ^
Build / Build	UNKNOWN STEP	2026-09-17T07:11:08.2574500Z 
Build / Build	UNKNOWN STEP	2026-09-17T07:11:08.2575200Z     at setupOnLoadListener (file:///home/runner/work/prettier/prettier/scripts/build/esbuild-plugins/replace-module.js:143:9)
Build / Build	UNKNOWN STEP	2026-09-17T07:11:08.2576414Z     at setup (file:///home/runner/work/prettier/prettier/scripts/build/esbuild-plugins/replace-module.js:194:7)
Build / Build	UNKNOWN STEP	2026-09-17T07:11:08.2577466Z     at handlePlugins (/home/runner/work/prettier/prettier/node_modules/esbuild/lib/main.js:1426:21)
Build / Build	UNKNOWN STEP	2026-09-17T07:11:08.2578649Z     at buildOrContextImpl (/home/runner/work/prettier/prettier/node_modules/esbuild/lib/main.js:1139:5)
Build / Build	UNKNOWN STEP	2026-09-17T07:11:08.2579725Z     at Object.buildOrContext (/home/runner/work/prettier/prettier/node_modules/esbuild/lib/main.js:963:5)
Build / Build	UNKNOWN STEP	2026-09-17T07:11:08.2580713Z     at /home/runner/work/prettier/prettier/node_modules/esbuild/lib/main.js:2320:15
Build / Build	UNKNOWN STEP	2026-09-17T07:11:08.2581376Z     at new Promise (<anonymous>)
Build / Build	UNKNOWN STEP	2026-09-17T07:11:08.2582476Z     at Object.build (/home/runner/work/prettier/prettier/node_modules/esbuild/lib/main.js:2319:25)
Build / Build	UNKNOWN STEP	2026-09-17T07:11:08.2583471Z     at Object.build (/home/runner/work/prettier/prettier/node_modules/esbuild/lib/main.js:2170:51)
Build / Build	UNKNOWN STEP	2026-09-17T07:11:08.2584244Z 
Build / Build	UNKNOWN STEP	2026-09-17T07:11:08.4490218Z  index.mjs.....................   FAIL  
Build / Build	UNKNOWN STEP	2026-09-17T07:11:08.4490523Z 
Build / Build	UNKNOWN STEP	2026-09-17T07:11:08.4491774Z Error: Build failed with 3 errors:
Build / Build	UNKNOWN STEP	2026-09-17T07:11:08.4492833Z src/index.js:20:22: ERROR: [plugin: replace-module] The requested module 'get-east-asian-width' does not provide an export named 'isFullwidth'
Build / Build	UNKNOWN STEP	2026-09-17T07:11:08.4494290Z src/main/front-matter/index.js:3:58: ERROR: [plugin: replace-module] The requested module 'get-east-asian-width' does not provide an export named 'isFullwidth'
Build / Build	UNKNOWN STEP	2026-09-17T07:11:08.4495960Z /home/runner/work/prettier/prettier/node_modules/esbuild/lib/main.js:1602:32: ERROR: [plugin: shim-commonjs-objects] /home/runner/work/prettier/prettier/dist/prettier/index.mjs not exists
Build / Build	UNKNOWN STEP	2026-09-17T07:11:08.4497440Z     at failureErrorWithLog (/home/runner/work/prettier/prettier/node_modules/esbuild/lib/main.js:1752:15)
Build / Build	UNKNOWN STEP	2026-09-17T07:11:08.4498462Z     at /home/runner/work/prettier/prettier/node_modules/esbuild/lib/main.js:1211:25
Build / Build	UNKNOWN STEP	2026-09-17T07:11:08.4499421Z     at /home/runner/work/prettier/prettier/node_modules/esbuild/lib/main.js:1630:9
Build / Build	UNKNOWN STEP	2026-09-17T07:11:08.4500255Z     at process.processTicksAndRejections (node:internal/process/task_queues:103:5) {
Build / Build	UNKNOWN STEP	2026-09-17T07:11:08.4500808Z   errors: [Getter/Setter],
Build / Build	UNKNOWN STEP	2026-09-17T07:11:08.4501116Z   warnings: [Getter/Setter]
Build / Build	UNKNOWN STEP	2026-09-17T07:11:08.4501417Z }
Build / Build	UNKNOWN STEP	2026-09-17T07:11:08.4501815Z node:internal/modules/run_main:123
Build / Build	UNKNOWN STEP	2026-09-17T07:11:08.4502171Z     triggerUncaughtException(
Build / Build	UNKNOWN STEP	2026-09-17T07:11:08.4502492Z     ^
Build / Build	UNKNOWN STEP	2026-09-17T07:11:08.4502643Z 
Build / Build	UNKNOWN STEP	2026-09-17T07:11:08.4502831Z Error: Build failed with 3 errors:
Build / Build	UNKNOWN STEP	2026-09-17T07:11:08.4503765Z src/index.js:20:22: ERROR: [plugin: replace-module] The requested module 'get-east-asian-width' does not provide an export named 'isFullwidth'
Build / Build	UNKNOWN STEP	2026-09-17T07:11:08.4505218Z src/main/front-matter/index.js:3:58: ERROR: [plugin: replace-module] The requested module 'get-east-asian-width' does not provide an export named 'isFullwidth'
Build / Build	UNKNOWN STEP	2026-09-17T07:11:08.4506926Z /home/runner/work/prettier/prettier/node_modules/esbuild/lib/main.js:1602:32: ERROR: [plugin: shim-commonjs-objects] /home/runner/work/prettier/prettier/dist/prettier/index.mjs not exists
Build / Build	UNKNOWN STEP	2026-09-17T07:11:08.4508363Z     at failureErrorWithLog (/home/runner/work/prettier/prettier/node_modules/esbuild/lib/main.js:1752:15)
Build / Build	UNKNOWN STEP	2026-09-17T07:11:08.4509231Z     at /home/runner/work/prettier/prettier/node_modules/esbuild/lib/main.js:1211:25
Build / Build	UNKNOWN STEP	2026-09-17T07:11:08.4509956Z     at /home/runner/work/prettier/prettier/node_modules/esbuild/lib/main.js:1630:9
Build / Build	UNKNOWN STEP	2026-09-17T07:11:08.4510723Z     at process.processTicksAndRejections (node:internal/process/task_queues:103:5) {
Build / Build	UNKNOWN STEP	2026-09-17T07:11:08.4511264Z   errors: [Getter/Setter],
Build / Build	UNKNOWN STEP	2026-09-17T07:11:08.4511565Z   warnings: [Getter/Setter]
Build / Build	UNKNOWN STEP	2026-09-17T07:11:08.4511845Z }
Build / Build	UNKNOWN STEP	2026-09-17T07:11:08.4511972Z 
Build / Build	UNKNOWN STEP	2026-09-17T07:11:08.4512090Z Node.js v22.23.2
Build / Build	UNKNOWN STEP	2026-09-17T07:11:08.5257048Z ##[error]Process completed with exit code 1.
Build / Build	UNKNOWN STEP	2026-09-17T07:11:08.5377269Z Post job cleanup.
Build / Build	UNKNOWN STEP	2026-09-17T07:11:08.6057649Z [command]/usr/bin/git version
Build / Build	UNKNOWN STEP	2026-09-17T07:11:08.6087557Z git version 2.55.0
Build / Build	UNKNOWN STEP	2026-09-17T07:11:08.6116082Z Temporarily overriding HOME='/home/runner/work/_temp/65a78903-c53e-42a3-86a7-ea4a1587dcea' before making global git config changes
Build / Build	UNKNOWN STEP	2026-09-17T07:11:08.6117051Z Adding repository directory to the temporary git global config as a safe directory
Build / Build	UNKNOWN STEP	2026-09-17T07:11:08.6120010Z [command]/usr/bin/git config --global --add safe.directory /home/runner/work/prettier/prettier
Build / Build	UNKNOWN STEP	2026-09-17T07:11:08.6144559Z Removing SSH command configuration
Build / Build	UNKNOWN STEP	2026-09-17T07:11:08.6149494Z [command]/usr/bin/git config --local --name-only --get-regexp core\.sshCommand
Build / Build	UNKNOWN STEP	2026-09-17T07:11:08.6176175Z [command]/usr/bin/git submodule foreach --recursive sh -c "git config --local --name-only --get-regexp 'core\.sshCommand' && git config --local --unset-all 'core.sshCommand' || :"
Build / Build	UNKNOWN STEP	2026-09-17T07:11:08.6376080Z Removing HTTP extra header
Build / Build	UNKNOWN STEP	2026-09-17T07:11:08.6399742Z [command]/usr/bin/git config --local --name-only --get-regexp http\.https\:\/\/github\.com\/\.extraheader
Build / Build	UNKNOWN STEP	2026-09-17T07:11:08.6411109Z [command]/usr/bin/git submodule foreach --recursive sh -c "git config --local --name-only --get-regexp 'http\.https\:\/\/github\.com\/\.extraheader' && git config --local --unset-all 'http.https://github.com/.extraheader' || :"
Build / Build	UNKNOWN STEP	2026-09-17T07:11:08.6609193Z Removing includeIf entries pointing to credentials config files
Build / Build	UNKNOWN STEP	2026-09-17T07:11:08.6614633Z [command]/usr/bin/git config --local --name-only --get-regexp ^includeIf\.gitdir:
Build / Build	UNKNOWN STEP	2026-09-17T07:11:08.6637892Z includeif.gitdir:/home/runner/work/prettier/prettier/.git.path
Build / Build	UNKNOWN STEP	2026-09-17T07:11:08.6638954Z includeif.gitdir:/home/runner/work/prettier/prettier/.git/worktrees/*.path
Build / Build	UNKNOWN STEP	2026-09-17T07:11:08.6639613Z includeif.gitdir:/github/workspace/.git.path
Build / Build	UNKNOWN STEP	2026-09-17T07:11:08.6640173Z includeif.gitdir:/github/workspace/.git/worktrees/*.path
Build / Build	UNKNOWN STEP	2026-09-17T07:11:08.6645166Z [command]/usr/bin/git config --local --get-all includeif.gitdir:/home/runner/work/prettier/prettier/.git.path
Build / Build	UNKNOWN STEP	2026-09-17T07:11:08.6662937Z /home/runner/work/_temp/git-credentials-df9769fb-3a81-416a-becd-07377fba91fe.config
Build / Build	UNKNOWN STEP	2026-09-17T07:11:08.6671711Z [command]/usr/bin/git config --local --unset includeif.gitdir:/home/runner/work/prettier/prettier/.git.path \/home\/runner\/work\/_temp\/git\-credentials\-df9769fb\-3a81\-416a\-becd\-07377fba91fe\.config
Build / Build	UNKNOWN STEP	2026-09-17T07:11:08.6698508Z [command]/usr/bin/git config --local --get-all includeif.gitdir:/home/runner/work/prettier/prettier/.git/worktrees/*.path
Build / Build	UNKNOWN STEP	2026-09-17T07:11:08.6718003Z /home/runner/work/_temp/git-credentials-df9769fb-3a81-416a-becd-07377fba91fe.config
Build / Build	UNKNOWN STEP	2026-09-17T07:11:08.6724528Z [command]/usr/bin/git config --local --unset includeif.gitdir:/home/runner/work/prettier/prettier/.git/worktrees/*.path \/home\/runner\/work\/_temp\/git\-credentials\-df9769fb\-3a81\-416a\-becd\-07377fba91fe\.config
Build / Build	UNKNOWN STEP	2026-09-17T07:11:08.6748328Z [command]/usr/bin/git config --local --get-all includeif.gitdir:/github/workspace/.git.path
Build / Build	UNKNOWN STEP	2026-09-17T07:11:08.6765793Z /github/runner_temp/git-credentials-df9769fb-3a81-416a-becd-07377fba91fe.config
Build / Build	UNKNOWN STEP	2026-09-17T07:11:08.6771469Z [command]/usr/bin/git config --local --unset includeif.gitdir:/github/workspace/.git.path \/github\/runner_temp\/git\-credentials\-df9769fb\-3a81\-416a\-becd\-07377fba91fe\.config
Build / Build	UNKNOWN STEP	2026-09-17T07:11:08.6796829Z [command]/usr/bin/git config --local --get-all includeif.gitdir:/github/workspace/.git/worktrees/*.path
Build / Build	UNKNOWN STEP	2026-09-17T07:11:08.6813791Z /github/runner_temp/git-credentials-df9769fb-3a81-416a-becd-07377fba91fe.config
Build / Build	UNKNOWN STEP	2026-09-17T07:11:08.6820471Z [command]/usr/bin/git config --local --unset includeif.gitdir:/github/workspace/.git/worktrees/*.path \/github\/runner_temp\/git\-credentials\-df9769fb\-3a81\-416a\-becd\-07377fba91fe\.config
Build / Build	UNKNOWN STEP	2026-09-17T07:11:08.6846518Z [command]/usr/bin/git submodule foreach --recursive git config --local --show-origin --name-only --get-regexp remote.origin.url
Build / Build	UNKNOWN STEP	2026-09-17T07:11:08.7038441Z Removing credentials config '/home/runner/work/_temp/git-credentials-df9769fb-3a81-416a-becd-07377fba91fe.config'
Build / Build	UNKNOWN STEP	2026-09-17T07:11:08.7159624Z Cleaning up orphan processes
