lint	UNKNOWN STEP	2026-08-06T04:36:29.0278689Z   git switch -c <new-branch-name>
lint	UNKNOWN STEP	2026-08-06T04:36:29.0279670Z 
lint	UNKNOWN STEP	2026-08-06T04:36:29.0280196Z Or undo this operation with:
lint	UNKNOWN STEP	2026-08-06T04:36:29.0281076Z 
lint	UNKNOWN STEP	2026-08-06T04:36:29.0281645Z   git switch -
lint	UNKNOWN STEP	2026-08-06T04:36:29.0282998Z 
lint	UNKNOWN STEP	2026-08-06T04:36:29.0284109Z Turn off this advice by setting config variable advice.detachedHead to false
lint	UNKNOWN STEP	2026-08-06T04:36:29.0285424Z 
lint	UNKNOWN STEP	2026-08-06T04:36:29.0286774Z HEAD is now at 58be831 Merge 2a2ded82f618c77e2859c727f5016775c374d870 into 928f50354512b3857ca07c1085076286035e4a56
lint	UNKNOWN STEP	2026-08-06T04:36:29.0292268Z ##[endgroup]
lint	UNKNOWN STEP	2026-08-06T04:36:29.0318324Z [command]/usr/bin/git log -1 --format=%H
lint	UNKNOWN STEP	2026-08-06T04:36:29.0344265Z 58be83141ed56d93a127d535c9139cd0b8ae6b1c
lint	UNKNOWN STEP	2026-08-06T04:36:29.0356047Z ##[group]Removing auth
lint	UNKNOWN STEP	2026-08-06T04:36:29.0357552Z Removing SSH command configuration
lint	UNKNOWN STEP	2026-08-06T04:36:29.0361423Z [command]/usr/bin/git config --local --name-only --get-regexp core\.sshCommand
lint	UNKNOWN STEP	2026-08-06T04:36:29.0396604Z [command]/usr/bin/git submodule foreach --recursive sh -c "git config --local --name-only --get-regexp 'core\.sshCommand' && git config --local --unset-all 'core.sshCommand' || :"
lint	UNKNOWN STEP	2026-08-06T04:36:29.0618304Z Removing HTTP extra header
lint	UNKNOWN STEP	2026-08-06T04:36:29.0622899Z [command]/usr/bin/git config --local --name-only --get-regexp http\.https\:\/\/github\.com\/\.extraheader
lint	UNKNOWN STEP	2026-08-06T04:36:29.0659822Z [command]/usr/bin/git submodule foreach --recursive sh -c "git config --local --name-only --get-regexp 'http\.https\:\/\/github\.com\/\.extraheader' && git config --local --unset-all 'http.https://github.com/.extraheader' || :"
lint	UNKNOWN STEP	2026-08-06T04:36:29.0888090Z Removing includeIf entries pointing to credentials config files
lint	UNKNOWN STEP	2026-08-06T04:36:29.0891814Z [command]/usr/bin/git config --local --name-only --get-regexp ^includeIf\.gitdir:
lint	UNKNOWN STEP	2026-08-06T04:36:29.0918970Z includeif.gitdir:/home/runner/work/black/black/.git.path
lint	UNKNOWN STEP	2026-08-06T04:36:29.0921308Z includeif.gitdir:/home/runner/work/black/black/.git/worktrees/*.path
lint	UNKNOWN STEP	2026-08-06T04:36:29.0924111Z includeif.gitdir:/github/workspace/.git.path
lint	UNKNOWN STEP	2026-08-06T04:36:29.0925749Z includeif.gitdir:/github/workspace/.git/worktrees/*.path
lint	UNKNOWN STEP	2026-08-06T04:36:29.0929882Z [command]/usr/bin/git config --local --get-all includeif.gitdir:/home/runner/work/black/black/.git.path
lint	UNKNOWN STEP	2026-08-06T04:36:29.0951709Z /home/runner/work/_temp/git-credentials-ce9a942d-9e03-48ca-97f7-7a6d8b969116.config
lint	UNKNOWN STEP	2026-08-06T04:36:29.0965448Z [command]/usr/bin/git config --local --unset includeif.gitdir:/home/runner/work/black/black/.git.path \/home\/runner\/work\/_temp\/git\-credentials\-ce9a942d\-9e03\-48ca\-97f7\-7a6d8b969116\.config
lint	UNKNOWN STEP	2026-08-06T04:36:29.0999338Z [command]/usr/bin/git config --local --get-all includeif.gitdir:/home/runner/work/black/black/.git/worktrees/*.path
lint	UNKNOWN STEP	2026-08-06T04:36:29.1023313Z /home/runner/work/_temp/git-credentials-ce9a942d-9e03-48ca-97f7-7a6d8b969116.config
lint	UNKNOWN STEP	2026-08-06T04:36:29.1033350Z [command]/usr/bin/git config --local --unset includeif.gitdir:/home/runner/work/black/black/.git/worktrees/*.path \/home\/runner\/work\/_temp\/git\-credentials\-ce9a942d\-9e03\-48ca\-97f7\-7a6d8b969116\.config
lint	UNKNOWN STEP	2026-08-06T04:36:29.1062587Z [command]/usr/bin/git config --local --get-all includeif.gitdir:/github/workspace/.git.path
lint	UNKNOWN STEP	2026-08-06T04:36:29.1083744Z /github/runner_temp/git-credentials-ce9a942d-9e03-48ca-97f7-7a6d8b969116.config
lint	UNKNOWN STEP	2026-08-06T04:36:29.1094508Z [command]/usr/bin/git config --local --unset includeif.gitdir:/github/workspace/.git.path \/github\/runner_temp\/git\-credentials\-ce9a942d\-9e03\-48ca\-97f7\-7a6d8b969116\.config
lint	UNKNOWN STEP	2026-08-06T04:36:29.1134564Z [command]/usr/bin/git config --local --get-all includeif.gitdir:/github/workspace/.git/worktrees/*.path
lint	UNKNOWN STEP	2026-08-06T04:36:29.1194090Z /github/runner_temp/git-credentials-ce9a942d-9e03-48ca-97f7-7a6d8b969116.config
lint	UNKNOWN STEP	2026-08-06T04:36:29.1237168Z [command]/usr/bin/git config --local --unset includeif.gitdir:/github/workspace/.git/worktrees/*.path \/github\/runner_temp\/git\-credentials\-ce9a942d\-9e03\-48ca\-97f7\-7a6d8b969116\.config
lint	UNKNOWN STEP	2026-08-06T04:36:29.1244141Z [command]/usr/bin/git submodule foreach --recursive git config --local --show-origin --name-only --get-regexp remote.origin.url
lint	UNKNOWN STEP	2026-08-06T04:36:29.1463792Z Removing credentials config '/home/runner/work/_temp/git-credentials-ce9a942d-9e03-48ca-97f7-7a6d8b969116.config'
lint	UNKNOWN STEP	2026-08-06T04:36:29.1470709Z ##[endgroup]
lint	UNKNOWN STEP	2026-08-06T04:36:29.1728506Z ##[group]Run if [ "$GITHUB_BASE_REF" != "main" ]; then
lint	UNKNOWN STEP	2026-08-06T04:36:29.1730010Z ^[[36;1mif [ "$GITHUB_BASE_REF" != "main" ]; then^[[0m
lint	UNKNOWN STEP	2026-08-06T04:36:29.1732326Z ^[[36;1m    echo "::error::PR targeting '$GITHUB_BASE_REF', please refile targeting 'main'." && exit 1^[[0m
lint	UNKNOWN STEP	2026-08-06T04:36:29.1734408Z ^[[36;1mfi^[[0m
lint	UNKNOWN STEP	2026-08-06T04:36:29.1785023Z shell: /usr/bin/bash -e {0}
lint	UNKNOWN STEP	2026-08-06T04:36:29.1786013Z env:
lint	UNKNOWN STEP	2026-08-06T04:36:29.1786792Z   PIP_UPLOADED_PRIOR_TO: P2D
lint	UNKNOWN STEP	2026-08-06T04:36:29.1787755Z ##[endgroup]
lint	UNKNOWN STEP	2026-08-06T04:36:29.2067235Z ##[group]Run actions/setup-python@5fda3b95a4ea91299a34e894583c3862153e4b97
lint	UNKNOWN STEP	2026-08-06T04:36:29.2068783Z with:
lint	UNKNOWN STEP	2026-08-06T04:36:29.2069539Z   python-version: 3.15
lint	UNKNOWN STEP	2026-08-06T04:36:29.2070445Z   allow-prereleases: true
lint	UNKNOWN STEP	2026-08-06T04:36:29.2071381Z   check-latest: false
lint	UNKNOWN STEP	2026-08-06T04:36:29.2082617Z   token: ***
lint	UNKNOWN STEP	2026-08-06T04:36:29.2083648Z   update-environment: true
lint	UNKNOWN STEP	2026-08-06T04:36:29.2084593Z   freethreaded: false
lint	UNKNOWN STEP	2026-08-06T04:36:29.2085428Z env:
lint	UNKNOWN STEP	2026-08-06T04:36:29.2086185Z   PIP_UPLOADED_PRIOR_TO: P2D
lint	UNKNOWN STEP	2026-08-06T04:36:29.2087129Z ##[endgroup]
lint	UNKNOWN STEP	2026-08-06T04:36:29.3526210Z ##[group]Installed versions
lint	UNKNOWN STEP	2026-08-06T04:36:29.4649801Z Version ~3.15.0-0 was not found in the local cache
lint	UNKNOWN STEP	2026-08-06T04:36:29.9965859Z Version ~3.15.0-0 is available for downloading
lint	UNKNOWN STEP	2026-08-06T04:36:29.9970064Z Download from "https://github.com/actions/python-versions/releases/download/3.15.0-rc.1-30966273682/python-3.15.0-rc.1-linux-24.04-x64.tar.gz"
lint	UNKNOWN STEP	2026-08-06T04:36:30.7355282Z Extract downloaded archive
lint	UNKNOWN STEP	2026-08-06T04:36:30.7483316Z [command]/usr/bin/tar xz --warning=no-unknown-keyword --overwrite -C /home/runner/work/_temp/6c2552c3-cd24-4f0b-bf82-d4edfe4270dd -f /home/runner/work/_temp/733084dc-7cf2-46be-bcf5-cf1148f9adb3
lint	UNKNOWN STEP	2026-08-06T04:36:33.1847427Z Execute installation script
lint	UNKNOWN STEP	2026-08-06T04:36:33.1945742Z Check if Python hostedtoolcache folder exist...
lint	UNKNOWN STEP	2026-08-06T04:36:33.1946430Z Create Python 3.15.0-rc.1 folder
lint	UNKNOWN STEP	2026-08-06T04:36:33.1958666Z Copy Python binaries to hostedtoolcache folder
lint	UNKNOWN STEP	2026-08-06T04:36:33.9513148Z Create additional symlinks (Required for the UsePythonVersion Azure Pipelines task and the setup-python GitHub Action)
lint	UNKNOWN STEP	2026-08-06T04:36:33.9553888Z Upgrading pip...
lint	UNKNOWN STEP	2026-08-06T04:36:36.6223663Z Collecting pip
lint	UNKNOWN STEP	2026-08-06T04:36:36.6741830Z Downloading pip-26.2-py3-none-any.whl.metadata (4.6 kB)
lint	UNKNOWN STEP	2026-08-06T04:36:36.7217372Z Downloading pip-26.2-py3-none-any.whl (1.8 MB)
lint	UNKNOWN STEP	2026-08-06T04:36:36.7625354Z ━━━━━━━━━━━━━━━━━━━━━━━━━━━━━━━━━━━━━━━━ 1.8/1.8 MB 113.1 MB/s  0:00:00
lint	UNKNOWN STEP	2026-08-06T04:36:36.7625768Z 
lint	UNKNOWN STEP	2026-08-06T04:36:36.9191289Z Installing collected packages: pip
lint	UNKNOWN STEP	2026-08-06T04:36:36.9192515Z Attempting uninstall: pip
lint	UNKNOWN STEP	2026-08-06T04:36:36.9228343Z Found existing installation: pip 26.2
lint	UNKNOWN STEP	2026-08-06T04:36:36.9544606Z Uninstalling pip-26.2:
lint	UNKNOWN STEP	2026-08-06T04:36:36.9600477Z Successfully uninstalled pip-26.2
lint	UNKNOWN STEP	2026-08-06T04:36:38.0529362Z Successfully installed pip-26.2
lint	UNKNOWN STEP	2026-08-06T04:36:38.1253292Z Create complete file
lint	UNKNOWN STEP	2026-08-06T04:36:38.1284495Z Successfully set up CPython (3.15.0-rc.1)
lint	UNKNOWN STEP	2026-08-06T04:36:38.1285414Z ##[endgroup]
lint	UNKNOWN STEP	2026-08-06T04:36:38.1451490Z ##[group]Run python -m pip install -e . --group tox
lint	UNKNOWN STEP	2026-08-06T04:36:38.1452233Z ^[[36;1mpython -m pip install -e . --group tox^[[0m
lint	UNKNOWN STEP	2026-08-06T04:36:38.1498421Z shell: /usr/bin/bash -e {0}
lint	UNKNOWN STEP	2026-08-06T04:36:38.1498685Z env:
lint	UNKNOWN STEP	2026-08-06T04:36:38.1498905Z   PIP_UPLOADED_PRIOR_TO: P2D
lint	UNKNOWN STEP	2026-08-06T04:36:38.1499252Z   pythonLocation: /opt/hostedtoolcache/Python/3.15.0-rc.1/x64
lint	UNKNOWN STEP	2026-08-06T04:36:38.1499748Z   PKG_CONFIG_PATH: /opt/hostedtoolcache/Python/3.15.0-rc.1/x64/lib/pkgconfig
lint	UNKNOWN STEP	2026-08-06T04:36:38.1500247Z   Python_ROOT_DIR: /opt/hostedtoolcache/Python/3.15.0-rc.1/x64
lint	UNKNOWN STEP	2026-08-06T04:36:38.1500667Z   Python2_ROOT_DIR: /opt/hostedtoolcache/Python/3.15.0-rc.1/x64
lint	UNKNOWN STEP	2026-08-06T04:36:38.1501096Z   Python3_ROOT_DIR: /opt/hostedtoolcache/Python/3.15.0-rc.1/x64
lint	UNKNOWN STEP	2026-08-06T04:36:38.1501501Z   LD_LIBRARY_PATH: /opt/hostedtoolcache/Python/3.15.0-rc.1/x64/lib
lint	UNKNOWN STEP	2026-08-06T04:36:38.1501834Z ##[endgroup]
lint	UNKNOWN STEP	2026-08-06T04:36:38.9950393Z Obtaining file:///home/runner/work/black/black
lint	UNKNOWN STEP	2026-08-06T04:36:38.9983177Z   Installing build dependencies: started
lint	UNKNOWN STEP	2026-08-06T04:36:40.5513039Z   Installing build dependencies: finished with status 'done'
lint	UNKNOWN STEP	2026-08-06T04:36:40.5519843Z   Checking if build backend supports build_editable: started
lint	UNKNOWN STEP	2026-08-06T04:36:40.6046800Z   Checking if build backend supports build_editable: finished with status 'done'
lint	UNKNOWN STEP	2026-08-06T04:36:40.6054717Z   Getting requirements to build editable: started
lint	UNKNOWN STEP	2026-08-06T04:36:40.8249500Z   Getting requirements to build editable: finished with status 'done'
lint	UNKNOWN STEP	2026-08-06T04:36:40.8262023Z   Installing backend dependencies: started
lint	UNKNOWN STEP	2026-08-06T04:36:41.8488646Z   Installing backend dependencies: finished with status 'done'
lint	UNKNOWN STEP	2026-08-06T04:36:41.8496071Z   Preparing editable metadata (pyproject.toml): started
lint	UNKNOWN STEP	2026-08-06T04:36:42.1896125Z   Preparing editable metadata (pyproject.toml): finished with status 'done'
lint	UNKNOWN STEP	2026-08-06T04:36:42.3009411Z Collecting tox>=4.22
lint	UNKNOWN STEP	2026-08-06T04:36:42.3480320Z   Downloading tox-4.58.0-py3-none-any.whl.metadata (3.8 kB)
lint	UNKNOWN STEP	2026-08-06T04:36:42.3662013Z Collecting click>=8.0.0 (from black==0.1.dev1+g58be83141)
lint	UNKNOWN STEP	2026-08-06T04:36:42.3698735Z   Downloading click-8.4.2-py3-none-any.whl.metadata (2.6 kB)
lint	UNKNOWN STEP	2026-08-06T04:36:42.3801369Z Collecting mypy-extensions>=0.4.3 (from black==0.1.dev1+g58be83141)
lint	UNKNOWN STEP	2026-08-06T04:36:42.3834489Z   Downloading mypy_extensions-1.1.0-py3-none-any.whl.metadata (1.1 kB)
lint	UNKNOWN STEP	2026-08-06T04:36:42.3965554Z Collecting packaging>=22.0 (from black==0.1.dev1+g58be83141)
lint	UNKNOWN STEP	2026-08-06T04:36:42.3977923Z   Using cached packaging-26.2-py3-none-any.whl.metadata (3.5 kB)
lint	UNKNOWN STEP	2026-08-06T04:36:42.4036712Z Collecting pathspec>=1.0.0 (from black==0.1.dev1+g58be83141)
lint	UNKNOWN STEP	2026-08-06T04:36:42.4048396Z   Using cached pathspec-1.1.1-py3-none-any.whl.metadata (14 kB)
lint	UNKNOWN STEP	2026-08-06T04:36:42.4216398Z Collecting platformdirs>=2 (from black==0.1.dev1+g58be83141)
lint	UNKNOWN STEP	2026-08-06T04:36:42.4251323Z   Downloading platformdirs-4.11.0-py3-none-any.whl.metadata (5.5 kB)
lint	UNKNOWN STEP	2026-08-06T04:36:42.4405347Z Collecting pytokens~=0.4.0 (from black==0.1.dev1+g58be83141)
lint	UNKNOWN STEP	2026-08-06T04:36:42.4461701Z   Downloading pytokens-0.4.1-py3-none-any.whl.metadata (3.8 kB)
lint	UNKNOWN STEP	2026-08-06T04:36:42.4640027Z Collecting cachetools>=7.0.3 (from tox>=4.22)
lint	UNKNOWN STEP	2026-08-06T04:36:42.4673850Z   Downloading cachetools-7.1.7-py3-none-any.whl.metadata (5.5 kB)
lint	UNKNOWN STEP	2026-08-06T04:36:42.4802636Z Collecting colorama>=0.4.6 (from tox>=4.22)
lint	UNKNOWN STEP	2026-08-06T04:36:42.4839399Z   Downloading colorama-0.4.6-py2.py3-none-any.whl.metadata (17 kB)
lint	UNKNOWN STEP	2026-08-06T04:36:42.5039375Z Collecting filelock>=3.25 (from tox>=4.22)
lint	UNKNOWN STEP	2026-08-06T04:36:42.5073301Z   Downloading filelock-3.32.2-py3-none-any.whl.metadata (2.0 kB)
lint	UNKNOWN STEP	2026-08-06T04:36:42.5160253Z Collecting pluggy>=1.6 (from tox>=4.22)
lint	UNKNOWN STEP	2026-08-06T04:36:42.5172283Z   Using cached pluggy-1.6.0-py3-none-any.whl.metadata (4.8 kB)
lint	UNKNOWN STEP	2026-08-06T04:36:42.5291114Z Collecting pyproject-api>=1.10 (from tox>=4.22)
lint	UNKNOWN STEP	2026-08-06T04:36:42.5339689Z   Downloading pyproject_api-1.11.0-py3-none-any.whl.metadata (2.3 kB)
lint	UNKNOWN STEP	2026-08-06T04:36:42.5458508Z Collecting python-discovery>=1.4.4 (from tox>=4.22)
lint	UNKNOWN STEP	2026-08-06T04:36:42.5492954Z   Downloading python_discovery-1.5.1-py3-none-any.whl.metadata (5.0 kB)
lint	UNKNOWN STEP	2026-08-06T04:36:42.5597961Z Collecting tomli-w>=1.2 (from tox>=4.22)
lint	UNKNOWN STEP	2026-08-06T04:36:42.5633877Z   Downloading tomli_w-1.2.0-py3-none-any.whl.metadata (5.7 kB)
lint	UNKNOWN STEP	2026-08-06T04:36:42.5947794Z Collecting virtualenv>=21.1 (from tox>=4.22)
lint	UNKNOWN STEP	2026-08-06T04:36:42.5981840Z   Downloading virtualenv-21.7.1-py3-none-any.whl.metadata (3.5 kB)
lint	UNKNOWN STEP	2026-08-06T04:36:42.6165616Z Collecting distlib<1,>=0.3.7 (from virtualenv>=21.1->tox>=4.22)
lint	UNKNOWN STEP	2026-08-06T04:36:42.6202241Z   Downloading distlib-0.4.3-py2.py3-none-any.whl.metadata (5.3 kB)
lint	UNKNOWN STEP	2026-08-06T04:36:42.6330491Z Downloading pytokens-0.4.1-py3-none-any.whl (13 kB)
lint	UNKNOWN STEP	2026-08-06T04:36:42.6383824Z Downloading tox-4.58.0-py3-none-any.whl (223 kB)
lint	UNKNOWN STEP	2026-08-06T04:36:42.6505519Z Downloading cachetools-7.1.7-py3-none-any.whl (16 kB)
lint	UNKNOWN STEP	2026-08-06T04:36:42.6558793Z Downloading click-8.4.2-py3-none-any.whl (119 kB)
lint	UNKNOWN STEP	2026-08-06T04:36:42.6617434Z Downloading colorama-0.4.6-py2.py3-none-any.whl (25 kB)
lint	UNKNOWN STEP	2026-08-06T04:36:42.6672130Z Downloading filelock-3.32.2-py3-none-any.whl (98 kB)
lint	UNKNOWN STEP	2026-08-06T04:36:42.6727762Z Downloading mypy_extensions-1.1.0-py3-none-any.whl (5.0 kB)
lint	UNKNOWN STEP	2026-08-06T04:36:42.6756448Z Using cached packaging-26.2-py3-none-any.whl (100 kB)
lint	UNKNOWN STEP	2026-08-06T04:36:42.6768249Z Using cached pathspec-1.1.1-py3-none-any.whl (57 kB)
lint	UNKNOWN STEP	2026-08-06T04:36:42.6805001Z Downloading platformdirs-4.11.0-py3-none-any.whl (23 kB)
lint	UNKNOWN STEP	2026-08-06T04:36:42.6835295Z Using cached pluggy-1.6.0-py3-none-any.whl (20 kB)
lint	UNKNOWN STEP	2026-08-06T04:36:42.6869406Z Downloading pyproject_api-1.11.0-py3-none-any.whl (13 kB)
lint	UNKNOWN STEP	2026-08-06T04:36:42.6927309Z Downloading python_discovery-1.5.1-py3-none-any.whl (35 kB)
lint	UNKNOWN STEP	2026-08-06T04:36:42.6981576Z Downloading tomli_w-1.2.0-py3-none-any.whl (6.7 kB)
lint	UNKNOWN STEP	2026-08-06T04:36:42.7035564Z Downloading virtualenv-21.7.1-py3-none-any.whl (5.5 MB)
lint	UNKNOWN STEP	2026-08-06T04:36:42.7428971Z    ━━━━━━━━━━━━━━━━━━━━━━━━━━━━━━━━━━━━━━━━ 5.5/5.5 MB 150.5 MB/s  0:00:00
lint	UNKNOWN STEP	2026-08-06T04:36:42.7468654Z Downloading distlib-0.4.3-py2.py3-none-any.whl (470 kB)
lint	UNKNOWN STEP	2026-08-06T04:36:42.7874660Z Building wheels for collected packages: black
lint	UNKNOWN STEP	2026-08-06T04:36:42.7882518Z   Building editable for black (pyproject.toml): started
lint	UNKNOWN STEP	2026-08-06T04:36:42.8354543Z   Building editable for black (pyproject.toml): finished with status 'done'
lint	UNKNOWN STEP	2026-08-06T04:36:42.8361103Z   Created wheel for black: filename=black-0.1.dev1+g58be83141-py3-none-any.whl size=37465 sha256=6ac748d99b6a1d73fb2c654ada98177451da92026d9072241ca337eca49d83ec
lint	UNKNOWN STEP	2026-08-06T04:36:42.8362739Z   Stored in directory: /tmp/pip-ephem-wheel-cache-bat_sqfz/wheels/de/44/e1/a42a87661b8a1da986828ebcb6ce4d65fb0521e84dc74a5490
lint	UNKNOWN STEP	2026-08-06T04:36:42.8441094Z Successfully built black
lint	UNKNOWN STEP	2026-08-06T04:36:42.8829454Z Installing collected packages: distlib, tomli-w, pytokens, pluggy, platformdirs, pathspec, packaging, mypy-extensions, filelock, colorama, click, cachetools, python-discovery, pyproject-api, black, virtualenv, tox
lint	UNKNOWN STEP	2026-08-06T04:36:43.8071266Z 
lint	UNKNOWN STEP	2026-08-06T04:36:43.8091112Z Successfully installed black-0.1.dev1+g58be83141 cachetools-7.1.7 click-8.4.2 colorama-0.4.6 distlib-0.4.3 filelock-3.32.2 mypy-extensions-1.1.0 packaging-26.2 pathspec-1.1.1 platformdirs-4.11.0 pluggy-1.6.0 pyproject-api-1.11.0 python-discovery-1.5.1 pytokens-0.4.1 tomli-w-1.2.0 tox-4.58.0 virtualenv-21.7.1
lint	UNKNOWN STEP	2026-08-06T04:36:43.8100142Z 
lint	UNKNOWN STEP	2026-08-06T04:36:43.8100561Z [notice] A new release of pip is available: 26.2 -> 26.2.1
lint	UNKNOWN STEP	2026-08-06T04:36:43.8101023Z [notice] To update, run: pip install --upgrade pip
lint	UNKNOWN STEP	2026-08-06T04:36:43.9311192Z ##[group]Run pre-commit/action@2c7b3805fd2a0fd8c1884dcaebf91fc102a13ecd
lint	UNKNOWN STEP	2026-08-06T04:36:43.9311609Z with:
lint	UNKNOWN STEP	2026-08-06T04:36:43.9311830Z   extra_args: --all-files
lint	UNKNOWN STEP	2026-08-06T04:36:43.9312269Z env:
lint	UNKNOWN STEP	2026-08-06T04:36:43.9312469Z   PIP_UPLOADED_PRIOR_TO: P2D
lint	UNKNOWN STEP	2026-08-06T04:36:43.9312790Z   pythonLocation: /opt/hostedtoolcache/Python/3.15.0-rc.1/x64
lint	UNKNOWN STEP	2026-08-06T04:36:43.9313239Z   PKG_CONFIG_PATH: /opt/hostedtoolcache/Python/3.15.0-rc.1/x64/lib/pkgconfig
lint	UNKNOWN STEP	2026-08-06T04:36:43.9313697Z   Python_ROOT_DIR: /opt/hostedtoolcache/Python/3.15.0-rc.1/x64
lint	UNKNOWN STEP	2026-08-06T04:36:43.9314091Z   Python2_ROOT_DIR: /opt/hostedtoolcache/Python/3.15.0-rc.1/x64
lint	UNKNOWN STEP	2026-08-06T04:36:43.9314499Z   Python3_ROOT_DIR: /opt/hostedtoolcache/Python/3.15.0-rc.1/x64
lint	UNKNOWN STEP	2026-08-06T04:36:43.9314892Z   LD_LIBRARY_PATH: /opt/hostedtoolcache/Python/3.15.0-rc.1/x64/lib
lint	UNKNOWN STEP	2026-08-06T04:36:43.9315236Z ##[endgroup]
lint	UNKNOWN STEP	2026-08-06T04:36:43.9404280Z ##[start-action display=Run python -m pip install pre-commit;id=__pre-commit_action.__run]
lint	UNKNOWN STEP	2026-08-06T04:36:43.9429127Z ##[group]Run python -m pip install pre-commit
lint	UNKNOWN STEP	2026-08-06T04:36:43.9429475Z ^[[36;1mpython -m pip install pre-commit^[[0m
lint	UNKNOWN STEP	2026-08-06T04:36:43.9474496Z shell: /usr/bin/bash --noprofile --norc -e -o pipefail {0}
lint	UNKNOWN STEP	2026-08-06T04:36:43.9474849Z env:
lint	UNKNOWN STEP	2026-08-06T04:36:43.9475051Z   PIP_UPLOADED_PRIOR_TO: P2D
lint	UNKNOWN STEP	2026-08-06T04:36:43.9475380Z   pythonLocation: /opt/hostedtoolcache/Python/3.15.0-rc.1/x64
lint	UNKNOWN STEP	2026-08-06T04:36:43.9475840Z   PKG_CONFIG_PATH: /opt/hostedtoolcache/Python/3.15.0-rc.1/x64/lib/pkgconfig
lint	UNKNOWN STEP	2026-08-06T04:36:43.9476296Z   Python_ROOT_DIR: /opt/hostedtoolcache/Python/3.15.0-rc.1/x64
lint	UNKNOWN STEP	2026-08-06T04:36:43.9476697Z   Python2_ROOT_DIR: /opt/hostedtoolcache/Python/3.15.0-rc.1/x64
lint	UNKNOWN STEP	2026-08-06T04:36:43.9477091Z   Python3_ROOT_DIR: /opt/hostedtoolcache/Python/3.15.0-rc.1/x64
lint	UNKNOWN STEP	2026-08-06T04:36:43.9477490Z   LD_LIBRARY_PATH: /opt/hostedtoolcache/Python/3.15.0-rc.1/x64/lib
lint	UNKNOWN STEP	2026-08-06T04:36:43.9477827Z ##[endgroup]
lint	UNKNOWN STEP	2026-08-06T04:36:44.8556061Z Collecting pre-commit
lint	UNKNOWN STEP	2026-08-06T04:36:44.9033213Z   Downloading pre_commit-4.6.1-py2.py3-none-any.whl.metadata (1.2 kB)
lint	UNKNOWN STEP	2026-08-06T04:36:44.9196080Z Collecting cfgv>=2.0.0 (from pre-commit)
lint	UNKNOWN STEP	2026-08-06T04:36:44.9234029Z   Downloading cfgv-3.5.0-py2.py3-none-any.whl.metadata (8.9 kB)
lint	UNKNOWN STEP	2026-08-06T04:36:44.9552341Z Collecting identify>=1.0.0 (from pre-commit)
lint	UNKNOWN STEP	2026-08-06T04:36:44.9588011Z   Downloading identify-2.6.19-py2.py3-none-any.whl.metadata (4.4 kB)
lint	UNKNOWN STEP	2026-08-06T04:36:44.9722268Z Collecting nodeenv>=0.11.1 (from pre-commit)
lint	UNKNOWN STEP	2026-08-06T04:36:44.9755037Z   Downloading nodeenv-1.10.0-py2.py3-none-any.whl.metadata (24 kB)
lint	UNKNOWN STEP	2026-08-06T04:36:45.0165994Z Collecting pyyaml>=5.1 (from pre-commit)
lint	UNKNOWN STEP	2026-08-06T04:36:45.0218589Z   Downloading pyyaml-6.0.3.tar.gz (130 kB)
lint	UNKNOWN STEP	2026-08-06T04:36:45.1661572Z   Installing build dependencies: started
lint	UNKNOWN STEP	2026-08-06T04:36:46.1766617Z   Installing build dependencies: finished with status 'done'
lint	UNKNOWN STEP	2026-08-06T04:36:46.1772760Z   Getting requirements to build wheel: started
lint	UNKNOWN STEP	2026-08-06T04:36:48.4463330Z   Getting requirements to build wheel: finished with status 'done'
lint	UNKNOWN STEP	2026-08-06T04:36:48.4473918Z   Preparing metadata (pyproject.toml): started
lint	UNKNOWN STEP	2026-08-06T04:36:48.7114001Z   Preparing metadata (pyproject.toml): finished with status 'done'
lint	UNKNOWN STEP	2026-08-06T04:36:48.7132323Z Requirement already satisfied: virtualenv>=20.10.0 in /opt/hostedtoolcache/Python/3.15.0-rc.1/x64/lib/python3.15/site-packages (from pre-commit) (21.7.1)
lint	UNKNOWN STEP	2026-08-06T04:36:48.7153362Z Requirement already satisfied: distlib<1,>=0.3.7 in /opt/hostedtoolcache/Python/3.15.0-rc.1/x64/lib/python3.15/site-packages (from virtualenv>=20.10.0->pre-commit) (0.4.3)
lint	UNKNOWN STEP	2026-08-06T04:36:48.7162501Z Requirement already satisfied: filelock<4,>=3.24.2 in /opt/hostedtoolcache/Python/3.15.0-rc.1/x64/lib/python3.15/site-packages (from virtualenv>=20.10.0->pre-commit) (3.32.2)
lint	UNKNOWN STEP	2026-08-06T04:36:48.7169132Z Requirement already satisfied: platformdirs<5,>=3.9.1 in /opt/hostedtoolcache/Python/3.15.0-rc.1/x64/lib/python3.15/site-packages (from virtualenv>=20.10.0->pre-commit) (4.11.0)
lint	UNKNOWN STEP	2026-08-06T04:36:48.7175171Z Requirement already satisfied: python-discovery>=1.4.2 in /opt/hostedtoolcache/Python/3.15.0-rc.1/x64/lib/python3.15/site-packages (from virtualenv>=20.10.0->pre-commit) (1.5.1)
lint	UNKNOWN STEP	2026-08-06T04:36:48.7232228Z Downloading pre_commit-4.6.1-py2.py3-none-any.whl (226 kB)
lint	UNKNOWN STEP	2026-08-06T04:36:48.7319485Z Downloading cfgv-3.5.0-py2.py3-none-any.whl (7.4 kB)
lint	UNKNOWN STEP	2026-08-06T04:36:48.7376366Z Downloading identify-2.6.19-py2.py3-none-any.whl (99 kB)
lint	UNKNOWN STEP	2026-08-06T04:36:48.7432230Z Downloading nodeenv-1.10.0-py2.py3-none-any.whl (23 kB)
lint	UNKNOWN STEP	2026-08-06T04:36:48.7579668Z Building wheels for collected packages: pyyaml
lint	UNKNOWN STEP	2026-08-06T04:36:48.7587706Z   Building wheel for pyyaml (pyproject.toml): started
lint	UNKNOWN STEP	2026-08-06T04:36:56.6619497Z   Building wheel for pyyaml (pyproject.toml): finished with status 'done'
lint	UNKNOWN STEP	2026-08-06T04:36:56.6630301Z   Created wheel for pyyaml: filename=pyyaml-6.0.3-cp315-cp315-linux_x86_64.whl size=615267 sha256=8a350d386907605608a4565d48292cc5c7698dd8103dc6104dcf5b553c8ca3d0
lint	UNKNOWN STEP	2026-08-06T04:36:56.6632285Z   Stored in directory: /home/runner/.cache/pip/wheels/39/c5/03/188d3f8dc792f835b1e767b5e6e0fec41846dc06f6dd368652
lint	UNKNOWN STEP	2026-08-06T04:36:56.6650979Z Successfully built pyyaml
lint	UNKNOWN STEP	2026-08-06T04:36:56.6975628Z Installing collected packages: pyyaml, nodeenv, identify, cfgv, pre-commit
lint	UNKNOWN STEP	2026-08-06T04:36:56.8957738Z 
lint	UNKNOWN STEP	2026-08-06T04:36:56.8974965Z Successfully installed cfgv-3.5.0 identify-2.6.19 nodeenv-1.10.0 pre-commit-4.6.1 pyyaml-6.0.3
lint	UNKNOWN STEP	2026-08-06T04:36:56.8983241Z 
lint	UNKNOWN STEP	2026-08-06T04:36:56.8983572Z [notice] A new release of pip is available: 26.2 -> 26.2.1
lint	UNKNOWN STEP	2026-08-06T04:36:56.8984201Z [notice] To update, run: pip install --upgrade pip
lint	UNKNOWN STEP	2026-08-06T04:36:57.0033197Z ##[end-action id=__pre-commit_action.__run;outcome=success;conclusion=success;duration_ms=13062]
lint	UNKNOWN STEP	2026-08-06T04:36:57.0036402Z ##[start-action display=Run python -m pip freeze --local;id=__pre-commit_action.__run_2]
lint	UNKNOWN STEP	2026-08-06T04:36:57.0054226Z ##[group]Run python -m pip freeze --local
lint	UNKNOWN STEP	2026-08-06T04:36:57.0054559Z ^[[36;1mpython -m pip freeze --local^[[0m
lint	UNKNOWN STEP	2026-08-06T04:36:57.0098187Z shell: /usr/bin/bash --noprofile --norc -e -o pipefail {0}
lint	UNKNOWN STEP	2026-08-06T04:36:57.0098524Z env:
lint	UNKNOWN STEP	2026-08-06T04:36:57.0098725Z   PIP_UPLOADED_PRIOR_TO: P2D
lint	UNKNOWN STEP	2026-08-06T04:36:57.0099055Z   pythonLocation: /opt/hostedtoolcache/Python/3.15.0-rc.1/x64
lint	UNKNOWN STEP	2026-08-06T04:36:57.0099524Z   PKG_CONFIG_PATH: /opt/hostedtoolcache/Python/3.15.0-rc.1/x64/lib/pkgconfig
lint	UNKNOWN STEP	2026-08-06T04:36:57.0099992Z   Python_ROOT_DIR: /opt/hostedtoolcache/Python/3.15.0-rc.1/x64
lint	UNKNOWN STEP	2026-08-06T04:36:57.0100394Z   Python2_ROOT_DIR: /opt/hostedtoolcache/Python/3.15.0-rc.1/x64
lint	UNKNOWN STEP	2026-08-06T04:36:57.0100801Z   Python3_ROOT_DIR: /opt/hostedtoolcache/Python/3.15.0-rc.1/x64
lint	UNKNOWN STEP	2026-08-06T04:36:57.0101204Z   LD_LIBRARY_PATH: /opt/hostedtoolcache/Python/3.15.0-rc.1/x64/lib
lint	UNKNOWN STEP	2026-08-06T04:36:57.0101535Z ##[endgroup]
lint	UNKNOWN STEP	2026-08-06T04:36:57.8260578Z -e git+https://github.com/psf/black@58be83141ed56d93a127d535c9139cd0b8ae6b1c#egg=black
lint	UNKNOWN STEP	2026-08-06T04:36:57.8261486Z cachetools==7.1.7
lint	UNKNOWN STEP	2026-08-06T04:36:57.8261776Z cfgv==3.5.0
lint	UNKNOWN STEP	2026-08-06T04:36:57.8262277Z click==8.4.2
lint	UNKNOWN STEP	2026-08-06T04:36:57.8262540Z colorama==0.4.6
lint	UNKNOWN STEP	2026-08-06T04:36:57.8262789Z distlib==0.4.3
lint	UNKNOWN STEP	2026-08-06T04:36:57.8263030Z filelock==3.32.2
lint	UNKNOWN STEP	2026-08-06T04:36:57.8263276Z identify==2.6.19
lint	UNKNOWN STEP	2026-08-06T04:36:57.8263536Z mypy_extensions==1.1.0
lint	UNKNOWN STEP	2026-08-06T04:36:57.8263808Z nodeenv==1.10.0
lint	UNKNOWN STEP	2026-08-06T04:36:57.8264053Z packaging==26.2
lint	UNKNOWN STEP	2026-08-06T04:36:57.8264298Z pathspec==1.1.1
lint	UNKNOWN STEP	2026-08-06T04:36:57.8264547Z platformdirs==4.11.0
lint	UNKNOWN STEP	2026-08-06T04:36:57.8264811Z pluggy==1.6.0
lint	UNKNOWN STEP	2026-08-06T04:36:57.8265048Z pre_commit==4.6.1
lint	UNKNOWN STEP	2026-08-06T04:36:57.8265309Z pyproject-api==1.11.0
lint	UNKNOWN STEP	2026-08-06T04:36:57.8265586Z python-discovery==1.5.1
lint	UNKNOWN STEP	2026-08-06T04:36:57.8265861Z pytokens==0.4.1
lint	UNKNOWN STEP	2026-08-06T04:36:57.8266102Z PyYAML==6.0.3
lint	UNKNOWN STEP	2026-08-06T04:36:57.8266336Z tomli_w==1.2.0
lint	UNKNOWN STEP	2026-08-06T04:36:57.8266573Z tox==4.58.0
lint	UNKNOWN STEP	2026-08-06T04:36:57.8266804Z virtualenv==21.7.1
lint	UNKNOWN STEP	2026-08-06T04:36:57.8607264Z ##[end-action id=__pre-commit_action.__run_2;outcome=success;conclusion=success;duration_ms=856]
lint	UNKNOWN STEP	2026-08-06T04:36:57.8610479Z ##[start-action display=Run actions/cache@v4;id=__pre-commit_action.__actions_cache]
lint	UNKNOWN STEP	2026-08-06T04:36:57.9240027Z Node 20 is being deprecated. This workflow is running with Node 24 by default. If you need to temporarily use Node 20, you can set the ACTIONS_ALLOW_USE_UNSECURE_NODE_VERSION=true environment variable. For more information see: https://github.blog/changelog/2025-09-19-deprecation-of-node-20-on-github-actions-runners/
lint	UNKNOWN STEP	2026-08-06T04:36:57.9241368Z ##[group]Run actions/cache@v4
lint	UNKNOWN STEP	2026-08-06T04:36:57.9241609Z with:
lint	UNKNOWN STEP	2026-08-06T04:36:57.9241805Z   path: ~/.cache/pre-commit
lint	UNKNOWN STEP	2026-08-06T04:36:57.9242658Z   key: pre-commit-3|/opt/hostedtoolcache/Python/3.15.0-rc.1/x64|ab721f0605c80e731252c7c4c7cb5f3ccace5dfc82f79290553ab289264d1055
lint	UNKNOWN STEP	2026-08-06T04:36:57.9243244Z   enableCrossOsArchive: false
lint	UNKNOWN STEP	2026-08-06T04:36:57.9243489Z   fail-on-cache-miss: false
lint	UNKNOWN STEP	2026-08-06T04:36:57.9243711Z   lookup-only: false
lint	UNKNOWN STEP	2026-08-06T04:36:57.9243938Z   save-always: false
lint	UNKNOWN STEP	2026-08-06T04:36:57.9244127Z env:
lint	UNKNOWN STEP	2026-08-06T04:36:57.9244318Z   PIP_UPLOADED_PRIOR_TO: P2D
lint	UNKNOWN STEP	2026-08-06T04:36:57.9244639Z   pythonLocation: /opt/hostedtoolcache/Python/3.15.0-rc.1/x64
lint	UNKNOWN STEP	2026-08-06T04:36:57.9245098Z   PKG_CONFIG_PATH: /opt/hostedtoolcache/Python/3.15.0-rc.1/x64/lib/pkgconfig
lint	UNKNOWN STEP	2026-08-06T04:36:57.9245570Z   Python_ROOT_DIR: /opt/hostedtoolcache/Python/3.15.0-rc.1/x64
lint	UNKNOWN STEP	2026-08-06T04:36:57.9245976Z   Python2_ROOT_DIR: /opt/hostedtoolcache/Python/3.15.0-rc.1/x64
lint	UNKNOWN STEP	2026-08-06T04:36:57.9246366Z   Python3_ROOT_DIR: /opt/hostedtoolcache/Python/3.15.0-rc.1/x64
lint	UNKNOWN STEP	2026-08-06T04:36:57.9246762Z   LD_LIBRARY_PATH: /opt/hostedtoolcache/Python/3.15.0-rc.1/x64/lib
lint	UNKNOWN STEP	2026-08-06T04:36:57.9247092Z ##[endgroup]
lint	UNKNOWN STEP	2026-08-06T04:36:58.0338956Z (node:2566) [DEP0040] DeprecationWarning: The `punycode` module is deprecated. Please use a userland alternative instead.
lint	UNKNOWN STEP	2026-08-06T04:36:58.0339879Z (Use `node --trace-deprecation ...` to show where the warning was created)
lint	UNKNOWN STEP	2026-08-06T04:36:58.0971262Z Cache hit for: pre-commit-3|/opt/hostedtoolcache/Python/3.15.0-rc.1/x64|ab721f0605c80e731252c7c4c7cb5f3ccace5dfc82f79290553ab289264d1055
lint	UNKNOWN STEP	2026-08-06T04:36:58.1102466Z (node:2566) [DEP0169] DeprecationWarning: `url.parse()` behavior is not standardized and prone to errors that have security implications. Use the WHATWG URL API instead. CVEs are not issued for `url.parse()` vulnerabilities.
lint	UNKNOWN STEP	2026-08-06T04:36:58.5067113Z Received 52114379 of 52114379 (100.0%), 142.0 MBs/sec
lint	UNKNOWN STEP	2026-08-06T04:36:58.5067963Z Cache Size: ~50 MB (52114379 B)
lint	UNKNOWN STEP	2026-08-06T04:36:58.5099732Z [command]/usr/bin/tar -xf /home/runner/work/_temp/402024c6-2191-4d57-bc3f-f696249bc28c/cache.tzst -P -C /home/runner/work/black/black --use-compress-program unzstd
lint	UNKNOWN STEP	2026-08-06T04:36:59.2198108Z Cache restored successfully
lint	UNKNOWN STEP	2026-08-06T04:36:59.2303528Z Cache restored from key: pre-commit-3|/opt/hostedtoolcache/Python/3.15.0-rc.1/x64|ab721f0605c80e731252c7c4c7cb5f3ccace5dfc82f79290553ab289264d1055
lint	UNKNOWN STEP	2026-08-06T04:36:59.2411794Z ##[end-action id=__pre-commit_action.__actions_cache;outcome=success;conclusion=success;duration_ms=1380]
lint	UNKNOWN STEP	2026-08-06T04:36:59.2432800Z ##[start-action display=Run pre-commit run --show-diff-on-failure --color=always --all-files;id=__pre-commit_action.__run_3]
lint	UNKNOWN STEP	2026-08-06T04:36:59.2450453Z ##[group]Run pre-commit run --show-diff-on-failure --color=always --all-files
lint	UNKNOWN STEP	2026-08-06T04:36:59.2451030Z ^[[36;1mpre-commit run --show-diff-on-failure --color=always --all-files^[[0m
lint	UNKNOWN STEP	2026-08-06T04:36:59.2495679Z shell: /usr/bin/bash --noprofile --norc -e -o pipefail {0}
lint	UNKNOWN STEP	2026-08-06T04:36:59.2496027Z env:
lint	UNKNOWN STEP	2026-08-06T04:36:59.2496233Z   PIP_UPLOADED_PRIOR_TO: P2D
lint	UNKNOWN STEP	2026-08-06T04:36:59.2496572Z   pythonLocation: /opt/hostedtoolcache/Python/3.15.0-rc.1/x64
lint	UNKNOWN STEP	2026-08-06T04:36:59.2497040Z   PKG_CONFIG_PATH: /opt/hostedtoolcache/Python/3.15.0-rc.1/x64/lib/pkgconfig
lint	UNKNOWN STEP	2026-08-06T04:36:59.2497511Z   Python_ROOT_DIR: /opt/hostedtoolcache/Python/3.15.0-rc.1/x64
lint	UNKNOWN STEP	2026-08-06T04:36:59.2497921Z   Python2_ROOT_DIR: /opt/hostedtoolcache/Python/3.15.0-rc.1/x64
lint	UNKNOWN STEP	2026-08-06T04:36:59.2498527Z   Python3_ROOT_DIR: /opt/hostedtoolcache/Python/3.15.0-rc.1/x64
lint	UNKNOWN STEP	2026-08-06T04:36:59.2498937Z   LD_LIBRARY_PATH: /opt/hostedtoolcache/Python/3.15.0-rc.1/x64/lib
lint	UNKNOWN STEP	2026-08-06T04:36:59.2499405Z ##[endgroup]
lint	UNKNOWN STEP	2026-08-06T04:37:01.0154576Z Check pre-commit rev in example..........................................^[[42mPassed^[[m
lint	UNKNOWN STEP	2026-08-06T04:37:01.4101619Z Check black version in the basics example................................^[[42mPassed^[[m
lint	UNKNOWN STEP	2026-08-06T04:37:02.0970271Z isort....................................................................^[[42mPassed^[[m
lint	UNKNOWN STEP	2026-08-06T04:37:04.3919873Z flake8...................................................................^[[42mPassed^[[m
lint	UNKNOWN STEP	2026-08-06T04:37:32.3326395Z mypy.....................................................................^[[42mPassed^[[m
lint	UNKNOWN STEP	2026-08-06T04:37:35.5782622Z prettier.................................................................^[[42mPassed^[[m
lint	UNKNOWN STEP	2026-08-06T04:37:35.6334772Z fix end of files.........................................................^[[42mPassed^[[m
lint	UNKNOWN STEP	2026-08-06T04:37:35.6905496Z trim trailing whitespace.................................................^[[42mPassed^[[m
lint	UNKNOWN STEP	2026-08-06T04:37:35.7127929Z ##[end-action id=__pre-commit_action.__run_3;outcome=success;conclusion=success;duration_ms=36469]
lint	UNKNOWN STEP	2026-08-06T04:37:35.7165385Z ##[group]Run tox -e run_self
lint	UNKNOWN STEP	2026-08-06T04:37:35.7165703Z ^[[36;1mtox -e run_self^[[0m
lint	UNKNOWN STEP	2026-08-06T04:37:35.7208563Z shell: /usr/bin/bash -e {0}
lint	UNKNOWN STEP	2026-08-06T04:37:35.7208811Z env:
lint	UNKNOWN STEP	2026-08-06T04:37:35.7209021Z   PIP_UPLOADED_PRIOR_TO: P2D
lint	UNKNOWN STEP	2026-08-06T04:37:35.7209359Z   pythonLocation: /opt/hostedtoolcache/Python/3.15.0-rc.1/x64
lint	UNKNOWN STEP	2026-08-06T04:37:35.7209853Z   PKG_CONFIG_PATH: /opt/hostedtoolcache/Python/3.15.0-rc.1/x64/lib/pkgconfig
lint	UNKNOWN STEP	2026-08-06T04:37:35.7210310Z   Python_ROOT_DIR: /opt/hostedtoolcache/Python/3.15.0-rc.1/x64
lint	UNKNOWN STEP	2026-08-06T04:37:35.7210719Z   Python2_ROOT_DIR: /opt/hostedtoolcache/Python/3.15.0-rc.1/x64
lint	UNKNOWN STEP	2026-08-06T04:37:35.7211121Z   Python3_ROOT_DIR: /opt/hostedtoolcache/Python/3.15.0-rc.1/x64
lint	UNKNOWN STEP	2026-08-06T04:37:35.7211532Z   LD_LIBRARY_PATH: /opt/hostedtoolcache/Python/3.15.0-rc.1/x64/lib
lint	UNKNOWN STEP	2026-08-06T04:37:35.7211884Z ##[endgroup]
lint	UNKNOWN STEP	2026-08-06T04:37:36.2063152Z run_self: install_dependency-groups> python -I -m pip install 'coverage>=5.3' 'pytest-cov>=4.1.0' 'pytest-xdist>=3.0.2' 'pytest>=7'
lint	UNKNOWN STEP	2026-08-06T04:37:39.5861092Z run_self: freeze> python -m pip freeze --all
lint	UNKNOWN STEP	2026-08-06T04:37:39.8186121Z run_self: coverage==7.15.3,execnet==2.1.2,iniconfig==2.3.0,packaging==26.2,pip==26.2,pluggy==1.6.0,Pygments==2.20.0,pytest==9.1.1,pytest-cov==7.1.0,pytest-xdist==3.8.0
lint	UNKNOWN STEP	2026-08-06T04:37:39.8190909Z run_self: commands[0]> pip install -e .
lint	UNKNOWN STEP	2026-08-06T04:37:40.1343490Z Obtaining file:///home/runner/work/black/black
lint	UNKNOWN STEP	2026-08-06T04:37:40.1384940Z   Installing build dependencies: started
lint	UNKNOWN STEP	2026-08-06T04:37:40.9254247Z   Installing build dependencies: finished with status 'done'
lint	UNKNOWN STEP	2026-08-06T04:37:40.9261836Z   Checking if build backend supports build_editable: started
lint	UNKNOWN STEP	2026-08-06T04:37:40.9767871Z   Checking if build backend supports build_editable: finished with status 'done'
lint	UNKNOWN STEP	2026-08-06T04:37:40.9776742Z   Getting requirements to build editable: started
lint	UNKNOWN STEP	2026-08-06T04:37:41.1853573Z   Getting requirements to build editable: finished with status 'done'
lint	UNKNOWN STEP	2026-08-06T04:37:41.1866340Z   Installing backend dependencies: started
lint	UNKNOWN STEP	2026-08-06T04:37:41.5997381Z   Installing backend dependencies: finished with status 'done'
lint	UNKNOWN STEP	2026-08-06T04:37:41.6003709Z   Preparing editable metadata (pyproject.toml): started
lint	UNKNOWN STEP	2026-08-06T04:37:41.9076473Z   Preparing editable metadata (pyproject.toml): finished with status 'done'
lint	UNKNOWN STEP	2026-08-06T04:37:41.9353694Z Collecting click>=8.0.0 (from black==0.1.dev1+g58be83141)
lint	UNKNOWN STEP	2026-08-06T04:37:41.9367166Z   Using cached click-8.4.2-py3-none-any.whl.metadata (2.6 kB)
lint	UNKNOWN STEP	2026-08-06T04:37:41.9410297Z Collecting mypy-extensions>=0.4.3 (from black==0.1.dev1+g58be83141)
lint	UNKNOWN STEP	2026-08-06T04:37:41.9423216Z   Using cached mypy_extensions-1.1.0-py3-none-any.whl.metadata (1.1 kB)
lint	UNKNOWN STEP	2026-08-06T04:37:41.9439090Z Requirement already satisfied: packaging>=22.0 in ./.tox/run_self/lib/python3.15/site-packages (from black==0.1.dev1+g58be83141) (26.2)
lint	UNKNOWN STEP	2026-08-06T04:37:41.9485691Z Collecting pathspec>=1.0.0 (from black==0.1.dev1+g58be83141)
lint	UNKNOWN STEP	2026-08-06T04:37:41.9497160Z   Using cached pathspec-1.1.1-py3-none-any.whl.metadata (14 kB)
lint	UNKNOWN STEP	2026-08-06T04:37:41.9614259Z Collecting platformdirs>=2 (from black==0.1.dev1+g58be83141)
lint	UNKNOWN STEP	2026-08-06T04:37:41.9625743Z   Using cached platformdirs-4.11.0-py3-none-any.whl.metadata (5.5 kB)
lint	UNKNOWN STEP	2026-08-06T04:37:41.9710374Z Collecting pytokens~=0.4.0 (from black==0.1.dev1+g58be83141)
lint	UNKNOWN STEP	2026-08-06T04:37:41.9721873Z   Using cached pytokens-0.4.1-py3-none-any.whl.metadata (3.8 kB)
lint	UNKNOWN STEP	2026-08-06T04:37:41.9769376Z Using cached pytokens-0.4.1-py3-none-any.whl (13 kB)
lint	UNKNOWN STEP	2026-08-06T04:37:41.9780916Z Using cached click-8.4.2-py3-none-any.whl (119 kB)
lint	UNKNOWN STEP	2026-08-06T04:37:41.9792709Z Using cached mypy_extensions-1.1.0-py3-none-any.whl (5.0 kB)
lint	UNKNOWN STEP	2026-08-06T04:37:41.9803904Z Using cached pathspec-1.1.1-py3-none-any.whl (57 kB)
lint	UNKNOWN STEP	2026-08-06T04:37:41.9815752Z Using cached platformdirs-4.11.0-py3-none-any.whl (23 kB)
lint	UNKNOWN STEP	2026-08-06T04:37:41.9937771Z Building wheels for collected packages: black
lint	UNKNOWN STEP	2026-08-06T04:37:41.9946040Z   Building editable for black (pyproject.toml): started
lint	UNKNOWN STEP	2026-08-06T04:37:42.0401842Z   Building editable for black (pyproject.toml): finished with status 'done'
lint	UNKNOWN STEP	2026-08-06T04:37:42.0407185Z   Created wheel for black: filename=black-0.1.dev1+g58be83141-py3-none-any.whl size=37465 sha256=6ac748d99b6a1d73fb2c654ada98177451da92026d9072241ca337eca49d83ec
lint	UNKNOWN STEP	2026-08-06T04:37:42.0409987Z   Stored in directory: /tmp/pip-ephem-wheel-cache-51sqwq72/wheels/de/44/e1/a42a87661b8a1da986828ebcb6ce4d65fb0521e84dc74a5490
lint	UNKNOWN STEP	2026-08-06T04:37:42.0485328Z Successfully built black
lint	UNKNOWN STEP	2026-08-06T04:37:42.0817125Z Installing collected packages: pytokens, platformdirs, pathspec, mypy-extensions, click, black
lint	UNKNOWN STEP	2026-08-06T04:37:42.2633089Z 
lint	UNKNOWN STEP	2026-08-06T04:37:42.2648495Z Successfully installed black-0.1.dev1+g58be83141 click-8.4.2 mypy-extensions-1.1.0 pathspec-1.1.1 platformdirs-4.11.0 pytokens-0.4.1
lint	UNKNOWN STEP	2026-08-06T04:37:42.3632949Z run_self: commands[1]> black --check /home/runner/work/black/black
lint	UNKNOWN STEP	2026-08-06T04:37:44.5433199Z would reformat /home/runner/work/black/black/src/black/parsing.py
lint	UNKNOWN STEP	2026-08-06T04:37:46.7606052Z 
lint	UNKNOWN STEP	2026-08-06T04:37:46.7609588Z Oh no! 💥 💔 💥
lint	UNKNOWN STEP	2026-08-06T04:37:46.7610606Z 1 file would be reformatted, 68 files would be left unchanged.
lint	UNKNOWN STEP	2026-08-06T04:37:46.8108256Z run_self: exit 1 (4.45 seconds) /home/runner/work/black/black> black --check /home/runner/work/black/black pid=2858
lint	UNKNOWN STEP	2026-08-06T04:37:46.8115434Z   run_self: FAIL code 1 (10.83=setup[3.84]+cmd[2.54,4.45] seconds)
lint	UNKNOWN STEP	2026-08-06T04:37:46.8116186Z   evaluation failed :( (10.87 seconds)
lint	UNKNOWN STEP	2026-08-06T04:37:46.8530380Z ##[error]Process completed with exit code 1.
lint	UNKNOWN STEP	2026-08-06T04:37:46.8644098Z Post job cleanup.
lint	UNKNOWN STEP	2026-08-06T04:37:46.8647288Z ##[start-action display=Run actions/cache@v4;id=__91041937-2495-42a8-8c15-e9ff409708b2.__actions_cache]
lint	UNKNOWN STEP	2026-08-06T04:37:46.8650191Z ##[end-action id=__91041937-2495-42a8-8c15-e9ff409708b2.__actions_cache;outcome=skipped;conclusion=skipped;duration_ms=0]
lint	UNKNOWN STEP	2026-08-06T04:37:46.8716902Z Post job cleanup.
lint	UNKNOWN STEP	2026-08-06T04:37:46.9594199Z [command]/usr/bin/git version
lint	UNKNOWN STEP	2026-08-06T04:37:46.9633346Z git version 2.54.0
lint	UNKNOWN STEP	2026-08-06T04:37:46.9668273Z Temporarily overriding HOME='/home/runner/work/_temp/47425774-46f5-49e3-8c4c-4d1632ce0efa' before making global git config changes
lint	UNKNOWN STEP	2026-08-06T04:37:46.9669318Z Adding repository directory to the temporary git global config as a safe directory
lint	UNKNOWN STEP	2026-08-06T04:37:46.9674103Z [command]/usr/bin/git config --global --add safe.directory /home/runner/work/black/black
lint	UNKNOWN STEP	2026-08-06T04:37:46.9704026Z Removing SSH command configuration
lint	UNKNOWN STEP	2026-08-06T04:37:46.9710405Z [command]/usr/bin/git config --local --name-only --get-regexp core\.sshCommand
lint	UNKNOWN STEP	2026-08-06T04:37:46.9744862Z [command]/usr/bin/git submodule foreach --recursive sh -c "git config --local --name-only --get-regexp 'core\.sshCommand' && git config --local --unset-all 'core.sshCommand' || :"
lint	UNKNOWN STEP	2026-08-06T04:37:46.9965841Z Removing HTTP extra header
lint	UNKNOWN STEP	2026-08-06T04:37:46.9971153Z [command]/usr/bin/git config --local --name-only --get-regexp http\.https\:\/\/github\.com\/\.extraheader
lint	UNKNOWN STEP	2026-08-06T04:37:47.0003344Z [command]/usr/bin/git submodule foreach --recursive sh -c "git config --local --name-only --get-regexp 'http\.https\:\/\/github\.com\/\.extraheader' && git config --local --unset-all 'http.https://github.com/.extraheader' || :"
lint	UNKNOWN STEP	2026-08-06T04:37:47.0218634Z Removing includeIf entries pointing to credentials config files
lint	UNKNOWN STEP	2026-08-06T04:37:47.0225235Z [command]/usr/bin/git config --local --name-only --get-regexp ^includeIf\.gitdir:
lint	UNKNOWN STEP	2026-08-06T04:37:47.0256696Z [command]/usr/bin/git submodule foreach --recursive git config --local --show-origin --name-only --get-regexp remote.origin.url
lint	UNKNOWN STEP	2026-08-06T04:37:47.0615123Z Cleaning up orphan processes
lint	UNKNOWN STEP	2026-08-06T04:37:47.0901667Z ##[warning]Node.js 20 is deprecated. The following actions target Node.js 20 but are being forced to run on Node.js 24: actions/cache@v4. For more information see: https://github.blog/changelog/2025-09-19-deprecation-of-node-20-on-github-actions-runners/
