comment	UNKNOWN STEP	﻿2026-09-11T10:27:26.0462820Z Current runner version: '2.337.0'
comment	UNKNOWN STEP	2026-09-11T10:27:26.0496937Z ##[group]Runner Image Provisioner
comment	UNKNOWN STEP	2026-09-11T10:27:26.0498299Z Hosted Compute Agent
comment	UNKNOWN STEP	2026-09-11T10:27:26.0499218Z Version: 20260828.587
comment	UNKNOWN STEP	2026-09-11T10:27:26.0500421Z Commit: abac92662cab4cc7352de4f9f9d2e2419aad9c29
comment	UNKNOWN STEP	2026-09-11T10:27:26.0501997Z Build Date: 2026-08-28T16:44:25Z
comment	UNKNOWN STEP	2026-09-11T10:27:26.0503136Z Worker ID: {2887f0d1-3210-4b48-9c5f-ee3d9abf965b}
comment	UNKNOWN STEP	2026-09-11T10:27:26.0504451Z Azure Region: eastus
comment	UNKNOWN STEP	2026-09-11T10:27:26.0505355Z ##[endgroup]
comment	UNKNOWN STEP	2026-09-11T10:27:26.0507893Z ##[group]Operating System
comment	UNKNOWN STEP	2026-09-11T10:27:26.0508897Z Ubuntu
comment	UNKNOWN STEP	2026-09-11T10:27:26.0509704Z 24.04.5
comment	UNKNOWN STEP	2026-09-11T10:27:26.0510951Z LTS
comment	UNKNOWN STEP	2026-09-11T10:27:26.0511814Z ##[endgroup]
comment	UNKNOWN STEP	2026-09-11T10:27:26.0512807Z ##[group]Runner Image
comment	UNKNOWN STEP	2026-09-11T10:27:26.0513911Z Image: ubuntu-24.04
comment	UNKNOWN STEP	2026-09-11T10:27:26.0514810Z Version: 20260907.300.1
comment	UNKNOWN STEP	2026-09-11T10:27:26.0517019Z Included Software: https://github.com/actions/runner-images/blob/ubuntu24/20260907.300/images/ubuntu/Ubuntu2404-Readme.md
comment	UNKNOWN STEP	2026-09-11T10:27:26.0519849Z Image Release: https://github.com/actions/runner-images/releases/tag/ubuntu24%2F20260907.300
comment	UNKNOWN STEP	2026-09-11T10:27:26.0521770Z ##[endgroup]
comment	UNKNOWN STEP	2026-09-11T10:27:26.0523692Z ##[group]GITHUB_TOKEN Permissions
comment	UNKNOWN STEP	2026-09-11T10:27:26.0526569Z Metadata: read
comment	UNKNOWN STEP	2026-09-11T10:27:26.0527707Z PullRequests: write
comment	UNKNOWN STEP	2026-09-11T10:27:26.0528932Z ##[endgroup]
comment	UNKNOWN STEP	2026-09-11T10:27:26.0532183Z Secret source: Actions
comment	UNKNOWN STEP	2026-09-11T10:27:26.0533830Z Cache mode: read
comment	UNKNOWN STEP	2026-09-11T10:27:26.0535473Z Prepare workflow directory
comment	UNKNOWN STEP	2026-09-11T10:27:26.1103802Z Prepare all required actions
comment	UNKNOWN STEP	2026-09-11T10:27:26.1175432Z Getting action download info
comment	UNKNOWN STEP	2026-09-11T10:27:26.3762783Z Download action repository 'actions/checkout@3d3c42e5aac5ba805825da76410c181273ba90b1' (SHA:3d3c42e5aac5ba805825da76410c181273ba90b1)
comment	UNKNOWN STEP	2026-09-11T10:27:26.4956434Z Download action repository 'actions/download-artifact@3e5f45b2cfb9172054b4087a40e8e0b5a5461e7c' (SHA:3e5f45b2cfb9172054b4087a40e8e0b5a5461e7c)
comment	UNKNOWN STEP	2026-09-11T10:27:26.6589764Z Download action repository 'actions/setup-python@5fda3b95a4ea91299a34e894583c3862153e4b97' (SHA:5fda3b95a4ea91299a34e894583c3862153e4b97)
comment	UNKNOWN STEP	2026-09-11T10:27:26.7426862Z Download action repository 'peter-evans/find-comment@b30e6a3c0ed37e7c023ccd3f1db5c6c0b0c23aad' (SHA:b30e6a3c0ed37e7c023ccd3f1db5c6c0b0c23aad)
comment	UNKNOWN STEP	2026-09-11T10:27:26.8509911Z Download action repository 'peter-evans/create-or-update-comment@e8674b075228eee787fea43ef493e45ece1004c9' (SHA:e8674b075228eee787fea43ef493e45ece1004c9)
comment	UNKNOWN STEP	2026-09-11T10:27:27.0857065Z Complete job name: comment
comment	UNKNOWN STEP	2026-09-11T10:27:27.1787476Z ##[group]Run actions/checkout@3d3c42e5aac5ba805825da76410c181273ba90b1
comment	UNKNOWN STEP	2026-09-11T10:27:27.1789208Z with:
comment	UNKNOWN STEP	2026-09-11T10:27:27.1789998Z   persist-credentials: false
comment	UNKNOWN STEP	2026-09-11T10:27:27.1791157Z   repository: psf/black
comment	UNKNOWN STEP	2026-09-11T10:27:27.1799634Z   token: ***
comment	UNKNOWN STEP	2026-09-11T10:27:27.1800409Z   ssh-strict: true
comment	UNKNOWN STEP	2026-09-11T10:27:27.1801337Z   ssh-user: git
comment	UNKNOWN STEP	2026-09-11T10:27:27.1802098Z   clean: true
comment	UNKNOWN STEP	2026-09-11T10:27:27.1802892Z   sparse-checkout-cone-mode: true
comment	UNKNOWN STEP	2026-09-11T10:27:27.1803876Z   fetch-depth: 1
comment	UNKNOWN STEP	2026-09-11T10:27:27.1804646Z   fetch-tags: false
comment	UNKNOWN STEP	2026-09-11T10:27:27.1805439Z   show-progress: true
comment	UNKNOWN STEP	2026-09-11T10:27:27.1806255Z   lfs: false
comment	UNKNOWN STEP	2026-09-11T10:27:27.1807000Z   submodules: false
comment	UNKNOWN STEP	2026-09-11T10:27:27.1807814Z   set-safe-directory: true
comment	UNKNOWN STEP	2026-09-11T10:27:27.1808737Z   allow-unsafe-pr-checkout: false
comment	UNKNOWN STEP	2026-09-11T10:27:27.1809968Z env:
comment	UNKNOWN STEP	2026-09-11T10:27:27.1811084Z   PIP_UPLOADED_PRIOR_TO: P2D
comment	UNKNOWN STEP	2026-09-11T10:27:27.1812052Z ##[endgroup]
comment	UNKNOWN STEP	2026-09-11T10:27:27.2811491Z Syncing repository: psf/black
comment	UNKNOWN STEP	2026-09-11T10:27:27.2814051Z ##[group]Getting Git version info
comment	UNKNOWN STEP	2026-09-11T10:27:27.2815297Z Working directory is '/home/runner/work/black/black'
comment	UNKNOWN STEP	2026-09-11T10:27:27.2817043Z [command]/usr/bin/git version
comment	UNKNOWN STEP	2026-09-11T10:27:27.2869330Z git version 2.55.0
comment	UNKNOWN STEP	2026-09-11T10:27:27.2892841Z ##[endgroup]
comment	UNKNOWN STEP	2026-09-11T10:27:27.2905177Z Temporarily overriding HOME='/home/runner/work/_temp/8cc146ce-4027-4c1b-acfc-9f72b738bb18' before making global git config changes
comment	UNKNOWN STEP	2026-09-11T10:27:27.2909980Z Adding repository directory to the temporary git global config as a safe directory
comment	UNKNOWN STEP	2026-09-11T10:27:27.2914198Z [command]/usr/bin/git config --global --add safe.directory /home/runner/work/black/black
comment	UNKNOWN STEP	2026-09-11T10:27:27.2957960Z Deleting the contents of '/home/runner/work/black/black'
comment	UNKNOWN STEP	2026-09-11T10:27:27.2961740Z ##[group]Determining repository object format
comment	UNKNOWN STEP	2026-09-11T10:27:27.2963901Z ##[endgroup]
comment	UNKNOWN STEP	2026-09-11T10:27:27.2965192Z ##[group]Initializing the repository
comment	UNKNOWN STEP	2026-09-11T10:27:27.2968590Z [command]/usr/bin/git init /home/runner/work/black/black
comment	UNKNOWN STEP	2026-09-11T10:27:27.3081869Z hint: Using 'master' as the name for the initial branch. This default branch name
comment	UNKNOWN STEP	2026-09-11T10:27:27.3085073Z hint: will change to "main" in Git 3.0. To configure the initial branch name
comment	UNKNOWN STEP	2026-09-11T10:27:27.3088421Z hint: to use in all of your new repositories, which will suppress this warning,
comment	UNKNOWN STEP	2026-09-11T10:27:27.3159310Z hint: call:
comment	UNKNOWN STEP	2026-09-11T10:27:27.3160941Z hint:
comment	UNKNOWN STEP	2026-09-11T10:27:27.3162686Z hint: 	git config --global init.defaultBranch <name>
comment	UNKNOWN STEP	2026-09-11T10:27:27.3164397Z hint:
comment	UNKNOWN STEP	2026-09-11T10:27:27.3165450Z hint: Names commonly chosen instead of 'master' are 'main', 'trunk' and
comment	UNKNOWN STEP	2026-09-11T10:27:27.3167228Z hint: 'development'. The just-created branch can be renamed via this command:
comment	UNKNOWN STEP	2026-09-11T10:27:27.3169064Z hint:
comment	UNKNOWN STEP	2026-09-11T10:27:27.3170292Z hint: 	git branch -m <name>
comment	UNKNOWN STEP	2026-09-11T10:27:27.3171705Z hint:
comment	UNKNOWN STEP	2026-09-11T10:27:27.3172941Z hint: Disable this message with "git config set advice.defaultBranchName false"
comment	UNKNOWN STEP	2026-09-11T10:27:27.3175236Z Initialized empty Git repository in /home/runner/work/black/black/.git/
comment	UNKNOWN STEP	2026-09-11T10:27:27.3178864Z [command]/usr/bin/git remote add origin https://github.com/psf/black
comment	UNKNOWN STEP	2026-09-11T10:27:27.3182769Z ##[endgroup]
comment	UNKNOWN STEP	2026-09-11T10:27:27.3184120Z ##[group]Disabling automatic garbage collection
comment	UNKNOWN STEP	2026-09-11T10:27:27.3185321Z [command]/usr/bin/git config --local gc.auto 0
comment	UNKNOWN STEP	2026-09-11T10:27:27.3188024Z ##[endgroup]
comment	UNKNOWN STEP	2026-09-11T10:27:27.3189234Z ##[group]Setting up auth
comment	UNKNOWN STEP	2026-09-11T10:27:27.3190127Z Removing SSH command configuration
comment	UNKNOWN STEP	2026-09-11T10:27:27.3191961Z [command]/usr/bin/git config --local --name-only --get-regexp core\.sshCommand
comment	UNKNOWN STEP	2026-09-11T10:27:27.3214832Z [command]/usr/bin/git submodule foreach --recursive sh -c "git config --local --name-only --get-regexp 'core\.sshCommand' && git config --local --unset-all 'core.sshCommand' || :"
comment	UNKNOWN STEP	2026-09-11T10:27:27.3550165Z Removing HTTP extra header
comment	UNKNOWN STEP	2026-09-11T10:27:27.3557370Z [command]/usr/bin/git config --local --name-only --get-regexp http\.https\:\/\/github\.com\/\.extraheader
comment	UNKNOWN STEP	2026-09-11T10:27:27.3589529Z [command]/usr/bin/git submodule foreach --recursive sh -c "git config --local --name-only --get-regexp 'http\.https\:\/\/github\.com\/\.extraheader' && git config --local --unset-all 'http.https://github.com/.extraheader' || :"
comment	UNKNOWN STEP	2026-09-11T10:27:27.3811124Z Removing includeIf entries pointing to credentials config files
comment	UNKNOWN STEP	2026-09-11T10:27:27.3815007Z [command]/usr/bin/git config --local --name-only --get-regexp ^includeIf\.gitdir:
comment	UNKNOWN STEP	2026-09-11T10:27:27.3849901Z [command]/usr/bin/git submodule foreach --recursive git config --local --show-origin --name-only --get-regexp remote.origin.url
comment	UNKNOWN STEP	2026-09-11T10:27:27.4078288Z [command]/usr/bin/git config --file /home/runner/work/_temp/git-credentials-cf45894a-b3b3-4e97-9e79-d0cd106bcd98.config http.https://github.com/.extraheader AUTHORIZATION: basic ***
comment	UNKNOWN STEP	2026-09-11T10:27:27.4107868Z [command]/usr/bin/git config --local includeIf.gitdir:/home/runner/work/black/black/.git.path /home/runner/work/_temp/git-credentials-cf45894a-b3b3-4e97-9e79-d0cd106bcd98.config
comment	UNKNOWN STEP	2026-09-11T10:27:27.4138751Z [command]/usr/bin/git config --local includeIf.gitdir:/home/runner/work/black/black/.git/worktrees/*.path /home/runner/work/_temp/git-credentials-cf45894a-b3b3-4e97-9e79-d0cd106bcd98.config
comment	UNKNOWN STEP	2026-09-11T10:27:27.4172000Z [command]/usr/bin/git config --local includeIf.gitdir:/github/workspace/.git.path /github/runner_temp/git-credentials-cf45894a-b3b3-4e97-9e79-d0cd106bcd98.config
comment	UNKNOWN STEP	2026-09-11T10:27:27.4207535Z [command]/usr/bin/git config --local includeIf.gitdir:/github/workspace/.git/worktrees/*.path /github/runner_temp/git-credentials-cf45894a-b3b3-4e97-9e79-d0cd106bcd98.config
comment	UNKNOWN STEP	2026-09-11T10:27:27.4233763Z ##[endgroup]
comment	UNKNOWN STEP	2026-09-11T10:27:27.4236120Z ##[group]Fetching the repository
comment	UNKNOWN STEP	2026-09-11T10:27:27.4242991Z [command]/usr/bin/git -c protocol.version=2 fetch --no-tags --prune --no-recurse-submodules --depth=1 origin +20622e1259c29bda81831962ace1348ba1921c84:refs/remotes/origin/main
comment	UNKNOWN STEP	2026-09-11T10:27:27.7664105Z From https://github.com/psf/black
comment	UNKNOWN STEP	2026-09-11T10:27:27.7665998Z  * [new ref]         20622e1259c29bda81831962ace1348ba1921c84 -> origin/main
comment	UNKNOWN STEP	2026-09-11T10:27:27.7676269Z [command]/usr/bin/git branch --list --remote origin/main
comment	UNKNOWN STEP	2026-09-11T10:27:27.7700823Z   origin/main
comment	UNKNOWN STEP	2026-09-11T10:27:27.7709076Z [command]/usr/bin/git rev-parse refs/remotes/origin/main
comment	UNKNOWN STEP	2026-09-11T10:27:27.7730815Z 20622e1259c29bda81831962ace1348ba1921c84
comment	UNKNOWN STEP	2026-09-11T10:27:27.7739986Z ##[endgroup]
comment	UNKNOWN STEP	2026-09-11T10:27:27.7740836Z ##[group]Determining the checkout info
comment	UNKNOWN STEP	2026-09-11T10:27:27.7741560Z ##[endgroup]
comment	UNKNOWN STEP	2026-09-11T10:27:27.7749560Z [command]/usr/bin/git sparse-checkout disable
comment	UNKNOWN STEP	2026-09-11T10:27:27.7802534Z [command]/usr/bin/git config --local --unset-all extensions.worktreeConfig
comment	UNKNOWN STEP	2026-09-11T10:27:27.7831419Z ##[group]Checking out the ref
comment	UNKNOWN STEP	2026-09-11T10:27:27.7834537Z [command]/usr/bin/git checkout --progress --force -B main refs/remotes/origin/main
comment	UNKNOWN STEP	2026-09-11T10:27:27.8237558Z Switched to a new branch 'main'
comment	UNKNOWN STEP	2026-09-11T10:27:27.8242830Z branch 'main' set up to track 'origin/main'.
comment	UNKNOWN STEP	2026-09-11T10:27:27.8251078Z ##[endgroup]
comment	UNKNOWN STEP	2026-09-11T10:27:27.8294258Z [command]/usr/bin/git log -1 --format=%H
comment	UNKNOWN STEP	2026-09-11T10:27:27.8318096Z 20622e1259c29bda81831962ace1348ba1921c84
comment	UNKNOWN STEP	2026-09-11T10:27:27.8326844Z ##[group]Removing auth
comment	UNKNOWN STEP	2026-09-11T10:27:27.8327480Z Removing SSH command configuration
comment	UNKNOWN STEP	2026-09-11T10:27:27.8330419Z [command]/usr/bin/git config --local --name-only --get-regexp core\.sshCommand
comment	UNKNOWN STEP	2026-09-11T10:27:27.8361386Z [command]/usr/bin/git submodule foreach --recursive sh -c "git config --local --name-only --get-regexp 'core\.sshCommand' && git config --local --unset-all 'core.sshCommand' || :"
comment	UNKNOWN STEP	2026-09-11T10:27:27.8584786Z Removing HTTP extra header
comment	UNKNOWN STEP	2026-09-11T10:27:27.8588366Z [command]/usr/bin/git config --local --name-only --get-regexp http\.https\:\/\/github\.com\/\.extraheader
comment	UNKNOWN STEP	2026-09-11T10:27:27.8620140Z [command]/usr/bin/git submodule foreach --recursive sh -c "git config --local --name-only --get-regexp 'http\.https\:\/\/github\.com\/\.extraheader' && git config --local --unset-all 'http.https://github.com/.extraheader' || :"
comment	UNKNOWN STEP	2026-09-11T10:27:27.8839151Z Removing includeIf entries pointing to credentials config files
comment	UNKNOWN STEP	2026-09-11T10:27:27.8842495Z [command]/usr/bin/git config --local --name-only --get-regexp ^includeIf\.gitdir:
comment	UNKNOWN STEP	2026-09-11T10:27:27.8871424Z includeif.gitdir:/home/runner/work/black/black/.git.path
comment	UNKNOWN STEP	2026-09-11T10:27:27.8872680Z includeif.gitdir:/home/runner/work/black/black/.git/worktrees/*.path
comment	UNKNOWN STEP	2026-09-11T10:27:27.8873770Z includeif.gitdir:/github/workspace/.git.path
comment	UNKNOWN STEP	2026-09-11T10:27:27.8874758Z includeif.gitdir:/github/workspace/.git/worktrees/*.path
comment	UNKNOWN STEP	2026-09-11T10:27:27.8880312Z [command]/usr/bin/git config --local --get-all includeif.gitdir:/home/runner/work/black/black/.git.path
comment	UNKNOWN STEP	2026-09-11T10:27:27.8930526Z /home/runner/work/_temp/git-credentials-cf45894a-b3b3-4e97-9e79-d0cd106bcd98.config
comment	UNKNOWN STEP	2026-09-11T10:27:27.8939315Z [command]/usr/bin/git config --local --unset includeif.gitdir:/home/runner/work/black/black/.git.path \/home\/runner\/work\/_temp\/git\-credentials\-cf45894a\-b3b3\-4e97\-9e79\-d0cd106bcd98\.config
comment	UNKNOWN STEP	2026-09-11T10:27:27.8969681Z [command]/usr/bin/git config --local --get-all includeif.gitdir:/home/runner/work/black/black/.git/worktrees/*.path
comment	UNKNOWN STEP	2026-09-11T10:27:27.8994031Z /home/runner/work/_temp/git-credentials-cf45894a-b3b3-4e97-9e79-d0cd106bcd98.config
comment	UNKNOWN STEP	2026-09-11T10:27:27.9002293Z [command]/usr/bin/git config --local --unset includeif.gitdir:/home/runner/work/black/black/.git/worktrees/*.path \/home\/runner\/work\/_temp\/git\-credentials\-cf45894a\-b3b3\-4e97\-9e79\-d0cd106bcd98\.config
comment	UNKNOWN STEP	2026-09-11T10:27:27.9031907Z [command]/usr/bin/git config --local --get-all includeif.gitdir:/github/workspace/.git.path
comment	UNKNOWN STEP	2026-09-11T10:27:27.9082130Z /github/runner_temp/git-credentials-cf45894a-b3b3-4e97-9e79-d0cd106bcd98.config
comment	UNKNOWN STEP	2026-09-11T10:27:27.9101561Z [command]/usr/bin/git config --local --unset includeif.gitdir:/github/workspace/.git.path \/github\/runner_temp\/git\-credentials\-cf45894a\-b3b3\-4e97\-9e79\-d0cd106bcd98\.config
comment	UNKNOWN STEP	2026-09-11T10:27:27.9132381Z [command]/usr/bin/git config --local --get-all includeif.gitdir:/github/workspace/.git/worktrees/*.path
comment	UNKNOWN STEP	2026-09-11T10:27:27.9154695Z /github/runner_temp/git-credentials-cf45894a-b3b3-4e97-9e79-d0cd106bcd98.config
comment	UNKNOWN STEP	2026-09-11T10:27:27.9162643Z [command]/usr/bin/git config --local --unset includeif.gitdir:/github/workspace/.git/worktrees/*.path \/github\/runner_temp\/git\-credentials\-cf45894a\-b3b3\-4e97\-9e79\-d0cd106bcd98\.config
comment	UNKNOWN STEP	2026-09-11T10:27:27.9197144Z [command]/usr/bin/git submodule foreach --recursive git config --local --show-origin --name-only --get-regexp remote.origin.url
comment	UNKNOWN STEP	2026-09-11T10:27:27.9416865Z Removing credentials config '/home/runner/work/_temp/git-credentials-cf45894a-b3b3-4e97-9e79-d0cd106bcd98.config'
comment	UNKNOWN STEP	2026-09-11T10:27:27.9426573Z ##[endgroup]
comment	UNKNOWN STEP	2026-09-11T10:27:27.9677642Z ##[group]Run actions/download-artifact@3e5f45b2cfb9172054b4087a40e8e0b5a5461e7c
comment	UNKNOWN STEP	2026-09-11T10:27:27.9678338Z with:
comment	UNKNOWN STEP	2026-09-11T10:27:27.9678733Z   merge-multiple: true
comment	UNKNOWN STEP	2026-09-11T10:27:27.9679154Z   pattern: .*.pr-comment.md
comment	UNKNOWN STEP	2026-09-11T10:27:27.9679642Z   path: /home/runner/work/_temp/diff-shades-artifacts
comment	UNKNOWN STEP	2026-09-11T10:27:27.9683044Z   github-token: ***
comment	UNKNOWN STEP	2026-09-11T10:27:27.9683470Z   run-id: 31587163438
comment	UNKNOWN STEP	2026-09-11T10:27:27.9683887Z   repository: psf/black
comment	UNKNOWN STEP	2026-09-11T10:27:27.9684299Z   skip-decompress: false
comment	UNKNOWN STEP	2026-09-11T10:27:27.9684719Z   digest-mismatch: error
comment	UNKNOWN STEP	2026-09-11T10:27:27.9685111Z env:
comment	UNKNOWN STEP	2026-09-11T10:27:27.9685481Z   PIP_UPLOADED_PRIOR_TO: P2D
comment	UNKNOWN STEP	2026-09-11T10:27:27.9685898Z ##[endgroup]
comment	UNKNOWN STEP	2026-09-11T10:27:28.1253490Z Fetching artifact list for workflow run 31587163438 in repository psf/black
comment	UNKNOWN STEP	2026-09-11T10:27:28.2952958Z Found 0 artifact(s)
comment	UNKNOWN STEP	2026-09-11T10:27:28.2955042Z Filtering artifacts by pattern '.*.pr-comment.md'
comment	UNKNOWN STEP	2026-09-11T10:27:28.2971961Z Total of 0 artifact(s) downloaded
comment	UNKNOWN STEP	2026-09-11T10:27:28.2978723Z Download artifact has finished successfully
comment	UNKNOWN STEP	2026-09-11T10:27:28.3319937Z ##[group]Run set -euo pipefail
comment	UNKNOWN STEP	2026-09-11T10:27:28.3320557Z ^[[36;1mset -euo pipefail^[[0m
comment	UNKNOWN STEP	2026-09-11T10:27:28.3321223Z ^[[36;1m^[[0m
comment	UNKNOWN STEP	2026-09-11T10:27:28.3321719Z ^[[36;1martifact_dir="${RUNNER_TEMP}/diff-shades-artifacts"^[[0m
comment	UNKNOWN STEP	2026-09-11T10:27:28.3322404Z ^[[36;1mpreview_artifact="${artifact_dir}/.preview.pr-comment.md"^[[0m
comment	UNKNOWN STEP	2026-09-11T10:27:28.3323094Z ^[[36;1mstable_artifact="${artifact_dir}/.stable.pr-comment.md"^[[0m
comment	UNKNOWN STEP	2026-09-11T10:27:28.3323665Z ^[[36;1m^[[0m
comment	UNKNOWN STEP	2026-09-11T10:27:28.3324071Z ^[[36;1mif [ ! -d "$artifact_dir" ]; then^[[0m
comment	UNKNOWN STEP	2026-09-11T10:27:28.3324693Z ^[[36;1m    echo "::error::Artifact directory does not exist: ${artifact_dir}"^[[0m
comment	UNKNOWN STEP	2026-09-11T10:27:28.3325277Z ^[[36;1m    exit 1^[[0m
comment	UNKNOWN STEP	2026-09-11T10:27:28.3325697Z ^[[36;1mfi^[[0m
comment	UNKNOWN STEP	2026-09-11T10:27:28.3326071Z ^[[36;1m^[[0m
comment	UNKNOWN STEP	2026-09-11T10:27:28.3326481Z ^[[36;1mwhile IFS= read -r -d '' entry; do^[[0m
comment	UNKNOWN STEP	2026-09-11T10:27:28.3327052Z ^[[36;1m    if [ "$(dirname "$entry")" != "$artifact_dir" ]; then^[[0m
comment	UNKNOWN STEP	2026-09-11T10:27:28.3327726Z ^[[36;1m        echo "::error::Unexpected nested artifact path: ${entry}"^[[0m
comment	UNKNOWN STEP	2026-09-11T10:27:28.3328294Z ^[[36;1m        exit 1^[[0m
comment	UNKNOWN STEP	2026-09-11T10:27:28.3328704Z ^[[36;1m    fi^[[0m
comment	UNKNOWN STEP	2026-09-11T10:27:28.3329080Z ^[[36;1m^[[0m
comment	UNKNOWN STEP	2026-09-11T10:27:28.3329477Z ^[[36;1m    case "$(basename "$entry")" in^[[0m
comment	UNKNOWN STEP	2026-09-11T10:27:28.3330051Z ^[[36;1m        .preview.pr-comment.md|.stable.pr-comment.md) ;;^[[0m
comment	UNKNOWN STEP	2026-09-11T10:27:28.3330587Z ^[[36;1m        *)^[[0m
comment	UNKNOWN STEP	2026-09-11T10:27:28.3331241Z ^[[36;1m            echo "::error::Unexpected artifact path: ${entry}"^[[0m
comment	UNKNOWN STEP	2026-09-11T10:27:28.3331801Z ^[[36;1m            exit 1^[[0m
comment	UNKNOWN STEP	2026-09-11T10:27:28.3332219Z ^[[36;1m            ;;^[[0m
comment	UNKNOWN STEP	2026-09-11T10:27:28.3332627Z ^[[36;1m    esac^[[0m
comment	UNKNOWN STEP	2026-09-11T10:27:28.3333010Z ^[[36;1m^[[0m
comment	UNKNOWN STEP	2026-09-11T10:27:28.3333640Z ^[[36;1m    if [ ! -f "$entry" ] || [ -L "$entry" ]; then^[[0m
comment	UNKNOWN STEP	2026-09-11T10:27:28.3334264Z ^[[36;1m        echo "::error::Artifact must be a regular file: ${entry}"^[[0m
comment	UNKNOWN STEP	2026-09-11T10:27:28.3334833Z ^[[36;1m        exit 1^[[0m
comment	UNKNOWN STEP	2026-09-11T10:27:28.3335256Z ^[[36;1m    fi^[[0m
comment	UNKNOWN STEP	2026-09-11T10:27:28.3335737Z ^[[36;1mdone < <(find "$artifact_dir" -mindepth 1 -print0)^[[0m
comment	UNKNOWN STEP	2026-09-11T10:27:28.3336258Z ^[[36;1m^[[0m
comment	UNKNOWN STEP	2026-09-11T10:27:28.3336740Z ^[[36;1mfor artifact in "$preview_artifact" "$stable_artifact"; do^[[0m
comment	UNKNOWN STEP	2026-09-11T10:27:28.3337375Z ^[[36;1m    if [ ! -f "$artifact" ] || [ -L "$artifact" ]; then^[[0m
comment	UNKNOWN STEP	2026-09-11T10:27:28.3338000Z ^[[36;1m        echo "::error::Missing expected artifact file: ${artifact}"^[[0m
comment	UNKNOWN STEP	2026-09-11T10:27:28.3338561Z ^[[36;1m        exit 1^[[0m
comment	UNKNOWN STEP	2026-09-11T10:27:28.3338969Z ^[[36;1m    fi^[[0m
comment	UNKNOWN STEP	2026-09-11T10:27:28.3339347Z ^[[36;1mdone^[[0m
comment	UNKNOWN STEP	2026-09-11T10:27:28.3339726Z ^[[36;1m^[[0m
comment	UNKNOWN STEP	2026-09-11T10:27:28.3340088Z ^[[36;1m{^[[0m
comment	UNKNOWN STEP	2026-09-11T10:27:28.3340500Z ^[[36;1m    echo "preview=${preview_artifact}"^[[0m
comment	UNKNOWN STEP	2026-09-11T10:27:28.3341176Z ^[[36;1m    echo "stable=${stable_artifact}"^[[0m
comment	UNKNOWN STEP	2026-09-11T10:27:28.3341672Z ^[[36;1m} >> "$GITHUB_OUTPUT"^[[0m
comment	UNKNOWN STEP	2026-09-11T10:27:28.3384154Z shell: /usr/bin/bash --noprofile --norc -e -o pipefail {0}
comment	UNKNOWN STEP	2026-09-11T10:27:28.3384751Z env:
comment	UNKNOWN STEP	2026-09-11T10:27:28.3385170Z   PIP_UPLOADED_PRIOR_TO: P2D
comment	UNKNOWN STEP	2026-09-11T10:27:28.3385615Z ##[endgroup]
comment	UNKNOWN STEP	2026-09-11T10:27:28.3487103Z ##[error]Artifact directory does not exist: /home/runner/work/_temp/diff-shades-artifacts
comment	UNKNOWN STEP	2026-09-11T10:27:28.3498814Z ##[error]Process completed with exit code 1.
comment	UNKNOWN STEP	2026-09-11T10:27:28.3685281Z Post job cleanup.
comment	UNKNOWN STEP	2026-09-11T10:27:28.4522611Z [command]/usr/bin/git version
comment	UNKNOWN STEP	2026-09-11T10:27:28.4568528Z git version 2.55.0
comment	UNKNOWN STEP	2026-09-11T10:27:28.4607898Z Temporarily overriding HOME='/home/runner/work/_temp/0437741e-4091-45dc-8c9f-544e50f25f0b' before making global git config changes
comment	UNKNOWN STEP	2026-09-11T10:27:28.4609218Z Adding repository directory to the temporary git global config as a safe directory
comment	UNKNOWN STEP	2026-09-11T10:27:28.4615052Z [command]/usr/bin/git config --global --add safe.directory /home/runner/work/black/black
comment	UNKNOWN STEP	2026-09-11T10:27:28.4654092Z Removing SSH command configuration
comment	UNKNOWN STEP	2026-09-11T10:27:28.4660349Z [command]/usr/bin/git config --local --name-only --get-regexp core\.sshCommand
comment	UNKNOWN STEP	2026-09-11T10:27:28.4695984Z [command]/usr/bin/git submodule foreach --recursive sh -c "git config --local --name-only --get-regexp 'core\.sshCommand' && git config --local --unset-all 'core.sshCommand' || :"
comment	UNKNOWN STEP	2026-09-11T10:27:28.4927378Z Removing HTTP extra header
comment	UNKNOWN STEP	2026-09-11T10:27:28.4935199Z [command]/usr/bin/git config --local --name-only --get-regexp http\.https\:\/\/github\.com\/\.extraheader
comment	UNKNOWN STEP	2026-09-11T10:27:28.4961991Z [command]/usr/bin/git submodule foreach --recursive sh -c "git config --local --name-only --get-regexp 'http\.https\:\/\/github\.com\/\.extraheader' && git config --local --unset-all 'http.https://github.com/.extraheader' || :"
comment	UNKNOWN STEP	2026-09-11T10:27:28.5176451Z Removing includeIf entries pointing to credentials config files
comment	UNKNOWN STEP	2026-09-11T10:27:28.5183032Z [command]/usr/bin/git config --local --name-only --get-regexp ^includeIf\.gitdir:
comment	UNKNOWN STEP	2026-09-11T10:27:28.5215002Z [command]/usr/bin/git submodule foreach --recursive git config --local --show-origin --name-only --get-regexp remote.origin.url
comment	UNKNOWN STEP	2026-09-11T10:27:28.5567924Z Cleaning up orphan processes
