check	UNKNOWN STEP	﻿2026-09-07T02:48:35.2849402Z Current runner version: '2.337.0'
check	UNKNOWN STEP	2026-09-07T02:48:35.2875558Z ##[group]Runner Image Provisioner
check	UNKNOWN STEP	2026-09-07T02:48:35.2876504Z Hosted Compute Agent
check	UNKNOWN STEP	2026-09-07T02:48:35.2877128Z Version: 20260828.587
check	UNKNOWN STEP	2026-09-07T02:48:35.2878048Z Commit: abac92662cab4cc7352de4f9f9d2e2419aad9c29
check	UNKNOWN STEP	2026-09-07T02:48:35.2878873Z Build Date: 2026-08-28T16:44:25Z
check	UNKNOWN STEP	2026-09-07T02:48:35.2879567Z Worker ID: {774c8371-9aaf-4e3e-a1d9-c425a44f7b04}
check	UNKNOWN STEP	2026-09-07T02:48:35.2880269Z Azure Region: westus
check	UNKNOWN STEP	2026-09-07T02:48:35.2880898Z ##[endgroup]
check	UNKNOWN STEP	2026-09-07T02:48:35.2882414Z ##[group]Operating System
check	UNKNOWN STEP	2026-09-07T02:48:35.2883183Z Ubuntu
check	UNKNOWN STEP	2026-09-07T02:48:35.2883710Z 24.04.4
check	UNKNOWN STEP	2026-09-07T02:48:35.2884210Z LTS
check	UNKNOWN STEP	2026-09-07T02:48:35.2884776Z ##[endgroup]
check	UNKNOWN STEP	2026-09-07T02:48:35.2885366Z ##[group]Runner Image
check	UNKNOWN STEP	2026-09-07T02:48:35.2885988Z Image: ubuntu-24.04
check	UNKNOWN STEP	2026-09-07T02:48:35.2886571Z Version: 20260831.293.1
check	UNKNOWN STEP	2026-09-07T02:48:35.2888198Z Included Software: https://github.com/actions/runner-images/blob/ubuntu24/20260831.293/images/ubuntu/Ubuntu2404-Readme.md
check	UNKNOWN STEP	2026-09-07T02:48:35.2889857Z Image Release: https://github.com/actions/runner-images/releases/tag/ubuntu24%2F20260831.293
check	UNKNOWN STEP	2026-09-07T02:48:35.2890890Z ##[endgroup]
check	UNKNOWN STEP	2026-09-07T02:48:35.2892029Z ##[group]GITHUB_TOKEN Permissions
check	UNKNOWN STEP	2026-09-07T02:48:35.2894061Z Contents: read
check	UNKNOWN STEP	2026-09-07T02:48:35.2894733Z Metadata: read
check	UNKNOWN STEP	2026-09-07T02:48:35.2895304Z ##[endgroup]
check	UNKNOWN STEP	2026-09-07T02:48:35.2898290Z Secret source: None
check	UNKNOWN STEP	2026-09-07T02:48:35.2899563Z Prepare workflow directory
check	UNKNOWN STEP	2026-09-07T02:48:35.3317958Z Prepare all required actions
check	UNKNOWN STEP	2026-09-07T02:48:35.3365996Z Getting action download info
check	UNKNOWN STEP	2026-09-07T02:48:35.6828047Z Download action repository 'actions/checkout@3d3c42e5aac5ba805825da76410c181273ba90b1' (SHA:3d3c42e5aac5ba805825da76410c181273ba90b1)
check	UNKNOWN STEP	2026-09-07T02:48:35.9223451Z Complete job name: check
check	UNKNOWN STEP	2026-09-07T02:48:35.9980385Z ##[group]Run actions/checkout@3d3c42e5aac5ba805825da76410c181273ba90b1
check	UNKNOWN STEP	2026-09-07T02:48:35.9981490Z with:
check	UNKNOWN STEP	2026-09-07T02:48:35.9981955Z   persist-credentials: false
check	UNKNOWN STEP	2026-09-07T02:48:35.9982479Z   repository: psf/black
check	UNKNOWN STEP	2026-09-07T02:48:35.9986590Z   token: ***
check	UNKNOWN STEP	2026-09-07T02:48:35.9987017Z   ssh-strict: true
check	UNKNOWN STEP	2026-09-07T02:48:35.9987692Z   ssh-user: git
check	UNKNOWN STEP	2026-09-07T02:48:35.9988119Z   clean: true
check	UNKNOWN STEP	2026-09-07T02:48:35.9988562Z   sparse-checkout-cone-mode: true
check	UNKNOWN STEP	2026-09-07T02:48:35.9989101Z   fetch-depth: 1
check	UNKNOWN STEP	2026-09-07T02:48:35.9989533Z   fetch-tags: false
check	UNKNOWN STEP	2026-09-07T02:48:35.9989978Z   show-progress: true
check	UNKNOWN STEP	2026-09-07T02:48:35.9990419Z   lfs: false
check	UNKNOWN STEP	2026-09-07T02:48:35.9990832Z   submodules: false
check	UNKNOWN STEP	2026-09-07T02:48:35.9991280Z   set-safe-directory: true
check	UNKNOWN STEP	2026-09-07T02:48:35.9991790Z   allow-unsafe-pr-checkout: false
check	UNKNOWN STEP	2026-09-07T02:48:35.9992589Z env:
check	UNKNOWN STEP	2026-09-07T02:48:35.9993029Z   PIP_UPLOADED_PRIOR_TO: P2D
check	UNKNOWN STEP	2026-09-07T02:48:35.9993532Z ##[endgroup]
check	UNKNOWN STEP	2026-09-07T02:48:36.1017791Z Syncing repository: psf/black
check	UNKNOWN STEP	2026-09-07T02:48:36.1019938Z ##[group]Getting Git version info
check	UNKNOWN STEP	2026-09-07T02:48:36.1020655Z Working directory is '/home/runner/work/black/black'
check	UNKNOWN STEP	2026-09-07T02:48:36.1021638Z [command]/usr/bin/git version
check	UNKNOWN STEP	2026-09-07T02:48:36.1116342Z git version 2.55.0
check	UNKNOWN STEP	2026-09-07T02:48:36.1139046Z ##[endgroup]
check	UNKNOWN STEP	2026-09-07T02:48:36.1150468Z Temporarily overriding HOME='/home/runner/work/_temp/e980641f-a57c-4292-ba3c-1f9ae91baafb' before making global git config changes
check	UNKNOWN STEP	2026-09-07T02:48:36.1152411Z Adding repository directory to the temporary git global config as a safe directory
check	UNKNOWN STEP	2026-09-07T02:48:36.1156781Z [command]/usr/bin/git config --global --add safe.directory /home/runner/work/black/black
check	UNKNOWN STEP	2026-09-07T02:48:36.1204613Z Deleting the contents of '/home/runner/work/black/black'
check	UNKNOWN STEP	2026-09-07T02:48:36.1208520Z ##[group]Determining repository object format
check	UNKNOWN STEP	2026-09-07T02:48:36.1210261Z ##[endgroup]
check	UNKNOWN STEP	2026-09-07T02:48:36.1211011Z ##[group]Initializing the repository
check	UNKNOWN STEP	2026-09-07T02:48:36.1214678Z [command]/usr/bin/git init /home/runner/work/black/black
check	UNKNOWN STEP	2026-09-07T02:48:36.1317452Z hint: Using 'master' as the name for the initial branch. This default branch name
check	UNKNOWN STEP	2026-09-07T02:48:36.1318996Z hint: will change to "main" in Git 3.0. To configure the initial branch name
check	UNKNOWN STEP	2026-09-07T02:48:36.1321180Z hint: to use in all of your new repositories, which will suppress this warning,
check	UNKNOWN STEP	2026-09-07T02:48:36.1322912Z hint: call:
check	UNKNOWN STEP	2026-09-07T02:48:36.1323929Z hint:
check	UNKNOWN STEP	2026-09-07T02:48:36.1325127Z hint: 	git config --global init.defaultBranch <name>
check	UNKNOWN STEP	2026-09-07T02:48:36.1326496Z hint:
check	UNKNOWN STEP	2026-09-07T02:48:36.1328063Z hint: Names commonly chosen instead of 'master' are 'main', 'trunk' and
check	UNKNOWN STEP	2026-09-07T02:48:36.1329856Z hint: 'development'. The just-created branch can be renamed via this command:
check	UNKNOWN STEP	2026-09-07T02:48:36.1331346Z hint:
check	UNKNOWN STEP	2026-09-07T02:48:36.1332411Z hint: 	git branch -m <name>
check	UNKNOWN STEP	2026-09-07T02:48:36.1333598Z hint:
check	UNKNOWN STEP	2026-09-07T02:48:36.1334884Z hint: Disable this message with "git config set advice.defaultBranchName false"
check	UNKNOWN STEP	2026-09-07T02:48:36.1336777Z Initialized empty Git repository in /home/runner/work/black/black/.git/
check	UNKNOWN STEP	2026-09-07T02:48:36.1339726Z [command]/usr/bin/git remote add origin https://github.com/psf/black
check	UNKNOWN STEP	2026-09-07T02:48:36.1382813Z ##[endgroup]
check	UNKNOWN STEP	2026-09-07T02:48:36.1384143Z ##[group]Disabling automatic garbage collection
check	UNKNOWN STEP	2026-09-07T02:48:36.1387671Z [command]/usr/bin/git config --local gc.auto 0
check	UNKNOWN STEP	2026-09-07T02:48:36.1419084Z ##[endgroup]
check	UNKNOWN STEP	2026-09-07T02:48:36.1420420Z ##[group]Setting up auth
check	UNKNOWN STEP	2026-09-07T02:48:36.1421421Z Removing SSH command configuration
check	UNKNOWN STEP	2026-09-07T02:48:36.1426527Z [command]/usr/bin/git config --local --name-only --get-regexp core\.sshCommand
check	UNKNOWN STEP	2026-09-07T02:48:36.1459917Z [command]/usr/bin/git submodule foreach --recursive sh -c "git config --local --name-only --get-regexp 'core\.sshCommand' && git config --local --unset-all 'core.sshCommand' || :"
check	UNKNOWN STEP	2026-09-07T02:48:36.1797624Z Removing HTTP extra header
check	UNKNOWN STEP	2026-09-07T02:48:36.1803688Z [command]/usr/bin/git config --local --name-only --get-regexp http\.https\:\/\/github\.com\/\.extraheader
check	UNKNOWN STEP	2026-09-07T02:48:36.1838196Z [command]/usr/bin/git submodule foreach --recursive sh -c "git config --local --name-only --get-regexp 'http\.https\:\/\/github\.com\/\.extraheader' && git config --local --unset-all 'http.https://github.com/.extraheader' || :"
check	UNKNOWN STEP	2026-09-07T02:48:36.2056381Z Removing includeIf entries pointing to credentials config files
check	UNKNOWN STEP	2026-09-07T02:48:36.2062249Z [command]/usr/bin/git config --local --name-only --get-regexp ^includeIf\.gitdir:
check	UNKNOWN STEP	2026-09-07T02:48:36.2093135Z [command]/usr/bin/git submodule foreach --recursive git config --local --show-origin --name-only --get-regexp remote.origin.url
check	UNKNOWN STEP	2026-09-07T02:48:36.2319364Z [command]/usr/bin/git config --file /home/runner/work/_temp/git-credentials-0d97599b-f7e3-454d-9fef-c699d89335aa.config http.https://github.com/.extraheader AUTHORIZATION: basic ***
check	UNKNOWN STEP	2026-09-07T02:48:36.2356541Z [command]/usr/bin/git config --local includeIf.gitdir:/home/runner/work/black/black/.git.path /home/runner/work/_temp/git-credentials-0d97599b-f7e3-454d-9fef-c699d89335aa.config
check	UNKNOWN STEP	2026-09-07T02:48:36.2386209Z [command]/usr/bin/git config --local includeIf.gitdir:/home/runner/work/black/black/.git/worktrees/*.path /home/runner/work/_temp/git-credentials-0d97599b-f7e3-454d-9fef-c699d89335aa.config
check	UNKNOWN STEP	2026-09-07T02:48:36.2419702Z [command]/usr/bin/git config --local includeIf.gitdir:/github/workspace/.git.path /github/runner_temp/git-credentials-0d97599b-f7e3-454d-9fef-c699d89335aa.config
check	UNKNOWN STEP	2026-09-07T02:48:36.2449529Z [command]/usr/bin/git config --local includeIf.gitdir:/github/workspace/.git/worktrees/*.path /github/runner_temp/git-credentials-0d97599b-f7e3-454d-9fef-c699d89335aa.config
check	UNKNOWN STEP	2026-09-07T02:48:36.2476669Z ##[endgroup]
check	UNKNOWN STEP	2026-09-07T02:48:36.2477776Z ##[group]Fetching the repository
check	UNKNOWN STEP	2026-09-07T02:48:36.2483884Z [command]/usr/bin/git -c protocol.version=2 fetch --no-tags --prune --no-recurse-submodules --depth=1 origin +21f76b03c0538896bfabf0bddd314368912d75ef:refs/remotes/pull/5390/merge
check	UNKNOWN STEP	2026-09-07T02:48:36.9216247Z From https://github.com/psf/black
check	UNKNOWN STEP	2026-09-07T02:48:36.9218871Z  * [new ref]         21f76b03c0538896bfabf0bddd314368912d75ef -> pull/5390/merge
check	UNKNOWN STEP	2026-09-07T02:48:36.9222360Z ##[endgroup]
check	UNKNOWN STEP	2026-09-07T02:48:36.9224104Z ##[group]Determining the checkout info
check	UNKNOWN STEP	2026-09-07T02:48:36.9225938Z ##[endgroup]
check	UNKNOWN STEP	2026-09-07T02:48:36.9227653Z [command]/usr/bin/git sparse-checkout disable
check	UNKNOWN STEP	2026-09-07T02:48:36.9234611Z [command]/usr/bin/git config --local --unset-all extensions.worktreeConfig
check	UNKNOWN STEP	2026-09-07T02:48:36.9259823Z ##[group]Checking out the ref
check	UNKNOWN STEP	2026-09-07T02:48:36.9263608Z [command]/usr/bin/git checkout --progress --force refs/remotes/pull/5390/merge
check	UNKNOWN STEP	2026-09-07T02:48:36.9672392Z Note: switching to 'refs/remotes/pull/5390/merge'.
check	UNKNOWN STEP	2026-09-07T02:48:36.9673339Z 
check	UNKNOWN STEP	2026-09-07T02:48:36.9673811Z You are in 'detached HEAD' state. You can look around, make experimental
check	UNKNOWN STEP	2026-09-07T02:48:36.9674934Z changes and commit them, and you can discard any commits you make in this
check	UNKNOWN STEP	2026-09-07T02:48:36.9676058Z state without impacting any branches by switching back to a branch.
check	UNKNOWN STEP	2026-09-07T02:48:36.9676781Z 
check	UNKNOWN STEP	2026-09-07T02:48:36.9677588Z If you want to create a new branch to retain commits you create, you may
check	UNKNOWN STEP	2026-09-07T02:48:36.9678833Z do so (now or later) by using -c with the switch command. Example:
check	UNKNOWN STEP	2026-09-07T02:48:36.9679505Z 
check	UNKNOWN STEP	2026-09-07T02:48:36.9679732Z   git switch -c <new-branch-name>
check	UNKNOWN STEP	2026-09-07T02:48:36.9680166Z 
check	UNKNOWN STEP	2026-09-07T02:48:36.9680374Z Or undo this operation with:
check	UNKNOWN STEP	2026-09-07T02:48:36.9680765Z 
check	UNKNOWN STEP	2026-09-07T02:48:36.9680930Z   git switch -
check	UNKNOWN STEP	2026-09-07T02:48:36.9681186Z 
check	UNKNOWN STEP	2026-09-07T02:48:36.9681962Z Turn off this advice by setting config variable advice.detachedHead to false
check	UNKNOWN STEP	2026-09-07T02:48:36.9683116Z 
check	UNKNOWN STEP	2026-09-07T02:48:36.9684249Z HEAD is now at 21f76b0 Merge 0a2b2ed803d969e4e64150180c52d8c18f62c6bb into 20622e1259c29bda81831962ace1348ba1921c84
check	UNKNOWN STEP	2026-09-07T02:48:36.9687572Z ##[endgroup]
check	UNKNOWN STEP	2026-09-07T02:48:36.9727694Z [command]/usr/bin/git log -1 --format=%H
check	UNKNOWN STEP	2026-09-07T02:48:36.9752159Z 21f76b03c0538896bfabf0bddd314368912d75ef
check	UNKNOWN STEP	2026-09-07T02:48:36.9762248Z ##[group]Removing auth
check	UNKNOWN STEP	2026-09-07T02:48:36.9763162Z Removing SSH command configuration
check	UNKNOWN STEP	2026-09-07T02:48:36.9766242Z [command]/usr/bin/git config --local --name-only --get-regexp core\.sshCommand
check	UNKNOWN STEP	2026-09-07T02:48:36.9800260Z [command]/usr/bin/git submodule foreach --recursive sh -c "git config --local --name-only --get-regexp 'core\.sshCommand' && git config --local --unset-all 'core.sshCommand' || :"
check	UNKNOWN STEP	2026-09-07T02:48:37.0021550Z Removing HTTP extra header
check	UNKNOWN STEP	2026-09-07T02:48:37.0025272Z [command]/usr/bin/git config --local --name-only --get-regexp http\.https\:\/\/github\.com\/\.extraheader
check	UNKNOWN STEP	2026-09-07T02:48:37.0062922Z [command]/usr/bin/git submodule foreach --recursive sh -c "git config --local --name-only --get-regexp 'http\.https\:\/\/github\.com\/\.extraheader' && git config --local --unset-all 'http.https://github.com/.extraheader' || :"
check	UNKNOWN STEP	2026-09-07T02:48:37.0287434Z Removing includeIf entries pointing to credentials config files
check	UNKNOWN STEP	2026-09-07T02:48:37.0290602Z [command]/usr/bin/git config --local --name-only --get-regexp ^includeIf\.gitdir:
check	UNKNOWN STEP	2026-09-07T02:48:37.0316838Z includeif.gitdir:/home/runner/work/black/black/.git.path
check	UNKNOWN STEP	2026-09-07T02:48:37.0319883Z includeif.gitdir:/home/runner/work/black/black/.git/worktrees/*.path
check	UNKNOWN STEP	2026-09-07T02:48:37.0322230Z includeif.gitdir:/github/workspace/.git.path
check	UNKNOWN STEP	2026-09-07T02:48:37.0324257Z includeif.gitdir:/github/workspace/.git/worktrees/*.path
check	UNKNOWN STEP	2026-09-07T02:48:37.0328905Z [command]/usr/bin/git config --local --get-all includeif.gitdir:/home/runner/work/black/black/.git.path
check	UNKNOWN STEP	2026-09-07T02:48:37.0350905Z /home/runner/work/_temp/git-credentials-0d97599b-f7e3-454d-9fef-c699d89335aa.config
check	UNKNOWN STEP	2026-09-07T02:48:37.0363409Z [command]/usr/bin/git config --local --unset includeif.gitdir:/home/runner/work/black/black/.git.path \/home\/runner\/work\/_temp\/git\-credentials\-0d97599b\-f7e3\-454d\-9fef\-c699d89335aa\.config
check	UNKNOWN STEP	2026-09-07T02:48:37.0395680Z [command]/usr/bin/git config --local --get-all includeif.gitdir:/home/runner/work/black/black/.git/worktrees/*.path
check	UNKNOWN STEP	2026-09-07T02:48:37.0418883Z /home/runner/work/_temp/git-credentials-0d97599b-f7e3-454d-9fef-c699d89335aa.config
check	UNKNOWN STEP	2026-09-07T02:48:37.0429709Z [command]/usr/bin/git config --local --unset includeif.gitdir:/home/runner/work/black/black/.git/worktrees/*.path \/home\/runner\/work\/_temp\/git\-credentials\-0d97599b\-f7e3\-454d\-9fef\-c699d89335aa\.config
check	UNKNOWN STEP	2026-09-07T02:48:37.0458649Z [command]/usr/bin/git config --local --get-all includeif.gitdir:/github/workspace/.git.path
check	UNKNOWN STEP	2026-09-07T02:48:37.0479560Z /github/runner_temp/git-credentials-0d97599b-f7e3-454d-9fef-c699d89335aa.config
check	UNKNOWN STEP	2026-09-07T02:48:37.0490258Z [command]/usr/bin/git config --local --unset includeif.gitdir:/github/workspace/.git.path \/github\/runner_temp\/git\-credentials\-0d97599b\-f7e3\-454d\-9fef\-c699d89335aa\.config
check	UNKNOWN STEP	2026-09-07T02:48:37.0521827Z [command]/usr/bin/git config --local --get-all includeif.gitdir:/github/workspace/.git/worktrees/*.path
check	UNKNOWN STEP	2026-09-07T02:48:37.0543762Z /github/runner_temp/git-credentials-0d97599b-f7e3-454d-9fef-c699d89335aa.config
check	UNKNOWN STEP	2026-09-07T02:48:37.0584351Z [command]/usr/bin/git config --local --unset includeif.gitdir:/github/workspace/.git/worktrees/*.path \/github\/runner_temp\/git\-credentials\-0d97599b\-f7e3\-454d\-9fef\-c699d89335aa\.config
check	UNKNOWN STEP	2026-09-07T02:48:37.0638314Z [command]/usr/bin/git submodule foreach --recursive git config --local --show-origin --name-only --get-regexp remote.origin.url
check	UNKNOWN STEP	2026-09-07T02:48:37.0851060Z Removing credentials config '/home/runner/work/_temp/git-credentials-0d97599b-f7e3-454d-9fef-c699d89335aa.config'
check	UNKNOWN STEP	2026-09-07T02:48:37.0859271Z ##[endgroup]
check	UNKNOWN STEP	2026-09-07T02:48:37.1161963Z ##[group]Run grep -Pz "\((\n\s*)?#5390(\n\s*)?\)" CHANGES.md || \
check	UNKNOWN STEP	2026-09-07T02:48:37.1163491Z ^[[36;1mgrep -Pz "\((\n\s*)?#5390(\n\s*)?\)" CHANGES.md || \^[[0m
check	UNKNOWN STEP	2026-09-07T02:48:37.1165821Z ^[[36;1m(echo "Please add '(#5390)' change line to CHANGES.md (or if appropriate, ask a maintainer to add the 'ci: skip news' label)" && \^[[0m
check	UNKNOWN STEP	2026-09-07T02:48:37.1168272Z ^[[36;1mexit 1)^[[0m
check	UNKNOWN STEP	2026-09-07T02:48:37.1208938Z shell: /usr/bin/bash -e {0}
check	UNKNOWN STEP	2026-09-07T02:48:37.1209639Z env:
check	UNKNOWN STEP	2026-09-07T02:48:37.1210117Z   PIP_UPLOADED_PRIOR_TO: P2D
check	UNKNOWN STEP	2026-09-07T02:48:37.1210796Z ##[endgroup]
check	UNKNOWN STEP	2026-09-07T02:48:37.1314875Z Please add '(#5390)' change line to CHANGES.md (or if appropriate, ask a maintainer to add the 'ci: skip news' label)
check	UNKNOWN STEP	2026-09-07T02:48:37.1330238Z ##[error]Process completed with exit code 1.
check	UNKNOWN STEP	2026-09-07T02:48:37.1671085Z Post job cleanup.
check	UNKNOWN STEP	2026-09-07T02:48:37.2551731Z [command]/usr/bin/git version
check	UNKNOWN STEP	2026-09-07T02:48:37.2592173Z git version 2.55.0
check	UNKNOWN STEP	2026-09-07T02:48:37.2634197Z Temporarily overriding HOME='/home/runner/work/_temp/223a0867-1222-42a6-845f-c48b749586bd' before making global git config changes
check	UNKNOWN STEP	2026-09-07T02:48:37.2639023Z Adding repository directory to the temporary git global config as a safe directory
check	UNKNOWN STEP	2026-09-07T02:48:37.2642494Z [command]/usr/bin/git config --global --add safe.directory /home/runner/work/black/black
check	UNKNOWN STEP	2026-09-07T02:48:37.2681496Z Removing SSH command configuration
check	UNKNOWN STEP	2026-09-07T02:48:37.2683765Z [command]/usr/bin/git config --local --name-only --get-regexp core\.sshCommand
check	UNKNOWN STEP	2026-09-07T02:48:37.2720968Z [command]/usr/bin/git submodule foreach --recursive sh -c "git config --local --name-only --get-regexp 'core\.sshCommand' && git config --local --unset-all 'core.sshCommand' || :"
check	UNKNOWN STEP	2026-09-07T02:48:37.2945485Z Removing HTTP extra header
check	UNKNOWN STEP	2026-09-07T02:48:37.2951356Z [command]/usr/bin/git config --local --name-only --get-regexp http\.https\:\/\/github\.com\/\.extraheader
check	UNKNOWN STEP	2026-09-07T02:48:37.2986650Z [command]/usr/bin/git submodule foreach --recursive sh -c "git config --local --name-only --get-regexp 'http\.https\:\/\/github\.com\/\.extraheader' && git config --local --unset-all 'http.https://github.com/.extraheader' || :"
check	UNKNOWN STEP	2026-09-07T02:48:37.3206504Z Removing includeIf entries pointing to credentials config files
check	UNKNOWN STEP	2026-09-07T02:48:37.3212130Z [command]/usr/bin/git config --local --name-only --get-regexp ^includeIf\.gitdir:
check	UNKNOWN STEP	2026-09-07T02:48:37.3244634Z [command]/usr/bin/git submodule foreach --recursive git config --local --show-origin --name-only --get-regexp remote.origin.url
check	UNKNOWN STEP	2026-09-07T02:48:37.3623207Z Cleaning up orphan processes
