comment	UNKNOWN STEP	﻿2026-09-07T02:31:59.6149353Z Current runner version: '2.337.0'
comment	UNKNOWN STEP	2026-09-07T02:31:59.6176020Z ##[group]Runner Image Provisioner
comment	UNKNOWN STEP	2026-09-07T02:31:59.6176883Z Hosted Compute Agent
comment	UNKNOWN STEP	2026-09-07T02:31:59.6177585Z Version: 20260828.587
comment	UNKNOWN STEP	2026-09-07T02:31:59.6178485Z Commit: abac92662cab4cc7352de4f9f9d2e2419aad9c29
comment	UNKNOWN STEP	2026-09-07T02:31:59.6179337Z Build Date: 2026-08-28T16:44:25Z
comment	UNKNOWN STEP	2026-09-07T02:31:59.6180081Z Worker ID: {2c2e7491-ad0d-405a-bfa2-bb809c9e5e31}
comment	UNKNOWN STEP	2026-09-07T02:31:59.6180809Z Azure Region: eastus
comment	UNKNOWN STEP	2026-09-07T02:31:59.6181437Z ##[endgroup]
comment	UNKNOWN STEP	2026-09-07T02:31:59.6182973Z ##[group]Operating System
comment	UNKNOWN STEP	2026-09-07T02:31:59.6183738Z Ubuntu
comment	UNKNOWN STEP	2026-09-07T02:31:59.6184371Z 24.04.4
comment	UNKNOWN STEP	2026-09-07T02:31:59.6184887Z LTS
comment	UNKNOWN STEP	2026-09-07T02:31:59.6185475Z ##[endgroup]
comment	UNKNOWN STEP	2026-09-07T02:31:59.6186063Z ##[group]Runner Image
comment	UNKNOWN STEP	2026-09-07T02:31:59.6186737Z Image: ubuntu-24.04
comment	UNKNOWN STEP	2026-09-07T02:31:59.6187362Z Version: 20260831.293.1
comment	UNKNOWN STEP	2026-09-07T02:31:59.6188857Z Included Software: https://github.com/actions/runner-images/blob/ubuntu24/20260831.293/images/ubuntu/Ubuntu2404-Readme.md
comment	UNKNOWN STEP	2026-09-07T02:31:59.6190565Z Image Release: https://github.com/actions/runner-images/releases/tag/ubuntu24%2F20260831.293
comment	UNKNOWN STEP	2026-09-07T02:31:59.6191667Z ##[endgroup]
comment	UNKNOWN STEP	2026-09-07T02:31:59.6192799Z ##[group]GITHUB_TOKEN Permissions
comment	UNKNOWN STEP	2026-09-07T02:31:59.6194975Z Metadata: read
comment	UNKNOWN STEP	2026-09-07T02:31:59.6195616Z PullRequests: write
comment	UNKNOWN STEP	2026-09-07T02:31:59.6196370Z ##[endgroup]
comment	UNKNOWN STEP	2026-09-07T02:31:59.6199000Z Secret source: Actions
comment	UNKNOWN STEP	2026-09-07T02:31:59.6200471Z Prepare workflow directory
comment	UNKNOWN STEP	2026-09-07T02:31:59.6589857Z Prepare all required actions
comment	UNKNOWN STEP	2026-09-07T02:31:59.6638685Z Getting action download info
comment	UNKNOWN STEP	2026-09-07T02:31:59.8980129Z Download action repository 'actions/checkout@3d3c42e5aac5ba805825da76410c181273ba90b1' (SHA:3d3c42e5aac5ba805825da76410c181273ba90b1)
comment	UNKNOWN STEP	2026-09-07T02:32:00.0055741Z Download action repository 'actions/download-artifact@3e5f45b2cfb9172054b4087a40e8e0b5a5461e7c' (SHA:3e5f45b2cfb9172054b4087a40e8e0b5a5461e7c)
comment	UNKNOWN STEP	2026-09-07T02:32:00.1585837Z Download action repository 'actions/setup-python@5fda3b95a4ea91299a34e894583c3862153e4b97' (SHA:5fda3b95a4ea91299a34e894583c3862153e4b97)
comment	UNKNOWN STEP	2026-09-07T02:32:00.3066934Z Download action repository 'peter-evans/find-comment@b30e6a3c0ed37e7c023ccd3f1db5c6c0b0c23aad' (SHA:b30e6a3c0ed37e7c023ccd3f1db5c6c0b0c23aad)
comment	UNKNOWN STEP	2026-09-07T02:32:00.4134825Z Download action repository 'peter-evans/create-or-update-comment@e8674b075228eee787fea43ef493e45ece1004c9' (SHA:e8674b075228eee787fea43ef493e45ece1004c9)
comment	UNKNOWN STEP	2026-09-07T02:32:00.6167339Z Complete job name: comment
comment	UNKNOWN STEP	2026-09-07T02:32:00.6968945Z ##[group]Run actions/checkout@3d3c42e5aac5ba805825da76410c181273ba90b1
comment	UNKNOWN STEP	2026-09-07T02:32:00.6970220Z with:
comment	UNKNOWN STEP	2026-09-07T02:32:00.6970696Z   persist-credentials: false
comment	UNKNOWN STEP	2026-09-07T02:32:00.6971225Z   repository: psf/black
comment	UNKNOWN STEP	2026-09-07T02:32:00.6975252Z   token: ***
comment	UNKNOWN STEP	2026-09-07T02:32:00.6975696Z   ssh-strict: true
comment	UNKNOWN STEP	2026-09-07T02:32:00.6976142Z   ssh-user: git
comment	UNKNOWN STEP	2026-09-07T02:32:00.6976570Z   clean: true
comment	UNKNOWN STEP	2026-09-07T02:32:00.6977031Z   sparse-checkout-cone-mode: true
comment	UNKNOWN STEP	2026-09-07T02:32:00.6977560Z   fetch-depth: 1
comment	UNKNOWN STEP	2026-09-07T02:32:00.6978227Z   fetch-tags: false
comment	UNKNOWN STEP	2026-09-07T02:32:00.6978692Z   show-progress: true
comment	UNKNOWN STEP	2026-09-07T02:32:00.6979153Z   lfs: false
comment	UNKNOWN STEP	2026-09-07T02:32:00.6979582Z   submodules: false
comment	UNKNOWN STEP	2026-09-07T02:32:00.6980038Z   set-safe-directory: true
comment	UNKNOWN STEP	2026-09-07T02:32:00.6980552Z   allow-unsafe-pr-checkout: false
comment	UNKNOWN STEP	2026-09-07T02:32:00.6981379Z env:
comment	UNKNOWN STEP	2026-09-07T02:32:00.6981827Z   PIP_UPLOADED_PRIOR_TO: P2D
comment	UNKNOWN STEP	2026-09-07T02:32:00.6982394Z ##[endgroup]
comment	UNKNOWN STEP	2026-09-07T02:32:00.7972235Z Syncing repository: psf/black
comment	UNKNOWN STEP	2026-09-07T02:32:00.7974215Z ##[group]Getting Git version info
comment	UNKNOWN STEP	2026-09-07T02:32:00.7974969Z Working directory is '/home/runner/work/black/black'
comment	UNKNOWN STEP	2026-09-07T02:32:00.7976136Z [command]/usr/bin/git version
comment	UNKNOWN STEP	2026-09-07T02:32:00.8032037Z git version 2.55.0
comment	UNKNOWN STEP	2026-09-07T02:32:00.8053344Z ##[endgroup]
comment	UNKNOWN STEP	2026-09-07T02:32:00.8064145Z Temporarily overriding HOME='/home/runner/work/_temp/f4021d52-4da6-4e43-a63e-634985e18966' before making global git config changes
comment	UNKNOWN STEP	2026-09-07T02:32:00.8071066Z Adding repository directory to the temporary git global config as a safe directory
comment	UNKNOWN STEP	2026-09-07T02:32:00.8073467Z [command]/usr/bin/git config --global --add safe.directory /home/runner/work/black/black
comment	UNKNOWN STEP	2026-09-07T02:32:00.8118064Z Deleting the contents of '/home/runner/work/black/black'
comment	UNKNOWN STEP	2026-09-07T02:32:00.8193753Z ##[group]Determining repository object format
comment	UNKNOWN STEP	2026-09-07T02:32:00.8195293Z ##[endgroup]
comment	UNKNOWN STEP	2026-09-07T02:32:00.8196199Z ##[group]Initializing the repository
comment	UNKNOWN STEP	2026-09-07T02:32:00.8197114Z [command]/usr/bin/git init /home/runner/work/black/black
comment	UNKNOWN STEP	2026-09-07T02:32:00.8237453Z hint: Using 'master' as the name for the initial branch. This default branch name
comment	UNKNOWN STEP	2026-09-07T02:32:00.8239191Z hint: will change to "main" in Git 3.0. To configure the initial branch name
comment	UNKNOWN STEP	2026-09-07T02:32:00.8240835Z hint: to use in all of your new repositories, which will suppress this warning,
comment	UNKNOWN STEP	2026-09-07T02:32:00.8242381Z hint: call:
comment	UNKNOWN STEP	2026-09-07T02:32:00.8243187Z hint:
comment	UNKNOWN STEP	2026-09-07T02:32:00.8244244Z hint: 	git config --global init.defaultBranch <name>
comment	UNKNOWN STEP	2026-09-07T02:32:00.8245455Z hint:
comment	UNKNOWN STEP	2026-09-07T02:32:00.8246718Z hint: Names commonly chosen instead of 'master' are 'main', 'trunk' and
comment	UNKNOWN STEP	2026-09-07T02:32:00.8248911Z hint: 'development'. The just-created branch can be renamed via this command:
comment	UNKNOWN STEP	2026-09-07T02:32:00.8250260Z hint:
comment	UNKNOWN STEP	2026-09-07T02:32:00.8251018Z hint: 	git branch -m <name>
comment	UNKNOWN STEP	2026-09-07T02:32:00.8251956Z hint:
comment	UNKNOWN STEP	2026-09-07T02:32:00.8253207Z hint: Disable this message with "git config set advice.defaultBranchName false"
comment	UNKNOWN STEP	2026-09-07T02:32:00.8254895Z Initialized empty Git repository in /home/runner/work/black/black/.git/
comment	UNKNOWN STEP	2026-09-07T02:32:00.8257993Z [command]/usr/bin/git remote add origin https://github.com/psf/black
comment	UNKNOWN STEP	2026-09-07T02:32:00.8300827Z ##[endgroup]
comment	UNKNOWN STEP	2026-09-07T02:32:00.8302291Z ##[group]Disabling automatic garbage collection
comment	UNKNOWN STEP	2026-09-07T02:32:00.8304495Z [command]/usr/bin/git config --local gc.auto 0
comment	UNKNOWN STEP	2026-09-07T02:32:00.8333040Z ##[endgroup]
comment	UNKNOWN STEP	2026-09-07T02:32:00.8333930Z ##[group]Setting up auth
comment	UNKNOWN STEP	2026-09-07T02:32:00.8334620Z Removing SSH command configuration
comment	UNKNOWN STEP	2026-09-07T02:32:00.8340302Z [command]/usr/bin/git config --local --name-only --get-regexp core\.sshCommand
comment	UNKNOWN STEP	2026-09-07T02:32:00.8371182Z [command]/usr/bin/git submodule foreach --recursive sh -c "git config --local --name-only --get-regexp 'core\.sshCommand' && git config --local --unset-all 'core.sshCommand' || :"
comment	UNKNOWN STEP	2026-09-07T02:32:00.8695864Z Removing HTTP extra header
comment	UNKNOWN STEP	2026-09-07T02:32:00.8703551Z [command]/usr/bin/git config --local --name-only --get-regexp http\.https\:\/\/github\.com\/\.extraheader
comment	UNKNOWN STEP	2026-09-07T02:32:00.8734754Z [command]/usr/bin/git submodule foreach --recursive sh -c "git config --local --name-only --get-regexp 'http\.https\:\/\/github\.com\/\.extraheader' && git config --local --unset-all 'http.https://github.com/.extraheader' || :"
comment	UNKNOWN STEP	2026-09-07T02:32:00.8946885Z Removing includeIf entries pointing to credentials config files
comment	UNKNOWN STEP	2026-09-07T02:32:00.8952062Z [command]/usr/bin/git config --local --name-only --get-regexp ^includeIf\.gitdir:
comment	UNKNOWN STEP	2026-09-07T02:32:00.8981272Z [command]/usr/bin/git submodule foreach --recursive git config --local --show-origin --name-only --get-regexp remote.origin.url
comment	UNKNOWN STEP	2026-09-07T02:32:00.9193525Z [command]/usr/bin/git config --file /home/runner/work/_temp/git-credentials-4d26ece7-1a7e-4aba-9b8d-cac7609e003b.config http.https://github.com/.extraheader AUTHORIZATION: basic ***
comment	UNKNOWN STEP	2026-09-07T02:32:00.9227265Z [command]/usr/bin/git config --local includeIf.gitdir:/home/runner/work/black/black/.git.path /home/runner/work/_temp/git-credentials-4d26ece7-1a7e-4aba-9b8d-cac7609e003b.config
comment	UNKNOWN STEP	2026-09-07T02:32:00.9256250Z [command]/usr/bin/git config --local includeIf.gitdir:/home/runner/work/black/black/.git/worktrees/*.path /home/runner/work/_temp/git-credentials-4d26ece7-1a7e-4aba-9b8d-cac7609e003b.config
comment	UNKNOWN STEP	2026-09-07T02:32:00.9289066Z [command]/usr/bin/git config --local includeIf.gitdir:/github/workspace/.git.path /github/runner_temp/git-credentials-4d26ece7-1a7e-4aba-9b8d-cac7609e003b.config
comment	UNKNOWN STEP	2026-09-07T02:32:00.9317305Z [command]/usr/bin/git config --local includeIf.gitdir:/github/workspace/.git/worktrees/*.path /github/runner_temp/git-credentials-4d26ece7-1a7e-4aba-9b8d-cac7609e003b.config
comment	UNKNOWN STEP	2026-09-07T02:32:00.9344345Z ##[endgroup]
comment	UNKNOWN STEP	2026-09-07T02:32:00.9345125Z ##[group]Fetching the repository
comment	UNKNOWN STEP	2026-09-07T02:32:00.9350998Z [command]/usr/bin/git -c protocol.version=2 fetch --no-tags --prune --no-recurse-submodules --depth=1 origin +20622e1259c29bda81831962ace1348ba1921c84:refs/remotes/origin/main
comment	UNKNOWN STEP	2026-09-07T02:32:01.2949996Z From https://github.com/psf/black
comment	UNKNOWN STEP	2026-09-07T02:32:01.2951506Z  * [new ref]         20622e1259c29bda81831962ace1348ba1921c84 -> origin/main
comment	UNKNOWN STEP	2026-09-07T02:32:01.2959296Z [command]/usr/bin/git branch --list --remote origin/main
comment	UNKNOWN STEP	2026-09-07T02:32:01.2983923Z   origin/main
comment	UNKNOWN STEP	2026-09-07T02:32:01.2993203Z [command]/usr/bin/git rev-parse refs/remotes/origin/main
comment	UNKNOWN STEP	2026-09-07T02:32:01.3016450Z 20622e1259c29bda81831962ace1348ba1921c84
comment	UNKNOWN STEP	2026-09-07T02:32:01.3021714Z ##[endgroup]
comment	UNKNOWN STEP	2026-09-07T02:32:01.3023119Z ##[group]Determining the checkout info
comment	UNKNOWN STEP	2026-09-07T02:32:01.3024664Z ##[endgroup]
comment	UNKNOWN STEP	2026-09-07T02:32:01.3025834Z [command]/usr/bin/git sparse-checkout disable
comment	UNKNOWN STEP	2026-09-07T02:32:01.3072571Z [command]/usr/bin/git config --local --unset-all extensions.worktreeConfig
comment	UNKNOWN STEP	2026-09-07T02:32:01.3100219Z ##[group]Checking out the ref
comment	UNKNOWN STEP	2026-09-07T02:32:01.3103006Z [command]/usr/bin/git checkout --progress --force -B main refs/remotes/origin/main
comment	UNKNOWN STEP	2026-09-07T02:32:01.3507233Z Switched to a new branch 'main'
comment	UNKNOWN STEP	2026-09-07T02:32:01.3512634Z branch 'main' set up to track 'origin/main'.
comment	UNKNOWN STEP	2026-09-07T02:32:01.3521197Z ##[endgroup]
comment	UNKNOWN STEP	2026-09-07T02:32:01.3560212Z [command]/usr/bin/git log -1 --format=%H
comment	UNKNOWN STEP	2026-09-07T02:32:01.3584176Z 20622e1259c29bda81831962ace1348ba1921c84
comment	UNKNOWN STEP	2026-09-07T02:32:01.3593065Z ##[group]Removing auth
comment	UNKNOWN STEP	2026-09-07T02:32:01.3594437Z Removing SSH command configuration
comment	UNKNOWN STEP	2026-09-07T02:32:01.3597110Z [command]/usr/bin/git config --local --name-only --get-regexp core\.sshCommand
comment	UNKNOWN STEP	2026-09-07T02:32:01.3631780Z [command]/usr/bin/git submodule foreach --recursive sh -c "git config --local --name-only --get-regexp 'core\.sshCommand' && git config --local --unset-all 'core.sshCommand' || :"
comment	UNKNOWN STEP	2026-09-07T02:32:01.3848365Z Removing HTTP extra header
comment	UNKNOWN STEP	2026-09-07T02:32:01.3851805Z [command]/usr/bin/git config --local --name-only --get-regexp http\.https\:\/\/github\.com\/\.extraheader
comment	UNKNOWN STEP	2026-09-07T02:32:01.3882934Z [command]/usr/bin/git submodule foreach --recursive sh -c "git config --local --name-only --get-regexp 'http\.https\:\/\/github\.com\/\.extraheader' && git config --local --unset-all 'http.https://github.com/.extraheader' || :"
comment	UNKNOWN STEP	2026-09-07T02:32:01.4095030Z Removing includeIf entries pointing to credentials config files
comment	UNKNOWN STEP	2026-09-07T02:32:01.4098250Z [command]/usr/bin/git config --local --name-only --get-regexp ^includeIf\.gitdir:
comment	UNKNOWN STEP	2026-09-07T02:32:01.4122321Z includeif.gitdir:/home/runner/work/black/black/.git.path
comment	UNKNOWN STEP	2026-09-07T02:32:01.4125222Z includeif.gitdir:/home/runner/work/black/black/.git/worktrees/*.path
comment	UNKNOWN STEP	2026-09-07T02:32:01.4127375Z includeif.gitdir:/github/workspace/.git.path
comment	UNKNOWN STEP	2026-09-07T02:32:01.4129613Z includeif.gitdir:/github/workspace/.git/worktrees/*.path
comment	UNKNOWN STEP	2026-09-07T02:32:01.4133956Z [command]/usr/bin/git config --local --get-all includeif.gitdir:/home/runner/work/black/black/.git.path
comment	UNKNOWN STEP	2026-09-07T02:32:01.4160805Z /home/runner/work/_temp/git-credentials-4d26ece7-1a7e-4aba-9b8d-cac7609e003b.config
comment	UNKNOWN STEP	2026-09-07T02:32:01.4171191Z [command]/usr/bin/git config --local --unset includeif.gitdir:/home/runner/work/black/black/.git.path \/home\/runner\/work\/_temp\/git\-credentials\-4d26ece7\-1a7e\-4aba\-9b8d\-cac7609e003b\.config
comment	UNKNOWN STEP	2026-09-07T02:32:01.4201499Z [command]/usr/bin/git config --local --get-all includeif.gitdir:/home/runner/work/black/black/.git/worktrees/*.path
comment	UNKNOWN STEP	2026-09-07T02:32:01.4223227Z /home/runner/work/_temp/git-credentials-4d26ece7-1a7e-4aba-9b8d-cac7609e003b.config
comment	UNKNOWN STEP	2026-09-07T02:32:01.4234652Z [command]/usr/bin/git config --local --unset includeif.gitdir:/home/runner/work/black/black/.git/worktrees/*.path \/home\/runner\/work\/_temp\/git\-credentials\-4d26ece7\-1a7e\-4aba\-9b8d\-cac7609e003b\.config
comment	UNKNOWN STEP	2026-09-07T02:32:01.4296846Z [command]/usr/bin/git config --local --get-all includeif.gitdir:/github/workspace/.git.path
comment	UNKNOWN STEP	2026-09-07T02:32:01.4341550Z /github/runner_temp/git-credentials-4d26ece7-1a7e-4aba-9b8d-cac7609e003b.config
comment	UNKNOWN STEP	2026-09-07T02:32:01.4389309Z [command]/usr/bin/git config --local --unset includeif.gitdir:/github/workspace/.git.path \/github\/runner_temp\/git\-credentials\-4d26ece7\-1a7e\-4aba\-9b8d\-cac7609e003b\.config
comment	UNKNOWN STEP	2026-09-07T02:32:01.4398835Z [command]/usr/bin/git config --local --get-all includeif.gitdir:/github/workspace/.git/worktrees/*.path
comment	UNKNOWN STEP	2026-09-07T02:32:01.4419188Z /github/runner_temp/git-credentials-4d26ece7-1a7e-4aba-9b8d-cac7609e003b.config
comment	UNKNOWN STEP	2026-09-07T02:32:01.4428550Z [command]/usr/bin/git config --local --unset includeif.gitdir:/github/workspace/.git/worktrees/*.path \/github\/runner_temp\/git\-credentials\-4d26ece7\-1a7e\-4aba\-9b8d\-cac7609e003b\.config
comment	UNKNOWN STEP	2026-09-07T02:32:01.4451528Z [command]/usr/bin/git submodule foreach --recursive git config --local --show-origin --name-only --get-regexp remote.origin.url
comment	UNKNOWN STEP	2026-09-07T02:32:01.4665500Z Removing credentials config '/home/runner/work/_temp/git-credentials-4d26ece7-1a7e-4aba-9b8d-cac7609e003b.config'
comment	UNKNOWN STEP	2026-09-07T02:32:01.4673452Z ##[endgroup]
comment	UNKNOWN STEP	2026-09-07T02:32:01.5000008Z ##[group]Run actions/download-artifact@3e5f45b2cfb9172054b4087a40e8e0b5a5461e7c
comment	UNKNOWN STEP	2026-09-07T02:32:01.5001823Z with:
comment	UNKNOWN STEP	2026-09-07T02:32:01.5002700Z   merge-multiple: true
comment	UNKNOWN STEP	2026-09-07T02:32:01.5003720Z   pattern: .*.pr-comment.md
comment	UNKNOWN STEP	2026-09-07T02:32:01.5004972Z   path: /home/runner/work/_temp/diff-shades-artifacts
comment	UNKNOWN STEP	2026-09-07T02:32:01.5016312Z   github-token: ***
comment	UNKNOWN STEP	2026-09-07T02:32:01.5017287Z   run-id: 31234992117
comment	UNKNOWN STEP	2026-09-07T02:32:01.5018588Z   repository: psf/black
comment	UNKNOWN STEP	2026-09-07T02:32:01.5019617Z   skip-decompress: false
comment	UNKNOWN STEP	2026-09-07T02:32:01.5020670Z   digest-mismatch: error
comment	UNKNOWN STEP	2026-09-07T02:32:01.5021655Z env:
comment	UNKNOWN STEP	2026-09-07T02:32:01.5022515Z   PIP_UPLOADED_PRIOR_TO: P2D
comment	UNKNOWN STEP	2026-09-07T02:32:01.5023582Z ##[endgroup]
comment	UNKNOWN STEP	2026-09-07T02:32:01.6480768Z Fetching artifact list for workflow run 31234992117 in repository psf/black
comment	UNKNOWN STEP	2026-09-07T02:32:01.8108795Z Found 0 artifact(s)
comment	UNKNOWN STEP	2026-09-07T02:32:01.8112368Z Filtering artifacts by pattern '.*.pr-comment.md'
comment	UNKNOWN STEP	2026-09-07T02:32:01.8128609Z Total of 0 artifact(s) downloaded
comment	UNKNOWN STEP	2026-09-07T02:32:01.8133590Z Download artifact has finished successfully
comment	UNKNOWN STEP	2026-09-07T02:32:01.8516672Z ##[group]Run set -euo pipefail
comment	UNKNOWN STEP	2026-09-07T02:32:01.8518287Z ^[[36;1mset -euo pipefail^[[0m
comment	UNKNOWN STEP	2026-09-07T02:32:01.8519329Z ^[[36;1m^[[0m
comment	UNKNOWN STEP	2026-09-07T02:32:01.8520465Z ^[[36;1martifact_dir="${RUNNER_TEMP}/diff-shades-artifacts"^[[0m
comment	UNKNOWN STEP	2026-09-07T02:32:01.8522257Z ^[[36;1mpreview_artifact="${artifact_dir}/.preview.pr-comment.md"^[[0m
comment	UNKNOWN STEP	2026-09-07T02:32:01.8524110Z ^[[36;1mstable_artifact="${artifact_dir}/.stable.pr-comment.md"^[[0m
comment	UNKNOWN STEP	2026-09-07T02:32:01.8525569Z ^[[36;1m^[[0m
comment	UNKNOWN STEP	2026-09-07T02:32:01.8526479Z ^[[36;1mif [ ! -d "$artifact_dir" ]; then^[[0m
comment	UNKNOWN STEP	2026-09-07T02:32:01.8528324Z ^[[36;1m    echo "::error::Artifact directory does not exist: ${artifact_dir}"^[[0m
comment	UNKNOWN STEP	2026-09-07T02:32:01.8529933Z ^[[36;1m    exit 1^[[0m
comment	UNKNOWN STEP	2026-09-07T02:32:01.8530836Z ^[[36;1mfi^[[0m
comment	UNKNOWN STEP	2026-09-07T02:32:01.8531686Z ^[[36;1m^[[0m
comment	UNKNOWN STEP	2026-09-07T02:32:01.8532607Z ^[[36;1mwhile IFS= read -r -d '' entry; do^[[0m
comment	UNKNOWN STEP	2026-09-07T02:32:01.8534060Z ^[[36;1m    if [ "$(dirname "$entry")" != "$artifact_dir" ]; then^[[0m
comment	UNKNOWN STEP	2026-09-07T02:32:01.8535832Z ^[[36;1m        echo "::error::Unexpected nested artifact path: ${entry}"^[[0m
comment	UNKNOWN STEP	2026-09-07T02:32:01.8537353Z ^[[36;1m        exit 1^[[0m
comment	UNKNOWN STEP	2026-09-07T02:32:01.8538630Z ^[[36;1m    fi^[[0m
comment	UNKNOWN STEP	2026-09-07T02:32:01.8539502Z ^[[36;1m^[[0m
comment	UNKNOWN STEP	2026-09-07T02:32:01.8540405Z ^[[36;1m    case "$(basename "$entry")" in^[[0m
comment	UNKNOWN STEP	2026-09-07T02:32:01.8541871Z ^[[36;1m        .preview.pr-comment.md|.stable.pr-comment.md) ;;^[[0m
comment	UNKNOWN STEP	2026-09-07T02:32:01.8543284Z ^[[36;1m        *)^[[0m
comment	UNKNOWN STEP	2026-09-07T02:32:01.8544475Z ^[[36;1m            echo "::error::Unexpected artifact path: ${entry}"^[[0m
comment	UNKNOWN STEP	2026-09-07T02:32:01.8545915Z ^[[36;1m            exit 1^[[0m
comment	UNKNOWN STEP	2026-09-07T02:32:01.8546933Z ^[[36;1m            ;;^[[0m
comment	UNKNOWN STEP	2026-09-07T02:32:01.8548231Z ^[[36;1m    esac^[[0m
comment	UNKNOWN STEP	2026-09-07T02:32:01.8549125Z ^[[36;1m^[[0m
comment	UNKNOWN STEP	2026-09-07T02:32:01.8550106Z ^[[36;1m    if [ ! -f "$entry" ] || [ -L "$entry" ]; then^[[0m
comment	UNKNOWN STEP	2026-09-07T02:32:01.8551989Z ^[[36;1m        echo "::error::Artifact must be a regular file: ${entry}"^[[0m
comment	UNKNOWN STEP	2026-09-07T02:32:01.8553482Z ^[[36;1m        exit 1^[[0m
comment	UNKNOWN STEP	2026-09-07T02:32:01.8554432Z ^[[36;1m    fi^[[0m
comment	UNKNOWN STEP	2026-09-07T02:32:01.8555546Z ^[[36;1mdone < <(find "$artifact_dir" -mindepth 1 -print0)^[[0m
comment	UNKNOWN STEP	2026-09-07T02:32:01.8556904Z ^[[36;1m^[[0m
comment	UNKNOWN STEP	2026-09-07T02:32:01.8558351Z ^[[36;1mfor artifact in "$preview_artifact" "$stable_artifact"; do^[[0m
comment	UNKNOWN STEP	2026-09-07T02:32:01.8560068Z ^[[36;1m    if [ ! -f "$artifact" ] || [ -L "$artifact" ]; then^[[0m
comment	UNKNOWN STEP	2026-09-07T02:32:01.8561782Z ^[[36;1m        echo "::error::Missing expected artifact file: ${artifact}"^[[0m
comment	UNKNOWN STEP	2026-09-07T02:32:01.8563318Z ^[[36;1m        exit 1^[[0m
comment	UNKNOWN STEP	2026-09-07T02:32:01.8564273Z ^[[36;1m    fi^[[0m
comment	UNKNOWN STEP	2026-09-07T02:32:01.8565135Z ^[[36;1mdone^[[0m
comment	UNKNOWN STEP	2026-09-07T02:32:01.8565977Z ^[[36;1m^[[0m
comment	UNKNOWN STEP	2026-09-07T02:32:01.8566789Z ^[[36;1m{^[[0m
comment	UNKNOWN STEP	2026-09-07T02:32:01.8567953Z ^[[36;1m    echo "preview=${preview_artifact}"^[[0m
comment	UNKNOWN STEP	2026-09-07T02:32:01.8569316Z ^[[36;1m    echo "stable=${stable_artifact}"^[[0m
comment	UNKNOWN STEP	2026-09-07T02:32:01.8570567Z ^[[36;1m} >> "$GITHUB_OUTPUT"^[[0m
comment	UNKNOWN STEP	2026-09-07T02:32:01.8614063Z shell: /usr/bin/bash --noprofile --norc -e -o pipefail {0}
comment	UNKNOWN STEP	2026-09-07T02:32:01.8615475Z env:
comment	UNKNOWN STEP	2026-09-07T02:32:01.8616341Z   PIP_UPLOADED_PRIOR_TO: P2D
comment	UNKNOWN STEP	2026-09-07T02:32:01.8617377Z ##[endgroup]
comment	UNKNOWN STEP	2026-09-07T02:32:01.8730175Z ##[error]Artifact directory does not exist: /home/runner/work/_temp/diff-shades-artifacts
comment	UNKNOWN STEP	2026-09-07T02:32:01.8744974Z ##[error]Process completed with exit code 1.
comment	UNKNOWN STEP	2026-09-07T02:32:01.9063382Z Post job cleanup.
comment	UNKNOWN STEP	2026-09-07T02:32:01.9931686Z [command]/usr/bin/git version
comment	UNKNOWN STEP	2026-09-07T02:32:01.9978803Z git version 2.55.0
comment	UNKNOWN STEP	2026-09-07T02:32:02.0016684Z Temporarily overriding HOME='/home/runner/work/_temp/417acdf1-90bf-44b0-bb67-46f5c54d242a' before making global git config changes
comment	UNKNOWN STEP	2026-09-07T02:32:02.0019893Z Adding repository directory to the temporary git global config as a safe directory
comment	UNKNOWN STEP	2026-09-07T02:32:02.0024687Z [command]/usr/bin/git config --global --add safe.directory /home/runner/work/black/black
comment	UNKNOWN STEP	2026-09-07T02:32:02.0057115Z Removing SSH command configuration
comment	UNKNOWN STEP	2026-09-07T02:32:02.0063685Z [command]/usr/bin/git config --local --name-only --get-regexp core\.sshCommand
comment	UNKNOWN STEP	2026-09-07T02:32:02.0097879Z [command]/usr/bin/git submodule foreach --recursive sh -c "git config --local --name-only --get-regexp 'core\.sshCommand' && git config --local --unset-all 'core.sshCommand' || :"
comment	UNKNOWN STEP	2026-09-07T02:32:02.0316753Z Removing HTTP extra header
comment	UNKNOWN STEP	2026-09-07T02:32:02.0321998Z [command]/usr/bin/git config --local --name-only --get-regexp http\.https\:\/\/github\.com\/\.extraheader
comment	UNKNOWN STEP	2026-09-07T02:32:02.0354486Z [command]/usr/bin/git submodule foreach --recursive sh -c "git config --local --name-only --get-regexp 'http\.https\:\/\/github\.com\/\.extraheader' && git config --local --unset-all 'http.https://github.com/.extraheader' || :"
comment	UNKNOWN STEP	2026-09-07T02:32:02.0572369Z Removing includeIf entries pointing to credentials config files
comment	UNKNOWN STEP	2026-09-07T02:32:02.0576143Z [command]/usr/bin/git config --local --name-only --get-regexp ^includeIf\.gitdir:
comment	UNKNOWN STEP	2026-09-07T02:32:02.0610079Z [command]/usr/bin/git submodule foreach --recursive git config --local --show-origin --name-only --get-regexp remote.origin.url
comment	UNKNOWN STEP	2026-09-07T02:32:02.0984397Z Cleaning up orphan processes
