Test py3.10 on typing-extensions==4.16.0 annotated-types==0.8.0 pydantic-core==2.49.0 typing-inspection==0.4.4 email-validator==2.0.0 tzdata==1.2016.6	UNKNOWN STEP	2026-09-30T03:52:17.3372266Z Hosted Compute Agent
Test py3.10 on typing-extensions==4.16.0 annotated-types==0.8.0 pydantic-core==2.49.0 typing-inspection==0.4.4 email-validator==2.0.0 tzdata==1.2016.6	UNKNOWN STEP	2026-09-30T03:52:17.3372653Z Version: 20260828.587
Test py3.10 on typing-extensions==4.16.0 annotated-types==0.8.0 pydantic-core==2.49.0 typing-inspection==0.4.4 email-validator==2.0.0 tzdata==1.2016.6	UNKNOWN STEP	2026-09-30T03:52:17.3373196Z Commit: abac92662cab4cc7352de4f9f9d2e2419aad9c29
Test py3.10 on typing-extensions==4.16.0 annotated-types==0.8.0 pydantic-core==2.49.0 typing-inspection==0.4.4 email-validator==2.0.0 tzdata==1.2016.6	UNKNOWN STEP	2026-09-30T03:52:17.3373680Z Build Date: 2026-08-28T16:44:25Z
Test py3.10 on typing-extensions==4.16.0 annotated-types==0.8.0 pydantic-core==2.49.0 typing-inspection==0.4.4 email-validator==2.0.0 tzdata==1.2016.6	UNKNOWN STEP	2026-09-30T03:52:17.3374089Z Worker ID: {edb6fb6f-b561-403a-aea6-a5877f69ff96}
Test py3.10 on typing-extensions==4.16.0 annotated-types==0.8.0 pydantic-core==2.49.0 typing-inspection==0.4.4 email-validator==2.0.0 tzdata==1.2016.6	UNKNOWN STEP	2026-09-30T03:52:17.3374534Z Azure Region: westus3
Test py3.10 on typing-extensions==4.16.0 annotated-types==0.8.0 pydantic-core==2.49.0 typing-inspection==0.4.4 email-validator==2.0.0 tzdata==1.2016.6	UNKNOWN STEP	2026-09-30T03:52:17.3374924Z ##[endgroup]
Test py3.10 on typing-extensions==4.16.0 annotated-types==0.8.0 pydantic-core==2.49.0 typing-inspection==0.4.4 email-validator==2.0.0 tzdata==1.2016.6	UNKNOWN STEP	2026-09-30T03:52:17.3375749Z ##[group]Operating System
Test py3.10 on typing-extensions==4.16.0 annotated-types==0.8.0 pydantic-core==2.49.0 typing-inspection==0.4.4 email-validator==2.0.0 tzdata==1.2016.6	UNKNOWN STEP	2026-09-30T03:52:17.3376155Z Ubuntu
Test py3.10 on typing-extensions==4.16.0 annotated-types==0.8.0 pydantic-core==2.49.0 typing-inspection==0.4.4 email-validator==2.0.0 tzdata==1.2016.6	UNKNOWN STEP	2026-09-30T03:52:17.3376494Z 24.04.5
Test py3.10 on typing-extensions==4.16.0 annotated-types==0.8.0 pydantic-core==2.49.0 typing-inspection==0.4.4 email-validator==2.0.0 tzdata==1.2016.6	UNKNOWN STEP	2026-09-30T03:52:17.3376828Z LTS
Test py3.10 on typing-extensions==4.16.0 annotated-types==0.8.0 pydantic-core==2.49.0 typing-inspection==0.4.4 email-validator==2.0.0 tzdata==1.2016.6	UNKNOWN STEP	2026-09-30T03:52:17.3377177Z ##[endgroup]
Test py3.10 on typing-extensions==4.16.0 annotated-types==0.8.0 pydantic-core==2.49.0 typing-inspection==0.4.4 email-validator==2.0.0 tzdata==1.2016.6	UNKNOWN STEP	2026-09-30T03:52:17.3377503Z ##[group]Runner Image
Test py3.10 on typing-extensions==4.16.0 annotated-types==0.8.0 pydantic-core==2.49.0 typing-inspection==0.4.4 email-validator==2.0.0 tzdata==1.2016.6	UNKNOWN STEP	2026-09-30T03:52:17.3377908Z Image: ubuntu-24.04
Test py3.10 on typing-extensions==4.16.0 annotated-types==0.8.0 pydantic-core==2.49.0 typing-inspection==0.4.4 email-validator==2.0.0 tzdata==1.2016.6	UNKNOWN STEP	2026-09-30T03:52:17.3378251Z Version: 20260920.314.1
Test py3.10 on typing-extensions==4.16.0 annotated-types==0.8.0 pydantic-core==2.49.0 typing-inspection==0.4.4 email-validator==2.0.0 tzdata==1.2016.6	UNKNOWN STEP	2026-09-30T03:52:17.3379052Z Included Software: https://github.com/actions/runner-images/blob/ubuntu24/20260920.314/images/ubuntu/Ubuntu2404-Readme.md
Test py3.10 on typing-extensions==4.16.0 annotated-types==0.8.0 pydantic-core==2.49.0 typing-inspection==0.4.4 email-validator==2.0.0 tzdata==1.2016.6	UNKNOWN STEP	2026-09-30T03:52:17.3379917Z Image Release: https://github.com/actions/runner-images/releases/tag/ubuntu24%2F20260920.314
Test py3.10 on typing-extensions==4.16.0 annotated-types==0.8.0 pydantic-core==2.49.0 typing-inspection==0.4.4 email-validator==2.0.0 tzdata==1.2016.6	UNKNOWN STEP	2026-09-30T03:52:17.3380525Z ##[endgroup]
Test py3.10 on typing-extensions==4.16.0 annotated-types==0.8.0 pydantic-core==2.49.0 typing-inspection==0.4.4 email-validator==2.0.0 tzdata==1.2016.6	UNKNOWN STEP	2026-09-30T03:52:17.3381185Z ##[group]GITHUB_TOKEN Permissions
Test py3.10 on typing-extensions==4.16.0 annotated-types==0.8.0 pydantic-core==2.49.0 typing-inspection==0.4.4 email-validator==2.0.0 tzdata==1.2016.6	UNKNOWN STEP	2026-09-30T03:52:17.3382343Z Contents: read
Test py3.10 on typing-extensions==4.16.0 annotated-types==0.8.0 pydantic-core==2.49.0 typing-inspection==0.4.4 email-validator==2.0.0 tzdata==1.2016.6	UNKNOWN STEP	2026-09-30T03:52:17.3382691Z Metadata: read
Test py3.10 on typing-extensions==4.16.0 annotated-types==0.8.0 pydantic-core==2.49.0 typing-inspection==0.4.4 email-validator==2.0.0 tzdata==1.2016.6	UNKNOWN STEP	2026-09-30T03:52:17.3383529Z ##[endgroup]
Test py3.10 on typing-extensions==4.16.0 annotated-types==0.8.0 pydantic-core==2.49.0 typing-inspection==0.4.4 email-validator==2.0.0 tzdata==1.2016.6	UNKNOWN STEP	2026-09-30T03:52:17.3384852Z Secret source: Actions
Test py3.10 on typing-extensions==4.16.0 annotated-types==0.8.0 pydantic-core==2.49.0 typing-inspection==0.4.4 email-validator==2.0.0 tzdata==1.2016.6	UNKNOWN STEP	2026-09-30T03:52:17.3385445Z Cache mode: write
Test py3.10 on typing-extensions==4.16.0 annotated-types==0.8.0 pydantic-core==2.49.0 typing-inspection==0.4.4 email-validator==2.0.0 tzdata==1.2016.6	UNKNOWN STEP	2026-09-30T03:52:17.3385896Z Prepare workflow directory
Test py3.10 on typing-extensions==4.16.0 annotated-types==0.8.0 pydantic-core==2.49.0 typing-inspection==0.4.4 email-validator==2.0.0 tzdata==1.2016.6	UNKNOWN STEP	2026-09-30T03:52:17.3614690Z Prepare all required actions
Test py3.10 on typing-extensions==4.16.0 annotated-types==0.8.0 pydantic-core==2.49.0 typing-inspection==0.4.4 email-validator==2.0.0 tzdata==1.2016.6	UNKNOWN STEP	2026-09-30T03:52:17.3651704Z Getting action download info
Test py3.10 on typing-extensions==4.16.0 annotated-types==0.8.0 pydantic-core==2.49.0 typing-inspection==0.4.4 email-validator==2.0.0 tzdata==1.2016.6	UNKNOWN STEP	2026-09-30T03:52:17.7084646Z Download action repository 'actions/checkout@3d3c42e5aac5ba805825da76410c181273ba90b1' (SHA:3d3c42e5aac5ba805825da76410c181273ba90b1)
Test py3.10 on typing-extensions==4.16.0 annotated-types==0.8.0 pydantic-core==2.49.0 typing-inspection==0.4.4 email-validator==2.0.0 tzdata==1.2016.6	UNKNOWN STEP	2026-09-30T03:52:17.7777303Z Download action repository 'actions/setup-python@5fda3b95a4ea91299a34e894583c3862153e4b97' (SHA:5fda3b95a4ea91299a34e894583c3862153e4b97)
Test py3.10 on typing-extensions==4.16.0 annotated-types==0.8.0 pydantic-core==2.49.0 typing-inspection==0.4.4 email-validator==2.0.0 tzdata==1.2016.6	UNKNOWN STEP	2026-09-30T03:52:17.9306349Z Complete job name: Test py3.10 on typing-extensions==4.16.0 annotated-types==0.8.0 pydantic-core==2.49.0 typing-inspection==0.4.4 email-validator==2.0.0 tzdata==1.2016.6
Test py3.10 on typing-extensions==4.16.0 annotated-types==0.8.0 pydantic-core==2.49.0 typing-inspection==0.4.4 email-validator==2.0.0 tzdata==1.2016.6	UNKNOWN STEP	2026-09-30T03:52:17.9758332Z ##[group]Run actions/checkout@3d3c42e5aac5ba805825da76410c181273ba90b1
Test py3.10 on typing-extensions==4.16.0 annotated-types==0.8.0 pydantic-core==2.49.0 typing-inspection==0.4.4 email-validator==2.0.0 tzdata==1.2016.6	UNKNOWN STEP	2026-09-30T03:52:17.9758833Z with:
Test py3.10 on typing-extensions==4.16.0 annotated-types==0.8.0 pydantic-core==2.49.0 typing-inspection==0.4.4 email-validator==2.0.0 tzdata==1.2016.6	UNKNOWN STEP	2026-09-30T03:52:17.9759083Z   persist-credentials: false
Test py3.10 on typing-extensions==4.16.0 annotated-types==0.8.0 pydantic-core==2.49.0 typing-inspection==0.4.4 email-validator==2.0.0 tzdata==1.2016.6	UNKNOWN STEP	2026-09-30T03:52:17.9759375Z   repository: pydantic/pydantic
Test py3.10 on typing-extensions==4.16.0 annotated-types==0.8.0 pydantic-core==2.49.0 typing-inspection==0.4.4 email-validator==2.0.0 tzdata==1.2016.6	UNKNOWN STEP	2026-09-30T03:52:17.9761441Z   token: ***
Test py3.10 on typing-extensions==4.16.0 annotated-types==0.8.0 pydantic-core==2.49.0 typing-inspection==0.4.4 email-validator==2.0.0 tzdata==1.2016.6	UNKNOWN STEP	2026-09-30T03:52:17.9761682Z   ssh-strict: true
Test py3.10 on typing-extensions==4.16.0 annotated-types==0.8.0 pydantic-core==2.49.0 typing-inspection==0.4.4 email-validator==2.0.0 tzdata==1.2016.6	UNKNOWN STEP	2026-09-30T03:52:17.9761925Z   ssh-user: git
Test py3.10 on typing-extensions==4.16.0 annotated-types==0.8.0 pydantic-core==2.49.0 typing-inspection==0.4.4 email-validator==2.0.0 tzdata==1.2016.6	UNKNOWN STEP	2026-09-30T03:52:17.9762159Z   clean: true
Test py3.10 on typing-extensions==4.16.0 annotated-types==0.8.0 pydantic-core==2.49.0 typing-inspection==0.4.4 email-validator==2.0.0 tzdata==1.2016.6	UNKNOWN STEP	2026-09-30T03:52:17.9762409Z   sparse-checkout-cone-mode: true
Test py3.10 on typing-extensions==4.16.0 annotated-types==0.8.0 pydantic-core==2.49.0 typing-inspection==0.4.4 email-validator==2.0.0 tzdata==1.2016.6	UNKNOWN STEP	2026-09-30T03:52:17.9762702Z   fetch-depth: 1
Test py3.10 on typing-extensions==4.16.0 annotated-types==0.8.0 pydantic-core==2.49.0 typing-inspection==0.4.4 email-validator==2.0.0 tzdata==1.2016.6	UNKNOWN STEP	2026-09-30T03:52:17.9763226Z   fetch-tags: false
Test py3.10 on typing-extensions==4.16.0 annotated-types==0.8.0 pydantic-core==2.49.0 typing-inspection==0.4.4 email-validator==2.0.0 tzdata==1.2016.6	UNKNOWN STEP	2026-09-30T03:52:17.9763475Z   show-progress: true
Test py3.10 on typing-extensions==4.16.0 annotated-types==0.8.0 pydantic-core==2.49.0 typing-inspection==0.4.4 email-validator==2.0.0 tzdata==1.2016.6	UNKNOWN STEP	2026-09-30T03:52:17.9763724Z   lfs: false
Test py3.10 on typing-extensions==4.16.0 annotated-types==0.8.0 pydantic-core==2.49.0 typing-inspection==0.4.4 email-validator==2.0.0 tzdata==1.2016.6	UNKNOWN STEP	2026-09-30T03:52:17.9763956Z   submodules: false
Test py3.10 on typing-extensions==4.16.0 annotated-types==0.8.0 pydantic-core==2.49.0 typing-inspection==0.4.4 email-validator==2.0.0 tzdata==1.2016.6	UNKNOWN STEP	2026-09-30T03:52:17.9764207Z   set-safe-directory: true
Test py3.10 on typing-extensions==4.16.0 annotated-types==0.8.0 pydantic-core==2.49.0 typing-inspection==0.4.4 email-validator==2.0.0 tzdata==1.2016.6	UNKNOWN STEP	2026-09-30T03:52:17.9764485Z   allow-unsafe-pr-checkout: false
Test py3.10 on typing-extensions==4.16.0 annotated-types==0.8.0 pydantic-core==2.49.0 typing-inspection==0.4.4 email-validator==2.0.0 tzdata==1.2016.6	UNKNOWN STEP	2026-09-30T03:52:17.9764866Z env:
Test py3.10 on typing-extensions==4.16.0 annotated-types==0.8.0 pydantic-core==2.49.0 typing-inspection==0.4.4 email-validator==2.0.0 tzdata==1.2016.6	UNKNOWN STEP	2026-09-30T03:52:17.9765100Z   UV_FROZEN: true
Test py3.10 on typing-extensions==4.16.0 annotated-types==0.8.0 pydantic-core==2.49.0 typing-inspection==0.4.4 email-validator==2.0.0 tzdata==1.2016.6	UNKNOWN STEP	2026-09-30T03:52:17.9765343Z ##[endgroup]
Test py3.10 on typing-extensions==4.16.0 annotated-types==0.8.0 pydantic-core==2.49.0 typing-inspection==0.4.4 email-validator==2.0.0 tzdata==1.2016.6	UNKNOWN STEP	2026-09-30T03:52:18.0400412Z Syncing repository: pydantic/pydantic
Test py3.10 on typing-extensions==4.16.0 annotated-types==0.8.0 pydantic-core==2.49.0 typing-inspection==0.4.4 email-validator==2.0.0 tzdata==1.2016.6	UNKNOWN STEP	2026-09-30T03:52:18.0401463Z ##[group]Getting Git version info
Test py3.10 on typing-extensions==4.16.0 annotated-types==0.8.0 pydantic-core==2.49.0 typing-inspection==0.4.4 email-validator==2.0.0 tzdata==1.2016.6	UNKNOWN STEP	2026-09-30T03:52:18.0401841Z Working directory is '/home/runner/work/pydantic/pydantic'
Test py3.10 on typing-extensions==4.16.0 annotated-types==0.8.0 pydantic-core==2.49.0 typing-inspection==0.4.4 email-validator==2.0.0 tzdata==1.2016.6	UNKNOWN STEP	2026-09-30T03:52:18.0402408Z [command]/usr/bin/git version
Test py3.10 on typing-extensions==4.16.0 annotated-types==0.8.0 pydantic-core==2.49.0 typing-inspection==0.4.4 email-validator==2.0.0 tzdata==1.2016.6	UNKNOWN STEP	2026-09-30T03:52:18.0454690Z git version 2.55.0
Test py3.10 on typing-extensions==4.16.0 annotated-types==0.8.0 pydantic-core==2.49.0 typing-inspection==0.4.4 email-validator==2.0.0 tzdata==1.2016.6	UNKNOWN STEP	2026-09-30T03:52:18.0465556Z ##[endgroup]
Test py3.10 on typing-extensions==4.16.0 annotated-types==0.8.0 pydantic-core==2.49.0 typing-inspection==0.4.4 email-validator==2.0.0 tzdata==1.2016.6	UNKNOWN STEP	2026-09-30T03:52:18.0471622Z Temporarily overriding HOME='/home/runner/work/_temp/51ed2966-68c6-4364-9aa1-e0364e496593' before making global git config changes
Test py3.10 on typing-extensions==4.16.0 annotated-types==0.8.0 pydantic-core==2.49.0 typing-inspection==0.4.4 email-validator==2.0.0 tzdata==1.2016.6	UNKNOWN STEP	2026-09-30T03:52:18.0472420Z Adding repository directory to the temporary git global config as a safe directory
Test py3.10 on typing-extensions==4.16.0 annotated-types==0.8.0 pydantic-core==2.49.0 typing-inspection==0.4.4 email-validator==2.0.0 tzdata==1.2016.6	UNKNOWN STEP	2026-09-30T03:52:18.0474910Z [command]/usr/bin/git config --global --add safe.directory /home/runner/work/pydantic/pydantic
Test py3.10 on typing-extensions==4.16.0 annotated-types==0.8.0 pydantic-core==2.49.0 typing-inspection==0.4.4 email-validator==2.0.0 tzdata==1.2016.6	UNKNOWN STEP	2026-09-30T03:52:18.0509105Z Deleting the contents of '/home/runner/work/pydantic/pydantic'
Test py3.10 on typing-extensions==4.16.0 annotated-types==0.8.0 pydantic-core==2.49.0 typing-inspection==0.4.4 email-validator==2.0.0 tzdata==1.2016.6	UNKNOWN STEP	2026-09-30T03:52:18.0511150Z ##[group]Determining repository object format
Test py3.10 on typing-extensions==4.16.0 annotated-types==0.8.0 pydantic-core==2.49.0 typing-inspection==0.4.4 email-validator==2.0.0 tzdata==1.2016.6	UNKNOWN STEP	2026-09-30T03:52:18.0512024Z ##[endgroup]
Test py3.10 on typing-extensions==4.16.0 annotated-types==0.8.0 pydantic-core==2.49.0 typing-inspection==0.4.4 email-validator==2.0.0 tzdata==1.2016.6	UNKNOWN STEP	2026-09-30T03:52:18.0512532Z ##[group]Initializing the repository
Test py3.10 on typing-extensions==4.16.0 annotated-types==0.8.0 pydantic-core==2.49.0 typing-inspection==0.4.4 email-validator==2.0.0 tzdata==1.2016.6	UNKNOWN STEP	2026-09-30T03:52:18.0514448Z [command]/usr/bin/git init /home/runner/work/pydantic/pydantic
Test py3.10 on typing-extensions==4.16.0 annotated-types==0.8.0 pydantic-core==2.49.0 typing-inspection==0.4.4 email-validator==2.0.0 tzdata==1.2016.6	UNKNOWN STEP	2026-09-30T03:52:18.0592465Z hint: Using 'master' as the name for the initial branch. This default branch name
Test py3.10 on typing-extensions==4.16.0 annotated-types==0.8.0 pydantic-core==2.49.0 typing-inspection==0.4.4 email-validator==2.0.0 tzdata==1.2016.6	UNKNOWN STEP	2026-09-30T03:52:18.0593525Z hint: will change to "main" in Git 3.0. To configure the initial branch name
Test py3.10 on typing-extensions==4.16.0 annotated-types==0.8.0 pydantic-core==2.49.0 typing-inspection==0.4.4 email-validator==2.0.0 tzdata==1.2016.6	UNKNOWN STEP	2026-09-30T03:52:18.0594039Z hint: to use in all of your new repositories, which will suppress this warning,
Test py3.10 on typing-extensions==4.16.0 annotated-types==0.8.0 pydantic-core==2.49.0 typing-inspection==0.4.4 email-validator==2.0.0 tzdata==1.2016.6	UNKNOWN STEP	2026-09-30T03:52:18.0594673Z hint: call:
Test py3.10 on typing-extensions==4.16.0 annotated-types==0.8.0 pydantic-core==2.49.0 typing-inspection==0.4.4 email-validator==2.0.0 tzdata==1.2016.6	UNKNOWN STEP	2026-09-30T03:52:18.0595029Z hint:
Test py3.10 on typing-extensions==4.16.0 annotated-types==0.8.0 pydantic-core==2.49.0 typing-inspection==0.4.4 email-validator==2.0.0 tzdata==1.2016.6	UNKNOWN STEP	2026-09-30T03:52:18.0595407Z hint: 	git config --global init.defaultBranch <name>
Test py3.10 on typing-extensions==4.16.0 annotated-types==0.8.0 pydantic-core==2.49.0 typing-inspection==0.4.4 email-validator==2.0.0 tzdata==1.2016.6	UNKNOWN STEP	2026-09-30T03:52:18.0595781Z hint:
Test py3.10 on typing-extensions==4.16.0 annotated-types==0.8.0 pydantic-core==2.49.0 typing-inspection==0.4.4 email-validator==2.0.0 tzdata==1.2016.6	UNKNOWN STEP	2026-09-30T03:52:18.0596251Z hint: Names commonly chosen instead of 'master' are 'main', 'trunk' and
Test py3.10 on typing-extensions==4.16.0 annotated-types==0.8.0 pydantic-core==2.49.0 typing-inspection==0.4.4 email-validator==2.0.0 tzdata==1.2016.6	UNKNOWN STEP	2026-09-30T03:52:18.0597077Z hint: 'development'. The just-created branch can be renamed via this command:
Test py3.10 on typing-extensions==4.16.0 annotated-types==0.8.0 pydantic-core==2.49.0 typing-inspection==0.4.4 email-validator==2.0.0 tzdata==1.2016.6	UNKNOWN STEP	2026-09-30T03:52:18.0597746Z hint:
Test py3.10 on typing-extensions==4.16.0 annotated-types==0.8.0 pydantic-core==2.49.0 typing-inspection==0.4.4 email-validator==2.0.0 tzdata==1.2016.6	UNKNOWN STEP	2026-09-30T03:52:18.0598135Z hint: 	git branch -m <name>
Test py3.10 on typing-extensions==4.16.0 annotated-types==0.8.0 pydantic-core==2.49.0 typing-inspection==0.4.4 email-validator==2.0.0 tzdata==1.2016.6	UNKNOWN STEP	2026-09-30T03:52:18.0598577Z hint:
Test py3.10 on typing-extensions==4.16.0 annotated-types==0.8.0 pydantic-core==2.49.0 typing-inspection==0.4.4 email-validator==2.0.0 tzdata==1.2016.6	UNKNOWN STEP	2026-09-30T03:52:18.0599124Z hint: Disable this message with "git config set advice.defaultBranchName false"
Test py3.10 on typing-extensions==4.16.0 annotated-types==0.8.0 pydantic-core==2.49.0 typing-inspection==0.4.4 email-validator==2.0.0 tzdata==1.2016.6	UNKNOWN STEP	2026-09-30T03:52:18.0600050Z Initialized empty Git repository in /home/runner/work/pydantic/pydantic/.git/
Test py3.10 on typing-extensions==4.16.0 annotated-types==0.8.0 pydantic-core==2.49.0 typing-inspection==0.4.4 email-validator==2.0.0 tzdata==1.2016.6	UNKNOWN STEP	2026-09-30T03:52:18.0602547Z [command]/usr/bin/git remote add origin https://github.com/pydantic/pydantic
Test py3.10 on typing-extensions==4.16.0 annotated-types==0.8.0 pydantic-core==2.49.0 typing-inspection==0.4.4 email-validator==2.0.0 tzdata==1.2016.6	UNKNOWN STEP	2026-09-30T03:52:18.0639525Z ##[endgroup]
Test py3.10 on typing-extensions==4.16.0 annotated-types==0.8.0 pydantic-core==2.49.0 typing-inspection==0.4.4 email-validator==2.0.0 tzdata==1.2016.6	UNKNOWN STEP	2026-09-30T03:52:18.0639960Z ##[group]Disabling automatic garbage collection
Test py3.10 on typing-extensions==4.16.0 annotated-types==0.8.0 pydantic-core==2.49.0 typing-inspection==0.4.4 email-validator==2.0.0 tzdata==1.2016.6	UNKNOWN STEP	2026-09-30T03:52:18.0641444Z [command]/usr/bin/git config --local gc.auto 0
Test py3.10 on typing-extensions==4.16.0 annotated-types==0.8.0 pydantic-core==2.49.0 typing-inspection==0.4.4 email-validator==2.0.0 tzdata==1.2016.6	UNKNOWN STEP	2026-09-30T03:52:18.0664330Z ##[endgroup]
Test py3.10 on typing-extensions==4.16.0 annotated-types==0.8.0 pydantic-core==2.49.0 typing-inspection==0.4.4 email-validator==2.0.0 tzdata==1.2016.6	UNKNOWN STEP	2026-09-30T03:52:18.0664964Z ##[group]Setting up auth
Test py3.10 on typing-extensions==4.16.0 annotated-types==0.8.0 pydantic-core==2.49.0 typing-inspection==0.4.4 email-validator==2.0.0 tzdata==1.2016.6	UNKNOWN STEP	2026-09-30T03:52:18.0665455Z Removing SSH command configuration
Test py3.10 on typing-extensions==4.16.0 annotated-types==0.8.0 pydantic-core==2.49.0 typing-inspection==0.4.4 email-validator==2.0.0 tzdata==1.2016.6	UNKNOWN STEP	2026-09-30T03:52:18.0668381Z [command]/usr/bin/git config --local --name-only --get-regexp core\.sshCommand
Test py3.10 on typing-extensions==4.16.0 annotated-types==0.8.0 pydantic-core==2.49.0 typing-inspection==0.4.4 email-validator==2.0.0 tzdata==1.2016.6	UNKNOWN STEP	2026-09-30T03:52:18.0690955Z [command]/usr/bin/git submodule foreach --recursive sh -c "git config --local --name-only --get-regexp 'core\.sshCommand' && git config --local --unset-all 'core.sshCommand' || :"
Test py3.10 on typing-extensions==4.16.0 annotated-types==0.8.0 pydantic-core==2.49.0 typing-inspection==0.4.4 email-validator==2.0.0 tzdata==1.2016.6	UNKNOWN STEP	2026-09-30T03:52:18.0942930Z Removing HTTP extra header
Test py3.10 on typing-extensions==4.16.0 annotated-types==0.8.0 pydantic-core==2.49.0 typing-inspection==0.4.4 email-validator==2.0.0 tzdata==1.2016.6	UNKNOWN STEP	2026-09-30T03:52:18.0945889Z [command]/usr/bin/git config --local --name-only --get-regexp http\.https\:\/\/github\.com\/\.extraheader
Test py3.10 on typing-extensions==4.16.0 annotated-types==0.8.0 pydantic-core==2.49.0 typing-inspection==0.4.4 email-validator==2.0.0 tzdata==1.2016.6	UNKNOWN STEP	2026-09-30T03:52:18.0967562Z [command]/usr/bin/git submodule foreach --recursive sh -c "git config --local --name-only --get-regexp 'http\.https\:\/\/github\.com\/\.extraheader' && git config --local --unset-all 'http.https://github.com/.extraheader' || :"
Test py3.10 on typing-extensions==4.16.0 annotated-types==0.8.0 pydantic-core==2.49.0 typing-inspection==0.4.4 email-validator==2.0.0 tzdata==1.2016.6	UNKNOWN STEP	2026-09-30T03:52:18.1127538Z Removing includeIf entries pointing to credentials config files
Test py3.10 on typing-extensions==4.16.0 annotated-types==0.8.0 pydantic-core==2.49.0 typing-inspection==0.4.4 email-validator==2.0.0 tzdata==1.2016.6	UNKNOWN STEP	2026-09-30T03:52:18.1130512Z [command]/usr/bin/git config --local --name-only --get-regexp ^includeIf\.gitdir:
Test py3.10 on typing-extensions==4.16.0 annotated-types==0.8.0 pydantic-core==2.49.0 typing-inspection==0.4.4 email-validator==2.0.0 tzdata==1.2016.6	UNKNOWN STEP	2026-09-30T03:52:18.1153978Z [command]/usr/bin/git submodule foreach --recursive git config --local --show-origin --name-only --get-regexp remote.origin.url
Test py3.10 on typing-extensions==4.16.0 annotated-types==0.8.0 pydantic-core==2.49.0 typing-inspection==0.4.4 email-validator==2.0.0 tzdata==1.2016.6	UNKNOWN STEP	2026-09-30T03:52:18.1323533Z [command]/usr/bin/git config --file /home/runner/work/_temp/git-credentials-7a201015-ae2f-4983-9731-ea84e8949c0d.config http.https://github.com/.extraheader AUTHORIZATION: basic ***
Test py3.10 on typing-extensions==4.16.0 annotated-types==0.8.0 pydantic-core==2.49.0 typing-inspection==0.4.4 email-validator==2.0.0 tzdata==1.2016.6	UNKNOWN STEP	2026-09-30T03:52:18.1348744Z [command]/usr/bin/git config --local includeIf.gitdir:/home/runner/work/pydantic/pydantic/.git.path /home/runner/work/_temp/git-credentials-7a201015-ae2f-4983-9731-ea84e8949c0d.config
Test py3.10 on typing-extensions==4.16.0 annotated-types==0.8.0 pydantic-core==2.49.0 typing-inspection==0.4.4 email-validator==2.0.0 tzdata==1.2016.6	UNKNOWN STEP	2026-09-30T03:52:18.1373066Z [command]/usr/bin/git config --local includeIf.gitdir:/home/runner/work/pydantic/pydantic/.git/worktrees/*.path /home/runner/work/_temp/git-credentials-7a201015-ae2f-4983-9731-ea84e8949c0d.config
Test py3.10 on typing-extensions==4.16.0 annotated-types==0.8.0 pydantic-core==2.49.0 typing-inspection==0.4.4 email-validator==2.0.0 tzdata==1.2016.6	UNKNOWN STEP	2026-09-30T03:52:18.1399569Z [command]/usr/bin/git config --local includeIf.gitdir:/github/workspace/.git.path /github/runner_temp/git-credentials-7a201015-ae2f-4983-9731-ea84e8949c0d.config
Test py3.10 on typing-extensions==4.16.0 annotated-types==0.8.0 pydantic-core==2.49.0 typing-inspection==0.4.4 email-validator==2.0.0 tzdata==1.2016.6	UNKNOWN STEP	2026-09-30T03:52:18.1423811Z [command]/usr/bin/git config --local includeIf.gitdir:/github/workspace/.git/worktrees/*.path /github/runner_temp/git-credentials-7a201015-ae2f-4983-9731-ea84e8949c0d.config
Test py3.10 on typing-extensions==4.16.0 annotated-types==0.8.0 pydantic-core==2.49.0 typing-inspection==0.4.4 email-validator==2.0.0 tzdata==1.2016.6	UNKNOWN STEP	2026-09-30T03:52:18.1445932Z ##[endgroup]
Test py3.10 on typing-extensions==4.16.0 annotated-types==0.8.0 pydantic-core==2.49.0 typing-inspection==0.4.4 email-validator==2.0.0 tzdata==1.2016.6	UNKNOWN STEP	2026-09-30T03:52:18.1446589Z ##[group]Fetching the repository
Test py3.10 on typing-extensions==4.16.0 annotated-types==0.8.0 pydantic-core==2.49.0 typing-inspection==0.4.4 email-validator==2.0.0 tzdata==1.2016.6	UNKNOWN STEP	2026-09-30T03:52:18.1450626Z [command]/usr/bin/git -c protocol.version=2 fetch --no-tags --prune --no-recurse-submodules --depth=1 origin +26f7b8a1ad02951962c4073297fa9a2b1ce8d30c:refs/remotes/origin/main
Test py3.10 on typing-extensions==4.16.0 annotated-types==0.8.0 pydantic-core==2.49.0 typing-inspection==0.4.4 email-validator==2.0.0 tzdata==1.2016.6	UNKNOWN STEP	2026-09-30T03:52:19.5022605Z From https://github.com/pydantic/pydantic
Test py3.10 on typing-extensions==4.16.0 annotated-types==0.8.0 pydantic-core==2.49.0 typing-inspection==0.4.4 email-validator==2.0.0 tzdata==1.2016.6	UNKNOWN STEP	2026-09-30T03:52:19.5024265Z  * [new ref]         26f7b8a1ad02951962c4073297fa9a2b1ce8d30c -> origin/main
Test py3.10 on typing-extensions==4.16.0 annotated-types==0.8.0 pydantic-core==2.49.0 typing-inspection==0.4.4 email-validator==2.0.0 tzdata==1.2016.6	UNKNOWN STEP	2026-09-30T03:52:19.5028879Z [command]/usr/bin/git branch --list --remote origin/main
Test py3.10 on typing-extensions==4.16.0 annotated-types==0.8.0 pydantic-core==2.49.0 typing-inspection==0.4.4 email-validator==2.0.0 tzdata==1.2016.6	UNKNOWN STEP	2026-09-30T03:52:19.5048839Z   origin/main
Test py3.10 on typing-extensions==4.16.0 annotated-types==0.8.0 pydantic-core==2.49.0 typing-inspection==0.4.4 email-validator==2.0.0 tzdata==1.2016.6	UNKNOWN STEP	2026-09-30T03:52:19.5054905Z [command]/usr/bin/git rev-parse refs/remotes/origin/main
Test py3.10 on typing-extensions==4.16.0 annotated-types==0.8.0 pydantic-core==2.49.0 typing-inspection==0.4.4 email-validator==2.0.0 tzdata==1.2016.6	UNKNOWN STEP	2026-09-30T03:52:19.5072077Z 26f7b8a1ad02951962c4073297fa9a2b1ce8d30c
Test py3.10 on typing-extensions==4.16.0 annotated-types==0.8.0 pydantic-core==2.49.0 typing-inspection==0.4.4 email-validator==2.0.0 tzdata==1.2016.6	UNKNOWN STEP	2026-09-30T03:52:19.5075987Z ##[endgroup]
Test py3.10 on typing-extensions==4.16.0 annotated-types==0.8.0 pydantic-core==2.49.0 typing-inspection==0.4.4 email-validator==2.0.0 tzdata==1.2016.6	UNKNOWN STEP	2026-09-30T03:52:19.5077145Z ##[group]Determining the checkout info
Test py3.10 on typing-extensions==4.16.0 annotated-types==0.8.0 pydantic-core==2.49.0 typing-inspection==0.4.4 email-validator==2.0.0 tzdata==1.2016.6	UNKNOWN STEP	2026-09-30T03:52:19.5078608Z ##[endgroup]
Test py3.10 on typing-extensions==4.16.0 annotated-types==0.8.0 pydantic-core==2.49.0 typing-inspection==0.4.4 email-validator==2.0.0 tzdata==1.2016.6	UNKNOWN STEP	2026-09-30T03:52:19.5079629Z [command]/usr/bin/git sparse-checkout disable
Test py3.10 on typing-extensions==4.16.0 annotated-types==0.8.0 pydantic-core==2.49.0 typing-inspection==0.4.4 email-validator==2.0.0 tzdata==1.2016.6	UNKNOWN STEP	2026-09-30T03:52:19.5115816Z [command]/usr/bin/git config --local --unset-all extensions.worktreeConfig
Test py3.10 on typing-extensions==4.16.0 annotated-types==0.8.0 pydantic-core==2.49.0 typing-inspection==0.4.4 email-validator==2.0.0 tzdata==1.2016.6	UNKNOWN STEP	2026-09-30T03:52:19.5139334Z ##[group]Checking out the ref
Test py3.10 on typing-extensions==4.16.0 annotated-types==0.8.0 pydantic-core==2.49.0 typing-inspection==0.4.4 email-validator==2.0.0 tzdata==1.2016.6	UNKNOWN STEP	2026-09-30T03:52:19.5140671Z [command]/usr/bin/git checkout --progress --force -B main refs/remotes/origin/main
Test py3.10 on typing-extensions==4.16.0 annotated-types==0.8.0 pydantic-core==2.49.0 typing-inspection==0.4.4 email-validator==2.0.0 tzdata==1.2016.6	UNKNOWN STEP	2026-09-30T03:52:19.5663423Z Switched to a new branch 'main'
Test py3.10 on typing-extensions==4.16.0 annotated-types==0.8.0 pydantic-core==2.49.0 typing-inspection==0.4.4 email-validator==2.0.0 tzdata==1.2016.6	UNKNOWN STEP	2026-09-30T03:52:19.5666836Z branch 'main' set up to track 'origin/main'.
Test py3.10 on typing-extensions==4.16.0 annotated-types==0.8.0 pydantic-core==2.49.0 typing-inspection==0.4.4 email-validator==2.0.0 tzdata==1.2016.6	UNKNOWN STEP	2026-09-30T03:52:19.5674392Z ##[endgroup]
Test py3.10 on typing-extensions==4.16.0 annotated-types==0.8.0 pydantic-core==2.49.0 typing-inspection==0.4.4 email-validator==2.0.0 tzdata==1.2016.6	UNKNOWN STEP	2026-09-30T03:52:19.5705191Z [command]/usr/bin/git log -1 --format=%H
Test py3.10 on typing-extensions==4.16.0 annotated-types==0.8.0 pydantic-core==2.49.0 typing-inspection==0.4.4 email-validator==2.0.0 tzdata==1.2016.6	UNKNOWN STEP	2026-09-30T03:52:19.5724598Z 26f7b8a1ad02951962c4073297fa9a2b1ce8d30c
Test py3.10 on typing-extensions==4.16.0 annotated-types==0.8.0 pydantic-core==2.49.0 typing-inspection==0.4.4 email-validator==2.0.0 tzdata==1.2016.6	UNKNOWN STEP	2026-09-30T03:52:19.5731860Z ##[group]Removing auth
Test py3.10 on typing-extensions==4.16.0 annotated-types==0.8.0 pydantic-core==2.49.0 typing-inspection==0.4.4 email-validator==2.0.0 tzdata==1.2016.6	UNKNOWN STEP	2026-09-30T03:52:19.5733213Z Removing SSH command configuration
Test py3.10 on typing-extensions==4.16.0 annotated-types==0.8.0 pydantic-core==2.49.0 typing-inspection==0.4.4 email-validator==2.0.0 tzdata==1.2016.6	UNKNOWN STEP	2026-09-30T03:52:19.5734791Z [command]/usr/bin/git config --local --name-only --get-regexp core\.sshCommand
Test py3.10 on typing-extensions==4.16.0 annotated-types==0.8.0 pydantic-core==2.49.0 typing-inspection==0.4.4 email-validator==2.0.0 tzdata==1.2016.6	UNKNOWN STEP	2026-09-30T03:52:19.5759922Z [command]/usr/bin/git submodule foreach --recursive sh -c "git config --local --name-only --get-regexp 'core\.sshCommand' && git config --local --unset-all 'core.sshCommand' || :"
Test py3.10 on typing-extensions==4.16.0 annotated-types==0.8.0 pydantic-core==2.49.0 typing-inspection==0.4.4 email-validator==2.0.0 tzdata==1.2016.6	UNKNOWN STEP	2026-09-30T03:52:19.5926653Z Removing HTTP extra header
Test py3.10 on typing-extensions==4.16.0 annotated-types==0.8.0 pydantic-core==2.49.0 typing-inspection==0.4.4 email-validator==2.0.0 tzdata==1.2016.6	UNKNOWN STEP	2026-09-30T03:52:19.5928416Z [command]/usr/bin/git config --local --name-only --get-regexp http\.https\:\/\/github\.com\/\.extraheader
Test py3.10 on typing-extensions==4.16.0 annotated-types==0.8.0 pydantic-core==2.49.0 typing-inspection==0.4.4 email-validator==2.0.0 tzdata==1.2016.6	UNKNOWN STEP	2026-09-30T03:52:19.5951802Z [command]/usr/bin/git submodule foreach --recursive sh -c "git config --local --name-only --get-regexp 'http\.https\:\/\/github\.com\/\.extraheader' && git config --local --unset-all 'http.https://github.com/.extraheader' || :"
Test py3.10 on typing-extensions==4.16.0 annotated-types==0.8.0 pydantic-core==2.49.0 typing-inspection==0.4.4 email-validator==2.0.0 tzdata==1.2016.6	UNKNOWN STEP	2026-09-30T03:52:19.6112249Z Removing includeIf entries pointing to credentials config files
Test py3.10 on typing-extensions==4.16.0 annotated-types==0.8.0 pydantic-core==2.49.0 typing-inspection==0.4.4 email-validator==2.0.0 tzdata==1.2016.6	UNKNOWN STEP	2026-09-30T03:52:19.6114189Z [command]/usr/bin/git config --local --name-only --get-regexp ^includeIf\.gitdir:
Test py3.10 on typing-extensions==4.16.0 annotated-types==0.8.0 pydantic-core==2.49.0 typing-inspection==0.4.4 email-validator==2.0.0 tzdata==1.2016.6	UNKNOWN STEP	2026-09-30T03:52:19.6133989Z includeif.gitdir:/home/runner/work/pydantic/pydantic/.git.path
Test py3.10 on typing-extensions==4.16.0 annotated-types==0.8.0 pydantic-core==2.49.0 typing-inspection==0.4.4 email-validator==2.0.0 tzdata==1.2016.6	UNKNOWN STEP	2026-09-30T03:52:19.6135727Z includeif.gitdir:/home/runner/work/pydantic/pydantic/.git/worktrees/*.path
Test py3.10 on typing-extensions==4.16.0 annotated-types==0.8.0 pydantic-core==2.49.0 typing-inspection==0.4.4 email-validator==2.0.0 tzdata==1.2016.6	UNKNOWN STEP	2026-09-30T03:52:19.6137054Z includeif.gitdir:/github/workspace/.git.path
Test py3.10 on typing-extensions==4.16.0 annotated-types==0.8.0 pydantic-core==2.49.0 typing-inspection==0.4.4 email-validator==2.0.0 tzdata==1.2016.6	UNKNOWN STEP	2026-09-30T03:52:19.6138219Z includeif.gitdir:/github/workspace/.git/worktrees/*.path
Test py3.10 on typing-extensions==4.16.0 annotated-types==0.8.0 pydantic-core==2.49.0 typing-inspection==0.4.4 email-validator==2.0.0 tzdata==1.2016.6	UNKNOWN STEP	2026-09-30T03:52:19.6140999Z [command]/usr/bin/git config --local --get-all includeif.gitdir:/home/runner/work/pydantic/pydantic/.git.path
Test py3.10 on typing-extensions==4.16.0 annotated-types==0.8.0 pydantic-core==2.49.0 typing-inspection==0.4.4 email-validator==2.0.0 tzdata==1.2016.6	UNKNOWN STEP	2026-09-30T03:52:19.6157374Z /home/runner/work/_temp/git-credentials-7a201015-ae2f-4983-9731-ea84e8949c0d.config
Test py3.10 on typing-extensions==4.16.0 annotated-types==0.8.0 pydantic-core==2.49.0 typing-inspection==0.4.4 email-validator==2.0.0 tzdata==1.2016.6	UNKNOWN STEP	2026-09-30T03:52:19.6165054Z [command]/usr/bin/git config --local --unset includeif.gitdir:/home/runner/work/pydantic/pydantic/.git.path \/home\/runner\/work\/_temp\/git\-credentials\-7a201015\-ae2f\-4983\-9731\-ea84e8949c0d\.config
Test py3.10 on typing-extensions==4.16.0 annotated-types==0.8.0 pydantic-core==2.49.0 typing-inspection==0.4.4 email-validator==2.0.0 tzdata==1.2016.6	UNKNOWN STEP	2026-09-30T03:52:19.6189884Z [command]/usr/bin/git config --local --get-all includeif.gitdir:/home/runner/work/pydantic/pydantic/.git/worktrees/*.path
Test py3.10 on typing-extensions==4.16.0 annotated-types==0.8.0 pydantic-core==2.49.0 typing-inspection==0.4.4 email-validator==2.0.0 tzdata==1.2016.6	UNKNOWN STEP	2026-09-30T03:52:19.6214418Z /home/runner/work/_temp/git-credentials-7a201015-ae2f-4983-9731-ea84e8949c0d.config
Test py3.10 on typing-extensions==4.16.0 annotated-types==0.8.0 pydantic-core==2.49.0 typing-inspection==0.4.4 email-validator==2.0.0 tzdata==1.2016.6	UNKNOWN STEP	2026-09-30T03:52:19.6220479Z [command]/usr/bin/git config --local --unset includeif.gitdir:/home/runner/work/pydantic/pydantic/.git/worktrees/*.path \/home\/runner\/work\/_temp\/git\-credentials\-7a201015\-ae2f\-4983\-9731\-ea84e8949c0d\.config
Test py3.10 on typing-extensions==4.16.0 annotated-types==0.8.0 pydantic-core==2.49.0 typing-inspection==0.4.4 email-validator==2.0.0 tzdata==1.2016.6	UNKNOWN STEP	2026-09-30T03:52:19.6244826Z [command]/usr/bin/git config --local --get-all includeif.gitdir:/github/workspace/.git.path
Test py3.10 on typing-extensions==4.16.0 annotated-types==0.8.0 pydantic-core==2.49.0 typing-inspection==0.4.4 email-validator==2.0.0 tzdata==1.2016.6	UNKNOWN STEP	2026-09-30T03:52:19.6263080Z /github/runner_temp/git-credentials-7a201015-ae2f-4983-9731-ea84e8949c0d.config
Test py3.10 on typing-extensions==4.16.0 annotated-types==0.8.0 pydantic-core==2.49.0 typing-inspection==0.4.4 email-validator==2.0.0 tzdata==1.2016.6	UNKNOWN STEP	2026-09-30T03:52:19.6271026Z [command]/usr/bin/git config --local --unset includeif.gitdir:/github/workspace/.git.path \/github\/runner_temp\/git\-credentials\-7a201015\-ae2f\-4983\-9731\-ea84e8949c0d\.config
Test py3.10 on typing-extensions==4.16.0 annotated-types==0.8.0 pydantic-core==2.49.0 typing-inspection==0.4.4 email-validator==2.0.0 tzdata==1.2016.6	UNKNOWN STEP	2026-09-30T03:52:19.6295183Z [command]/usr/bin/git config --local --get-all includeif.gitdir:/github/workspace/.git/worktrees/*.path
Test py3.10 on typing-extensions==4.16.0 annotated-types==0.8.0 pydantic-core==2.49.0 typing-inspection==0.4.4 email-validator==2.0.0 tzdata==1.2016.6	UNKNOWN STEP	2026-09-30T03:52:19.6312107Z /github/runner_temp/git-credentials-7a201015-ae2f-4983-9731-ea84e8949c0d.config
Test py3.10 on typing-extensions==4.16.0 annotated-types==0.8.0 pydantic-core==2.49.0 typing-inspection==0.4.4 email-validator==2.0.0 tzdata==1.2016.6	UNKNOWN STEP	2026-09-30T03:52:19.6318625Z [command]/usr/bin/git config --local --unset includeif.gitdir:/github/workspace/.git/worktrees/*.path \/github\/runner_temp\/git\-credentials\-7a201015\-ae2f\-4983\-9731\-ea84e8949c0d\.config
Test py3.10 on typing-extensions==4.16.0 annotated-types==0.8.0 pydantic-core==2.49.0 typing-inspection==0.4.4 email-validator==2.0.0 tzdata==1.2016.6	UNKNOWN STEP	2026-09-30T03:52:19.6343566Z [command]/usr/bin/git submodule foreach --recursive git config --local --show-origin --name-only --get-regexp remote.origin.url
Test py3.10 on typing-extensions==4.16.0 annotated-types==0.8.0 pydantic-core==2.49.0 typing-inspection==0.4.4 email-validator==2.0.0 tzdata==1.2016.6	UNKNOWN STEP	2026-09-30T03:52:19.6506008Z Removing credentials config '/home/runner/work/_temp/git-credentials-7a201015-ae2f-4983-9731-ea84e8949c0d.config'
Test py3.10 on typing-extensions==4.16.0 annotated-types==0.8.0 pydantic-core==2.49.0 typing-inspection==0.4.4 email-validator==2.0.0 tzdata==1.2016.6	UNKNOWN STEP	2026-09-30T03:52:19.6512003Z ##[endgroup]
Test py3.10 on typing-extensions==4.16.0 annotated-types==0.8.0 pydantic-core==2.49.0 typing-inspection==0.4.4 email-validator==2.0.0 tzdata==1.2016.6	UNKNOWN STEP	2026-09-30T03:52:19.6752330Z ##[group]Run actions/setup-python@5fda3b95a4ea91299a34e894583c3862153e4b97
Test py3.10 on typing-extensions==4.16.0 annotated-types==0.8.0 pydantic-core==2.49.0 typing-inspection==0.4.4 email-validator==2.0.0 tzdata==1.2016.6	UNKNOWN STEP	2026-09-30T03:52:19.6753634Z with:
Test py3.10 on typing-extensions==4.16.0 annotated-types==0.8.0 pydantic-core==2.49.0 typing-inspection==0.4.4 email-validator==2.0.0 tzdata==1.2016.6	UNKNOWN STEP	2026-09-30T03:52:19.6754199Z   python-version: 3.10
Test py3.10 on typing-extensions==4.16.0 annotated-types==0.8.0 pydantic-core==2.49.0 typing-inspection==0.4.4 email-validator==2.0.0 tzdata==1.2016.6	UNKNOWN STEP	2026-09-30T03:52:19.6754825Z   check-latest: false
Test py3.10 on typing-extensions==4.16.0 annotated-types==0.8.0 pydantic-core==2.49.0 typing-inspection==0.4.4 email-validator==2.0.0 tzdata==1.2016.6	UNKNOWN STEP	2026-09-30T03:52:19.6760395Z   token: ***
Test py3.10 on typing-extensions==4.16.0 annotated-types==0.8.0 pydantic-core==2.49.0 typing-inspection==0.4.4 email-validator==2.0.0 tzdata==1.2016.6	UNKNOWN STEP	2026-09-30T03:52:19.6760993Z   update-environment: true
Test py3.10 on typing-extensions==4.16.0 annotated-types==0.8.0 pydantic-core==2.49.0 typing-inspection==0.4.4 email-validator==2.0.0 tzdata==1.2016.6	UNKNOWN STEP	2026-09-30T03:52:19.6761674Z   allow-prereleases: false
Test py3.10 on typing-extensions==4.16.0 annotated-types==0.8.0 pydantic-core==2.49.0 typing-inspection==0.4.4 email-validator==2.0.0 tzdata==1.2016.6	UNKNOWN STEP	2026-09-30T03:52:19.6762333Z   freethreaded: false
Test py3.10 on typing-extensions==4.16.0 annotated-types==0.8.0 pydantic-core==2.49.0 typing-inspection==0.4.4 email-validator==2.0.0 tzdata==1.2016.6	UNKNOWN STEP	2026-09-30T03:52:19.6763149Z env:
Test py3.10 on typing-extensions==4.16.0 annotated-types==0.8.0 pydantic-core==2.49.0 typing-inspection==0.4.4 email-validator==2.0.0 tzdata==1.2016.6	UNKNOWN STEP	2026-09-30T03:52:19.6763681Z   UV_FROZEN: true
Test py3.10 on typing-extensions==4.16.0 annotated-types==0.8.0 pydantic-core==2.49.0 typing-inspection==0.4.4 email-validator==2.0.0 tzdata==1.2016.6	UNKNOWN STEP	2026-09-30T03:52:19.6764258Z ##[endgroup]
Test py3.10 on typing-extensions==4.16.0 annotated-types==0.8.0 pydantic-core==2.49.0 typing-inspection==0.4.4 email-validator==2.0.0 tzdata==1.2016.6	UNKNOWN STEP	2026-09-30T03:52:19.7513479Z ##[group]Installed versions
Test py3.10 on typing-extensions==4.16.0 annotated-types==0.8.0 pydantic-core==2.49.0 typing-inspection==0.4.4 email-validator==2.0.0 tzdata==1.2016.6	UNKNOWN STEP	2026-09-30T03:52:19.7568182Z Successfully set up CPython (3.10.21)
Test py3.10 on typing-extensions==4.16.0 annotated-types==0.8.0 pydantic-core==2.49.0 typing-inspection==0.4.4 email-validator==2.0.0 tzdata==1.2016.6	UNKNOWN STEP	2026-09-30T03:52:19.7569475Z ##[endgroup]
Test py3.10 on typing-extensions==4.16.0 annotated-types==0.8.0 pydantic-core==2.49.0 typing-inspection==0.4.4 email-validator==2.0.0 tzdata==1.2016.6	UNKNOWN STEP	2026-09-30T03:52:19.7685812Z ##[group]Run pip install uv
Test py3.10 on typing-extensions==4.16.0 annotated-types==0.8.0 pydantic-core==2.49.0 typing-inspection==0.4.4 email-validator==2.0.0 tzdata==1.2016.6	UNKNOWN STEP	2026-09-30T03:52:19.7686562Z ^[[36;1mpip install uv^[[0m
Test py3.10 on typing-extensions==4.16.0 annotated-types==0.8.0 pydantic-core==2.49.0 typing-inspection==0.4.4 email-validator==2.0.0 tzdata==1.2016.6	UNKNOWN STEP	2026-09-30T03:52:19.7901024Z shell: /usr/bin/bash -e {0}
Test py3.10 on typing-extensions==4.16.0 annotated-types==0.8.0 pydantic-core==2.49.0 typing-inspection==0.4.4 email-validator==2.0.0 tzdata==1.2016.6	UNKNOWN STEP	2026-09-30T03:52:19.7901687Z env:
Test py3.10 on typing-extensions==4.16.0 annotated-types==0.8.0 pydantic-core==2.49.0 typing-inspection==0.4.4 email-validator==2.0.0 tzdata==1.2016.6	UNKNOWN STEP	2026-09-30T03:52:19.7902203Z   UV_FROZEN: true
Test py3.10 on typing-extensions==4.16.0 annotated-types==0.8.0 pydantic-core==2.49.0 typing-inspection==0.4.4 email-validator==2.0.0 tzdata==1.2016.6	UNKNOWN STEP	2026-09-30T03:52:19.7903116Z   pythonLocation: /opt/hostedtoolcache/Python/3.10.21/x64
Test py3.10 on typing-extensions==4.16.0 annotated-types==0.8.0 pydantic-core==2.49.0 typing-inspection==0.4.4 email-validator==2.0.0 tzdata==1.2016.6	UNKNOWN STEP	2026-09-30T03:52:19.7904248Z   PKG_CONFIG_PATH: /opt/hostedtoolcache/Python/3.10.21/x64/lib/pkgconfig
Test py3.10 on typing-extensions==4.16.0 annotated-types==0.8.0 pydantic-core==2.49.0 typing-inspection==0.4.4 email-validator==2.0.0 tzdata==1.2016.6	UNKNOWN STEP	2026-09-30T03:52:19.7905340Z   Python_ROOT_DIR: /opt/hostedtoolcache/Python/3.10.21/x64
Test py3.10 on typing-extensions==4.16.0 annotated-types==0.8.0 pydantic-core==2.49.0 typing-inspection==0.4.4 email-validator==2.0.0 tzdata==1.2016.6	UNKNOWN STEP	2026-09-30T03:52:19.7906338Z   Python2_ROOT_DIR: /opt/hostedtoolcache/Python/3.10.21/x64
Test py3.10 on typing-extensions==4.16.0 annotated-types==0.8.0 pydantic-core==2.49.0 typing-inspection==0.4.4 email-validator==2.0.0 tzdata==1.2016.6	UNKNOWN STEP	2026-09-30T03:52:19.7907331Z   Python3_ROOT_DIR: /opt/hostedtoolcache/Python/3.10.21/x64
Test py3.10 on typing-extensions==4.16.0 annotated-types==0.8.0 pydantic-core==2.49.0 typing-inspection==0.4.4 email-validator==2.0.0 tzdata==1.2016.6	UNKNOWN STEP	2026-09-30T03:52:19.7908344Z   LD_LIBRARY_PATH: /opt/hostedtoolcache/Python/3.10.21/x64/lib
Test py3.10 on typing-extensions==4.16.0 annotated-types==0.8.0 pydantic-core==2.49.0 typing-inspection==0.4.4 email-validator==2.0.0 tzdata==1.2016.6	UNKNOWN STEP	2026-09-30T03:52:19.7909192Z ##[endgroup]
Test py3.10 on typing-extensions==4.16.0 annotated-types==0.8.0 pydantic-core==2.49.0 typing-inspection==0.4.4 email-validator==2.0.0 tzdata==1.2016.6	UNKNOWN STEP	2026-09-30T03:52:20.5679034Z Collecting uv
Test py3.10 on typing-extensions==4.16.0 annotated-types==0.8.0 pydantic-core==2.49.0 typing-inspection==0.4.4 email-validator==2.0.0 tzdata==1.2016.6	UNKNOWN STEP	2026-09-30T03:52:20.6272125Z   Downloading uv-0.12.21-py3-none-manylinux_2_17_x86_64.manylinux2014_x86_64.whl.metadata (11 kB)
Test py3.10 on typing-extensions==4.16.0 annotated-types==0.8.0 pydantic-core==2.49.0 typing-inspection==0.4.4 email-validator==2.0.0 tzdata==1.2016.6	UNKNOWN STEP	2026-09-30T03:52:20.6413479Z Downloading uv-0.12.21-py3-none-manylinux_2_17_x86_64.manylinux2014_x86_64.whl (20.4 MB)
Test py3.10 on typing-extensions==4.16.0 annotated-types==0.8.0 pydantic-core==2.49.0 typing-inspection==0.4.4 email-validator==2.0.0 tzdata==1.2016.6	UNKNOWN STEP	2026-09-30T03:52:20.8749641Z    ━━━━━━━━━━━━━━━━━━━━━━━━━━━━━━━━━━━━━━━━ 20.4/20.4 MB 98.3 MB/s  0:00:00
Test py3.10 on typing-extensions==4.16.0 annotated-types==0.8.0 pydantic-core==2.49.0 typing-inspection==0.4.4 email-validator==2.0.0 tzdata==1.2016.6	UNKNOWN STEP	2026-09-30T03:52:20.9120273Z Installing collected packages: uv
Test py3.10 on typing-extensions==4.16.0 annotated-types==0.8.0 pydantic-core==2.49.0 typing-inspection==0.4.4 email-validator==2.0.0 tzdata==1.2016.6	UNKNOWN STEP	2026-09-30T03:52:21.0729390Z Successfully installed uv-0.12.21
Test py3.10 on typing-extensions==4.16.0 annotated-types==0.8.0 pydantic-core==2.49.0 typing-inspection==0.4.4 email-validator==2.0.0 tzdata==1.2016.6	UNKNOWN STEP	2026-09-30T03:52:21.1137477Z ##[group]Run uv sync --all-extras
Test py3.10 on typing-extensions==4.16.0 annotated-types==0.8.0 pydantic-core==2.49.0 typing-inspection==0.4.4 email-validator==2.0.0 tzdata==1.2016.6	UNKNOWN STEP	2026-09-30T03:52:21.1137705Z ^[[36;1muv sync --all-extras^[[0m
Test py3.10 on typing-extensions==4.16.0 annotated-types==0.8.0 pydantic-core==2.49.0 typing-inspection==0.4.4 email-validator==2.0.0 tzdata==1.2016.6	UNKNOWN STEP	2026-09-30T03:52:21.1190701Z shell: /usr/bin/bash -e {0}
Test py3.10 on typing-extensions==4.16.0 annotated-types==0.8.0 pydantic-core==2.49.0 typing-inspection==0.4.4 email-validator==2.0.0 tzdata==1.2016.6	UNKNOWN STEP	2026-09-30T03:52:21.1190873Z env:
Test py3.10 on typing-extensions==4.16.0 annotated-types==0.8.0 pydantic-core==2.49.0 typing-inspection==0.4.4 email-validator==2.0.0 tzdata==1.2016.6	UNKNOWN STEP	2026-09-30T03:52:21.1191014Z   UV_FROZEN: true
Test py3.10 on typing-extensions==4.16.0 annotated-types==0.8.0 pydantic-core==2.49.0 typing-inspection==0.4.4 email-validator==2.0.0 tzdata==1.2016.6	UNKNOWN STEP	2026-09-30T03:52:21.1191208Z   pythonLocation: /opt/hostedtoolcache/Python/3.10.21/x64
Test py3.10 on typing-extensions==4.16.0 annotated-types==0.8.0 pydantic-core==2.49.0 typing-inspection==0.4.4 email-validator==2.0.0 tzdata==1.2016.6	UNKNOWN STEP	2026-09-30T03:52:21.1191472Z   PKG_CONFIG_PATH: /opt/hostedtoolcache/Python/3.10.21/x64/lib/pkgconfig
Test py3.10 on typing-extensions==4.16.0 annotated-types==0.8.0 pydantic-core==2.49.0 typing-inspection==0.4.4 email-validator==2.0.0 tzdata==1.2016.6	UNKNOWN STEP	2026-09-30T03:52:21.1191731Z   Python_ROOT_DIR: /opt/hostedtoolcache/Python/3.10.21/x64
Test py3.10 on typing-extensions==4.16.0 annotated-types==0.8.0 pydantic-core==2.49.0 typing-inspection==0.4.4 email-validator==2.0.0 tzdata==1.2016.6	UNKNOWN STEP	2026-09-30T03:52:21.1191972Z   Python2_ROOT_DIR: /opt/hostedtoolcache/Python/3.10.21/x64
Test py3.10 on typing-extensions==4.16.0 annotated-types==0.8.0 pydantic-core==2.49.0 typing-inspection==0.4.4 email-validator==2.0.0 tzdata==1.2016.6	UNKNOWN STEP	2026-09-30T03:52:21.1192219Z   Python3_ROOT_DIR: /opt/hostedtoolcache/Python/3.10.21/x64
Test py3.10 on typing-extensions==4.16.0 annotated-types==0.8.0 pydantic-core==2.49.0 typing-inspection==0.4.4 email-validator==2.0.0 tzdata==1.2016.6	UNKNOWN STEP	2026-09-30T03:52:21.1192453Z   LD_LIBRARY_PATH: /opt/hostedtoolcache/Python/3.10.21/x64/lib
Test py3.10 on typing-extensions==4.16.0 annotated-types==0.8.0 pydantic-core==2.49.0 typing-inspection==0.4.4 email-validator==2.0.0 tzdata==1.2016.6	UNKNOWN STEP	2026-09-30T03:52:21.1192656Z ##[endgroup]
Test py3.10 on typing-extensions==4.16.0 annotated-types==0.8.0 pydantic-core==2.49.0 typing-inspection==0.4.4 email-validator==2.0.0 tzdata==1.2016.6	UNKNOWN STEP	2026-09-30T03:52:21.5632633Z Using CPython 3.10.21 interpreter at: /opt/hostedtoolcache/Python/3.10.21/x64/bin/python3
Test py3.10 on typing-extensions==4.16.0 annotated-types==0.8.0 pydantic-core==2.49.0 typing-inspection==0.4.4 email-validator==2.0.0 tzdata==1.2016.6	UNKNOWN STEP	2026-09-30T03:52:21.5633380Z Creating virtual environment at: .venv
Test py3.10 on typing-extensions==4.16.0 annotated-types==0.8.0 pydantic-core==2.49.0 typing-inspection==0.4.4 email-validator==2.0.0 tzdata==1.2016.6	UNKNOWN STEP	2026-09-30T03:52:21.5701894Z    Building pydantic @ file:///home/runner/work/pydantic/pydantic
Test py3.10 on typing-extensions==4.16.0 annotated-types==0.8.0 pydantic-core==2.49.0 typing-inspection==0.4.4 email-validator==2.0.0 tzdata==1.2016.6	UNKNOWN STEP	2026-09-30T03:52:21.5718055Z    Building pydantic-core @ file:///home/runner/work/pydantic/pydantic/pydantic-core
Test py3.10 on typing-extensions==4.16.0 annotated-types==0.8.0 pydantic-core==2.49.0 typing-inspection==0.4.4 email-validator==2.0.0 tzdata==1.2016.6	UNKNOWN STEP	2026-09-30T03:52:21.6168640Z Downloading ruff (10.7MiB)
Test py3.10 on typing-extensions==4.16.0 annotated-types==0.8.0 pydantic-core==2.49.0 typing-inspection==0.4.4 email-validator==2.0.0 tzdata==1.2016.6	UNKNOWN STEP	2026-09-30T03:52:21.6205311Z Downloading pygments (1.2MiB)
Test py3.10 on typing-extensions==4.16.0 annotated-types==0.8.0 pydantic-core==2.49.0 typing-inspection==0.4.4 email-validator==2.0.0 tzdata==1.2016.6	UNKNOWN STEP	2026-09-30T03:52:21.6207209Z Downloading black (1.8MiB)
Test py3.10 on typing-extensions==4.16.0 annotated-types==0.8.0 pydantic-core==2.49.0 typing-inspection==0.4.4 email-validator==2.0.0 tzdata==1.2016.6	UNKNOWN STEP	2026-09-30T03:52:21.6215725Z Downloading faker (1.8MiB)
Test py3.10 on typing-extensions==4.16.0 annotated-types==0.8.0 pydantic-core==2.49.0 typing-inspection==0.4.4 email-validator==2.0.0 tzdata==1.2016.6	UNKNOWN STEP	2026-09-30T03:52:21.6983007Z  Downloaded pygments
Test py3.10 on typing-extensions==4.16.0 annotated-types==0.8.0 pydantic-core==2.49.0 typing-inspection==0.4.4 email-validator==2.0.0 tzdata==1.2016.6	UNKNOWN STEP	2026-09-30T03:52:21.7153936Z  Downloaded black
Test py3.10 on typing-extensions==4.16.0 annotated-types==0.8.0 pydantic-core==2.49.0 typing-inspection==0.4.4 email-validator==2.0.0 tzdata==1.2016.6	UNKNOWN STEP	2026-09-30T03:52:21.7467815Z  Downloaded faker
Test py3.10 on typing-extensions==4.16.0 annotated-types==0.8.0 pydantic-core==2.49.0 typing-inspection==0.4.4 email-validator==2.0.0 tzdata==1.2016.6	UNKNOWN STEP	2026-09-30T03:52:21.7642920Z  Downloaded ruff
Test py3.10 on typing-extensions==4.16.0 annotated-types==0.8.0 pydantic-core==2.49.0 typing-inspection==0.4.4 email-validator==2.0.0 tzdata==1.2016.6	UNKNOWN STEP	2026-09-30T03:52:21.9870055Z       Built pydantic @ file:///home/runner/work/pydantic/pydantic
Test py3.10 on typing-extensions==4.16.0 annotated-types==0.8.0 pydantic-core==2.49.0 typing-inspection==0.4.4 email-validator==2.0.0 tzdata==1.2016.6	UNKNOWN STEP	2026-09-30T03:52:44.5460920Z       Built pydantic-core @ file:///home/runner/work/pydantic/pydantic/pydantic-core
Test py3.10 on typing-extensions==4.16.0 annotated-types==0.8.0 pydantic-core==2.49.0 typing-inspection==0.4.4 email-validator==2.0.0 tzdata==1.2016.6	UNKNOWN STEP	2026-09-30T03:52:44.5471729Z Prepared 46 packages in 22.98s
Test py3.10 on typing-extensions==4.16.0 annotated-types==0.8.0 pydantic-core==2.49.0 typing-inspection==0.4.4 email-validator==2.0.0 tzdata==1.2016.6	UNKNOWN STEP	2026-09-30T03:52:44.5852342Z Installed 46 packages in 37ms
Test py3.10 on typing-extensions==4.16.0 annotated-types==0.8.0 pydantic-core==2.49.0 typing-inspection==0.4.4 email-validator==2.0.0 tzdata==1.2016.6	UNKNOWN STEP	2026-09-30T03:52:44.5852723Z  + annotated-types==0.7.0
Test py3.10 on typing-extensions==4.16.0 annotated-types==0.8.0 pydantic-core==2.49.0 typing-inspection==0.4.4 email-validator==2.0.0 tzdata==1.2016.6	UNKNOWN STEP	2026-09-30T03:52:44.5853096Z  + attrs==24.3.0
Test py3.10 on typing-extensions==4.16.0 annotated-types==0.8.0 pydantic-core==2.49.0 typing-inspection==0.4.4 email-validator==2.0.0 tzdata==1.2016.6	UNKNOWN STEP	2026-09-30T03:52:44.5853272Z  + black==26.5.1
Test py3.10 on typing-extensions==4.16.0 annotated-types==0.8.0 pydantic-core==2.49.0 typing-inspection==0.4.4 email-validator==2.0.0 tzdata==1.2016.6	UNKNOWN STEP	2026-09-30T03:52:44.5853444Z  + cffi==2.1.0
Test py3.10 on typing-extensions==4.16.0 annotated-types==0.8.0 pydantic-core==2.49.0 typing-inspection==0.4.4 email-validator==2.0.0 tzdata==1.2016.6	UNKNOWN STEP	2026-09-30T03:52:44.5853623Z  + click==8.4.2
Test py3.10 on typing-extensions==4.16.0 annotated-types==0.8.0 pydantic-core==2.49.0 typing-inspection==0.4.4 email-validator==2.0.0 tzdata==1.2016.6	UNKNOWN STEP	2026-09-30T03:52:44.5853816Z  + coverage==7.13.5
Test py3.10 on typing-extensions==4.16.0 annotated-types==0.8.0 pydantic-core==2.49.0 typing-inspection==0.4.4 email-validator==2.0.0 tzdata==1.2016.6	UNKNOWN STEP	2026-09-30T03:52:44.5854002Z  + dirty-equals==0.9.0
Test py3.10 on typing-extensions==4.16.0 annotated-types==0.8.0 pydantic-core==2.49.0 typing-inspection==0.4.4 email-validator==2.0.0 tzdata==1.2016.6	UNKNOWN STEP	2026-09-30T03:52:44.5854275Z  + dnspython==2.7.0
Test py3.10 on typing-extensions==4.16.0 annotated-types==0.8.0 pydantic-core==2.49.0 typing-inspection==0.4.4 email-validator==2.0.0 tzdata==1.2016.6	UNKNOWN STEP	2026-09-30T03:52:44.5854466Z  + email-validator==2.2.0
Test py3.10 on typing-extensions==4.16.0 annotated-types==0.8.0 pydantic-core==2.49.0 typing-inspection==0.4.4 email-validator==2.0.0 tzdata==1.2016.6	UNKNOWN STEP	2026-09-30T03:52:44.5854673Z  + exceptiongroup==1.2.2
Test py3.10 on typing-extensions==4.16.0 annotated-types==0.8.0 pydantic-core==2.49.0 typing-inspection==0.4.4 email-validator==2.0.0 tzdata==1.2016.6	UNKNOWN STEP	2026-09-30T03:52:44.5854872Z  + faker==35.0.0
Test py3.10 on typing-extensions==4.16.0 annotated-types==0.8.0 pydantic-core==2.49.0 typing-inspection==0.4.4 email-validator==2.0.0 tzdata==1.2016.6	UNKNOWN STEP	2026-09-30T03:52:44.5855040Z  + idna==3.15
Test py3.10 on typing-extensions==4.16.0 annotated-types==0.8.0 pydantic-core==2.49.0 typing-inspection==0.4.4 email-validator==2.0.0 tzdata==1.2016.6	UNKNOWN STEP	2026-09-30T03:52:44.5855212Z  + iniconfig==2.0.0
Test py3.10 on typing-extensions==4.16.0 annotated-types==0.8.0 pydantic-core==2.49.0 typing-inspection==0.4.4 email-validator==2.0.0 tzdata==1.2016.6	UNKNOWN STEP	2026-09-30T03:52:44.5855393Z  + jsonschema==4.26.0
Test py3.10 on typing-extensions==4.16.0 annotated-types==0.8.0 pydantic-core==2.49.0 typing-inspection==0.4.4 email-validator==2.0.0 tzdata==1.2016.6	UNKNOWN STEP	2026-09-30T03:52:44.5855606Z  + jsonschema-specifications==2024.10.1
Test py3.10 on typing-extensions==4.16.0 annotated-types==0.8.0 pydantic-core==2.49.0 typing-inspection==0.4.4 email-validator==2.0.0 tzdata==1.2016.6	UNKNOWN STEP	2026-09-30T03:52:44.5855855Z  + markdown-it-py==3.0.0
Test py3.10 on typing-extensions==4.16.0 annotated-types==0.8.0 pydantic-core==2.49.0 typing-inspection==0.4.4 email-validator==2.0.0 tzdata==1.2016.6	UNKNOWN STEP	2026-09-30T03:52:44.5856052Z  + mdurl==0.1.2
Test py3.10 on typing-extensions==4.16.0 annotated-types==0.8.0 pydantic-core==2.49.0 typing-inspection==0.4.4 email-validator==2.0.0 tzdata==1.2016.6	UNKNOWN STEP	2026-09-30T03:52:44.5856234Z  + mypy-extensions==1.0.0
Test py3.10 on typing-extensions==4.16.0 annotated-types==0.8.0 pydantic-core==2.49.0 typing-inspection==0.4.4 email-validator==2.0.0 tzdata==1.2016.6	UNKNOWN STEP	2026-09-30T03:52:44.5856436Z  + packaging==26.3
Test py3.10 on typing-extensions==4.16.0 annotated-types==0.8.0 pydantic-core==2.49.0 typing-inspection==0.4.4 email-validator==2.0.0 tzdata==1.2016.6	UNKNOWN STEP	2026-09-30T03:52:44.5856615Z  + pathspec==1.1.1
Test py3.10 on typing-extensions==4.16.0 annotated-types==0.8.0 pydantic-core==2.49.0 typing-inspection==0.4.4 email-validator==2.0.0 tzdata==1.2016.6	UNKNOWN STEP	2026-09-30T03:52:44.5856799Z  + platformdirs==4.3.6
Test py3.10 on typing-extensions==4.16.0 annotated-types==0.8.0 pydantic-core==2.49.0 typing-inspection==0.4.4 email-validator==2.0.0 tzdata==1.2016.6	UNKNOWN STEP	2026-09-30T03:52:44.5857024Z  + pluggy==1.5.0
Test py3.10 on typing-extensions==4.16.0 annotated-types==0.8.0 pydantic-core==2.49.0 typing-inspection==0.4.4 email-validator==2.0.0 tzdata==1.2016.6	UNKNOWN STEP	2026-09-30T03:52:44.5857212Z  + py-cpuinfo==9.0.0
Test py3.10 on typing-extensions==4.16.0 annotated-types==0.8.0 pydantic-core==2.49.0 typing-inspection==0.4.4 email-validator==2.0.0 tzdata==1.2016.6	UNKNOWN STEP	2026-09-30T03:52:44.5857400Z  + pycparser==2.22
Test py3.10 on typing-extensions==4.16.0 annotated-types==0.8.0 pydantic-core==2.49.0 typing-inspection==0.4.4 email-validator==2.0.0 tzdata==1.2016.6	UNKNOWN STEP	2026-09-30T03:52:44.5857986Z  + pydantic==2.14.0b2 (from file:///home/runner/work/pydantic/pydantic)
Test py3.10 on typing-extensions==4.16.0 annotated-types==0.8.0 pydantic-core==2.49.0 typing-inspection==0.4.4 email-validator==2.0.0 tzdata==1.2016.6	UNKNOWN STEP	2026-09-30T03:52:44.5858875Z  + pydantic-core==2.49.0 (from file:///home/runner/work/pydantic/pydantic/pydantic-core)
Test py3.10 on typing-extensions==4.16.0 annotated-types==0.8.0 pydantic-core==2.49.0 typing-inspection==0.4.4 email-validator==2.0.0 tzdata==1.2016.6	UNKNOWN STEP	2026-09-30T03:52:44.5859255Z  + pygments==2.20.0
Test py3.10 on typing-extensions==4.16.0 annotated-types==0.8.0 pydantic-core==2.49.0 typing-inspection==0.4.4 email-validator==2.0.0 tzdata==1.2016.6	UNKNOWN STEP	2026-09-30T03:52:44.5859445Z  + pytest==9.1.1
Test py3.10 on typing-extensions==4.16.0 annotated-types==0.8.0 pydantic-core==2.49.0 typing-inspection==0.4.4 email-validator==2.0.0 tzdata==1.2016.6	UNKNOWN STEP	2026-09-30T03:52:44.5859643Z  + pytest-benchmark==5.1.0
Test py3.10 on typing-extensions==4.16.0 annotated-types==0.8.0 pydantic-core==2.49.0 typing-inspection==0.4.4 email-validator==2.0.0 tzdata==1.2016.6	UNKNOWN STEP	2026-09-30T03:52:44.5860004Z  + pytest-codspeed==4.5.0
Test py3.10 on typing-extensions==4.16.0 annotated-types==0.8.0 pydantic-core==2.49.0 typing-inspection==0.4.4 email-validator==2.0.0 tzdata==1.2016.6	UNKNOWN STEP	2026-09-30T03:52:44.5860314Z  + pytest-examples==0.0.15
Test py3.10 on typing-extensions==4.16.0 annotated-types==0.8.0 pydantic-core==2.49.0 typing-inspection==0.4.4 email-validator==2.0.0 tzdata==1.2016.6	UNKNOWN STEP	2026-09-30T03:52:44.5860595Z  + pytest-mock==3.14.0
Test py3.10 on typing-extensions==4.16.0 annotated-types==0.8.0 pydantic-core==2.49.0 typing-inspection==0.4.4 email-validator==2.0.0 tzdata==1.2016.6	UNKNOWN STEP	2026-09-30T03:52:44.5860866Z  + pytest-pretty==1.2.0
Test py3.10 on typing-extensions==4.16.0 annotated-types==0.8.0 pydantic-core==2.49.0 typing-inspection==0.4.4 email-validator==2.0.0 tzdata==1.2016.6	UNKNOWN STEP	2026-09-30T03:52:44.5861153Z  + pytest-run-parallel==0.7.1
Test py3.10 on typing-extensions==4.16.0 annotated-types==0.8.0 pydantic-core==2.49.0 typing-inspection==0.4.4 email-validator==2.0.0 tzdata==1.2016.6	UNKNOWN STEP	2026-09-30T03:52:44.5861458Z  + python-dateutil==2.9.0.post0
Test py3.10 on typing-extensions==4.16.0 annotated-types==0.8.0 pydantic-core==2.49.0 typing-inspection==0.4.4 email-validator==2.0.0 tzdata==1.2016.6	UNKNOWN STEP	2026-09-30T03:52:44.5861770Z  + pytokens==0.4.1
Test py3.10 on typing-extensions==4.16.0 annotated-types==0.8.0 pydantic-core==2.49.0 typing-inspection==0.4.4 email-validator==2.0.0 tzdata==1.2016.6	UNKNOWN STEP	2026-09-30T03:52:44.5862071Z  + pytz==2024.2
Test py3.10 on typing-extensions==4.16.0 annotated-types==0.8.0 pydantic-core==2.49.0 typing-inspection==0.4.4 email-validator==2.0.0 tzdata==1.2016.6	UNKNOWN STEP	2026-09-30T03:52:44.5862368Z  + referencing==0.36.1
Test py3.10 on typing-extensions==4.16.0 annotated-types==0.8.0 pydantic-core==2.49.0 typing-inspection==0.4.4 email-validator==2.0.0 tzdata==1.2016.6	UNKNOWN STEP	2026-09-30T03:52:44.5862719Z  + rich==15.0.0
Test py3.10 on typing-extensions==4.16.0 annotated-types==0.8.0 pydantic-core==2.49.0 typing-inspection==0.4.4 email-validator==2.0.0 tzdata==1.2016.6	UNKNOWN STEP	2026-09-30T03:52:44.5863492Z  + rpds-py==0.30.0
Test py3.10 on typing-extensions==4.16.0 annotated-types==0.8.0 pydantic-core==2.49.0 typing-inspection==0.4.4 email-validator==2.0.0 tzdata==1.2016.6	UNKNOWN STEP	2026-09-30T03:52:44.5863928Z  + ruff==0.15.10
Test py3.10 on typing-extensions==4.16.0 annotated-types==0.8.0 pydantic-core==2.49.0 typing-inspection==0.4.4 email-validator==2.0.0 tzdata==1.2016.6	UNKNOWN STEP	2026-09-30T03:52:44.5864058Z  + six==1.17.0
Test py3.10 on typing-extensions==4.16.0 annotated-types==0.8.0 pydantic-core==2.49.0 typing-inspection==0.4.4 email-validator==2.0.0 tzdata==1.2016.6	UNKNOWN STEP	2026-09-30T03:52:44.5864177Z  + time-machine==3.3.0
Test py3.10 on typing-extensions==4.16.0 annotated-types==0.8.0 pydantic-core==2.49.0 typing-inspection==0.4.4 email-validator==2.0.0 tzdata==1.2016.6	UNKNOWN STEP	2026-09-30T03:52:44.5864301Z  + tomli==2.2.1
Test py3.10 on typing-extensions==4.16.0 annotated-types==0.8.0 pydantic-core==2.49.0 typing-inspection==0.4.4 email-validator==2.0.0 tzdata==1.2016.6	UNKNOWN STEP	2026-09-30T03:52:44.5864425Z  + typing-extensions==4.16.0
Test py3.10 on typing-extensions==4.16.0 annotated-types==0.8.0 pydantic-core==2.49.0 typing-inspection==0.4.4 email-validator==2.0.0 tzdata==1.2016.6	UNKNOWN STEP	2026-09-30T03:52:44.5864568Z  + typing-inspection==0.4.4
Test py3.10 on typing-extensions==4.16.0 annotated-types==0.8.0 pydantic-core==2.49.0 typing-inspection==0.4.4 email-validator==2.0.0 tzdata==1.2016.6	UNKNOWN STEP	2026-09-30T03:52:44.6204219Z ##[group]Run uv pip install ${MATRIX_PYTHON_DEPENDENCY_CASE}
Test py3.10 on typing-extensions==4.16.0 annotated-types==0.8.0 pydantic-core==2.49.0 typing-inspection==0.4.4 email-validator==2.0.0 tzdata==1.2016.6	UNKNOWN STEP	2026-09-30T03:52:44.6204522Z ^[[36;1muv pip install ${MATRIX_PYTHON_DEPENDENCY_CASE}^[[0m
Test py3.10 on typing-extensions==4.16.0 annotated-types==0.8.0 pydantic-core==2.49.0 typing-inspection==0.4.4 email-validator==2.0.0 tzdata==1.2016.6	UNKNOWN STEP	2026-09-30T03:52:44.6256201Z shell: /usr/bin/bash -e {0}
Test py3.10 on typing-extensions==4.16.0 annotated-types==0.8.0 pydantic-core==2.49.0 typing-inspection==0.4.4 email-validator==2.0.0 tzdata==1.2016.6	UNKNOWN STEP	2026-09-30T03:52:44.6256362Z env:
Test py3.10 on typing-extensions==4.16.0 annotated-types==0.8.0 pydantic-core==2.49.0 typing-inspection==0.4.4 email-validator==2.0.0 tzdata==1.2016.6	UNKNOWN STEP	2026-09-30T03:52:44.6256469Z   UV_FROZEN: true
Test py3.10 on typing-extensions==4.16.0 annotated-types==0.8.0 pydantic-core==2.49.0 typing-inspection==0.4.4 email-validator==2.0.0 tzdata==1.2016.6	UNKNOWN STEP	2026-09-30T03:52:44.6256631Z   pythonLocation: /opt/hostedtoolcache/Python/3.10.21/x64
Test py3.10 on typing-extensions==4.16.0 annotated-types==0.8.0 pydantic-core==2.49.0 typing-inspection==0.4.4 email-validator==2.0.0 tzdata==1.2016.6	UNKNOWN STEP	2026-09-30T03:52:44.6256869Z   PKG_CONFIG_PATH: /opt/hostedtoolcache/Python/3.10.21/x64/lib/pkgconfig
Test py3.10 on typing-extensions==4.16.0 annotated-types==0.8.0 pydantic-core==2.49.0 typing-inspection==0.4.4 email-validator==2.0.0 tzdata==1.2016.6	UNKNOWN STEP	2026-09-30T03:52:44.6257103Z   Python_ROOT_DIR: /opt/hostedtoolcache/Python/3.10.21/x64
Test py3.10 on typing-extensions==4.16.0 annotated-types==0.8.0 pydantic-core==2.49.0 typing-inspection==0.4.4 email-validator==2.0.0 tzdata==1.2016.6	UNKNOWN STEP	2026-09-30T03:52:44.6257313Z   Python2_ROOT_DIR: /opt/hostedtoolcache/Python/3.10.21/x64
Test py3.10 on typing-extensions==4.16.0 annotated-types==0.8.0 pydantic-core==2.49.0 typing-inspection==0.4.4 email-validator==2.0.0 tzdata==1.2016.6	UNKNOWN STEP	2026-09-30T03:52:44.6257671Z   Python3_ROOT_DIR: /opt/hostedtoolcache/Python/3.10.21/x64
Test py3.10 on typing-extensions==4.16.0 annotated-types==0.8.0 pydantic-core==2.49.0 typing-inspection==0.4.4 email-validator==2.0.0 tzdata==1.2016.6	UNKNOWN STEP	2026-09-30T03:52:44.6257885Z   LD_LIBRARY_PATH: /opt/hostedtoolcache/Python/3.10.21/x64/lib
Test py3.10 on typing-extensions==4.16.0 annotated-types==0.8.0 pydantic-core==2.49.0 typing-inspection==0.4.4 email-validator==2.0.0 tzdata==1.2016.6	UNKNOWN STEP	2026-09-30T03:52:44.6258326Z   MATRIX_PYTHON_DEPENDENCY_CASE: typing-extensions==4.16.0 annotated-types==0.8.0 pydantic-core==2.49.0 typing-inspection==0.4.4 email-validator==2.0.0 tzdata==1.2016.6
Test py3.10 on typing-extensions==4.16.0 annotated-types==0.8.0 pydantic-core==2.49.0 typing-inspection==0.4.4 email-validator==2.0.0 tzdata==1.2016.6	UNKNOWN STEP	2026-09-30T03:52:44.6258688Z ##[endgroup]
Test py3.10 on typing-extensions==4.16.0 annotated-types==0.8.0 pydantic-core==2.49.0 typing-inspection==0.4.4 email-validator==2.0.0 tzdata==1.2016.6	UNKNOWN STEP	2026-09-30T03:52:44.7859182Z Resolved 8 packages in 95ms
Test py3.10 on typing-extensions==4.16.0 annotated-types==0.8.0 pydantic-core==2.49.0 typing-inspection==0.4.4 email-validator==2.0.0 tzdata==1.2016.6	UNKNOWN STEP	2026-09-30T03:52:44.8006223Z Prepared 3 packages in 14ms
Test py3.10 on typing-extensions==4.16.0 annotated-types==0.8.0 pydantic-core==2.49.0 typing-inspection==0.4.4 email-validator==2.0.0 tzdata==1.2016.6	UNKNOWN STEP	2026-09-30T03:52:44.8015687Z Uninstalled 2 packages in 0.93ms
Test py3.10 on typing-extensions==4.16.0 annotated-types==0.8.0 pydantic-core==2.49.0 typing-inspection==0.4.4 email-validator==2.0.0 tzdata==1.2016.6	UNKNOWN STEP	2026-09-30T03:52:44.8077118Z Installed 3 packages in 6ms
Test py3.10 on typing-extensions==4.16.0 annotated-types==0.8.0 pydantic-core==2.49.0 typing-inspection==0.4.4 email-validator==2.0.0 tzdata==1.2016.6	UNKNOWN STEP	2026-09-30T03:52:44.8077435Z  - annotated-types==0.7.0
Test py3.10 on typing-extensions==4.16.0 annotated-types==0.8.0 pydantic-core==2.49.0 typing-inspection==0.4.4 email-validator==2.0.0 tzdata==1.2016.6	UNKNOWN STEP	2026-09-30T03:52:44.8077664Z  + annotated-types==0.8.0
Test py3.10 on typing-extensions==4.16.0 annotated-types==0.8.0 pydantic-core==2.49.0 typing-inspection==0.4.4 email-validator==2.0.0 tzdata==1.2016.6	UNKNOWN STEP	2026-09-30T03:52:44.8077874Z  - email-validator==2.2.0
Test py3.10 on typing-extensions==4.16.0 annotated-types==0.8.0 pydantic-core==2.49.0 typing-inspection==0.4.4 email-validator==2.0.0 tzdata==1.2016.6	UNKNOWN STEP	2026-09-30T03:52:44.8078076Z  + email-validator==2.0.0
Test py3.10 on typing-extensions==4.16.0 annotated-types==0.8.0 pydantic-core==2.49.0 typing-inspection==0.4.4 email-validator==2.0.0 tzdata==1.2016.6	UNKNOWN STEP	2026-09-30T03:52:44.8078275Z  + tzdata==1.2016.6
Test py3.10 on typing-extensions==4.16.0 annotated-types==0.8.0 pydantic-core==2.49.0 typing-inspection==0.4.4 email-validator==2.0.0 tzdata==1.2016.6	UNKNOWN STEP	2026-09-30T03:52:44.8078480Z warning: `tzdata==1.2016.6` is yanked
Test py3.10 on typing-extensions==4.16.0 annotated-types==0.8.0 pydantic-core==2.49.0 typing-inspection==0.4.4 email-validator==2.0.0 tzdata==1.2016.6	UNKNOWN STEP	2026-09-30T03:52:44.8125670Z ##[group]Run uv pip freeze
Test py3.10 on typing-extensions==4.16.0 annotated-types==0.8.0 pydantic-core==2.49.0 typing-inspection==0.4.4 email-validator==2.0.0 tzdata==1.2016.6	UNKNOWN STEP	2026-09-30T03:52:44.8125852Z ^[[36;1muv pip freeze^[[0m
Test py3.10 on typing-extensions==4.16.0 annotated-types==0.8.0 pydantic-core==2.49.0 typing-inspection==0.4.4 email-validator==2.0.0 tzdata==1.2016.6	UNKNOWN STEP	2026-09-30T03:52:44.8177567Z shell: /usr/bin/bash -e {0}
Test py3.10 on typing-extensions==4.16.0 annotated-types==0.8.0 pydantic-core==2.49.0 typing-inspection==0.4.4 email-validator==2.0.0 tzdata==1.2016.6	UNKNOWN STEP	2026-09-30T03:52:44.8177710Z env:
Test py3.10 on typing-extensions==4.16.0 annotated-types==0.8.0 pydantic-core==2.49.0 typing-inspection==0.4.4 email-validator==2.0.0 tzdata==1.2016.6	UNKNOWN STEP	2026-09-30T03:52:44.8177821Z   UV_FROZEN: true
Test py3.10 on typing-extensions==4.16.0 annotated-types==0.8.0 pydantic-core==2.49.0 typing-inspection==0.4.4 email-validator==2.0.0 tzdata==1.2016.6	UNKNOWN STEP	2026-09-30T03:52:44.8177977Z   pythonLocation: /opt/hostedtoolcache/Python/3.10.21/x64
Test py3.10 on typing-extensions==4.16.0 annotated-types==0.8.0 pydantic-core==2.49.0 typing-inspection==0.4.4 email-validator==2.0.0 tzdata==1.2016.6	UNKNOWN STEP	2026-09-30T03:52:44.8178212Z   PKG_CONFIG_PATH: /opt/hostedtoolcache/Python/3.10.21/x64/lib/pkgconfig
Test py3.10 on typing-extensions==4.16.0 annotated-types==0.8.0 pydantic-core==2.49.0 typing-inspection==0.4.4 email-validator==2.0.0 tzdata==1.2016.6	UNKNOWN STEP	2026-09-30T03:52:44.8178445Z   Python_ROOT_DIR: /opt/hostedtoolcache/Python/3.10.21/x64
Test py3.10 on typing-extensions==4.16.0 annotated-types==0.8.0 pydantic-core==2.49.0 typing-inspection==0.4.4 email-validator==2.0.0 tzdata==1.2016.6	UNKNOWN STEP	2026-09-30T03:52:44.8178660Z   Python2_ROOT_DIR: /opt/hostedtoolcache/Python/3.10.21/x64
Test py3.10 on typing-extensions==4.16.0 annotated-types==0.8.0 pydantic-core==2.49.0 typing-inspection==0.4.4 email-validator==2.0.0 tzdata==1.2016.6	UNKNOWN STEP	2026-09-30T03:52:44.8178873Z   Python3_ROOT_DIR: /opt/hostedtoolcache/Python/3.10.21/x64
Test py3.10 on typing-extensions==4.16.0 annotated-types==0.8.0 pydantic-core==2.49.0 typing-inspection==0.4.4 email-validator==2.0.0 tzdata==1.2016.6	UNKNOWN STEP	2026-09-30T03:52:44.8179094Z   LD_LIBRARY_PATH: /opt/hostedtoolcache/Python/3.10.21/x64/lib
Test py3.10 on typing-extensions==4.16.0 annotated-types==0.8.0 pydantic-core==2.49.0 typing-inspection==0.4.4 email-validator==2.0.0 tzdata==1.2016.6	UNKNOWN STEP	2026-09-30T03:52:44.8179274Z ##[endgroup]
Test py3.10 on typing-extensions==4.16.0 annotated-types==0.8.0 pydantic-core==2.49.0 typing-inspection==0.4.4 email-validator==2.0.0 tzdata==1.2016.6	UNKNOWN STEP	2026-09-30T03:52:44.8302571Z annotated-types==0.8.0
Test py3.10 on typing-extensions==4.16.0 annotated-types==0.8.0 pydantic-core==2.49.0 typing-inspection==0.4.4 email-validator==2.0.0 tzdata==1.2016.6	UNKNOWN STEP	2026-09-30T03:52:44.8303084Z attrs==24.3.0
Test py3.10 on typing-extensions==4.16.0 annotated-types==0.8.0 pydantic-core==2.49.0 typing-inspection==0.4.4 email-validator==2.0.0 tzdata==1.2016.6	UNKNOWN STEP	2026-09-30T03:52:44.8303262Z black==26.5.1
Test py3.10 on typing-extensions==4.16.0 annotated-types==0.8.0 pydantic-core==2.49.0 typing-inspection==0.4.4 email-validator==2.0.0 tzdata==1.2016.6	UNKNOWN STEP	2026-09-30T03:52:44.8303426Z cffi==2.1.0
Test py3.10 on typing-extensions==4.16.0 annotated-types==0.8.0 pydantic-core==2.49.0 typing-inspection==0.4.4 email-validator==2.0.0 tzdata==1.2016.6	UNKNOWN STEP	2026-09-30T03:52:44.8303640Z click==8.4.2
Test py3.10 on typing-extensions==4.16.0 annotated-types==0.8.0 pydantic-core==2.49.0 typing-inspection==0.4.4 email-validator==2.0.0 tzdata==1.2016.6	UNKNOWN STEP	2026-09-30T03:52:44.8303822Z coverage==7.13.5
Test py3.10 on typing-extensions==4.16.0 annotated-types==0.8.0 pydantic-core==2.49.0 typing-inspection==0.4.4 email-validator==2.0.0 tzdata==1.2016.6	UNKNOWN STEP	2026-09-30T03:52:44.8304003Z dirty-equals==0.9.0
Test py3.10 on typing-extensions==4.16.0 annotated-types==0.8.0 pydantic-core==2.49.0 typing-inspection==0.4.4 email-validator==2.0.0 tzdata==1.2016.6	UNKNOWN STEP	2026-09-30T03:52:44.8304182Z dnspython==2.7.0
Test py3.10 on typing-extensions==4.16.0 annotated-types==0.8.0 pydantic-core==2.49.0 typing-inspection==0.4.4 email-validator==2.0.0 tzdata==1.2016.6	UNKNOWN STEP	2026-09-30T03:52:44.8304355Z email-validator==2.0.0
Test py3.10 on typing-extensions==4.16.0 annotated-types==0.8.0 pydantic-core==2.49.0 typing-inspection==0.4.4 email-validator==2.0.0 tzdata==1.2016.6	UNKNOWN STEP	2026-09-30T03:52:44.8304549Z exceptiongroup==1.2.2
Test py3.10 on typing-extensions==4.16.0 annotated-types==0.8.0 pydantic-core==2.49.0 typing-inspection==0.4.4 email-validator==2.0.0 tzdata==1.2016.6	UNKNOWN STEP	2026-09-30T03:52:44.8304729Z faker==35.0.0
Test py3.10 on typing-extensions==4.16.0 annotated-types==0.8.0 pydantic-core==2.49.0 typing-inspection==0.4.4 email-validator==2.0.0 tzdata==1.2016.6	UNKNOWN STEP	2026-09-30T03:52:44.8304868Z idna==3.15
Test py3.10 on typing-extensions==4.16.0 annotated-types==0.8.0 pydantic-core==2.49.0 typing-inspection==0.4.4 email-validator==2.0.0 tzdata==1.2016.6	UNKNOWN STEP	2026-09-30T03:52:44.8304990Z iniconfig==2.0.0
Test py3.10 on typing-extensions==4.16.0 annotated-types==0.8.0 pydantic-core==2.49.0 typing-inspection==0.4.4 email-validator==2.0.0 tzdata==1.2016.6	UNKNOWN STEP	2026-09-30T03:52:44.8305190Z jsonschema==4.26.0
Test py3.10 on typing-extensions==4.16.0 annotated-types==0.8.0 pydantic-core==2.49.0 typing-inspection==0.4.4 email-validator==2.0.0 tzdata==1.2016.6	UNKNOWN STEP	2026-09-30T03:52:44.8305410Z jsonschema-specifications==2024.10.1
Test py3.10 on typing-extensions==4.16.0 annotated-types==0.8.0 pydantic-core==2.49.0 typing-inspection==0.4.4 email-validator==2.0.0 tzdata==1.2016.6	UNKNOWN STEP	2026-09-30T03:52:44.8305665Z markdown-it-py==3.0.0
Test py3.10 on typing-extensions==4.16.0 annotated-types==0.8.0 pydantic-core==2.49.0 typing-inspection==0.4.4 email-validator==2.0.0 tzdata==1.2016.6	UNKNOWN STEP	2026-09-30T03:52:44.8305892Z mdurl==0.1.2
Test py3.10 on typing-extensions==4.16.0 annotated-types==0.8.0 pydantic-core==2.49.0 typing-inspection==0.4.4 email-validator==2.0.0 tzdata==1.2016.6	UNKNOWN STEP	2026-09-30T03:52:44.8306070Z mypy-extensions==1.0.0
Test py3.10 on typing-extensions==4.16.0 annotated-types==0.8.0 pydantic-core==2.49.0 typing-inspection==0.4.4 email-validator==2.0.0 tzdata==1.2016.6	UNKNOWN STEP	2026-09-30T03:52:44.8306263Z packaging==26.3
Test py3.10 on typing-extensions==4.16.0 annotated-types==0.8.0 pydantic-core==2.49.0 typing-inspection==0.4.4 email-validator==2.0.0 tzdata==1.2016.6	UNKNOWN STEP	2026-09-30T03:52:44.8306436Z pathspec==1.1.1
Test py3.10 on typing-extensions==4.16.0 annotated-types==0.8.0 pydantic-core==2.49.0 typing-inspection==0.4.4 email-validator==2.0.0 tzdata==1.2016.6	UNKNOWN STEP	2026-09-30T03:52:44.8306611Z platformdirs==4.3.6
Test py3.10 on typing-extensions==4.16.0 annotated-types==0.8.0 pydantic-core==2.49.0 typing-inspection==0.4.4 email-validator==2.0.0 tzdata==1.2016.6	UNKNOWN STEP	2026-09-30T03:52:44.8306802Z pluggy==1.5.0
Test py3.10 on typing-extensions==4.16.0 annotated-types==0.8.0 pydantic-core==2.49.0 typing-inspection==0.4.4 email-validator==2.0.0 tzdata==1.2016.6	UNKNOWN STEP	2026-09-30T03:52:44.8306983Z py-cpuinfo==9.0.0
Test py3.10 on typing-extensions==4.16.0 annotated-types==0.8.0 pydantic-core==2.49.0 typing-inspection==0.4.4 email-validator==2.0.0 tzdata==1.2016.6	UNKNOWN STEP	2026-09-30T03:52:44.8307163Z pycparser==2.22
Test py3.10 on typing-extensions==4.16.0 annotated-types==0.8.0 pydantic-core==2.49.0 typing-inspection==0.4.4 email-validator==2.0.0 tzdata==1.2016.6	UNKNOWN STEP	2026-09-30T03:52:44.8307376Z -e file:///home/runner/work/pydantic/pydantic
Test py3.10 on typing-extensions==4.16.0 annotated-types==0.8.0 pydantic-core==2.49.0 typing-inspection==0.4.4 email-validator==2.0.0 tzdata==1.2016.6	UNKNOWN STEP	2026-09-30T03:52:44.8307702Z -e file:///home/runner/work/pydantic/pydantic/pydantic-core
Test py3.10 on typing-extensions==4.16.0 annotated-types==0.8.0 pydantic-core==2.49.0 typing-inspection==0.4.4 email-validator==2.0.0 tzdata==1.2016.6	UNKNOWN STEP	2026-09-30T03:52:44.8308024Z pygments==2.20.0
Test py3.10 on typing-extensions==4.16.0 annotated-types==0.8.0 pydantic-core==2.49.0 typing-inspection==0.4.4 email-validator==2.0.0 tzdata==1.2016.6	UNKNOWN STEP	2026-09-30T03:52:44.8308200Z pytest==9.1.1
Test py3.10 on typing-extensions==4.16.0 annotated-types==0.8.0 pydantic-core==2.49.0 typing-inspection==0.4.4 email-validator==2.0.0 tzdata==1.2016.6	UNKNOWN STEP	2026-09-30T03:52:44.8308385Z pytest-benchmark==5.1.0
Test py3.10 on typing-extensions==4.16.0 annotated-types==0.8.0 pydantic-core==2.49.0 typing-inspection==0.4.4 email-validator==2.0.0 tzdata==1.2016.6	UNKNOWN STEP	2026-09-30T03:52:44.8308589Z pytest-codspeed==4.5.0
Test py3.10 on typing-extensions==4.16.0 annotated-types==0.8.0 pydantic-core==2.49.0 typing-inspection==0.4.4 email-validator==2.0.0 tzdata==1.2016.6	UNKNOWN STEP	2026-09-30T03:52:44.8308787Z pytest-examples==0.0.15
Test py3.10 on typing-extensions==4.16.0 annotated-types==0.8.0 pydantic-core==2.49.0 typing-inspection==0.4.4 email-validator==2.0.0 tzdata==1.2016.6	UNKNOWN STEP	2026-09-30T03:52:44.8308984Z pytest-mock==3.14.0
Test py3.10 on typing-extensions==4.16.0 annotated-types==0.8.0 pydantic-core==2.49.0 typing-inspection==0.4.4 email-validator==2.0.0 tzdata==1.2016.6	UNKNOWN STEP	2026-09-30T03:52:44.8309172Z pytest-pretty==1.2.0
Test py3.10 on typing-extensions==4.16.0 annotated-types==0.8.0 pydantic-core==2.49.0 typing-inspection==0.4.4 email-validator==2.0.0 tzdata==1.2016.6	UNKNOWN STEP	2026-09-30T03:52:44.8309377Z pytest-run-parallel==0.7.1
Test py3.10 on typing-extensions==4.16.0 annotated-types==0.8.0 pydantic-core==2.49.0 typing-inspection==0.4.4 email-validator==2.0.0 tzdata==1.2016.6	UNKNOWN STEP	2026-09-30T03:52:44.8309597Z python-dateutil==2.9.0.post0
Test py3.10 on typing-extensions==4.16.0 annotated-types==0.8.0 pydantic-core==2.49.0 typing-inspection==0.4.4 email-validator==2.0.0 tzdata==1.2016.6	UNKNOWN STEP	2026-09-30T03:52:44.8309800Z pytokens==0.4.1
Test py3.10 on typing-extensions==4.16.0 annotated-types==0.8.0 pydantic-core==2.49.0 typing-inspection==0.4.4 email-validator==2.0.0 tzdata==1.2016.6	UNKNOWN STEP	2026-09-30T03:52:44.8309966Z pytz==2024.2
Test py3.10 on typing-extensions==4.16.0 annotated-types==0.8.0 pydantic-core==2.49.0 typing-inspection==0.4.4 email-validator==2.0.0 tzdata==1.2016.6	UNKNOWN STEP	2026-09-30T03:52:44.8310078Z referencing==0.36.1
Test py3.10 on typing-extensions==4.16.0 annotated-types==0.8.0 pydantic-core==2.49.0 typing-inspection==0.4.4 email-validator==2.0.0 tzdata==1.2016.6	UNKNOWN STEP	2026-09-30T03:52:44.8310190Z rich==15.0.0
Test py3.10 on typing-extensions==4.16.0 annotated-types==0.8.0 pydantic-core==2.49.0 typing-inspection==0.4.4 email-validator==2.0.0 tzdata==1.2016.6	UNKNOWN STEP	2026-09-30T03:52:44.8310297Z rpds-py==0.30.0
Test py3.10 on typing-extensions==4.16.0 annotated-types==0.8.0 pydantic-core==2.49.0 typing-inspection==0.4.4 email-validator==2.0.0 tzdata==1.2016.6	UNKNOWN STEP	2026-09-30T03:52:44.8310406Z ruff==0.15.10
Test py3.10 on typing-extensions==4.16.0 annotated-types==0.8.0 pydantic-core==2.49.0 typing-inspection==0.4.4 email-validator==2.0.0 tzdata==1.2016.6	UNKNOWN STEP	2026-09-30T03:52:44.8310512Z six==1.17.0
Test py3.10 on typing-extensions==4.16.0 annotated-types==0.8.0 pydantic-core==2.49.0 typing-inspection==0.4.4 email-validator==2.0.0 tzdata==1.2016.6	UNKNOWN STEP	2026-09-30T03:52:44.8310617Z time-machine==3.3.0
Test py3.10 on typing-extensions==4.16.0 annotated-types==0.8.0 pydantic-core==2.49.0 typing-inspection==0.4.4 email-validator==2.0.0 tzdata==1.2016.6	UNKNOWN STEP	2026-09-30T03:52:44.8310759Z tomli==2.2.1
Test py3.10 on typing-extensions==4.16.0 annotated-types==0.8.0 pydantic-core==2.49.0 typing-inspection==0.4.4 email-validator==2.0.0 tzdata==1.2016.6	UNKNOWN STEP	2026-09-30T03:52:44.8310977Z typing-extensions==4.16.0
Test py3.10 on typing-extensions==4.16.0 annotated-types==0.8.0 pydantic-core==2.49.0 typing-inspection==0.4.4 email-validator==2.0.0 tzdata==1.2016.6	UNKNOWN STEP	2026-09-30T03:52:44.8311120Z typing-inspection==0.4.4
Test py3.10 on typing-extensions==4.16.0 annotated-types==0.8.0 pydantic-core==2.49.0 typing-inspection==0.4.4 email-validator==2.0.0 tzdata==1.2016.6	UNKNOWN STEP	2026-09-30T03:52:44.8311245Z tzdata==1.2016.6
Test py3.10 on typing-extensions==4.16.0 annotated-types==0.8.0 pydantic-core==2.49.0 typing-inspection==0.4.4 email-validator==2.0.0 tzdata==1.2016.6	UNKNOWN STEP	2026-09-30T03:52:44.8331614Z ##[group]Run make test
Test py3.10 on typing-extensions==4.16.0 annotated-types==0.8.0 pydantic-core==2.49.0 typing-inspection==0.4.4 email-validator==2.0.0 tzdata==1.2016.6	UNKNOWN STEP	2026-09-30T03:52:44.8331767Z ^[[36;1mmake test^[[0m
Test py3.10 on typing-extensions==4.16.0 annotated-types==0.8.0 pydantic-core==2.49.0 typing-inspection==0.4.4 email-validator==2.0.0 tzdata==1.2016.6	UNKNOWN STEP	2026-09-30T03:52:44.8380396Z shell: /usr/bin/bash -e {0}
Test py3.10 on typing-extensions==4.16.0 annotated-types==0.8.0 pydantic-core==2.49.0 typing-inspection==0.4.4 email-validator==2.0.0 tzdata==1.2016.6	UNKNOWN STEP	2026-09-30T03:52:44.8380535Z env:
Test py3.10 on typing-extensions==4.16.0 annotated-types==0.8.0 pydantic-core==2.49.0 typing-inspection==0.4.4 email-validator==2.0.0 tzdata==1.2016.6	UNKNOWN STEP	2026-09-30T03:52:44.8380642Z   UV_FROZEN: true
Test py3.10 on typing-extensions==4.16.0 annotated-types==0.8.0 pydantic-core==2.49.0 typing-inspection==0.4.4 email-validator==2.0.0 tzdata==1.2016.6	UNKNOWN STEP	2026-09-30T03:52:44.8380808Z   pythonLocation: /opt/hostedtoolcache/Python/3.10.21/x64
Test py3.10 on typing-extensions==4.16.0 annotated-types==0.8.0 pydantic-core==2.49.0 typing-inspection==0.4.4 email-validator==2.0.0 tzdata==1.2016.6	UNKNOWN STEP	2026-09-30T03:52:44.8381045Z   PKG_CONFIG_PATH: /opt/hostedtoolcache/Python/3.10.21/x64/lib/pkgconfig
Test py3.10 on typing-extensions==4.16.0 annotated-types==0.8.0 pydantic-core==2.49.0 typing-inspection==0.4.4 email-validator==2.0.0 tzdata==1.2016.6	UNKNOWN STEP	2026-09-30T03:52:44.8381305Z   Python_ROOT_DIR: /opt/hostedtoolcache/Python/3.10.21/x64
Test py3.10 on typing-extensions==4.16.0 annotated-types==0.8.0 pydantic-core==2.49.0 typing-inspection==0.4.4 email-validator==2.0.0 tzdata==1.2016.6	UNKNOWN STEP	2026-09-30T03:52:44.8381517Z   Python2_ROOT_DIR: /opt/hostedtoolcache/Python/3.10.21/x64
Test py3.10 on typing-extensions==4.16.0 annotated-types==0.8.0 pydantic-core==2.49.0 typing-inspection==0.4.4 email-validator==2.0.0 tzdata==1.2016.6	UNKNOWN STEP	2026-09-30T03:52:44.8381730Z   Python3_ROOT_DIR: /opt/hostedtoolcache/Python/3.10.21/x64
Test py3.10 on typing-extensions==4.16.0 annotated-types==0.8.0 pydantic-core==2.49.0 typing-inspection==0.4.4 email-validator==2.0.0 tzdata==1.2016.6	UNKNOWN STEP	2026-09-30T03:52:44.8381943Z   LD_LIBRARY_PATH: /opt/hostedtoolcache/Python/3.10.21/x64/lib
Test py3.10 on typing-extensions==4.16.0 annotated-types==0.8.0 pydantic-core==2.49.0 typing-inspection==0.4.4 email-validator==2.0.0 tzdata==1.2016.6	UNKNOWN STEP	2026-09-30T03:52:44.8382134Z ##[endgroup]
Test py3.10 on typing-extensions==4.16.0 annotated-types==0.8.0 pydantic-core==2.49.0 typing-inspection==0.4.4 email-validator==2.0.0 tzdata==1.2016.6	UNKNOWN STEP	2026-09-30T03:52:44.8499949Z uv 0.12.21 (x86_64-unknown-linux-gnu)
Test py3.10 on typing-extensions==4.16.0 annotated-types==0.8.0 pydantic-core==2.49.0 typing-inspection==0.4.4 email-validator==2.0.0 tzdata==1.2016.6	UNKNOWN STEP	2026-09-30T03:52:44.8504286Z uv run coverage run -m pytest --durations=10 --parallel-threads 1
Test py3.10 on typing-extensions==4.16.0 annotated-types==0.8.0 pydantic-core==2.49.0 typing-inspection==0.4.4 email-validator==2.0.0 tzdata==1.2016.6	UNKNOWN STEP	2026-09-30T03:52:44.8593860Z Uninstalled 1 package in 0.48ms
Test py3.10 on typing-extensions==4.16.0 annotated-types==0.8.0 pydantic-core==2.49.0 typing-inspection==0.4.4 email-validator==2.0.0 tzdata==1.2016.6	UNKNOWN STEP	2026-09-30T03:52:44.8607379Z Installed 1 package in 1ms
Test py3.10 on typing-extensions==4.16.0 annotated-types==0.8.0 pydantic-core==2.49.0 typing-inspection==0.4.4 email-validator==2.0.0 tzdata==1.2016.6	UNKNOWN STEP	2026-09-30T03:52:54.4793296Z ============================= test session starts ==============================
Test py3.10 on typing-extensions==4.16.0 annotated-types==0.8.0 pydantic-core==2.49.0 typing-inspection==0.4.4 email-validator==2.0.0 tzdata==1.2016.6	UNKNOWN STEP	2026-09-30T03:52:54.4793660Z platform linux -- Python 3.10.21, pytest-9.1.1, pluggy-1.5.0
Test py3.10 on typing-extensions==4.16.0 annotated-types==0.8.0 pydantic-core==2.49.0 typing-inspection==0.4.4 email-validator==2.0.0 tzdata==1.2016.6	UNKNOWN STEP	2026-09-30T03:52:54.4793944Z codspeed: 4.5.0 (disabled, mode: walltime, callgraph: not supported, timer_resolution: 1.0ns)
Test py3.10 on typing-extensions==4.16.0 annotated-types==0.8.0 pydantic-core==2.49.0 typing-inspection==0.4.4 email-validator==2.0.0 tzdata==1.2016.6	UNKNOWN STEP	2026-09-30T03:52:54.4794410Z benchmark: 5.1.0 (defaults: timer=time.perf_counter disable_gc=False min_rounds=5 min_time=0.000005 max_time=1.0 calibration_precision=10 warmup=True warmup_iterations=100000)
Test py3.10 on typing-extensions==4.16.0 annotated-types==0.8.0 pydantic-core==2.49.0 typing-inspection==0.4.4 email-validator==2.0.0 tzdata==1.2016.6	UNKNOWN STEP	2026-09-30T03:52:54.4794804Z rootdir: /home/runner/work/pydantic/pydantic
Test py3.10 on typing-extensions==4.16.0 annotated-types==0.8.0 pydantic-core==2.49.0 typing-inspection==0.4.4 email-validator==2.0.0 tzdata==1.2016.6	UNKNOWN STEP	2026-09-30T03:52:54.4794975Z configfile: pyproject.toml
Test py3.10 on typing-extensions==4.16.0 annotated-types==0.8.0 pydantic-core==2.49.0 typing-inspection==0.4.4 email-validator==2.0.0 tzdata==1.2016.6	UNKNOWN STEP	2026-09-30T03:52:54.4795110Z testpaths: tests
Test py3.10 on typing-extensions==4.16.0 annotated-types==0.8.0 pydantic-core==2.49.0 typing-inspection==0.4.4 email-validator==2.0.0 tzdata==1.2016.6	UNKNOWN STEP	2026-09-30T03:52:54.4795390Z plugins: codspeed-4.5.0, benchmark-5.1.0, pretty-1.2.0, run-parallel-0.7.1, examples-0.0.15, time-machine-3.3.0, Faker-35.0.0, mock-3.14.0
Test py3.10 on typing-extensions==4.16.0 annotated-types==0.8.0 pydantic-core==2.49.0 typing-inspection==0.4.4 email-validator==2.0.0 tzdata==1.2016.6	UNKNOWN STEP	2026-09-30T03:52:54.4795737Z collected 7162 items / 1 error / 1 skipped
Test py3.10 on typing-extensions==4.16.0 annotated-types==0.8.0 pydantic-core==2.49.0 typing-inspection==0.4.4 email-validator==2.0.0 tzdata==1.2016.6	UNKNOWN STEP	2026-09-30T03:52:54.4795908Z Collected 0 items to run in parallel
Test py3.10 on typing-extensions==4.16.0 annotated-types==0.8.0 pydantic-core==2.49.0 typing-inspection==0.4.4 email-validator==2.0.0 tzdata==1.2016.6	UNKNOWN STEP	2026-09-30T03:52:54.4796006Z 
Test py3.10 on typing-extensions==4.16.0 annotated-types==0.8.0 pydantic-core==2.49.0 typing-inspection==0.4.4 email-validator==2.0.0 tzdata==1.2016.6	UNKNOWN STEP	2026-09-30T03:52:54.4796088Z ==================================== ERRORS ====================================
Test py3.10 on typing-extensions==4.16.0 annotated-types==0.8.0 pydantic-core==2.49.0 typing-inspection==0.4.4 email-validator==2.0.0 tzdata==1.2016.6	UNKNOWN STEP	2026-09-30T03:52:54.4796316Z _____________________ ERROR collecting tests/pydantic_core _____________________
Test py3.10 on typing-extensions==4.16.0 annotated-types==0.8.0 pydantic-core==2.49.0 typing-inspection==0.4.4 email-validator==2.0.0 tzdata==1.2016.6	UNKNOWN STEP	2026-09-30T03:52:54.4796615Z /opt/hostedtoolcache/Python/3.10.21/x64/lib/python3.10/importlib/__init__.py:126: in import_module
Test py3.10 on typing-extensions==4.16.0 annotated-types==0.8.0 pydantic-core==2.49.0 typing-inspection==0.4.4 email-validator==2.0.0 tzdata==1.2016.6	UNKNOWN STEP	2026-09-30T03:52:54.4796906Z     return _bootstrap._gcd_import(name[level:], package, level)
Test py3.10 on typing-extensions==4.16.0 annotated-types==0.8.0 pydantic-core==2.49.0 typing-inspection==0.4.4 email-validator==2.0.0 tzdata==1.2016.6	UNKNOWN STEP	2026-09-30T03:52:54.4797122Z <frozen importlib._bootstrap>:1050: in _gcd_import
Test py3.10 on typing-extensions==4.16.0 annotated-types==0.8.0 pydantic-core==2.49.0 typing-inspection==0.4.4 email-validator==2.0.0 tzdata==1.2016.6	UNKNOWN STEP	2026-09-30T03:52:54.4797287Z     ???
Test py3.10 on typing-extensions==4.16.0 annotated-types==0.8.0 pydantic-core==2.49.0 typing-inspection==0.4.4 email-validator==2.0.0 tzdata==1.2016.6	UNKNOWN STEP	2026-09-30T03:52:54.4797421Z <frozen importlib._bootstrap>:1027: in _find_and_load
Test py3.10 on typing-extensions==4.16.0 annotated-types==0.8.0 pydantic-core==2.49.0 typing-inspection==0.4.4 email-validator==2.0.0 tzdata==1.2016.6	UNKNOWN STEP	2026-09-30T03:52:54.4797585Z     ???
Test py3.10 on typing-extensions==4.16.0 annotated-types==0.8.0 pydantic-core==2.49.0 typing-inspection==0.4.4 email-validator==2.0.0 tzdata==1.2016.6	UNKNOWN STEP	2026-09-30T03:52:54.4797732Z <frozen importlib._bootstrap>:1006: in _find_and_load_unlocked
Test py3.10 on typing-extensions==4.16.0 annotated-types==0.8.0 pydantic-core==2.49.0 typing-inspection==0.4.4 email-validator==2.0.0 tzdata==1.2016.6	UNKNOWN STEP	2026-09-30T03:52:54.4797910Z     ???
Test py3.10 on typing-extensions==4.16.0 annotated-types==0.8.0 pydantic-core==2.49.0 typing-inspection==0.4.4 email-validator==2.0.0 tzdata==1.2016.6	UNKNOWN STEP	2026-09-30T03:52:54.4798036Z <frozen importlib._bootstrap>:688: in _load_unlocked
Test py3.10 on typing-extensions==4.16.0 annotated-types==0.8.0 pydantic-core==2.49.0 typing-inspection==0.4.4 email-validator==2.0.0 tzdata==1.2016.6	UNKNOWN STEP	2026-09-30T03:52:54.4798201Z     ???
Test py3.10 on typing-extensions==4.16.0 annotated-types==0.8.0 pydantic-core==2.49.0 typing-inspection==0.4.4 email-validator==2.0.0 tzdata==1.2016.6	UNKNOWN STEP	2026-09-30T03:52:54.4798384Z .venv/lib/python3.10/site-packages/_pytest/assertion/rewrite.py:188: in exec_module
Test py3.10 on typing-extensions==4.16.0 annotated-types==0.8.0 pydantic-core==2.49.0 typing-inspection==0.4.4 email-validator==2.0.0 tzdata==1.2016.6	UNKNOWN STEP	2026-09-30T03:52:54.4798618Z     exec(co, module.__dict__)
Test py3.10 on typing-extensions==4.16.0 annotated-types==0.8.0 pydantic-core==2.49.0 typing-inspection==0.4.4 email-validator==2.0.0 tzdata==1.2016.6	UNKNOWN STEP	2026-09-30T03:52:54.4798781Z tests/pydantic_core/conftest.py:16: in <module>
Test py3.10 on typing-extensions==4.16.0 annotated-types==0.8.0 pydantic-core==2.49.0 typing-inspection==0.4.4 email-validator==2.0.0 tzdata==1.2016.6	UNKNOWN STEP	2026-09-30T03:52:54.4798949Z     import hypothesis
Test py3.10 on typing-extensions==4.16.0 annotated-types==0.8.0 pydantic-core==2.49.0 typing-inspection==0.4.4 email-validator==2.0.0 tzdata==1.2016.6	UNKNOWN STEP	2026-09-30T03:52:54.4799106Z E   ModuleNotFoundError: No module named 'hypothesis'
Test py3.10 on typing-extensions==4.16.0 annotated-types==0.8.0 pydantic-core==2.49.0 typing-inspection==0.4.4 email-validator==2.0.0 tzdata==1.2016.6	UNKNOWN STEP	2026-09-30T03:52:54.4799326Z !!!!!!!!!!!!!!!!!!!! Interrupted: 1 error during collection !!!!!!!!!!!!!!!!!!!!
Test py3.10 on typing-extensions==4.16.0 annotated-types==0.8.0 pydantic-core==2.49.0 typing-inspection==0.4.4 email-validator==2.0.0 tzdata==1.2016.6	UNKNOWN STEP	2026-09-30T03:52:54.4799518Z Results (7.80s):
Test py3.10 on typing-extensions==4.16.0 annotated-types==0.8.0 pydantic-core==2.49.0 typing-inspection==0.4.4 email-validator==2.0.0 tzdata==1.2016.6	UNKNOWN STEP	2026-09-30T03:52:54.4829393Z          1 skipped
Test py3.10 on typing-extensions==4.16.0 annotated-types==0.8.0 pydantic-core==2.49.0 typing-inspection==0.4.4 email-validator==2.0.0 tzdata==1.2016.6	UNKNOWN STEP	2026-09-30T03:52:54.4831617Z          1 error
Test py3.10 on typing-extensions==4.16.0 annotated-types==0.8.0 pydantic-core==2.49.0 typing-inspection==0.4.4 email-validator==2.0.0 tzdata==1.2016.6	UNKNOWN STEP	2026-09-30T03:52:54.9452447Z make: *** [Makefile:75: test] Error 2
Test py3.10 on typing-extensions==4.16.0 annotated-types==0.8.0 pydantic-core==2.49.0 typing-inspection==0.4.4 email-validator==2.0.0 tzdata==1.2016.6	UNKNOWN STEP	2026-09-30T03:52:54.9466789Z ##[error]Process completed with exit code 2.
Test py3.10 on typing-extensions==4.16.0 annotated-types==0.8.0 pydantic-core==2.49.0 typing-inspection==0.4.4 email-validator==2.0.0 tzdata==1.2016.6	UNKNOWN STEP	2026-09-30T03:52:54.9577567Z Post job cleanup.
Test py3.10 on typing-extensions==4.16.0 annotated-types==0.8.0 pydantic-core==2.49.0 typing-inspection==0.4.4 email-validator==2.0.0 tzdata==1.2016.6	UNKNOWN STEP	2026-09-30T03:52:55.0104682Z [command]/usr/bin/git version
Test py3.10 on typing-extensions==4.16.0 annotated-types==0.8.0 pydantic-core==2.49.0 typing-inspection==0.4.4 email-validator==2.0.0 tzdata==1.2016.6	UNKNOWN STEP	2026-09-30T03:52:55.0133210Z git version 2.55.0
Test py3.10 on typing-extensions==4.16.0 annotated-types==0.8.0 pydantic-core==2.49.0 typing-inspection==0.4.4 email-validator==2.0.0 tzdata==1.2016.6	UNKNOWN STEP	2026-09-30T03:52:55.0158439Z Temporarily overriding HOME='/home/runner/work/_temp/b8b8d6d9-627f-4a05-84bd-0444b8f12ade' before making global git config changes
Test py3.10 on typing-extensions==4.16.0 annotated-types==0.8.0 pydantic-core==2.49.0 typing-inspection==0.4.4 email-validator==2.0.0 tzdata==1.2016.6	UNKNOWN STEP	2026-09-30T03:52:55.0159483Z Adding repository directory to the temporary git global config as a safe directory
Test py3.10 on typing-extensions==4.16.0 annotated-types==0.8.0 pydantic-core==2.49.0 typing-inspection==0.4.4 email-validator==2.0.0 tzdata==1.2016.6	UNKNOWN STEP	2026-09-30T03:52:55.0161677Z [command]/usr/bin/git config --global --add safe.directory /home/runner/work/pydantic/pydantic
Test py3.10 on typing-extensions==4.16.0 annotated-types==0.8.0 pydantic-core==2.49.0 typing-inspection==0.4.4 email-validator==2.0.0 tzdata==1.2016.6	UNKNOWN STEP	2026-09-30T03:52:55.0187155Z Removing SSH command configuration
Test py3.10 on typing-extensions==4.16.0 annotated-types==0.8.0 pydantic-core==2.49.0 typing-inspection==0.4.4 email-validator==2.0.0 tzdata==1.2016.6	UNKNOWN STEP	2026-09-30T03:52:55.0191360Z [command]/usr/bin/git config --local --name-only --get-regexp core\.sshCommand
Test py3.10 on typing-extensions==4.16.0 annotated-types==0.8.0 pydantic-core==2.49.0 typing-inspection==0.4.4 email-validator==2.0.0 tzdata==1.2016.6	UNKNOWN STEP	2026-09-30T03:52:55.0243406Z [command]/usr/bin/git submodule foreach --recursive sh -c "git config --local --name-only --get-regexp 'core\.sshCommand' && git config --local --unset-all 'core.sshCommand' || :"
Test py3.10 on typing-extensions==4.16.0 annotated-types==0.8.0 pydantic-core==2.49.0 typing-inspection==0.4.4 email-validator==2.0.0 tzdata==1.2016.6	UNKNOWN STEP	2026-09-30T03:52:55.0414260Z Removing HTTP extra header
Test py3.10 on typing-extensions==4.16.0 annotated-types==0.8.0 pydantic-core==2.49.0 typing-inspection==0.4.4 email-validator==2.0.0 tzdata==1.2016.6	UNKNOWN STEP	2026-09-30T03:52:55.0417267Z [command]/usr/bin/git config --local --name-only --get-regexp http\.https\:\/\/github\.com\/\.extraheader
Test py3.10 on typing-extensions==4.16.0 annotated-types==0.8.0 pydantic-core==2.49.0 typing-inspection==0.4.4 email-validator==2.0.0 tzdata==1.2016.6	UNKNOWN STEP	2026-09-30T03:52:55.0440196Z [command]/usr/bin/git submodule foreach --recursive sh -c "git config --local --name-only --get-regexp 'http\.https\:\/\/github\.com\/\.extraheader' && git config --local --unset-all 'http.https://github.com/.extraheader' || :"
Test py3.10 on typing-extensions==4.16.0 annotated-types==0.8.0 pydantic-core==2.49.0 typing-inspection==0.4.4 email-validator==2.0.0 tzdata==1.2016.6	UNKNOWN STEP	2026-09-30T03:52:55.0601608Z Removing includeIf entries pointing to credentials config files
Test py3.10 on typing-extensions==4.16.0 annotated-types==0.8.0 pydantic-core==2.49.0 typing-inspection==0.4.4 email-validator==2.0.0 tzdata==1.2016.6	UNKNOWN STEP	2026-09-30T03:52:55.0605621Z [command]/usr/bin/git config --local --name-only --get-regexp ^includeIf\.gitdir:
Test py3.10 on typing-extensions==4.16.0 annotated-types==0.8.0 pydantic-core==2.49.0 typing-inspection==0.4.4 email-validator==2.0.0 tzdata==1.2016.6	UNKNOWN STEP	2026-09-30T03:52:55.0628979Z [command]/usr/bin/git submodule foreach --recursive git config --local --show-origin --name-only --get-regexp remote.origin.url
Test py3.10 on typing-extensions==4.16.0 annotated-types==0.8.0 pydantic-core==2.49.0 typing-inspection==0.4.4 email-validator==2.0.0 tzdata==1.2016.6	UNKNOWN STEP	2026-09-30T03:52:55.0916642Z Cleaning up orphan processes
